Java HotSpot(TM) 64-Bit Server VM (25.151-b12) for windows-amd64 JRE (1.8.0_151-b12), built on Sep  5 2017 19:33:46 by "java_re" with MS VC++ 10.0 (VS2010)
Memory: 4k page, physical 8212384k(1997820k free), swap 17753216k(6780576k free)
CommandLine flags: -XX:CMSInitiatingOccupancyFraction=50 -XX:CMSMaxAbortablePrecleanTime=6000 -XX:+CMSParallelRemarkEnabled -XX:+CMSScavengeBeforeRemark -XX:ConcGCThreads=4 -XX:GCLogFileSize=20971520 -XX:InitialHeapSize=536870912 -XX:MaxHeapSize=536870912 -XX:MaxTenuringThreshold=8 -XX:NewRatio=3 -XX:NumberOfGCLogFiles=9 -XX:OldPLABSize=16 -XX:-OmitStackTraceInFastThrow -XX:ParallelGCThreads=4 -XX:+ParallelRefProcEnabled -XX:PretenureSizeThreshold=67108864 -XX:+PrintGC -XX:+PrintGCApplicationStoppedTime -XX:+PrintGCDateStamps -XX:+PrintGCDetails -XX:+PrintGCTimeStamps -XX:+PrintHeapAtGC -XX:+PrintTenuringDistribution -XX:SurvivorRatio=4 -XX:TargetSurvivorRatio=90 -XX:ThreadStackSize=256 -XX:+UseCMSInitiatingOccupancyOnly -XX:+UseCompressedClassPointers -XX:+UseCompressedOops -XX:+UseConcMarkSweepGC -XX:+UseGCLogFileRotation -XX:-UseLargePagesIndividualAllocation -XX:+UseParNewGC 
2017-11-26T20:53:07.940+0100: 1.435: Total time for which application threads were stopped: 0.1053120 seconds, Stopping threads took: 0.0000320 seconds
2017-11-26T20:53:09.046+0100: 2.504: Total time for which application threads were stopped: 0.0001720 seconds, Stopping threads took: 0.0000382 seconds
2017-11-26T20:53:09.854+0100: 3.312: Total time for which application threads were stopped: 0.0000800 seconds, Stopping threads took: 0.0000133 seconds
2017-11-26T20:53:10.855+0100: 4.313: Total time for which application threads were stopped: 0.0001142 seconds, Stopping threads took: 0.0000316 seconds
2017-11-26T20:53:11.077+0100: 4.535: Total time for which application threads were stopped: 0.0001449 seconds, Stopping threads took: 0.0000400 seconds
2017-11-26T20:53:12.077+0100: 5.535: Total time for which application threads were stopped: 0.0000764 seconds, Stopping threads took: 0.0000373 seconds
2017-11-26T20:53:14.078+0100: 7.535: Total time for which application threads were stopped: 0.0002547 seconds, Stopping threads took: 0.0001178 seconds
2017-11-26T20:53:15.078+0100: 8.535: Total time for which application threads were stopped: 0.0000742 seconds, Stopping threads took: 0.0000231 seconds
2017-11-26T20:53:16.078+0100: 9.536: Total time for which application threads were stopped: 0.0001707 seconds, Stopping threads took: 0.0000369 seconds
2017-11-26T20:53:16.151+0100: 9.609: Total time for which application threads were stopped: 0.0001453 seconds, Stopping threads took: 0.0000347 seconds
2017-11-26T20:53:16.152+0100: 9.609: Total time for which application threads were stopped: 0.0001493 seconds, Stopping threads took: 0.0000667 seconds
2017-11-26T20:53:16.152+0100: 9.610: Total time for which application threads were stopped: 0.0001067 seconds, Stopping threads took: 0.0000396 seconds
2017-11-26T20:53:16.153+0100: 9.611: Total time for which application threads were stopped: 0.0002044 seconds, Stopping threads took: 0.0001391 seconds
2017-11-26T20:53:16.248+0100: 9.706: Total time for which application threads were stopped: 0.0003098 seconds, Stopping threads took: 0.0000373 seconds
2017-11-26T20:53:16.270+0100: 9.728: Total time for which application threads were stopped: 0.0003880 seconds, Stopping threads took: 0.0002853 seconds
2017-11-26T20:53:16.270+0100: 9.729: Total time for which application threads were stopped: 0.0002853 seconds, Stopping threads took: 0.0001907 seconds
2017-11-26T20:53:16.273+0100: 9.731: Total time for which application threads were stopped: 0.0006040 seconds, Stopping threads took: 0.0005031 seconds
2017-11-26T20:53:16.304+0100: 9.762: Total time for which application threads were stopped: 0.0302751 seconds, Stopping threads took: 0.0301520 seconds
2017-11-26T20:53:16.304+0100: 9.762: Total time for which application threads were stopped: 0.0002213 seconds, Stopping threads took: 0.0001240 seconds
2017-11-26T20:53:16.949+0100: 10.407: Total time for which application threads were stopped: 0.0001933 seconds, Stopping threads took: 0.0000302 seconds
2017-11-26T20:53:17.772+0100: 11.230: Total time for which application threads were stopped: 0.0002329 seconds, Stopping threads took: 0.0000147 seconds
2017-11-26T20:53:18.340+0100: 11.797: Total time for which application threads were stopped: 0.0004733 seconds, Stopping threads took: 0.0000413 seconds
2017-11-26T20:53:19.340+0100: 12.798: Total time for which application threads were stopped: 0.0002444 seconds, Stopping threads took: 0.0000400 seconds
2017-11-26T20:53:20.340+0100: 13.798: Total time for which application threads were stopped: 0.0001347 seconds, Stopping threads took: 0.0000404 seconds
2017-11-26T20:53:21.073+0100: 14.532: Total time for which application threads were stopped: 0.0005071 seconds, Stopping threads took: 0.0000311 seconds
2017-11-26T20:53:23.074+0100: 16.531: Total time for which application threads were stopped: 0.0000796 seconds, Stopping threads took: 0.0000200 seconds
2017-11-26T20:53:24.667+0100: 18.125: Total time for which application threads were stopped: 0.0003676 seconds, Stopping threads took: 0.0000218 seconds
2017-11-26T20:53:24.669+0100: 18.127: Total time for which application threads were stopped: 0.0002538 seconds, Stopping threads took: 0.0000191 seconds
2017-11-26T20:53:24.673+0100: 18.131: Total time for which application threads were stopped: 0.0002556 seconds, Stopping threads took: 0.0000276 seconds
2017-11-26T20:53:24.727+0100: 18.186: Total time for which application threads were stopped: 0.0000836 seconds, Stopping threads took: 0.0000138 seconds
{Heap before GC invocations=0 (full 0):
 par new generation   total 109248K, used 87424K [0x00000000e0000000, 0x00000000e8000000, 0x00000000e8000000)
  eden space 87424K, 100% used [0x00000000e0000000, 0x00000000e5560000, 0x00000000e5560000)
  from space 21824K,   0% used [0x00000000e5560000, 0x00000000e5560000, 0x00000000e6ab0000)
  to   space 21824K,   0% used [0x00000000e6ab0000, 0x00000000e6ab0000, 0x00000000e8000000)
 concurrent mark-sweep generation total 393216K, used 0K [0x00000000e8000000, 0x0000000100000000, 0x0000000100000000)
 Metaspace       used 17271K, capacity 17616K, committed 17792K, reserved 1064960K
  class space    used 2058K, capacity 2156K, committed 2176K, reserved 1048576K
2017-11-26T20:53:24.741+0100: 18.199: [GC (Allocation Failure) 2017-11-26T20:53:24.741+0100: 18.199: [ParNew
Desired survivor size 20112992 bytes, new threshold 8 (max 8)
- age   1:    9869872 bytes,    9869872 total
: 87424K->9728K(109248K), 0.1191924 secs] 87424K->9728K(502464K), 0.1192924 secs] [Times: user=0.06 sys=0.00, real=0.12 secs] 
Heap after GC invocations=1 (full 0):
 par new generation   total 109248K, used 9728K [0x00000000e0000000, 0x00000000e8000000, 0x00000000e8000000)
  eden space 87424K,   0% used [0x00000000e0000000, 0x00000000e0000000, 0x00000000e5560000)
  from space 21824K,  44% used [0x00000000e6ab0000, 0x00000000e7430010, 0x00000000e8000000)
  to   space 21824K,   0% used [0x00000000e5560000, 0x00000000e5560000, 0x00000000e6ab0000)
 concurrent mark-sweep generation total 393216K, used 0K [0x00000000e8000000, 0x0000000100000000, 0x0000000100000000)
 Metaspace       used 17271K, capacity 17616K, committed 17792K, reserved 1064960K
  class space    used 2058K, capacity 2156K, committed 2176K, reserved 1048576K
}
2017-11-26T20:53:24.860+0100: 18.318: Total time for which application threads were stopped: 0.1195333 seconds, Stopping threads took: 0.0000364 seconds
2017-11-26T20:53:24.861+0100: 18.319: Total time for which application threads were stopped: 0.0002591 seconds, Stopping threads took: 0.0001378 seconds
2017-11-26T20:53:24.862+0100: 18.320: Total time for which application threads were stopped: 0.0002320 seconds, Stopping threads took: 0.0001320 seconds
2017-11-26T20:53:24.863+0100: 18.321: Total time for which application threads were stopped: 0.0003231 seconds, Stopping threads took: 0.0002120 seconds
2017-11-26T20:53:24.864+0100: 18.322: Total time for which application threads were stopped: 0.0002533 seconds, Stopping threads took: 0.0001609 seconds
2017-11-26T20:53:24.864+0100: 18.322: Total time for which application threads were stopped: 0.0002498 seconds, Stopping threads took: 0.0001467 seconds
2017-11-26T20:53:24.865+0100: 18.323: Total time for which application threads were stopped: 0.0001644 seconds, Stopping threads took: 0.0000747 seconds
2017-11-26T20:53:24.865+0100: 18.323: Total time for which application threads were stopped: 0.0001080 seconds, Stopping threads took: 0.0000200 seconds
2017-11-26T20:53:24.866+0100: 18.324: Total time for which application threads were stopped: 0.0003347 seconds, Stopping threads took: 0.0001964 seconds
2017-11-26T20:53:24.866+0100: 18.325: Total time for which application threads were stopped: 0.0002360 seconds, Stopping threads took: 0.0001271 seconds
2017-11-26T20:53:24.868+0100: 18.326: Total time for which application threads were stopped: 0.0002813 seconds, Stopping threads took: 0.0001671 seconds
2017-11-26T20:53:24.869+0100: 18.327: Total time for which application threads were stopped: 0.0002738 seconds, Stopping threads took: 0.0001493 seconds
2017-11-26T20:53:24.869+0100: 18.328: Total time for which application threads were stopped: 0.0002031 seconds, Stopping threads took: 0.0001124 seconds
2017-11-26T20:53:24.870+0100: 18.328: Total time for which application threads were stopped: 0.0002053 seconds, Stopping threads took: 0.0000996 seconds
2017-11-26T20:53:24.870+0100: 18.328: Total time for which application threads were stopped: 0.0002369 seconds, Stopping threads took: 0.0001187 seconds
2017-11-26T20:53:24.870+0100: 18.329: Total time for which application threads were stopped: 0.0001662 seconds, Stopping threads took: 0.0000600 seconds
2017-11-26T20:53:24.871+0100: 18.329: Total time for which application threads were stopped: 0.0002427 seconds, Stopping threads took: 0.0001262 seconds
2017-11-26T20:53:24.871+0100: 18.329: Total time for which application threads were stopped: 0.0002276 seconds, Stopping threads took: 0.0001151 seconds
2017-11-26T20:53:24.871+0100: 18.330: Total time for which application threads were stopped: 0.0002356 seconds, Stopping threads took: 0.0001089 seconds
2017-11-26T20:53:24.872+0100: 18.330: Total time for which application threads were stopped: 0.0001156 seconds, Stopping threads took: 0.0000293 seconds
2017-11-26T20:53:24.873+0100: 18.330: Total time for which application threads were stopped: 0.0002920 seconds, Stopping threads took: 0.0001973 seconds
2017-11-26T20:53:24.873+0100: 18.331: Total time for which application threads were stopped: 0.0001582 seconds, Stopping threads took: 0.0000822 seconds
2017-11-26T20:53:24.873+0100: 18.331: Total time for which application threads were stopped: 0.0002644 seconds, Stopping threads took: 0.0000698 seconds
2017-11-26T20:53:24.873+0100: 18.331: Total time for which application threads were stopped: 0.0001289 seconds, Stopping threads took: 0.0000516 seconds
2017-11-26T20:53:24.874+0100: 18.331: Total time for which application threads were stopped: 0.0001320 seconds, Stopping threads took: 0.0000516 seconds
2017-11-26T20:53:24.951+0100: 18.409: Total time for which application threads were stopped: 0.0775591 seconds, Stopping threads took: 0.0774502 seconds
2017-11-26T20:53:24.952+0100: 18.409: Total time for which application threads were stopped: 0.0002427 seconds, Stopping threads took: 0.0001382 seconds
2017-11-26T20:53:24.952+0100: 18.410: Total time for which application threads were stopped: 0.0000840 seconds, Stopping threads took: 0.0000258 seconds
2017-11-26T20:53:24.952+0100: 18.410: Total time for which application threads were stopped: 0.0000778 seconds, Stopping threads took: 0.0000120 seconds
2017-11-26T20:53:25.012+0100: 18.470: Total time for which application threads were stopped: 0.0002160 seconds, Stopping threads took: 0.0000218 seconds
2017-11-26T20:53:26.012+0100: 19.470: Total time for which application threads were stopped: 0.0000924 seconds, Stopping threads took: 0.0000169 seconds
2017-11-26T20:53:26.096+0100: 19.553: Total time for which application threads were stopped: 0.0003644 seconds, Stopping threads took: 0.0000280 seconds
2017-11-26T20:53:26.765+0100: 20.222: Total time for which application threads were stopped: 0.0004071 seconds, Stopping threads took: 0.0002964 seconds
2017-11-26T20:53:26.765+0100: 20.223: Total time for which application threads were stopped: 0.0003667 seconds, Stopping threads took: 0.0003280 seconds
2017-11-26T20:53:26.766+0100: 20.224: Total time for which application threads were stopped: 0.0002729 seconds, Stopping threads took: 0.0002067 seconds
2017-11-26T20:53:26.766+0100: 20.224: Total time for which application threads were stopped: 0.0002000 seconds, Stopping threads took: 0.0001062 seconds
2017-11-26T20:53:26.767+0100: 20.224: Total time for which application threads were stopped: 0.0001533 seconds, Stopping threads took: 0.0000596 seconds
2017-11-26T20:53:26.767+0100: 20.225: Total time for which application threads were stopped: 0.0000680 seconds, Stopping threads took: 0.0000111 seconds
2017-11-26T20:53:26.767+0100: 20.225: Total time for which application threads were stopped: 0.0000876 seconds, Stopping threads took: 0.0000262 seconds
2017-11-26T20:53:26.767+0100: 20.225: Total time for which application threads were stopped: 0.0001684 seconds, Stopping threads took: 0.0000907 seconds
2017-11-26T20:53:26.768+0100: 20.226: Total time for which application threads were stopped: 0.0001773 seconds, Stopping threads took: 0.0001018 seconds
2017-11-26T20:53:26.768+0100: 20.226: Total time for which application threads were stopped: 0.0001396 seconds, Stopping threads took: 0.0000742 seconds
2017-11-26T20:53:26.769+0100: 20.227: Total time for which application threads were stopped: 0.0003529 seconds, Stopping threads took: 0.0002809 seconds
2017-11-26T20:53:26.769+0100: 20.227: Total time for which application threads were stopped: 0.0001556 seconds, Stopping threads took: 0.0001031 seconds
2017-11-26T20:53:26.796+0100: 20.254: Total time for which application threads were stopped: 0.0269871 seconds, Stopping threads took: 0.0268938 seconds
2017-11-26T20:53:26.797+0100: 20.254: Total time for which application threads were stopped: 0.0002316 seconds, Stopping threads took: 0.0001556 seconds
2017-11-26T20:53:26.797+0100: 20.255: Total time for which application threads were stopped: 0.0001533 seconds, Stopping threads took: 0.0001067 seconds
2017-11-26T20:53:26.797+0100: 20.255: Total time for which application threads were stopped: 0.0002911 seconds, Stopping threads took: 0.0002511 seconds
2017-11-26T20:53:26.798+0100: 20.255: Total time for which application threads were stopped: 0.0000800 seconds, Stopping threads took: 0.0000120 seconds
2017-11-26T20:53:26.798+0100: 20.256: Total time for which application threads were stopped: 0.0001516 seconds, Stopping threads took: 0.0000973 seconds
2017-11-26T20:53:26.798+0100: 20.256: Total time for which application threads were stopped: 0.0000853 seconds, Stopping threads took: 0.0000116 seconds
2017-11-26T20:53:26.799+0100: 20.256: Total time for which application threads were stopped: 0.0001889 seconds, Stopping threads took: 0.0001093 seconds
2017-11-26T20:53:26.799+0100: 20.256: Total time for which application threads were stopped: 0.0000689 seconds, Stopping threads took: 0.0000378 seconds
2017-11-26T20:53:26.799+0100: 20.257: Total time for which application threads were stopped: 0.0001547 seconds, Stopping threads took: 0.0000858 seconds
2017-11-26T20:53:26.799+0100: 20.257: Total time for which application threads were stopped: 0.0001107 seconds, Stopping threads took: 0.0000436 seconds
2017-11-26T20:53:26.799+0100: 20.257: Total time for which application threads were stopped: 0.0001293 seconds, Stopping threads took: 0.0000787 seconds
2017-11-26T20:53:26.799+0100: 20.257: Total time for which application threads were stopped: 0.0001480 seconds, Stopping threads took: 0.0001080 seconds
2017-11-26T20:53:26.799+0100: 20.258: Total time for which application threads were stopped: 0.0001409 seconds, Stopping threads took: 0.0000867 seconds
2017-11-26T20:53:26.800+0100: 20.258: Total time for which application threads were stopped: 0.0001262 seconds, Stopping threads took: 0.0000640 seconds
2017-11-26T20:53:26.800+0100: 20.258: Total time for which application threads were stopped: 0.0000844 seconds, Stopping threads took: 0.0000502 seconds
2017-11-26T20:53:26.800+0100: 20.258: Total time for which application threads were stopped: 0.0000662 seconds, Stopping threads took: 0.0000302 seconds
2017-11-26T20:53:26.800+0100: 20.258: Total time for which application threads were stopped: 0.0000569 seconds, Stopping threads took: 0.0000231 seconds
2017-11-26T20:53:26.800+0100: 20.258: Total time for which application threads were stopped: 0.0000498 seconds, Stopping threads took: 0.0000160 seconds
2017-11-26T20:53:26.800+0100: 20.258: Total time for which application threads were stopped: 0.0000520 seconds, Stopping threads took: 0.0000182 seconds
2017-11-26T20:53:26.800+0100: 20.258: Total time for which application threads were stopped: 0.0000498 seconds, Stopping threads took: 0.0000200 seconds
2017-11-26T20:53:26.800+0100: 20.259: Total time for which application threads were stopped: 0.0000489 seconds, Stopping threads took: 0.0000187 seconds
2017-11-26T20:53:26.800+0100: 20.259: Total time for which application threads were stopped: 0.0000489 seconds, Stopping threads took: 0.0000191 seconds
2017-11-26T20:53:26.800+0100: 20.259: Total time for which application threads were stopped: 0.0000751 seconds, Stopping threads took: 0.0000347 seconds
2017-11-26T20:53:26.801+0100: 20.259: Total time for which application threads were stopped: 0.0000627 seconds, Stopping threads took: 0.0000160 seconds
2017-11-26T20:53:26.801+0100: 20.259: Total time for which application threads were stopped: 0.0001036 seconds, Stopping threads took: 0.0000089 seconds
2017-11-26T20:53:26.801+0100: 20.259: Total time for which application threads were stopped: 0.0000382 seconds, Stopping threads took: 0.0000067 seconds
2017-11-26T20:53:26.801+0100: 20.259: Total time for which application threads were stopped: 0.0000427 seconds, Stopping threads took: 0.0000062 seconds
2017-11-26T20:53:26.801+0100: 20.259: Total time for which application threads were stopped: 0.0000360 seconds, Stopping threads took: 0.0000062 seconds
2017-11-26T20:53:26.801+0100: 20.259: Total time for which application threads were stopped: 0.0000356 seconds, Stopping threads took: 0.0000062 seconds
2017-11-26T20:53:26.801+0100: 20.259: Total time for which application threads were stopped: 0.0000382 seconds, Stopping threads took: 0.0000089 seconds
2017-11-26T20:53:26.801+0100: 20.259: Total time for which application threads were stopped: 0.0000338 seconds, Stopping threads took: 0.0000049 seconds
2017-11-26T20:53:26.801+0100: 20.259: Total time for which application threads were stopped: 0.0000382 seconds, Stopping threads took: 0.0000071 seconds
2017-11-26T20:53:26.801+0100: 20.260: Total time for which application threads were stopped: 0.0000391 seconds, Stopping threads took: 0.0000084 seconds
2017-11-26T20:53:26.802+0100: 20.260: Total time for which application threads were stopped: 0.0000436 seconds, Stopping threads took: 0.0000151 seconds
2017-11-26T20:53:26.802+0100: 20.260: Total time for which application threads were stopped: 0.0000431 seconds, Stopping threads took: 0.0000187 seconds
2017-11-26T20:53:26.802+0100: 20.260: Total time for which application threads were stopped: 0.0000373 seconds, Stopping threads took: 0.0000062 seconds
2017-11-26T20:53:26.802+0100: 20.260: Total time for which application threads were stopped: 0.0000369 seconds, Stopping threads took: 0.0000062 seconds
2017-11-26T20:53:26.802+0100: 20.260: Total time for which application threads were stopped: 0.0000360 seconds, Stopping threads took: 0.0000062 seconds
2017-11-26T20:53:26.816+0100: 20.274: Total time for which application threads were stopped: 0.0000938 seconds, Stopping threads took: 0.0000338 seconds
2017-11-26T20:53:26.817+0100: 20.274: Total time for which application threads were stopped: 0.0000840 seconds, Stopping threads took: 0.0000400 seconds
2017-11-26T20:53:26.823+0100: 20.281: Total time for which application threads were stopped: 0.0000804 seconds, Stopping threads took: 0.0000196 seconds
2017-11-26T20:53:26.824+0100: 20.281: Total time for which application threads were stopped: 0.0001044 seconds, Stopping threads took: 0.0000347 seconds
2017-11-26T20:53:26.824+0100: 20.281: Total time for which application threads were stopped: 0.0000489 seconds, Stopping threads took: 0.0000098 seconds
2017-11-26T20:53:26.824+0100: 20.282: Total time for which application threads were stopped: 0.0000524 seconds, Stopping threads took: 0.0000098 seconds
2017-11-26T20:53:26.824+0100: 20.282: Total time for which application threads were stopped: 0.0000422 seconds, Stopping threads took: 0.0000102 seconds
2017-11-26T20:53:26.825+0100: 20.282: Total time for which application threads were stopped: 0.0000564 seconds, Stopping threads took: 0.0000111 seconds
2017-11-26T20:53:26.825+0100: 20.283: Total time for which application threads were stopped: 0.0000827 seconds, Stopping threads took: 0.0000213 seconds
2017-11-26T20:53:26.825+0100: 20.283: Total time for which application threads were stopped: 0.0001836 seconds, Stopping threads took: 0.0001093 seconds
2017-11-26T20:53:26.825+0100: 20.283: Total time for which application threads were stopped: 0.0000613 seconds, Stopping threads took: 0.0000258 seconds
2017-11-26T20:53:26.825+0100: 20.283: Total time for which application threads were stopped: 0.0000609 seconds, Stopping threads took: 0.0000253 seconds
2017-11-26T20:53:26.826+0100: 20.283: Total time for which application threads were stopped: 0.0000662 seconds, Stopping threads took: 0.0000307 seconds
2017-11-26T20:53:26.826+0100: 20.284: Total time for which application threads were stopped: 0.0000636 seconds, Stopping threads took: 0.0000284 seconds
2017-11-26T20:53:26.826+0100: 20.284: Total time for which application threads were stopped: 0.0000342 seconds, Stopping threads took: 0.0000071 seconds
2017-11-26T20:53:26.826+0100: 20.284: Total time for which application threads were stopped: 0.0000640 seconds, Stopping threads took: 0.0000284 seconds
2017-11-26T20:53:26.827+0100: 20.284: Total time for which application threads were stopped: 0.0000613 seconds, Stopping threads took: 0.0000258 seconds
2017-11-26T20:53:26.827+0100: 20.284: Total time for which application threads were stopped: 0.0000609 seconds, Stopping threads took: 0.0000253 seconds
2017-11-26T20:53:26.827+0100: 20.284: Total time for which application threads were stopped: 0.0000449 seconds, Stopping threads took: 0.0000093 seconds
2017-11-26T20:53:26.827+0100: 20.285: Total time for which application threads were stopped: 0.0000449 seconds, Stopping threads took: 0.0000098 seconds
2017-11-26T20:53:26.827+0100: 20.285: Total time for which application threads were stopped: 0.0000453 seconds, Stopping threads took: 0.0000093 seconds
2017-11-26T20:53:26.827+0100: 20.285: Total time for which application threads were stopped: 0.0000453 seconds, Stopping threads took: 0.0000098 seconds
2017-11-26T20:53:26.827+0100: 20.285: Total time for which application threads were stopped: 0.0000444 seconds, Stopping threads took: 0.0000093 seconds
2017-11-26T20:53:26.828+0100: 20.285: Total time for which application threads were stopped: 0.0000342 seconds, Stopping threads took: 0.0000076 seconds
2017-11-26T20:53:26.828+0100: 20.285: Total time for which application threads were stopped: 0.0000649 seconds, Stopping threads took: 0.0000244 seconds
2017-11-26T20:53:26.828+0100: 20.286: Total time for which application threads were stopped: 0.0000476 seconds, Stopping threads took: 0.0000218 seconds
2017-11-26T20:53:26.828+0100: 20.286: Total time for which application threads were stopped: 0.0000787 seconds, Stopping threads took: 0.0000511 seconds
2017-11-26T20:53:26.828+0100: 20.286: Total time for which application threads were stopped: 0.0000476 seconds, Stopping threads took: 0.0000222 seconds
2017-11-26T20:53:26.829+0100: 20.286: Total time for which application threads were stopped: 0.0001187 seconds, Stopping threads took: 0.0000249 seconds
2017-11-26T20:53:26.845+0100: 20.303: Total time for which application threads were stopped: 0.0002191 seconds, Stopping threads took: 0.0001227 seconds
2017-11-26T20:53:26.845+0100: 20.303: Total time for which application threads were stopped: 0.0000689 seconds, Stopping threads took: 0.0000262 seconds
2017-11-26T20:53:26.845+0100: 20.304: Total time for which application threads were stopped: 0.0002089 seconds, Stopping threads took: 0.0001160 seconds
2017-11-26T20:53:26.846+0100: 20.304: Total time for which application threads were stopped: 0.0000560 seconds, Stopping threads took: 0.0000147 seconds
2017-11-26T20:53:26.866+0100: 20.324: Total time for which application threads were stopped: 0.0000911 seconds, Stopping threads took: 0.0000191 seconds
2017-11-26T20:53:26.866+0100: 20.324: Total time for which application threads were stopped: 0.0000733 seconds, Stopping threads took: 0.0000249 seconds
2017-11-26T20:53:26.868+0100: 20.326: Total time for which application threads were stopped: 0.0000684 seconds, Stopping threads took: 0.0000156 seconds
2017-11-26T20:53:26.868+0100: 20.326: Total time for which application threads were stopped: 0.0000787 seconds, Stopping threads took: 0.0000204 seconds
2017-11-26T20:53:26.869+0100: 20.326: Total time for which application threads were stopped: 0.0000791 seconds, Stopping threads took: 0.0000187 seconds
2017-11-26T20:53:26.869+0100: 20.326: Total time for which application threads were stopped: 0.0000671 seconds, Stopping threads took: 0.0000356 seconds
2017-11-26T20:53:26.869+0100: 20.327: Total time for which application threads were stopped: 0.0001164 seconds, Stopping threads took: 0.0000658 seconds
2017-11-26T20:53:26.980+0100: 20.438: Total time for which application threads were stopped: 0.0005671 seconds, Stopping threads took: 0.0001187 seconds
2017-11-26T20:53:26.983+0100: 20.441: Total time for which application threads were stopped: 0.0002747 seconds, Stopping threads took: 0.0000987 seconds
2017-11-26T20:53:27.004+0100: 20.462: Total time for which application threads were stopped: 0.0000973 seconds, Stopping threads took: 0.0000240 seconds
2017-11-26T20:53:27.005+0100: 20.463: Total time for which application threads were stopped: 0.0001133 seconds, Stopping threads took: 0.0000156 seconds
2017-11-26T20:53:27.005+0100: 20.463: Total time for which application threads were stopped: 0.0000813 seconds, Stopping threads took: 0.0000244 seconds
2017-11-26T20:53:27.005+0100: 20.463: Total time for which application threads were stopped: 0.0000631 seconds, Stopping threads took: 0.0000209 seconds
2017-11-26T20:53:27.045+0100: 20.503: Total time for which application threads were stopped: 0.0002244 seconds, Stopping threads took: 0.0000893 seconds
2017-11-26T20:53:27.046+0100: 20.504: Total time for which application threads were stopped: 0.0001898 seconds, Stopping threads took: 0.0000827 seconds
2017-11-26T20:53:27.046+0100: 20.504: Total time for which application threads were stopped: 0.0002404 seconds, Stopping threads took: 0.0001787 seconds
2017-11-26T20:53:27.047+0100: 20.505: Total time for which application threads were stopped: 0.0002196 seconds, Stopping threads took: 0.0001493 seconds
2017-11-26T20:53:27.047+0100: 20.505: Total time for which application threads were stopped: 0.0001449 seconds, Stopping threads took: 0.0000733 seconds
2017-11-26T20:53:27.048+0100: 20.506: Total time for which application threads were stopped: 0.0002804 seconds, Stopping threads took: 0.0001502 seconds
2017-11-26T20:53:27.049+0100: 20.507: Total time for which application threads were stopped: 0.0002227 seconds, Stopping threads took: 0.0001284 seconds
2017-11-26T20:53:27.052+0100: 20.510: Total time for which application threads were stopped: 0.0001404 seconds, Stopping threads took: 0.0000173 seconds
2017-11-26T20:53:27.052+0100: 20.510: Total time for which application threads were stopped: 0.0000951 seconds, Stopping threads took: 0.0000236 seconds
2017-11-26T20:53:27.053+0100: 20.510: Total time for which application threads were stopped: 0.0001231 seconds, Stopping threads took: 0.0000698 seconds
2017-11-26T20:53:27.053+0100: 20.511: Total time for which application threads were stopped: 0.0002920 seconds, Stopping threads took: 0.0000862 seconds
2017-11-26T20:53:27.053+0100: 20.511: Total time for which application threads were stopped: 0.0001627 seconds, Stopping threads took: 0.0001093 seconds
2017-11-26T20:53:27.053+0100: 20.511: Total time for which application threads were stopped: 0.0001173 seconds, Stopping threads took: 0.0000640 seconds
2017-11-26T20:53:27.054+0100: 20.512: Total time for which application threads were stopped: 0.0001560 seconds, Stopping threads took: 0.0000160 seconds
2017-11-26T20:53:27.055+0100: 20.513: Total time for which application threads were stopped: 0.0001413 seconds, Stopping threads took: 0.0000818 seconds
2017-11-26T20:53:27.055+0100: 20.513: Total time for which application threads were stopped: 0.0000969 seconds, Stopping threads took: 0.0000298 seconds
2017-11-26T20:53:27.055+0100: 20.513: Total time for which application threads were stopped: 0.0001996 seconds, Stopping threads took: 0.0000889 seconds
2017-11-26T20:53:27.055+0100: 20.513: Total time for which application threads were stopped: 0.0000760 seconds, Stopping threads took: 0.0000338 seconds
2017-11-26T20:53:27.056+0100: 20.514: Total time for which application threads were stopped: 0.0000858 seconds, Stopping threads took: 0.0000156 seconds
2017-11-26T20:53:27.100+0100: 20.558: Total time for which application threads were stopped: 0.0000862 seconds, Stopping threads took: 0.0000160 seconds
2017-11-26T20:53:27.141+0100: 20.599: Total time for which application threads were stopped: 0.0002880 seconds, Stopping threads took: 0.0001462 seconds
2017-11-26T20:53:27.141+0100: 20.600: Total time for which application threads were stopped: 0.0001578 seconds, Stopping threads took: 0.0000351 seconds
2017-11-26T20:53:27.142+0100: 20.600: Total time for which application threads were stopped: 0.0001053 seconds, Stopping threads took: 0.0000222 seconds
2017-11-26T20:53:27.143+0100: 20.601: Total time for which application threads were stopped: 0.0003160 seconds, Stopping threads took: 0.0001827 seconds
2017-11-26T20:53:27.143+0100: 20.602: Total time for which application threads were stopped: 0.0001502 seconds, Stopping threads took: 0.0000596 seconds
2017-11-26T20:53:27.166+0100: 20.624: Total time for which application threads were stopped: 0.0001391 seconds, Stopping threads took: 0.0000462 seconds
2017-11-26T20:53:27.166+0100: 20.624: Total time for which application threads were stopped: 0.0000991 seconds, Stopping threads took: 0.0000289 seconds
2017-11-26T20:53:27.166+0100: 20.624: Total time for which application threads were stopped: 0.0001111 seconds, Stopping threads took: 0.0000169 seconds
2017-11-26T20:53:27.166+0100: 20.625: Total time for which application threads were stopped: 0.0001200 seconds, Stopping threads took: 0.0000280 seconds
2017-11-26T20:53:27.166+0100: 20.625: Total time for which application threads were stopped: 0.0000702 seconds, Stopping threads took: 0.0000173 seconds
2017-11-26T20:53:27.186+0100: 20.644: Total time for which application threads were stopped: 0.0000822 seconds, Stopping threads took: 0.0000169 seconds
2017-11-26T20:53:27.252+0100: 20.711: Total time for which application threads were stopped: 0.0001991 seconds, Stopping threads took: 0.0001271 seconds
2017-11-26T20:53:27.319+0100: 20.777: Total time for which application threads were stopped: 0.0002009 seconds, Stopping threads took: 0.0000400 seconds
2017-11-26T20:53:27.320+0100: 20.778: Total time for which application threads were stopped: 0.0001804 seconds, Stopping threads took: 0.0000431 seconds
2017-11-26T20:53:27.323+0100: 20.781: Total time for which application threads were stopped: 0.0002444 seconds, Stopping threads took: 0.0000636 seconds
2017-11-26T20:53:27.323+0100: 20.781: Total time for which application threads were stopped: 0.0001956 seconds, Stopping threads took: 0.0000347 seconds
2017-11-26T20:53:27.357+0100: 20.815: Total time for which application threads were stopped: 0.0001191 seconds, Stopping threads took: 0.0000262 seconds
2017-11-26T20:53:27.409+0100: 20.867: Total time for which application threads were stopped: 0.0001693 seconds, Stopping threads took: 0.0000471 seconds
2017-11-26T20:53:27.412+0100: 20.869: Total time for which application threads were stopped: 0.0002231 seconds, Stopping threads took: 0.0000329 seconds
2017-11-26T20:53:27.412+0100: 20.870: Total time for which application threads were stopped: 0.0001804 seconds, Stopping threads took: 0.0000298 seconds
2017-11-26T20:53:27.412+0100: 20.870: Total time for which application threads were stopped: 0.0001724 seconds, Stopping threads took: 0.0000298 seconds
2017-11-26T20:53:27.413+0100: 20.871: Total time for which application threads were stopped: 0.0002013 seconds, Stopping threads took: 0.0000307 seconds
2017-11-26T20:53:27.469+0100: 20.927: Total time for which application threads were stopped: 0.0001036 seconds, Stopping threads took: 0.0000227 seconds
2017-11-26T20:53:27.470+0100: 20.927: Total time for which application threads were stopped: 0.0000662 seconds, Stopping threads took: 0.0000160 seconds
2017-11-26T20:53:27.691+0100: 21.149: Total time for which application threads were stopped: 0.0001609 seconds, Stopping threads took: 0.0000249 seconds
2017-11-26T20:53:27.691+0100: 21.149: Total time for which application threads were stopped: 0.0001076 seconds, Stopping threads took: 0.0000182 seconds
2017-11-26T20:53:27.692+0100: 21.149: Total time for which application threads were stopped: 0.0001071 seconds, Stopping threads took: 0.0000187 seconds
2017-11-26T20:53:27.692+0100: 21.150: Total time for which application threads were stopped: 0.0001053 seconds, Stopping threads took: 0.0000182 seconds
2017-11-26T20:53:27.707+0100: 21.165: Total time for which application threads were stopped: 0.0001484 seconds, Stopping threads took: 0.0000253 seconds
2017-11-26T20:53:27.707+0100: 21.165: Total time for which application threads were stopped: 0.0000987 seconds, Stopping threads took: 0.0000187 seconds
2017-11-26T20:53:27.707+0100: 21.165: Total time for which application threads were stopped: 0.0000844 seconds, Stopping threads took: 0.0000169 seconds
2017-11-26T20:53:27.708+0100: 21.166: Total time for which application threads were stopped: 0.0001080 seconds, Stopping threads took: 0.0000187 seconds
2017-11-26T20:53:27.739+0100: 21.198: Total time for which application threads were stopped: 0.0001893 seconds, Stopping threads took: 0.0001196 seconds
2017-11-26T20:53:27.739+0100: 21.198: Total time for which application threads were stopped: 0.0000889 seconds, Stopping threads took: 0.0000560 seconds
2017-11-26T20:53:27.740+0100: 21.198: Total time for which application threads were stopped: 0.0000564 seconds, Stopping threads took: 0.0000089 seconds
2017-11-26T20:53:27.740+0100: 21.198: Total time for which application threads were stopped: 0.0000564 seconds, Stopping threads took: 0.0000222 seconds
2017-11-26T20:53:27.740+0100: 21.198: Total time for which application threads were stopped: 0.0000471 seconds, Stopping threads took: 0.0000133 seconds
2017-11-26T20:53:27.740+0100: 21.199: Total time for which application threads were stopped: 0.0000413 seconds, Stopping threads took: 0.0000080 seconds
2017-11-26T20:53:27.741+0100: 21.199: Total time for which application threads were stopped: 0.0001444 seconds, Stopping threads took: 0.0000951 seconds
2017-11-26T20:53:27.741+0100: 21.199: Total time for which application threads were stopped: 0.0001591 seconds, Stopping threads took: 0.0001089 seconds
2017-11-26T20:53:27.741+0100: 21.200: Total time for which application threads were stopped: 0.0000698 seconds, Stopping threads took: 0.0000142 seconds
2017-11-26T20:53:27.742+0100: 21.200: Total time for which application threads were stopped: 0.0000560 seconds, Stopping threads took: 0.0000244 seconds
2017-11-26T20:53:27.742+0100: 21.200: Total time for which application threads were stopped: 0.0000813 seconds, Stopping threads took: 0.0000098 seconds
2017-11-26T20:53:27.742+0100: 21.200: Total time for which application threads were stopped: 0.0001147 seconds, Stopping threads took: 0.0000689 seconds
2017-11-26T20:53:27.742+0100: 21.201: Total time for which application threads were stopped: 0.0001040 seconds, Stopping threads took: 0.0000533 seconds
2017-11-26T20:53:27.743+0100: 21.201: Total time for which application threads were stopped: 0.0001538 seconds, Stopping threads took: 0.0001067 seconds
2017-11-26T20:53:27.743+0100: 21.201: Total time for which application threads were stopped: 0.0000916 seconds, Stopping threads took: 0.0000444 seconds
2017-11-26T20:53:27.743+0100: 21.201: Total time for which application threads were stopped: 0.0001027 seconds, Stopping threads took: 0.0000471 seconds
2017-11-26T20:53:27.743+0100: 21.201: Total time for which application threads were stopped: 0.0000720 seconds, Stopping threads took: 0.0000262 seconds
2017-11-26T20:53:27.743+0100: 21.202: Total time for which application threads were stopped: 0.0000640 seconds, Stopping threads took: 0.0000253 seconds
2017-11-26T20:53:27.743+0100: 21.202: Total time for which application threads were stopped: 0.0000671 seconds, Stopping threads took: 0.0000200 seconds
2017-11-26T20:53:27.744+0100: 21.202: Total time for which application threads were stopped: 0.0000724 seconds, Stopping threads took: 0.0000413 seconds
2017-11-26T20:53:27.744+0100: 21.202: Total time for which application threads were stopped: 0.0001053 seconds, Stopping threads took: 0.0000604 seconds
2017-11-26T20:53:27.779+0100: 21.237: Total time for which application threads were stopped: 0.0350147 seconds, Stopping threads took: 0.0349000 seconds
2017-11-26T20:53:27.779+0100: 21.238: Total time for which application threads were stopped: 0.0001036 seconds, Stopping threads took: 0.0000124 seconds
2017-11-26T20:53:27.779+0100: 21.238: Total time for which application threads were stopped: 0.0000453 seconds, Stopping threads took: 0.0000080 seconds
2017-11-26T20:53:27.779+0100: 21.238: Total time for which application threads were stopped: 0.0000698 seconds, Stopping threads took: 0.0000116 seconds
2017-11-26T20:53:27.780+0100: 21.238: Total time for which application threads were stopped: 0.0000613 seconds, Stopping threads took: 0.0000147 seconds
2017-11-26T20:53:27.780+0100: 21.238: Total time for which application threads were stopped: 0.0000436 seconds, Stopping threads took: 0.0000111 seconds
2017-11-26T20:53:27.780+0100: 21.238: Total time for which application threads were stopped: 0.0000373 seconds, Stopping threads took: 0.0000071 seconds
2017-11-26T20:53:27.780+0100: 21.238: Total time for which application threads were stopped: 0.0000458 seconds, Stopping threads took: 0.0000076 seconds
2017-11-26T20:53:27.780+0100: 21.239: Total time for which application threads were stopped: 0.0002004 seconds, Stopping threads took: 0.0000080 seconds
2017-11-26T20:53:27.780+0100: 21.239: Total time for which application threads were stopped: 0.0001093 seconds, Stopping threads took: 0.0000342 seconds
2017-11-26T20:53:27.780+0100: 21.239: Total time for which application threads were stopped: 0.0000600 seconds, Stopping threads took: 0.0000116 seconds
2017-11-26T20:53:27.781+0100: 21.239: Total time for which application threads were stopped: 0.0000867 seconds, Stopping threads took: 0.0000516 seconds
2017-11-26T20:53:27.781+0100: 21.239: Total time for which application threads were stopped: 0.0000956 seconds, Stopping threads took: 0.0000169 seconds
2017-11-26T20:53:27.781+0100: 21.239: Total time for which application threads were stopped: 0.0000613 seconds, Stopping threads took: 0.0000160 seconds
2017-11-26T20:53:27.781+0100: 21.240: Total time for which application threads were stopped: 0.0001116 seconds, Stopping threads took: 0.0000484 seconds
2017-11-26T20:53:27.781+0100: 21.240: Total time for which application threads were stopped: 0.0001409 seconds, Stopping threads took: 0.0000942 seconds
2017-11-26T20:53:27.782+0100: 21.240: Total time for which application threads were stopped: 0.0000671 seconds, Stopping threads took: 0.0000249 seconds
2017-11-26T20:53:27.782+0100: 21.240: Total time for which application threads were stopped: 0.0002013 seconds, Stopping threads took: 0.0001049 seconds
2017-11-26T20:53:28.893+0100: 22.350: [GC (CMS Initial Mark) [1 CMS-initial-mark: 0K(393216K)] 52082K(502464K), 0.0393351 secs] [Times: user=0.03 sys=0.00, real=0.04 secs] 
2017-11-26T20:53:28.932+0100: 22.390: Total time for which application threads were stopped: 0.0723555 seconds, Stopping threads took: 0.0000196 seconds
2017-11-26T20:53:28.932+0100: 22.390: [CMS-concurrent-mark-start]
2017-11-26T20:53:28.932+0100: 22.390: [CMS-concurrent-mark: 0.000/0.000 secs] [Times: user=0.00 sys=0.00, real=0.00 secs] 
2017-11-26T20:53:28.932+0100: 22.390: [CMS-concurrent-preclean-start]
2017-11-26T20:53:28.933+0100: 22.391: [CMS-concurrent-preclean: 0.001/0.001 secs] [Times: user=0.00 sys=0.00, real=0.00 secs] 
2017-11-26T20:53:28.933+0100: 22.391: [CMS-concurrent-abortable-preclean-start]
2017-11-26T20:53:29.398+0100: 22.857: Total time for which application threads were stopped: 0.0000707 seconds, Stopping threads took: 0.0000213 seconds
2017-11-26T20:53:29.844+0100: 23.303: Total time for which application threads were stopped: 0.0001902 seconds, Stopping threads took: 0.0000493 seconds
2017-11-26T20:53:29.883+0100: 23.341: Total time for which application threads were stopped: 0.0001111 seconds, Stopping threads took: 0.0000236 seconds
2017-11-26T20:53:29.883+0100: 23.341: Total time for which application threads were stopped: 0.0000742 seconds, Stopping threads took: 0.0000142 seconds
2017-11-26T20:53:29.883+0100: 23.341: Total time for which application threads were stopped: 0.0001667 seconds, Stopping threads took: 0.0000987 seconds
2017-11-26T20:53:29.884+0100: 23.342: Total time for which application threads were stopped: 0.0000671 seconds, Stopping threads took: 0.0000138 seconds
2017-11-26T20:53:29.886+0100: 23.345: Total time for which application threads were stopped: 0.0000582 seconds, Stopping threads took: 0.0000129 seconds
2017-11-26T20:53:29.911+0100: 23.369: Total time for which application threads were stopped: 0.0001929 seconds, Stopping threads took: 0.0001293 seconds
2017-11-26T20:53:29.914+0100: 23.371: Total time for which application threads were stopped: 0.0001627 seconds, Stopping threads took: 0.0000582 seconds
2017-11-26T20:53:29.914+0100: 23.372: Total time for which application threads were stopped: 0.0001498 seconds, Stopping threads took: 0.0000751 seconds
2017-11-26T20:53:29.914+0100: 23.372: Total time for which application threads were stopped: 0.0000653 seconds, Stopping threads took: 0.0000129 seconds
2017-11-26T20:53:29.914+0100: 23.372: Total time for which application threads were stopped: 0.0000756 seconds, Stopping threads took: 0.0000387 seconds
2017-11-26T20:53:29.916+0100: 23.375: Total time for which application threads were stopped: 0.0000396 seconds, Stopping threads took: 0.0000098 seconds
2017-11-26T20:53:29.917+0100: 23.375: Total time for which application threads were stopped: 0.0000533 seconds, Stopping threads took: 0.0000151 seconds
2017-11-26T20:53:29.917+0100: 23.375: Total time for which application threads were stopped: 0.0001507 seconds, Stopping threads took: 0.0001036 seconds
2017-11-26T20:53:29.917+0100: 23.376: Total time for which application threads were stopped: 0.0001391 seconds, Stopping threads took: 0.0001084 seconds
2017-11-26T20:53:29.918+0100: 23.376: Total time for which application threads were stopped: 0.0000582 seconds, Stopping threads took: 0.0000240 seconds
2017-11-26T20:53:29.923+0100: 23.381: Total time for which application threads were stopped: 0.0000729 seconds, Stopping threads took: 0.0000311 seconds
2017-11-26T20:53:29.931+0100: 23.389: Total time for which application threads were stopped: 0.0000764 seconds, Stopping threads took: 0.0000324 seconds
2017-11-26T20:53:29.932+0100: 23.390: Total time for which application threads were stopped: 0.0002507 seconds, Stopping threads took: 0.0000071 seconds
2017-11-26T20:53:30.043+0100: 23.501: Total time for which application threads were stopped: 0.0001271 seconds, Stopping threads took: 0.0000498 seconds
2017-11-26T20:53:30.077+0100: 23.535: Total time for which application threads were stopped: 0.0000804 seconds, Stopping threads took: 0.0000324 seconds
2017-11-26T20:53:30.084+0100: 23.542: Total time for which application threads were stopped: 0.0000756 seconds, Stopping threads took: 0.0000147 seconds
2017-11-26T20:53:30.106+0100: 23.564: Total time for which application threads were stopped: 0.0002169 seconds, Stopping threads took: 0.0001369 seconds
2017-11-26T20:53:30.106+0100: 23.565: Total time for which application threads were stopped: 0.0001884 seconds, Stopping threads took: 0.0001213 seconds
2017-11-26T20:53:30.107+0100: 23.565: Total time for which application threads were stopped: 0.0001858 seconds, Stopping threads took: 0.0001164 seconds
2017-11-26T20:53:30.108+0100: 23.566: Total time for which application threads were stopped: 0.0000378 seconds, Stopping threads took: 0.0000084 seconds
2017-11-26T20:53:30.108+0100: 23.566: Total time for which application threads were stopped: 0.0000396 seconds, Stopping threads took: 0.0000129 seconds
2017-11-26T20:53:30.108+0100: 23.566: Total time for which application threads were stopped: 0.0001249 seconds, Stopping threads took: 0.0000080 seconds
2017-11-26T20:53:30.109+0100: 23.567: Total time for which application threads were stopped: 0.0000453 seconds, Stopping threads took: 0.0000067 seconds
2017-11-26T20:53:30.109+0100: 23.567: Total time for which application threads were stopped: 0.0000373 seconds, Stopping threads took: 0.0000080 seconds
2017-11-26T20:53:30.109+0100: 23.568: Total time for which application threads were stopped: 0.0000364 seconds, Stopping threads took: 0.0000080 seconds
2017-11-26T20:53:30.110+0100: 23.568: Total time for which application threads were stopped: 0.0000324 seconds, Stopping threads took: 0.0000071 seconds
2017-11-26T20:53:30.112+0100: 23.570: Total time for which application threads were stopped: 0.0000502 seconds, Stopping threads took: 0.0000098 seconds
2017-11-26T20:53:30.112+0100: 23.570: Total time for which application threads were stopped: 0.0000387 seconds, Stopping threads took: 0.0000107 seconds
2017-11-26T20:53:30.141+0100: 23.599: Total time for which application threads were stopped: 0.0000538 seconds, Stopping threads took: 0.0000147 seconds
2017-11-26T20:53:30.142+0100: 23.600: Total time for which application threads were stopped: 0.0000378 seconds, Stopping threads took: 0.0000089 seconds
2017-11-26T20:53:30.252+0100: 23.711: Total time for which application threads were stopped: 0.0004098 seconds, Stopping threads took: 0.0002502 seconds
2017-11-26T20:53:30.302+0100: 23.760: Total time for which application threads were stopped: 0.0000818 seconds, Stopping threads took: 0.0000151 seconds
2017-11-26T20:53:30.638+0100: 24.096: Total time for which application threads were stopped: 0.0001582 seconds, Stopping threads took: 0.0000258 seconds
2017-11-26T20:53:30.680+0100: 24.138: Total time for which application threads were stopped: 0.0004018 seconds, Stopping threads took: 0.0002382 seconds
2017-11-26T20:53:30.681+0100: 24.139: Total time for which application threads were stopped: 0.0002236 seconds, Stopping threads took: 0.0001369 seconds
2017-11-26T20:53:30.784+0100: 24.242: Total time for which application threads were stopped: 0.0003569 seconds, Stopping threads took: 0.0002787 seconds
2017-11-26T20:53:30.786+0100: 24.243: Total time for which application threads were stopped: 0.0002258 seconds, Stopping threads took: 0.0001462 seconds
2017-11-26T20:53:30.869+0100: 24.327: Total time for which application threads were stopped: 0.0001080 seconds, Stopping threads took: 0.0000311 seconds
2017-11-26T20:53:30.898+0100: 24.356: Total time for which application threads were stopped: 0.0002551 seconds, Stopping threads took: 0.0000538 seconds
2017-11-26T20:53:31.033+0100: 24.491: Total time for which application threads were stopped: 0.0001796 seconds, Stopping threads took: 0.0000867 seconds
2017-11-26T20:53:31.057+0100: 24.515: Total time for which application threads were stopped: 0.0000604 seconds, Stopping threads took: 0.0000173 seconds
2017-11-26T20:53:31.057+0100: 24.515: Total time for which application threads were stopped: 0.0000787 seconds, Stopping threads took: 0.0000293 seconds
2017-11-26T20:53:31.058+0100: 24.517: Total time for which application threads were stopped: 0.0002142 seconds, Stopping threads took: 0.0001600 seconds
2017-11-26T20:53:31.058+0100: 24.517: Total time for which application threads were stopped: 0.0000516 seconds, Stopping threads took: 0.0000098 seconds
2017-11-26T20:53:31.059+0100: 24.517: Total time for which application threads were stopped: 0.0000538 seconds, Stopping threads took: 0.0000138 seconds
2017-11-26T20:53:31.059+0100: 24.518: Total time for which application threads were stopped: 0.0000884 seconds, Stopping threads took: 0.0000124 seconds
2017-11-26T20:53:31.059+0100: 24.518: Total time for which application threads were stopped: 0.0000907 seconds, Stopping threads took: 0.0000102 seconds
2017-11-26T20:53:31.060+0100: 24.518: Total time for which application threads were stopped: 0.0000613 seconds, Stopping threads took: 0.0000098 seconds
2017-11-26T20:53:31.090+0100: 24.547: Total time for which application threads were stopped: 0.0001049 seconds, Stopping threads took: 0.0000191 seconds
2017-11-26T20:53:31.122+0100: 24.579: Total time for which application threads were stopped: 0.0000702 seconds, Stopping threads took: 0.0000307 seconds
2017-11-26T20:53:31.123+0100: 24.581: Total time for which application threads were stopped: 0.0002489 seconds, Stopping threads took: 0.0001956 seconds
2017-11-26T20:53:31.130+0100: 24.587: Total time for which application threads were stopped: 0.0001991 seconds, Stopping threads took: 0.0000564 seconds
2017-11-26T20:53:31.130+0100: 24.588: Total time for which application threads were stopped: 0.0000769 seconds, Stopping threads took: 0.0000298 seconds
2017-11-26T20:53:31.130+0100: 24.588: Total time for which application threads were stopped: 0.0000533 seconds, Stopping threads took: 0.0000107 seconds
2017-11-26T20:53:31.147+0100: 24.605: Total time for which application threads were stopped: 0.0000893 seconds, Stopping threads took: 0.0000173 seconds
2017-11-26T20:53:31.194+0100: 24.652: Total time for which application threads were stopped: 0.0001164 seconds, Stopping threads took: 0.0000249 seconds
2017-11-26T20:53:31.249+0100: 24.707: Total time for which application threads were stopped: 0.0000484 seconds, Stopping threads took: 0.0000151 seconds
{Heap before GC invocations=1 (full 1):
 par new generation   total 109248K, used 97152K [0x00000000e0000000, 0x00000000e8000000, 0x00000000e8000000)
  eden space 87424K, 100% used [0x00000000e0000000, 0x00000000e5560000, 0x00000000e5560000)
  from space 21824K,  44% used [0x00000000e6ab0000, 0x00000000e7430010, 0x00000000e8000000)
  to   space 21824K,   0% used [0x00000000e5560000, 0x00000000e5560000, 0x00000000e6ab0000)
 concurrent mark-sweep generation total 393216K, used 0K [0x00000000e8000000, 0x0000000100000000, 0x0000000100000000)
 Metaspace       used 23820K, capacity 24304K, committed 24540K, reserved 1071104K
  class space    used 2971K, capacity 3146K, committed 3172K, reserved 1048576K
2017-11-26T20:53:31.309+0100: 24.766: [GC (Allocation Failure) 2017-11-26T20:53:31.309+0100: 24.767: [ParNew
Desired survivor size 20112992 bytes, new threshold 8 (max 8)
- age   1:    9842840 bytes,    9842840 total
- age   2:    4451496 bytes,   14294336 total
: 97152K->16452K(109248K), 0.0120511 secs] 97152K->16452K(502464K), 0.0121893 secs] [Times: user=0.06 sys=0.00, real=0.01 secs] 
Heap after GC invocations=2 (full 1):
 par new generation   total 109248K, used 16452K [0x00000000e0000000, 0x00000000e8000000, 0x00000000e8000000)
  eden space 87424K,   0% used [0x00000000e0000000, 0x00000000e0000000, 0x00000000e5560000)
  from space 21824K,  75% used [0x00000000e5560000, 0x00000000e6571088, 0x00000000e6ab0000)
  to   space 21824K,   0% used [0x00000000e6ab0000, 0x00000000e6ab0000, 0x00000000e8000000)
 concurrent mark-sweep generation total 393216K, used 0K [0x00000000e8000000, 0x0000000100000000, 0x0000000100000000)
 Metaspace       used 23820K, capacity 24304K, committed 24540K, reserved 1071104K
  class space    used 2971K, capacity 3146K, committed 3172K, reserved 1048576K
}
2017-11-26T20:53:31.321+0100: 24.779: Total time for which application threads were stopped: 0.0124236 seconds, Stopping threads took: 0.0000329 seconds
2017-11-26T20:53:31.323+0100: 24.780: Total time for which application threads were stopped: 0.0000702 seconds, Stopping threads took: 0.0000280 seconds
2017-11-26T20:53:31.341+0100: 24.799: Total time for which application threads were stopped: 0.0001316 seconds, Stopping threads took: 0.0000756 seconds
2017-11-26T20:53:31.552+0100: 25.010: Total time for which application threads were stopped: 0.0000907 seconds, Stopping threads took: 0.0000324 seconds
2017-11-26T20:53:32.149+0100: 25.606: Total time for which application threads were stopped: 0.0000622 seconds, Stopping threads took: 0.0000187 seconds
2017-11-26T20:53:32.169+0100: 25.628: Total time for which application threads were stopped: 0.0002627 seconds, Stopping threads took: 0.0000133 seconds
2017-11-26T20:53:32.191+0100: 25.649: Total time for which application threads were stopped: 0.0001551 seconds, Stopping threads took: 0.0000293 seconds
2017-11-26T20:53:32.214+0100: 25.672: Total time for which application threads were stopped: 0.0003000 seconds, Stopping threads took: 0.0000382 seconds
2017-11-26T20:53:32.292+0100: 25.750: Total time for which application threads were stopped: 0.0000871 seconds, Stopping threads took: 0.0000316 seconds
2017-11-26T20:53:32.292+0100: 25.750: [CMS-concurrent-abortable-preclean: 1.442/3.360 secs] [Times: user=2.38 sys=0.31, real=3.36 secs] 
2017-11-26T20:53:32.292+0100: 25.751: [GC (CMS Final Remark) [YG occupancy: 72724 K (109248 K)]{Heap before GC invocations=2 (full 1):
 par new generation   total 109248K, used 72724K [0x00000000e0000000, 0x00000000e8000000, 0x00000000e8000000)
  eden space 87424K,  64% used [0x00000000e0000000, 0x00000000e36f41f0, 0x00000000e5560000)
  from space 21824K,  75% used [0x00000000e5560000, 0x00000000e6571088, 0x00000000e6ab0000)
  to   space 21824K,   0% used [0x00000000e6ab0000, 0x00000000e6ab0000, 0x00000000e8000000)
 concurrent mark-sweep generation total 393216K, used 0K [0x00000000e8000000, 0x0000000100000000, 0x0000000100000000)
 Metaspace       used 24423K, capacity 24946K, committed 25204K, reserved 1071104K
  class space    used 3022K, capacity 3211K, committed 3300K, reserved 1048576K
2017-11-26T20:53:32.292+0100: 25.751: [GC (CMS Final Remark) 2017-11-26T20:53:32.292+0100: 25.751: [ParNew
Desired survivor size 20112992 bytes, new threshold 8 (max 8)
- age   1:     511528 bytes,     511528 total
- age   2:    4582904 bytes,    5094432 total
- age   3:    4446088 bytes,    9540520 total
: 72724K->14955K(109248K), 0.0102133 secs] 72724K->14955K(502464K), 0.0103009 secs] [Times: user=0.05 sys=0.00, real=0.01 secs] 
Heap after GC invocations=3 (full 1):
 par new generation   total 109248K, used 14955K [0x00000000e0000000, 0x00000000e8000000, 0x00000000e8000000)
  eden space 87424K,   0% used [0x00000000e0000000, 0x00000000e0000000, 0x00000000e5560000)
  from space 21824K,  68% used [0x00000000e6ab0000, 0x00000000e794ad40, 0x00000000e8000000)
  to   space 21824K,   0% used [0x00000000e5560000, 0x00000000e5560000, 0x00000000e6ab0000)
 concurrent mark-sweep generation total 393216K, used 0K [0x00000000e8000000, 0x0000000100000000, 0x0000000100000000)
 Metaspace       used 24423K, capacity 24946K, committed 25204K, reserved 1071104K
  class space    used 3022K, capacity 3211K, committed 3300K, reserved 1048576K
}
2017-11-26T20:53:32.303+0100: 25.761: [Rescan (parallel) , 0.0028769 secs]2017-11-26T20:53:32.306+0100: 25.764: [weak refs processing, 0.0016871 secs]2017-11-26T20:53:32.307+0100: 25.766: [class unloading, 0.0033804 secs]2017-11-26T20:53:32.311+0100: 25.769: [scrub symbol table, 0.0038587 secs]2017-11-26T20:53:32.315+0100: 25.773: [scrub string table, 0.0002973 secs][1 CMS-remark: 0K(393216K)] 14955K(502464K), 0.0235018 secs] [Times: user=0.06 sys=0.00, real=0.02 secs] 
2017-11-26T20:53:32.316+0100: 25.774: Total time for which application threads were stopped: 0.0236853 seconds, Stopping threads took: 0.0000876 seconds
2017-11-26T20:53:32.316+0100: 25.774: [CMS-concurrent-sweep-start]
2017-11-26T20:53:32.316+0100: 25.774: [CMS-concurrent-sweep: 0.000/0.000 secs] [Times: user=0.00 sys=0.00, real=0.00 secs] 
2017-11-26T20:53:32.316+0100: 25.774: [CMS-concurrent-reset-start]
2017-11-26T20:53:32.318+0100: 25.776: [CMS-concurrent-reset: 0.002/0.002 secs] [Times: user=0.00 sys=0.00, real=0.00 secs] 
2017-11-26T20:53:32.323+0100: 25.781: Total time for which application threads were stopped: 0.0001836 seconds, Stopping threads took: 0.0001467 seconds
2017-11-26T20:53:32.401+0100: 25.859: Total time for which application threads were stopped: 0.0001156 seconds, Stopping threads took: 0.0000316 seconds
2017-11-26T20:53:32.401+0100: 25.859: Total time for which application threads were stopped: 0.0000778 seconds, Stopping threads took: 0.0000191 seconds
2017-11-26T20:53:32.401+0100: 25.859: Total time for which application threads were stopped: 0.0000751 seconds, Stopping threads took: 0.0000311 seconds
2017-11-26T20:53:32.403+0100: 25.861: Total time for which application threads were stopped: 0.0000667 seconds, Stopping threads took: 0.0000178 seconds
2017-11-26T20:53:32.403+0100: 25.862: Total time for which application threads were stopped: 0.0000511 seconds, Stopping threads took: 0.0000116 seconds
2017-11-26T20:53:32.426+0100: 25.884: Total time for which application threads were stopped: 0.0001142 seconds, Stopping threads took: 0.0000516 seconds
2017-11-26T20:53:32.539+0100: 25.996: Total time for which application threads were stopped: 0.0000893 seconds, Stopping threads took: 0.0000191 seconds
2017-11-26T20:53:32.539+0100: 25.996: Total time for which application threads were stopped: 0.0000480 seconds, Stopping threads took: 0.0000102 seconds
2017-11-26T20:53:32.810+0100: 26.268: Total time for which application threads were stopped: 0.0002507 seconds, Stopping threads took: 0.0001249 seconds
2017-11-26T20:53:32.827+0100: 26.285: Total time for which application threads were stopped: 0.0001138 seconds, Stopping threads took: 0.0000369 seconds
2017-11-26T20:53:32.962+0100: 26.420: Total time for which application threads were stopped: 0.0001604 seconds, Stopping threads took: 0.0000347 seconds
2017-11-26T20:53:32.962+0100: 26.420: Total time for which application threads were stopped: 0.0000436 seconds, Stopping threads took: 0.0000164 seconds
2017-11-26T20:53:32.962+0100: 26.420: Total time for which application threads were stopped: 0.0000444 seconds, Stopping threads took: 0.0000098 seconds
2017-11-26T20:53:32.963+0100: 26.421: Total time for which application threads were stopped: 0.0000564 seconds, Stopping threads took: 0.0000151 seconds
2017-11-26T20:53:32.964+0100: 26.422: Total time for which application threads were stopped: 0.0000796 seconds, Stopping threads took: 0.0000151 seconds
2017-11-26T20:53:32.965+0100: 26.423: Total time for which application threads were stopped: 0.0001204 seconds, Stopping threads took: 0.0000293 seconds
2017-11-26T20:53:33.021+0100: 26.479: Total time for which application threads were stopped: 0.0006760 seconds, Stopping threads took: 0.0005978 seconds
2017-11-26T20:53:33.021+0100: 26.479: Total time for which application threads were stopped: 0.0000902 seconds, Stopping threads took: 0.0000569 seconds
2017-11-26T20:53:33.022+0100: 26.480: Total time for which application threads were stopped: 0.0005533 seconds, Stopping threads took: 0.0005133 seconds
2017-11-26T20:53:33.022+0100: 26.480: Total time for which application threads were stopped: 0.0001387 seconds, Stopping threads took: 0.0000862 seconds
2017-11-26T20:53:33.022+0100: 26.480: Total time for which application threads were stopped: 0.0001124 seconds, Stopping threads took: 0.0000769 seconds
2017-11-26T20:53:33.023+0100: 26.480: Total time for which application threads were stopped: 0.0000467 seconds, Stopping threads took: 0.0000138 seconds
2017-11-26T20:53:33.023+0100: 26.480: Total time for which application threads were stopped: 0.0000364 seconds, Stopping threads took: 0.0000107 seconds
2017-11-26T20:53:33.023+0100: 26.481: Total time for which application threads were stopped: 0.0000364 seconds, Stopping threads took: 0.0000102 seconds
2017-11-26T20:53:33.024+0100: 26.481: Total time for which application threads were stopped: 0.0000636 seconds, Stopping threads took: 0.0000160 seconds
2017-11-26T20:53:33.024+0100: 26.482: Total time for which application threads were stopped: 0.0000778 seconds, Stopping threads took: 0.0000240 seconds
2017-11-26T20:53:33.046+0100: 26.503: Total time for which application threads were stopped: 0.0000804 seconds, Stopping threads took: 0.0000320 seconds
2017-11-26T20:53:33.349+0100: 26.807: Total time for which application threads were stopped: 0.0002036 seconds, Stopping threads took: 0.0000542 seconds
2017-11-26T20:53:33.349+0100: 26.807: Total time for which application threads were stopped: 0.0002431 seconds, Stopping threads took: 0.0001387 seconds
2017-11-26T20:53:33.351+0100: 26.809: Total time for which application threads were stopped: 0.0002200 seconds, Stopping threads took: 0.0001022 seconds
2017-11-26T20:53:33.352+0100: 26.810: Total time for which application threads were stopped: 0.0001969 seconds, Stopping threads took: 0.0000791 seconds
2017-11-26T20:53:33.352+0100: 26.810: Total time for which application threads were stopped: 0.0001929 seconds, Stopping threads took: 0.0000738 seconds
2017-11-26T20:53:33.352+0100: 26.810: Total time for which application threads were stopped: 0.0002547 seconds, Stopping threads took: 0.0000644 seconds
2017-11-26T20:53:33.353+0100: 26.811: Total time for which application threads were stopped: 0.0004360 seconds, Stopping threads took: 0.0003044 seconds
2017-11-26T20:53:33.394+0100: 26.852: Total time for which application threads were stopped: 0.0000809 seconds, Stopping threads took: 0.0000333 seconds
2017-11-26T20:53:33.394+0100: 26.852: Total time for which application threads were stopped: 0.0000547 seconds, Stopping threads took: 0.0000187 seconds
2017-11-26T20:53:33.394+0100: 26.852: Total time for which application threads were stopped: 0.0000693 seconds, Stopping threads took: 0.0000338 seconds
2017-11-26T20:53:33.395+0100: 26.853: Total time for which application threads were stopped: 0.0001431 seconds, Stopping threads took: 0.0001116 seconds
2017-11-26T20:53:33.395+0100: 26.853: Total time for which application threads were stopped: 0.0000818 seconds, Stopping threads took: 0.0000320 seconds
2017-11-26T20:53:33.395+0100: 26.853: Total time for which application threads were stopped: 0.0000564 seconds, Stopping threads took: 0.0000089 seconds
2017-11-26T20:53:33.395+0100: 26.853: Total time for which application threads were stopped: 0.0000627 seconds, Stopping threads took: 0.0000089 seconds
2017-11-26T20:53:33.395+0100: 26.853: Total time for which application threads were stopped: 0.0001480 seconds, Stopping threads took: 0.0000969 seconds
2017-11-26T20:53:33.485+0100: 26.943: Total time for which application threads were stopped: 0.0001396 seconds, Stopping threads took: 0.0000360 seconds
2017-11-26T20:53:33.577+0100: 27.034: Total time for which application threads were stopped: 0.0001960 seconds, Stopping threads took: 0.0000827 seconds
2017-11-26T20:53:33.577+0100: 27.034: Total time for which application threads were stopped: 0.0001187 seconds, Stopping threads took: 0.0000551 seconds
2017-11-26T20:53:33.577+0100: 27.035: Total time for which application threads were stopped: 0.0001591 seconds, Stopping threads took: 0.0000880 seconds
2017-11-26T20:53:33.715+0100: 27.174: Total time for which application threads were stopped: 0.0002169 seconds, Stopping threads took: 0.0000631 seconds
{Heap before GC invocations=3 (full 1):
 par new generation   total 109248K, used 102379K [0x00000000e0000000, 0x00000000e8000000, 0x00000000e8000000)
  eden space 87424K, 100% used [0x00000000e0000000, 0x00000000e5560000, 0x00000000e5560000)
  from space 21824K,  68% used [0x00000000e6ab0000, 0x00000000e794ad40, 0x00000000e8000000)
  to   space 21824K,   0% used [0x00000000e5560000, 0x00000000e5560000, 0x00000000e6ab0000)
 concurrent mark-sweep generation total 393216K, used 0K [0x00000000e8000000, 0x0000000100000000, 0x0000000100000000)
 Metaspace       used 25879K, capacity 26454K, committed 26724K, reserved 1073152K
  class space    used 3202K, capacity 3391K, committed 3428K, reserved 1048576K
2017-11-26T20:53:34.208+0100: 27.666: [GC (Allocation Failure) 2017-11-26T20:53:34.209+0100: 27.666: [ParNew
Desired survivor size 20112992 bytes, new threshold 8 (max 8)
- age   1:    2976200 bytes,    2976200 total
- age   2:     129136 bytes,    3105336 total
- age   3:    4384856 bytes,    7490192 total
- age   4:    4434576 bytes,   11924768 total
: 102379K->14630K(109248K), 0.0191693 secs] 102379K->14630K(502464K), 0.0193827 secs] [Times: user=0.05 sys=0.00, real=0.02 secs] 
Heap after GC invocations=4 (full 1):
 par new generation   total 109248K, used 14630K [0x00000000e0000000, 0x00000000e8000000, 0x00000000e8000000)
  eden space 87424K,   0% used [0x00000000e0000000, 0x00000000e0000000, 0x00000000e5560000)
  from space 21824K,  67% used [0x00000000e5560000, 0x00000000e63a9a10, 0x00000000e6ab0000)
  to   space 21824K,   0% used [0x00000000e6ab0000, 0x00000000e6ab0000, 0x00000000e8000000)
 concurrent mark-sweep generation total 393216K, used 0K [0x00000000e8000000, 0x0000000100000000, 0x0000000100000000)
 Metaspace       used 25879K, capacity 26454K, committed 26724K, reserved 1073152K
  class space    used 3202K, capacity 3391K, committed 3428K, reserved 1048576K
}
2017-11-26T20:53:34.228+0100: 27.685: Total time for which application threads were stopped: 0.0198280 seconds, Stopping threads took: 0.0001884 seconds
{Heap before GC invocations=4 (full 1):
 par new generation   total 109248K, used 102054K [0x00000000e0000000, 0x00000000e8000000, 0x00000000e8000000)
  eden space 87424K, 100% used [0x00000000e0000000, 0x00000000e5560000, 0x00000000e5560000)
  from space 21824K,  67% used [0x00000000e5560000, 0x00000000e63a9a10, 0x00000000e6ab0000)
  to   space 21824K,   0% used [0x00000000e6ab0000, 0x00000000e6ab0000, 0x00000000e8000000)
 concurrent mark-sweep generation total 393216K, used 0K [0x00000000e8000000, 0x0000000100000000, 0x0000000100000000)
 Metaspace       used 25988K, capacity 26542K, committed 26724K, reserved 1073152K
  class space    used 3213K, capacity 3395K, committed 3428K, reserved 1048576K
2017-11-26T20:53:34.370+0100: 27.828: [GC (Allocation Failure) 2017-11-26T20:53:34.370+0100: 27.828: [ParNew
Desired survivor size 20112992 bytes, new threshold 8 (max 8)
- age   1:     371480 bytes,     371480 total
- age   2:    1745432 bytes,    2116912 total
- age   3:     129136 bytes,    2246048 total
- age   4:    4384600 bytes,    6630648 total
- age   5:    4434256 bytes,   11064904 total
: 102054K->17611K(109248K), 0.0092804 secs] 102054K->17611K(502464K), 0.0093836 secs] [Times: user=0.06 sys=0.00, real=0.01 secs] 
Heap after GC invocations=5 (full 1):
 par new generation   total 109248K, used 17611K [0x00000000e0000000, 0x00000000e8000000, 0x00000000e8000000)
  eden space 87424K,   0% used [0x00000000e0000000, 0x00000000e0000000, 0x00000000e5560000)
  from space 21824K,  80% used [0x00000000e6ab0000, 0x00000000e7be2e40, 0x00000000e8000000)
  to   space 21824K,   0% used [0x00000000e5560000, 0x00000000e5560000, 0x00000000e6ab0000)
 concurrent mark-sweep generation total 393216K, used 0K [0x00000000e8000000, 0x0000000100000000, 0x0000000100000000)
 Metaspace       used 25988K, capacity 26542K, committed 26724K, reserved 1073152K
  class space    used 3213K, capacity 3395K, committed 3428K, reserved 1048576K
}
2017-11-26T20:53:34.380+0100: 27.838: Total time for which application threads were stopped: 0.0095902 seconds, Stopping threads took: 0.0000311 seconds
2017-11-26T20:53:34.497+0100: 27.955: Total time for which application threads were stopped: 0.0001244 seconds, Stopping threads took: 0.0000231 seconds
{Heap before GC invocations=5 (full 1):
 par new generation   total 109248K, used 105099K [0x00000000e0000000, 0x00000000e8000000, 0x00000000e8000000)
  eden space 87424K, 100% used [0x00000000e0000000, 0x00000000e5560000, 0x00000000e5560000)
  from space 21824K,  80% used [0x00000000e6ab0000, 0x00000000e7bf2e60, 0x00000000e8000000)
  to   space 21824K,   0% used [0x00000000e5560000, 0x00000000e5560000, 0x00000000e6ab0000)
 concurrent mark-sweep generation total 393216K, used 0K [0x00000000e8000000, 0x0000000100000000, 0x0000000100000000)
 Metaspace       used 26153K, capacity 26708K, committed 26980K, reserved 1073152K
  class space    used 3236K, capacity 3428K, committed 3428K, reserved 1048576K
2017-11-26T20:53:34.497+0100: 27.955: [GC (GCLocker Initiated GC) 2017-11-26T20:53:34.498+0100: 27.955: [ParNew
Desired survivor size 20112992 bytes, new threshold 8 (max 8)
- age   1:    1311752 bytes,    1311752 total
- age   2:     106040 bytes,    1417792 total
- age   3:    1744632 bytes,    3162424 total
- age   4:     129104 bytes,    3291528 total
- age   5:    4382328 bytes,    7673856 total
- age   6:    4433736 bytes,   12107592 total
: 105099K->13043K(109248K), 0.0104996 secs] 105099K->13043K(502464K), 0.0106351 secs] [Times: user=0.06 sys=0.00, real=0.01 secs] 
Heap after GC invocations=6 (full 1):
 par new generation   total 109248K, used 13043K [0x00000000e0000000, 0x00000000e8000000, 0x00000000e8000000)
  eden space 87424K,   0% used [0x00000000e0000000, 0x00000000e0000000, 0x00000000e5560000)
  from space 21824K,  59% used [0x00000000e5560000, 0x00000000e621ccd0, 0x00000000e6ab0000)
  to   space 21824K,   0% used [0x00000000e6ab0000, 0x00000000e6ab0000, 0x00000000e8000000)
 concurrent mark-sweep generation total 393216K, used 0K [0x00000000e8000000, 0x0000000100000000, 0x0000000100000000)
 Metaspace       used 26153K, capacity 26708K, committed 26980K, reserved 1073152K
  class space    used 3236K, capacity 3428K, committed 3428K, reserved 1048576K
}
2017-11-26T20:53:34.508+0100: 27.966: Total time for which application threads were stopped: 0.0107822 seconds, Stopping threads took: 0.0000191 seconds
2017-11-26T20:53:34.550+0100: 28.007: Total time for which application threads were stopped: 0.0001369 seconds, Stopping threads took: 0.0000427 seconds
2017-11-26T20:53:34.550+0100: 28.007: Total time for which application threads were stopped: 0.0000764 seconds, Stopping threads took: 0.0000213 seconds
2017-11-26T20:53:34.550+0100: 28.008: Total time for which application threads were stopped: 0.0000716 seconds, Stopping threads took: 0.0000129 seconds
2017-11-26T20:53:34.550+0100: 28.008: Total time for which application threads were stopped: 0.0000551 seconds, Stopping threads took: 0.0000107 seconds
2017-11-26T20:53:34.551+0100: 28.009: Total time for which application threads were stopped: 0.0001218 seconds, Stopping threads took: 0.0000227 seconds
2017-11-26T20:53:34.695+0100: 28.153: Total time for which application threads were stopped: 0.0002080 seconds, Stopping threads took: 0.0001280 seconds
2017-11-26T20:53:34.695+0100: 28.153: Total time for which application threads were stopped: 0.0002044 seconds, Stopping threads took: 0.0001191 seconds
2017-11-26T20:53:34.695+0100: 28.154: Total time for which application threads were stopped: 0.0001627 seconds, Stopping threads took: 0.0000924 seconds
2017-11-26T20:53:35.191+0100: 28.648: Total time for which application threads were stopped: 0.0001956 seconds, Stopping threads took: 0.0000369 seconds
2017-11-26T20:53:35.193+0100: 28.651: Total time for which application threads were stopped: 0.0001333 seconds, Stopping threads took: 0.0000307 seconds
2017-11-26T20:53:35.202+0100: 28.660: Total time for which application threads were stopped: 0.0001582 seconds, Stopping threads took: 0.0000422 seconds
2017-11-26T20:53:35.779+0100: 29.238: Total time for which application threads were stopped: 0.0005169 seconds, Stopping threads took: 0.0000956 seconds
2017-11-26T20:53:36.554+0100: 30.011: Total time for which application threads were stopped: 0.0001329 seconds, Stopping threads took: 0.0000502 seconds
2017-11-26T20:53:36.554+0100: 30.012: Total time for which application threads were stopped: 0.0000524 seconds, Stopping threads took: 0.0000147 seconds
2017-11-26T20:53:37.125+0100: 30.582: Total time for which application threads were stopped: 0.0001516 seconds, Stopping threads took: 0.0000258 seconds
2017-11-26T20:53:37.384+0100: 30.842: Total time for which application threads were stopped: 0.0000800 seconds, Stopping threads took: 0.0000444 seconds
2017-11-26T20:53:37.646+0100: 31.104: Total time for which application threads were stopped: 0.0000662 seconds, Stopping threads took: 0.0000147 seconds
2017-11-26T20:53:37.738+0100: 31.197: Total time for which application threads were stopped: 0.0001382 seconds, Stopping threads took: 0.0000480 seconds
2017-11-26T20:53:37.835+0100: 31.293: Total time for which application threads were stopped: 0.0008204 seconds, Stopping threads took: 0.0000378 seconds
2017-11-26T20:53:37.897+0100: 31.354: Total time for which application threads were stopped: 0.0000622 seconds, Stopping threads took: 0.0000187 seconds
2017-11-26T20:53:37.897+0100: 31.354: Total time for which application threads were stopped: 0.0000542 seconds, Stopping threads took: 0.0000284 seconds
2017-11-26T20:53:37.898+0100: 31.356: Total time for which application threads were stopped: 0.0001636 seconds, Stopping threads took: 0.0000404 seconds
2017-11-26T20:53:37.962+0100: 31.420: Total time for which application threads were stopped: 0.0001231 seconds, Stopping threads took: 0.0000547 seconds
2017-11-26T20:53:37.981+0100: 31.439: Total time for which application threads were stopped: 0.0000693 seconds, Stopping threads took: 0.0000231 seconds
2017-11-26T20:53:38.008+0100: 31.466: Total time for which application threads were stopped: 0.0002013 seconds, Stopping threads took: 0.0001187 seconds
2017-11-26T20:53:38.009+0100: 31.467: Total time for which application threads were stopped: 0.0002040 seconds, Stopping threads took: 0.0001173 seconds
2017-11-26T20:53:38.010+0100: 31.467: Total time for which application threads were stopped: 0.0001889 seconds, Stopping threads took: 0.0001267 seconds
2017-11-26T20:53:38.010+0100: 31.468: Total time for which application threads were stopped: 0.0001889 seconds, Stopping threads took: 0.0001387 seconds
2017-11-26T20:53:38.012+0100: 31.470: Total time for which application threads were stopped: 0.0002529 seconds, Stopping threads took: 0.0001320 seconds
2017-11-26T20:53:38.013+0100: 31.471: Total time for which application threads were stopped: 0.0002560 seconds, Stopping threads took: 0.0001631 seconds
2017-11-26T20:53:38.029+0100: 31.487: Total time for which application threads were stopped: 0.0000684 seconds, Stopping threads took: 0.0000173 seconds
2017-11-26T20:53:38.030+0100: 31.488: Total time for which application threads were stopped: 0.0001613 seconds, Stopping threads took: 0.0001031 seconds
2017-11-26T20:53:38.929+0100: 32.387: Total time for which application threads were stopped: 0.0002640 seconds, Stopping threads took: 0.0000884 seconds
2017-11-26T20:53:39.099+0100: 32.557: Total time for which application threads were stopped: 0.0000871 seconds, Stopping threads took: 0.0000307 seconds
2017-11-26T20:53:39.100+0100: 32.558: Total time for which application threads were stopped: 0.0001582 seconds, Stopping threads took: 0.0000298 seconds
2017-11-26T20:53:39.263+0100: 32.721: Total time for which application threads were stopped: 0.0001596 seconds, Stopping threads took: 0.0000933 seconds
2017-11-26T20:53:39.324+0100: 32.781: Total time for which application threads were stopped: 0.0000929 seconds, Stopping threads took: 0.0000213 seconds
{Heap before GC invocations=6 (full 1):
 par new generation   total 109248K, used 100467K [0x00000000e0000000, 0x00000000e8000000, 0x00000000e8000000)
  eden space 87424K, 100% used [0x00000000e0000000, 0x00000000e5560000, 0x00000000e5560000)
  from space 21824K,  59% used [0x00000000e5560000, 0x00000000e621ccd0, 0x00000000e6ab0000)
  to   space 21824K,   0% used [0x00000000e6ab0000, 0x00000000e6ab0000, 0x00000000e8000000)
 concurrent mark-sweep generation total 393216K, used 0K [0x00000000e8000000, 0x0000000100000000, 0x0000000100000000)
 Metaspace       used 29579K, capacity 30298K, committed 30564K, reserved 1075200K
  class space    used 3687K, capacity 3899K, committed 3940K, reserved 1048576K
2017-11-26T20:53:39.327+0100: 32.784: [GC (Allocation Failure) 2017-11-26T20:53:39.327+0100: 32.784: [ParNew
Desired survivor size 20112992 bytes, new threshold 8 (max 8)
- age   1:    4681456 bytes,    4681456 total
- age   2:     119920 bytes,    4801376 total
- age   3:     104864 bytes,    4906240 total
- age   4:     557192 bytes,    5463432 total
- age   5:     127072 bytes,    5590504 total
- age   6:    4371352 bytes,    9961856 total
- age   7:    4426456 bytes,   14388312 total
: 100467K->20344K(109248K), 0.0097831 secs] 100467K->20344K(502464K), 0.0099111 secs] [Times: user=0.06 sys=0.00, real=0.01 secs] 
Heap after GC invocations=7 (full 1):
 par new generation   total 109248K, used 20344K [0x00000000e0000000, 0x00000000e8000000, 0x00000000e8000000)
  eden space 87424K,   0% used [0x00000000e0000000, 0x00000000e0000000, 0x00000000e5560000)
  from space 21824K,  93% used [0x00000000e6ab0000, 0x00000000e7e8e180, 0x00000000e8000000)
  to   space 21824K,   0% used [0x00000000e5560000, 0x00000000e5560000, 0x00000000e6ab0000)
 concurrent mark-sweep generation total 393216K, used 0K [0x00000000e8000000, 0x0000000100000000, 0x0000000100000000)
 Metaspace       used 29579K, capacity 30298K, committed 30564K, reserved 1075200K
  class space    used 3687K, capacity 3899K, committed 3940K, reserved 1048576K
}
2017-11-26T20:53:39.337+0100: 32.794: Total time for which application threads were stopped: 0.0101120 seconds, Stopping threads took: 0.0000200 seconds
2017-11-26T20:53:39.355+0100: 32.813: Total time for which application threads were stopped: 0.0002480 seconds, Stopping threads took: 0.0000418 seconds
2017-11-26T20:53:39.522+0100: 32.980: Total time for which application threads were stopped: 0.0001293 seconds, Stopping threads took: 0.0000316 seconds
2017-11-26T20:53:39.822+0100: 33.280: Total time for which application threads were stopped: 0.0001551 seconds, Stopping threads took: 0.0000347 seconds
2017-11-26T20:53:39.837+0100: 33.295: Total time for which application threads were stopped: 0.0001298 seconds, Stopping threads took: 0.0000333 seconds
2017-11-26T20:53:39.841+0100: 33.299: Total time for which application threads were stopped: 0.0001378 seconds, Stopping threads took: 0.0000240 seconds
2017-11-26T20:53:39.841+0100: 33.299: Total time for which application threads were stopped: 0.0000902 seconds, Stopping threads took: 0.0000196 seconds
2017-11-26T20:53:39.841+0100: 33.299: Total time for which application threads were stopped: 0.0000600 seconds, Stopping threads took: 0.0000142 seconds
2017-11-26T20:53:39.871+0100: 33.328: Total time for which application threads were stopped: 0.0001000 seconds, Stopping threads took: 0.0000373 seconds
2017-11-26T20:53:40.061+0100: 33.519: Total time for which application threads were stopped: 0.0001533 seconds, Stopping threads took: 0.0000258 seconds
2017-11-26T20:53:40.113+0100: 33.571: Total time for which application threads were stopped: 0.0001204 seconds, Stopping threads took: 0.0000560 seconds
2017-11-26T20:53:40.302+0100: 33.760: Total time for which application threads were stopped: 0.0002271 seconds, Stopping threads took: 0.0000511 seconds
2017-11-26T20:53:40.303+0100: 33.760: Total time for which application threads were stopped: 0.0001431 seconds, Stopping threads took: 0.0000360 seconds
2017-11-26T20:53:40.367+0100: 33.825: Total time for which application threads were stopped: 0.0002107 seconds, Stopping threads took: 0.0001209 seconds
2017-11-26T20:53:40.367+0100: 33.825: Total time for which application threads were stopped: 0.0000911 seconds, Stopping threads took: 0.0000209 seconds
2017-11-26T20:53:40.809+0100: 34.267: Total time for which application threads were stopped: 0.0001400 seconds, Stopping threads took: 0.0000267 seconds
2017-11-26T20:53:41.124+0100: 34.581: Total time for which application threads were stopped: 0.0002627 seconds, Stopping threads took: 0.0001782 seconds
2017-11-26T20:53:41.160+0100: 34.618: Total time for which application threads were stopped: 0.0000689 seconds, Stopping threads took: 0.0000164 seconds
2017-11-26T20:53:41.228+0100: 34.686: Total time for which application threads were stopped: 0.0009351 seconds, Stopping threads took: 0.0000409 seconds
2017-11-26T20:53:41.393+0100: 34.851: Total time for which application threads were stopped: 0.0004191 seconds, Stopping threads took: 0.0000360 seconds
2017-11-26T20:53:41.859+0100: 35.316: Total time for which application threads were stopped: 0.0008542 seconds, Stopping threads took: 0.0000542 seconds
2017-11-26T20:53:42.351+0100: 35.809: Total time for which application threads were stopped: 0.0002436 seconds, Stopping threads took: 0.0000516 seconds
2017-11-26T20:53:42.526+0100: 35.984: Total time for which application threads were stopped: 0.0007858 seconds, Stopping threads took: 0.0000333 seconds
2017-11-26T20:53:42.569+0100: 36.026: Total time for which application threads were stopped: 0.0002644 seconds, Stopping threads took: 0.0001427 seconds
2017-11-26T20:53:42.570+0100: 36.028: Total time for which application threads were stopped: 0.0001507 seconds, Stopping threads took: 0.0000853 seconds
2017-11-26T20:53:42.571+0100: 36.028: Total time for which application threads were stopped: 0.0000489 seconds, Stopping threads took: 0.0000142 seconds
2017-11-26T20:53:42.571+0100: 36.028: Total time for which application threads were stopped: 0.0000560 seconds, Stopping threads took: 0.0000124 seconds
2017-11-26T20:53:42.571+0100: 36.029: Total time for which application threads were stopped: 0.0000613 seconds, Stopping threads took: 0.0000120 seconds
2017-11-26T20:53:42.667+0100: 36.124: Total time for which application threads were stopped: 0.0000813 seconds, Stopping threads took: 0.0000196 seconds
2017-11-26T20:53:42.727+0100: 36.185: Total time for which application threads were stopped: 0.0002013 seconds, Stopping threads took: 0.0001111 seconds
2017-11-26T20:53:42.752+0100: 36.210: Total time for which application threads were stopped: 0.0002609 seconds, Stopping threads took: 0.0001458 seconds
2017-11-26T20:53:42.770+0100: 36.227: Total time for which application threads were stopped: 0.0002160 seconds, Stopping threads took: 0.0000333 seconds
2017-11-26T20:53:42.772+0100: 36.230: Total time for which application threads were stopped: 0.0002378 seconds, Stopping threads took: 0.0001124 seconds
{Heap before GC invocations=7 (full 1):
 par new generation   total 109248K, used 107768K [0x00000000e0000000, 0x00000000e8000000, 0x00000000e8000000)
  eden space 87424K, 100% used [0x00000000e0000000, 0x00000000e5560000, 0x00000000e5560000)
  from space 21824K,  93% used [0x00000000e6ab0000, 0x00000000e7e8e180, 0x00000000e8000000)
  to   space 21824K,   0% used [0x00000000e5560000, 0x00000000e5560000, 0x00000000e6ab0000)
 concurrent mark-sweep generation total 393216K, used 0K [0x00000000e8000000, 0x0000000100000000, 0x0000000100000000)
 Metaspace       used 32433K, capacity 33326K, committed 33508K, reserved 1079296K
  class space    used 4008K, capacity 4241K, committed 4324K, reserved 1048576K
2017-11-26T20:53:43.054+0100: 36.512: [GC (Allocation Failure) 2017-11-26T20:53:43.054+0100: 36.512: [ParNew
Desired survivor size 20112992 bytes, new threshold 8 (max 8)
- age   1:    8165768 bytes,    8165768 total
- age   2:    1856920 bytes,   10022688 total
- age   3:     114216 bytes,   10136904 total
- age   4:     103952 bytes,   10240856 total
- age   5:     530624 bytes,   10771480 total
- age   6:     124272 bytes,   10895752 total
- age   7:    4347304 bytes,   15243056 total
- age   8:    4342528 bytes,   19585584 total
: 107768K->21824K(109248K), 0.0190853 secs] 107768K->21970K(502464K), 0.0191982 secs] [Times: user=0.06 sys=0.00, real=0.02 secs] 
Heap after GC invocations=8 (full 1):
 par new generation   total 109248K, used 21824K [0x00000000e0000000, 0x00000000e8000000, 0x00000000e8000000)
  eden space 87424K,   0% used [0x00000000e0000000, 0x00000000e0000000, 0x00000000e5560000)
  from space 21824K, 100% used [0x00000000e5560000, 0x00000000e6ab0000, 0x00000000e6ab0000)
  to   space 21824K,   0% used [0x00000000e6ab0000, 0x00000000e6ab0000, 0x00000000e8000000)
 concurrent mark-sweep generation total 393216K, used 146K [0x00000000e8000000, 0x0000000100000000, 0x0000000100000000)
 Metaspace       used 32433K, capacity 33326K, committed 33508K, reserved 1079296K
  class space    used 4008K, capacity 4241K, committed 4324K, reserved 1048576K
}
2017-11-26T20:53:43.074+0100: 36.531: Total time for which application threads were stopped: 0.0194413 seconds, Stopping threads took: 0.0000244 seconds
2017-11-26T20:53:43.074+0100: 36.532: Total time for which application threads were stopped: 0.0000813 seconds, Stopping threads took: 0.0000147 seconds
2017-11-26T20:53:43.074+0100: 36.532: Total time for which application threads were stopped: 0.0000622 seconds, Stopping threads took: 0.0000111 seconds
2017-11-26T20:53:43.074+0100: 36.532: Total time for which application threads were stopped: 0.0000573 seconds, Stopping threads took: 0.0000089 seconds
2017-11-26T20:53:43.486+0100: 36.944: Total time for which application threads were stopped: 0.0004067 seconds, Stopping threads took: 0.0001040 seconds
2017-11-26T20:53:43.487+0100: 36.945: Total time for which application threads were stopped: 0.0001391 seconds, Stopping threads took: 0.0000436 seconds
2017-11-26T20:53:43.591+0100: 37.049: Total time for which application threads were stopped: 0.0003360 seconds, Stopping threads took: 0.0002058 seconds
2017-11-26T20:53:43.593+0100: 37.051: Total time for which application threads were stopped: 0.0003818 seconds, Stopping threads took: 0.0002849 seconds
2017-11-26T20:53:43.594+0100: 37.052: Total time for which application threads were stopped: 0.0001716 seconds, Stopping threads took: 0.0000542 seconds
2017-11-26T20:53:43.594+0100: 37.052: Total time for which application threads were stopped: 0.0002787 seconds, Stopping threads took: 0.0001813 seconds
2017-11-26T20:53:43.595+0100: 37.053: Total time for which application threads were stopped: 0.0000964 seconds, Stopping threads took: 0.0000289 seconds
2017-11-26T20:53:43.641+0100: 37.099: Total time for which application threads were stopped: 0.0003133 seconds, Stopping threads took: 0.0002053 seconds
2017-11-26T20:53:43.984+0100: 37.442: Total time for which application threads were stopped: 0.0002102 seconds, Stopping threads took: 0.0001089 seconds
2017-11-26T20:53:43.992+0100: 37.450: Total time for which application threads were stopped: 0.0003276 seconds, Stopping threads took: 0.0002231 seconds
2017-11-26T20:53:44.352+0100: 37.810: Total time for which application threads were stopped: 0.0000929 seconds, Stopping threads took: 0.0000151 seconds
2017-11-26T20:53:44.465+0100: 37.923: Total time for which application threads were stopped: 0.0002080 seconds, Stopping threads took: 0.0000924 seconds
2017-11-26T20:53:44.473+0100: 37.931: Total time for which application threads were stopped: 0.0002329 seconds, Stopping threads took: 0.0001427 seconds
2017-11-26T20:53:44.474+0100: 37.932: Total time for which application threads were stopped: 0.0001751 seconds, Stopping threads took: 0.0000911 seconds
2017-11-26T20:53:44.493+0100: 37.951: Total time for which application threads were stopped: 0.0145440 seconds, Stopping threads took: 0.0143978 seconds
2017-11-26T20:53:44.493+0100: 37.951: Total time for which application threads were stopped: 0.0002480 seconds, Stopping threads took: 0.0001747 seconds
2017-11-26T20:53:44.624+0100: 38.082: Total time for which application threads were stopped: 0.0241462 seconds, Stopping threads took: 0.0240053 seconds
2017-11-26T20:53:44.624+0100: 38.082: Total time for which application threads were stopped: 0.0000929 seconds, Stopping threads took: 0.0000564 seconds
2017-11-26T20:53:44.624+0100: 38.083: Total time for which application threads were stopped: 0.0003449 seconds, Stopping threads took: 0.0002249 seconds
2017-11-26T20:53:44.624+0100: 38.083: Total time for which application threads were stopped: 0.0000733 seconds, Stopping threads took: 0.0000267 seconds
2017-11-26T20:53:44.629+0100: 38.087: Total time for which application threads were stopped: 0.0001773 seconds, Stopping threads took: 0.0000600 seconds
2017-11-26T20:53:44.654+0100: 38.113: Total time for which application threads were stopped: 0.0001098 seconds, Stopping threads took: 0.0000293 seconds
2017-11-26T20:53:44.655+0100: 38.113: Total time for which application threads were stopped: 0.0000889 seconds, Stopping threads took: 0.0000258 seconds
2017-11-26T20:53:44.655+0100: 38.113: Total time for which application threads were stopped: 0.0001733 seconds, Stopping threads took: 0.0000116 seconds
2017-11-26T20:53:44.655+0100: 38.113: Total time for which application threads were stopped: 0.0000884 seconds, Stopping threads took: 0.0000116 seconds
2017-11-26T20:53:44.854+0100: 38.312: Total time for which application threads were stopped: 0.0002884 seconds, Stopping threads took: 0.0001476 seconds
2017-11-26T20:53:44.906+0100: 38.363: Total time for which application threads were stopped: 0.0296911 seconds, Stopping threads took: 0.0296018 seconds
2017-11-26T20:53:45.906+0100: 39.364: Total time for which application threads were stopped: 0.0002200 seconds, Stopping threads took: 0.0000529 seconds
2017-11-26T20:53:46.907+0100: 40.364: Total time for which application threads were stopped: 0.0002191 seconds, Stopping threads took: 0.0000449 seconds
2017-11-26T20:53:47.907+0100: 41.364: Total time for which application threads were stopped: 0.0000809 seconds, Stopping threads took: 0.0000231 seconds
{Heap before GC invocations=8 (full 1):
 par new generation   total 109248K, used 109248K [0x00000000e0000000, 0x00000000e8000000, 0x00000000e8000000)
  eden space 87424K, 100% used [0x00000000e0000000, 0x00000000e5560000, 0x00000000e5560000)
  from space 21824K, 100% used [0x00000000e5560000, 0x00000000e6ab0000, 0x00000000e6ab0000)
  to   space 21824K,   0% used [0x00000000e6ab0000, 0x00000000e6ab0000, 0x00000000e8000000)
 concurrent mark-sweep generation total 393216K, used 146K [0x00000000e8000000, 0x0000000100000000, 0x0000000100000000)
 Metaspace       used 34842K, capacity 35826K, committed 36196K, reserved 1081344K
  class space    used 4338K, capacity 4601K, committed 4708K, reserved 1048576K
2017-11-26T20:53:48.209+0100: 41.667: [GC (Allocation Failure) 2017-11-26T20:53:48.209+0100: 41.667: [ParNew
Desired survivor size 20112992 bytes, new threshold 8 (max 8)
- age   1:    6865072 bytes,    6865072 total
- age   2:    5455720 bytes,   12320792 total
- age   3:    1823984 bytes,   14144776 total
- age   4:     112016 bytes,   14256792 total
- age   5:     103192 bytes,   14359984 total
- age   6:     490376 bytes,   14850360 total
- age   7:     120056 bytes,   14970416 total
- age   8:    4210448 bytes,   19180864 total
: 109248K->21824K(109248K), 0.0312231 secs] 109394K->27414K(502464K), 0.0313871 secs] [Times: user=0.08 sys=0.00, real=0.03 secs] 
Heap after GC invocations=9 (full 1):
 par new generation   total 109248K, used 21824K [0x00000000e0000000, 0x00000000e8000000, 0x00000000e8000000)
  eden space 87424K,   0% used [0x00000000e0000000, 0x00000000e0000000, 0x00000000e5560000)
  from space 21824K, 100% used [0x00000000e6ab0000, 0x00000000e8000000, 0x00000000e8000000)
  to   space 21824K,   0% used [0x00000000e5560000, 0x00000000e5560000, 0x00000000e6ab0000)
 concurrent mark-sweep generation total 393216K, used 5590K [0x00000000e8000000, 0x0000000100000000, 0x0000000100000000)
 Metaspace       used 34842K, capacity 35826K, committed 36196K, reserved 1081344K
  class space    used 4338K, capacity 4601K, committed 4708K, reserved 1048576K
}
2017-11-26T20:53:48.240+0100: 41.698: Total time for which application threads were stopped: 0.0315889 seconds, Stopping threads took: 0.0000209 seconds
2017-11-26T20:53:48.241+0100: 41.699: Total time for which application threads were stopped: 0.0001982 seconds, Stopping threads took: 0.0000622 seconds
2017-11-26T20:53:48.241+0100: 41.699: Total time for which application threads were stopped: 0.0001302 seconds, Stopping threads took: 0.0000524 seconds
2017-11-26T20:53:48.241+0100: 41.699: Total time for which application threads were stopped: 0.0000542 seconds, Stopping threads took: 0.0000178 seconds
2017-11-26T20:53:48.241+0100: 41.699: Total time for which application threads were stopped: 0.0000978 seconds, Stopping threads took: 0.0000582 seconds
2017-11-26T20:53:48.241+0100: 41.699: Total time for which application threads were stopped: 0.0000742 seconds, Stopping threads took: 0.0000533 seconds
2017-11-26T20:53:48.241+0100: 41.700: Total time for which application threads were stopped: 0.0001880 seconds, Stopping threads took: 0.0000191 seconds
2017-11-26T20:53:48.296+0100: 41.754: Total time for which application threads were stopped: 0.0002316 seconds, Stopping threads took: 0.0001093 seconds
2017-11-26T20:53:49.297+0100: 42.755: Total time for which application threads were stopped: 0.0000893 seconds, Stopping threads took: 0.0000204 seconds
2017-11-26T20:53:50.299+0100: 43.756: Total time for which application threads were stopped: 0.0005462 seconds, Stopping threads took: 0.0001991 seconds
2017-11-26T21:02:12.508+0100: 545.966: Total time for which application threads were stopped: 0.0001267 seconds, Stopping threads took: 0.0000418 seconds
2017-11-26T21:02:20.513+0100: 553.970: Total time for which application threads were stopped: 0.0001276 seconds, Stopping threads took: 0.0000267 seconds
2017-11-26T21:02:43.525+0100: 576.983: Total time for which application threads were stopped: 0.0001533 seconds, Stopping threads took: 0.0000591 seconds
{Heap before GC invocations=9 (full 1):
 par new generation   total 109248K, used 109248K [0x00000000e0000000, 0x00000000e8000000, 0x00000000e8000000)
  eden space 87424K, 100% used [0x00000000e0000000, 0x00000000e5560000, 0x00000000e5560000)
  from space 21824K, 100% used [0x00000000e6ab0000, 0x00000000e8000000, 0x00000000e8000000)
  to   space 21824K,   0% used [0x00000000e5560000, 0x00000000e5560000, 0x00000000e6ab0000)
 concurrent mark-sweep generation total 393216K, used 5590K [0x00000000e8000000, 0x0000000100000000, 0x0000000100000000)
 Metaspace       used 34953K, capacity 36056K, committed 36196K, reserved 1081344K
  class space    used 4345K, capacity 4634K, committed 4708K, reserved 1048576K
2017-11-26T21:02:47.519+0100: 580.976: [GC (Allocation Failure) 2017-11-26T21:02:47.519+0100: 580.976: [ParNew
Desired survivor size 20112992 bytes, new threshold 8 (max 8)
- age   1:    1321040 bytes,    1321040 total
- age   2:    6400496 bytes,    7721536 total
- age   3:    5323560 bytes,   13045096 total
- age   4:    1823960 bytes,   14869056 total
- age   5:     112120 bytes,   14981176 total
- age   6:     103192 bytes,   15084368 total
- age   7:     490352 bytes,   15574720 total
- age   8:     119448 bytes,   15694168 total
: 109248K->21824K(109248K), 0.0552542 secs] 114838K->31704K(502464K), 0.0554306 secs] [Times: user=0.03 sys=0.00, real=0.05 secs] 
Heap after GC invocations=10 (full 1):
 par new generation   total 109248K, used 21824K [0x00000000e0000000, 0x00000000e8000000, 0x00000000e8000000)
  eden space 87424K,   0% used [0x00000000e0000000, 0x00000000e0000000, 0x00000000e5560000)
  from space 21824K, 100% used [0x00000000e5560000, 0x00000000e6ab0000, 0x00000000e6ab0000)
  to   space 21824K,   0% used [0x00000000e6ab0000, 0x00000000e6ab0000, 0x00000000e8000000)
 concurrent mark-sweep generation total 393216K, used 9880K [0x00000000e8000000, 0x0000000100000000, 0x0000000100000000)
 Metaspace       used 34953K, capacity 36056K, committed 36196K, reserved 1081344K
  class space    used 4345K, capacity 4634K, committed 4708K, reserved 1048576K
}
2017-11-26T21:02:47.574+0100: 581.032: Total time for which application threads were stopped: 0.0557155 seconds, Stopping threads took: 0.0000280 seconds
2017-11-26T21:02:47.695+0100: 581.153: Total time for which application threads were stopped: 0.0000764 seconds, Stopping threads took: 0.0000218 seconds
2017-11-26T21:02:49.696+0100: 583.154: Total time for which application threads were stopped: 0.0001356 seconds, Stopping threads took: 0.0000342 seconds
2017-11-26T21:02:56.985+0100: 590.443: Total time for which application threads were stopped: 0.0001231 seconds, Stopping threads took: 0.0000311 seconds
2017-11-26T21:02:56.986+0100: 590.444: Total time for which application threads were stopped: 0.0001080 seconds, Stopping threads took: 0.0000253 seconds
{Heap before GC invocations=10 (full 1):
 par new generation   total 109248K, used 109248K [0x00000000e0000000, 0x00000000e8000000, 0x00000000e8000000)
  eden space 87424K, 100% used [0x00000000e0000000, 0x00000000e5560000, 0x00000000e5560000)
  from space 21824K, 100% used [0x00000000e5560000, 0x00000000e6ab0000, 0x00000000e6ab0000)
  to   space 21824K,   0% used [0x00000000e6ab0000, 0x00000000e6ab0000, 0x00000000e8000000)
 concurrent mark-sweep generation total 393216K, used 9880K [0x00000000e8000000, 0x0000000100000000, 0x0000000100000000)
 Metaspace       used 35010K, capacity 36120K, committed 36452K, reserved 1081344K
  class space    used 4345K, capacity 4634K, committed 4708K, reserved 1048576K
2017-11-26T21:02:57.875+0100: 591.333: [GC (Allocation Failure) 2017-11-26T21:02:57.875+0100: 591.333: [ParNew
Desired survivor size 20112992 bytes, new threshold 8 (max 8)
- age   1:     310416 bytes,     310416 total
- age   2:      96952 bytes,     407368 total
- age   3:    6388104 bytes,    6795472 total
- age   4:    5294480 bytes,   12089952 total
- age   5:    1779288 bytes,   13869240 total
- age   6:     104600 bytes,   13973840 total
- age   7:      96072 bytes,   14069912 total
- age   8:     417280 bytes,   14487192 total
: 109248K->16060K(109248K), 0.0224071 secs] 119128K->26061K(502464K), 0.0225742 secs] [Times: user=0.06 sys=0.00, real=0.02 secs] 
Heap after GC invocations=11 (full 1):
 par new generation   total 109248K, used 16060K [0x00000000e0000000, 0x00000000e8000000, 0x00000000e8000000)
  eden space 87424K,   0% used [0x00000000e0000000, 0x00000000e0000000, 0x00000000e5560000)
  from space 21824K,  73% used [0x00000000e6ab0000, 0x00000000e7a5f390, 0x00000000e8000000)
  to   space 21824K,   0% used [0x00000000e5560000, 0x00000000e5560000, 0x00000000e6ab0000)
 concurrent mark-sweep generation total 393216K, used 10000K [0x00000000e8000000, 0x0000000100000000, 0x0000000100000000)
 Metaspace       used 35010K, capacity 36120K, committed 36452K, reserved 1081344K
  class space    used 4345K, capacity 4634K, committed 4708K, reserved 1048576K
}
2017-11-26T21:02:57.897+0100: 591.355: Total time for which application threads were stopped: 0.0229058 seconds, Stopping threads took: 0.0000396 seconds
2017-11-26T21:02:58.897+0100: 592.355: Total time for which application threads were stopped: 0.0000702 seconds, Stopping threads took: 0.0000218 seconds
{Heap before GC invocations=11 (full 1):
 par new generation   total 109248K, used 103484K [0x00000000e0000000, 0x00000000e8000000, 0x00000000e8000000)
  eden space 87424K, 100% used [0x00000000e0000000, 0x00000000e5560000, 0x00000000e5560000)
  from space 21824K,  73% used [0x00000000e6ab0000, 0x00000000e7a5f390, 0x00000000e8000000)
  to   space 21824K,   0% used [0x00000000e5560000, 0x00000000e5560000, 0x00000000e6ab0000)
 concurrent mark-sweep generation total 393216K, used 10000K [0x00000000e8000000, 0x0000000100000000, 0x0000000100000000)
 Metaspace       used 35030K, capacity 36120K, committed 36452K, reserved 1081344K
  class space    used 4345K, capacity 4634K, committed 4708K, reserved 1048576K
2017-11-26T21:03:18.365+0100: 611.822: [GC (Allocation Failure) 2017-11-26T21:03:18.365+0100: 611.822: [ParNew
Desired survivor size 20112992 bytes, new threshold 8 (max 8)
- age   1:    3146352 bytes,    3146352 total
- age   2:      42144 bytes,    3188496 total
- age   3:      96880 bytes,    3285376 total
- age   4:    6387904 bytes,    9673280 total
- age   5:    5294480 bytes,   14967760 total
- age   6:    1779240 bytes,   16747000 total
- age   7:     104600 bytes,   16851600 total
- age   8:      96072 bytes,   16947672 total
: 103484K->18447K(109248K), 0.0116142 secs] 113485K->28863K(502464K), 0.0117053 secs] [Times: user=0.00 sys=0.00, real=0.01 secs] 
Heap after GC invocations=12 (full 1):
 par new generation   total 109248K, used 18447K [0x00000000e0000000, 0x00000000e8000000, 0x00000000e8000000)
  eden space 87424K,   0% used [0x00000000e0000000, 0x00000000e0000000, 0x00000000e5560000)
  from space 21824K,  84% used [0x00000000e5560000, 0x00000000e6763f60, 0x00000000e6ab0000)
  to   space 21824K,   0% used [0x00000000e6ab0000, 0x00000000e6ab0000, 0x00000000e8000000)
 concurrent mark-sweep generation total 393216K, used 10415K [0x00000000e8000000, 0x0000000100000000, 0x0000000100000000)
 Metaspace       used 35030K, capacity 36120K, committed 36452K, reserved 1081344K
  class space    used 4345K, capacity 4634K, committed 4708K, reserved 1048576K
}
2017-11-26T21:03:18.376+0100: 611.834: Total time for which application threads were stopped: 0.0119658 seconds, Stopping threads took: 0.0000462 seconds
2017-11-26T21:03:19.376+0100: 612.834: Total time for which application threads were stopped: 0.0001258 seconds, Stopping threads took: 0.0000444 seconds
2017-11-26T21:03:23.377+0100: 616.835: Total time for which application threads were stopped: 0.0000978 seconds, Stopping threads took: 0.0000196 seconds
2017-11-26T21:03:24.378+0100: 617.835: Total time for which application threads were stopped: 0.0000827 seconds, Stopping threads took: 0.0000200 seconds
2017-11-26T21:03:30.381+0100: 623.839: Total time for which application threads were stopped: 0.0001364 seconds, Stopping threads took: 0.0000578 seconds
2017-11-26T21:03:31.381+0100: 624.839: Total time for which application threads were stopped: 0.0002338 seconds, Stopping threads took: 0.0001164 seconds
{Heap before GC invocations=12 (full 1):
 par new generation   total 109248K, used 105871K [0x00000000e0000000, 0x00000000e8000000, 0x00000000e8000000)
  eden space 87424K, 100% used [0x00000000e0000000, 0x00000000e5560000, 0x00000000e5560000)
  from space 21824K,  84% used [0x00000000e5560000, 0x00000000e6763f60, 0x00000000e6ab0000)
  to   space 21824K,   0% used [0x00000000e6ab0000, 0x00000000e6ab0000, 0x00000000e8000000)
 concurrent mark-sweep generation total 393216K, used 10415K [0x00000000e8000000, 0x0000000100000000, 0x0000000100000000)
 Metaspace       used 35106K, capacity 36188K, committed 36452K, reserved 1081344K
  class space    used 4345K, capacity 4634K, committed 4708K, reserved 1048576K
2017-11-26T21:03:32.339+0100: 625.797: [GC (Allocation Failure) 2017-11-26T21:03:32.339+0100: 625.797: [ParNew
Desired survivor size 20112992 bytes, new threshold 8 (max 8)
- age   1:    1526056 bytes,    1526056 total
- age   2:       3680 bytes,    1529736 total
- age   3:      41048 bytes,    1570784 total
- age   4:      96760 bytes,    1667544 total
- age   5:    6387880 bytes,    8055424 total
- age   6:    5294480 bytes,   13349904 total
- age   7:    1779240 bytes,   15129144 total
- age   8:     104600 bytes,   15233744 total
: 105871K->18405K(109248K), 0.0088907 secs] 116287K->28918K(502464K), 0.0089982 secs] [Times: user=0.06 sys=0.00, real=0.01 secs] 
Heap after GC invocations=13 (full 1):
 par new generation   total 109248K, used 18405K [0x00000000e0000000, 0x00000000e8000000, 0x00000000e8000000)
  eden space 87424K,   0% used [0x00000000e0000000, 0x00000000e0000000, 0x00000000e5560000)
  from space 21824K,  84% used [0x00000000e6ab0000, 0x00000000e7ca97b0, 0x00000000e8000000)
  to   space 21824K,   0% used [0x00000000e5560000, 0x00000000e5560000, 0x00000000e6ab0000)
 concurrent mark-sweep generation total 393216K, used 10512K [0x00000000e8000000, 0x0000000100000000, 0x0000000100000000)
 Metaspace       used 35106K, capacity 36188K, committed 36452K, reserved 1081344K
  class space    used 4345K, capacity 4634K, committed 4708K, reserved 1048576K
}
2017-11-26T21:03:32.348+0100: 625.806: Total time for which application threads were stopped: 0.0092129 seconds, Stopping threads took: 0.0000222 seconds
2017-11-26T21:03:33.348+0100: 626.806: Total time for which application threads were stopped: 0.0000933 seconds, Stopping threads took: 0.0000253 seconds
2017-11-26T21:03:35.350+0100: 628.808: Total time for which application threads were stopped: 0.0000702 seconds, Stopping threads took: 0.0000213 seconds
2017-11-26T21:03:36.350+0100: 629.808: Total time for which application threads were stopped: 0.0000822 seconds, Stopping threads took: 0.0000382 seconds
2017-11-26T21:03:37.351+0100: 630.808: Total time for which application threads were stopped: 0.0001102 seconds, Stopping threads took: 0.0000356 seconds
2017-11-26T21:03:38.351+0100: 631.809: Total time for which application threads were stopped: 0.0001551 seconds, Stopping threads took: 0.0000516 seconds
{Heap before GC invocations=13 (full 1):
 par new generation   total 109248K, used 105829K [0x00000000e0000000, 0x00000000e8000000, 0x00000000e8000000)
  eden space 87424K, 100% used [0x00000000e0000000, 0x00000000e5560000, 0x00000000e5560000)
  from space 21824K,  84% used [0x00000000e6ab0000, 0x00000000e7ca97b0, 0x00000000e8000000)
  to   space 21824K,   0% used [0x00000000e5560000, 0x00000000e5560000, 0x00000000e6ab0000)
 concurrent mark-sweep generation total 393216K, used 10512K [0x00000000e8000000, 0x0000000100000000, 0x0000000100000000)
 Metaspace       used 35166K, capacity 36252K, committed 36452K, reserved 1081344K
  class space    used 4345K, capacity 4634K, committed 4708K, reserved 1048576K
2017-11-26T21:03:51.850+0100: 645.308: [GC (Allocation Failure) 2017-11-26T21:03:51.850+0100: 645.308: [ParNew
Desired survivor size 20112992 bytes, new threshold 8 (max 8)
- age   1:    1557864 bytes,    1557864 total
- age   2:      33768 bytes,    1591632 total
- age   3:       3488 bytes,    1595120 total
- age   4:      41016 bytes,    1636136 total
- age   5:      96760 bytes,    1732896 total
- age   6:    6387856 bytes,    8120752 total
- age   7:    5294480 bytes,   13415232 total
- age   8:    1779240 bytes,   15194472 total
: 105829K->18290K(109248K), 0.0100902 secs] 116342K->28907K(502464K), 0.0102862 secs] [Times: user=0.02 sys=0.00, real=0.01 secs] 
Heap after GC invocations=14 (full 1):
 par new generation   total 109248K, used 18290K [0x00000000e0000000, 0x00000000e8000000, 0x00000000e8000000)
  eden space 87424K,   0% used [0x00000000e0000000, 0x00000000e0000000, 0x00000000e5560000)
  from space 21824K,  83% used [0x00000000e5560000, 0x00000000e673cad0, 0x00000000e6ab0000)
  to   space 21824K,   0% used [0x00000000e6ab0000, 0x00000000e6ab0000, 0x00000000e8000000)
 concurrent mark-sweep generation total 393216K, used 10616K [0x00000000e8000000, 0x0000000100000000, 0x0000000100000000)
 Metaspace       used 35166K, capacity 36252K, committed 36452K, reserved 1081344K
  class space    used 4345K, capacity 4634K, committed 4708K, reserved 1048576K
}
2017-11-26T21:03:51.860+0100: 645.318: Total time for which application threads were stopped: 0.0105969 seconds, Stopping threads took: 0.0000467 seconds
2017-11-26T21:04:12.869+0100: 666.327: Total time for which application threads were stopped: 0.0001053 seconds, Stopping threads took: 0.0000556 seconds
2017-11-26T21:04:20.873+0100: 674.331: Total time for which application threads were stopped: 0.0002849 seconds, Stopping threads took: 0.0000929 seconds
2017-11-26T21:05:03.897+0100: 717.355: Total time for which application threads were stopped: 0.0001396 seconds, Stopping threads took: 0.0000493 seconds
{Heap before GC invocations=14 (full 1):
 par new generation   total 109248K, used 105714K [0x00000000e0000000, 0x00000000e8000000, 0x00000000e8000000)
  eden space 87424K, 100% used [0x00000000e0000000, 0x00000000e5560000, 0x00000000e5560000)
  from space 21824K,  83% used [0x00000000e5560000, 0x00000000e673cad0, 0x00000000e6ab0000)
  to   space 21824K,   0% used [0x00000000e6ab0000, 0x00000000e6ab0000, 0x00000000e8000000)
 concurrent mark-sweep generation total 393216K, used 10616K [0x00000000e8000000, 0x0000000100000000, 0x0000000100000000)
 Metaspace       used 35183K, capacity 36316K, committed 36452K, reserved 1081344K
  class space    used 4345K, capacity 4634K, committed 4708K, reserved 1048576K
2017-11-26T21:05:08.450+0100: 721.908: [GC (Allocation Failure) 2017-11-26T21:05:08.450+0100: 721.908: [ParNew
Desired survivor size 20112992 bytes, new threshold 8 (max 8)
- age   1:     685696 bytes,     685696 total
- age   2:      31736 bytes,     717432 total
- age   3:      33680 bytes,     751112 total
- age   4:       3408 bytes,     754520 total
- age   5:      41016 bytes,     795536 total
- age   6:      96472 bytes,     892008 total
- age   7:    6387824 bytes,    7279832 total
- age   8:    5294480 bytes,   12574312 total
: 105714K->15004K(109248K), 0.0118018 secs] 116331K->27382K(502464K), 0.0118960 secs] [Times: user=0.06 sys=0.00, real=0.01 secs] 
Heap after GC invocations=15 (full 1):
 par new generation   total 109248K, used 15004K [0x00000000e0000000, 0x00000000e8000000, 0x00000000e8000000)
  eden space 87424K,   0% used [0x00000000e0000000, 0x00000000e0000000, 0x00000000e5560000)
  from space 21824K,  68% used [0x00000000e6ab0000, 0x00000000e7957220, 0x00000000e8000000)
  to   space 21824K,   0% used [0x00000000e5560000, 0x00000000e5560000, 0x00000000e6ab0000)
 concurrent mark-sweep generation total 393216K, used 12377K [0x00000000e8000000, 0x0000000100000000, 0x0000000100000000)
 Metaspace       used 35183K, capacity 36316K, committed 36452K, reserved 1081344K
  class space    used 4345K, capacity 4634K, committed 4708K, reserved 1048576K
}
2017-11-26T21:05:08.462+0100: 721.920: Total time for which application threads were stopped: 0.0121044 seconds, Stopping threads took: 0.0000333 seconds
2017-11-26T21:05:09.463+0100: 722.921: Total time for which application threads were stopped: 0.0003573 seconds, Stopping threads took: 0.0000427 seconds
2017-11-26T21:05:14.466+0100: 727.924: Total time for which application threads were stopped: 0.0000751 seconds, Stopping threads took: 0.0000316 seconds
2017-11-26T21:05:29.475+0100: 742.932: Total time for which application threads were stopped: 0.0001516 seconds, Stopping threads took: 0.0000596 seconds
2017-11-26T21:05:33.477+0100: 746.935: Total time for which application threads were stopped: 0.0001773 seconds, Stopping threads took: 0.0000453 seconds
2017-11-26T21:05:34.477+0100: 747.935: Total time for which application threads were stopped: 0.0001756 seconds, Stopping threads took: 0.0000467 seconds
2017-11-26T21:05:36.478+0100: 749.936: Total time for which application threads were stopped: 0.0001538 seconds, Stopping threads took: 0.0000524 seconds
{Heap before GC invocations=15 (full 1):
 par new generation   total 109248K, used 102428K [0x00000000e0000000, 0x00000000e8000000, 0x00000000e8000000)
  eden space 87424K, 100% used [0x00000000e0000000, 0x00000000e5560000, 0x00000000e5560000)
  from space 21824K,  68% used [0x00000000e6ab0000, 0x00000000e7957220, 0x00000000e8000000)
  to   space 21824K,   0% used [0x00000000e5560000, 0x00000000e5560000, 0x00000000e6ab0000)
 concurrent mark-sweep generation total 393216K, used 12377K [0x00000000e8000000, 0x0000000100000000, 0x0000000100000000)
 Metaspace       used 35233K, capacity 36316K, committed 36452K, reserved 1081344K
  class space    used 4345K, capacity 4634K, committed 4708K, reserved 1048576K
2017-11-26T21:05:37.331+0100: 750.788: [GC (Allocation Failure) 2017-11-26T21:05:37.331+0100: 750.788: [ParNew
Desired survivor size 20112992 bytes, new threshold 8 (max 8)
- age   1:      51304 bytes,      51304 total
- age   2:       4184 bytes,      55488 total
- age   3:      30664 bytes,      86152 total
- age   4:      33528 bytes,     119680 total
- age   5:       3408 bytes,     123088 total
- age   6:      40448 bytes,     163536 total
- age   7:      67752 bytes,     231288 total
- age   8:    6387784 bytes,    6619072 total
: 102428K->9732K(109248K), 0.0149778 secs] 114806K->27974K(502464K), 0.0150649 secs] [Times: user=0.02 sys=0.00, real=0.01 secs] 
Heap after GC invocations=16 (full 1):
 par new generation   total 109248K, used 9732K [0x00000000e0000000, 0x00000000e8000000, 0x00000000e8000000)
  eden space 87424K,   0% used [0x00000000e0000000, 0x00000000e0000000, 0x00000000e5560000)
  from space 21824K,  44% used [0x00000000e5560000, 0x00000000e5ee1228, 0x00000000e6ab0000)
  to   space 21824K,   0% used [0x00000000e6ab0000, 0x00000000e6ab0000, 0x00000000e8000000)
 concurrent mark-sweep generation total 393216K, used 18241K [0x00000000e8000000, 0x0000000100000000, 0x0000000100000000)
 Metaspace       used 35233K, capacity 36316K, committed 36452K, reserved 1081344K
  class space    used 4345K, capacity 4634K, committed 4708K, reserved 1048576K
}
2017-11-26T21:05:37.346+0100: 750.803: Total time for which application threads were stopped: 0.0152822 seconds, Stopping threads took: 0.0000253 seconds
2017-11-26T21:05:46.886+0100: 760.343: Total time for which application threads were stopped: 0.0000858 seconds, Stopping threads took: 0.0000196 seconds
2017-11-26T21:05:47.886+0100: 761.343: Total time for which application threads were stopped: 0.0001462 seconds, Stopping threads took: 0.0000378 seconds
2017-11-26T21:05:50.887+0100: 764.345: Total time for which application threads were stopped: 0.0001693 seconds, Stopping threads took: 0.0000613 seconds
2017-11-26T21:05:56.889+0100: 770.347: Total time for which application threads were stopped: 0.0002387 seconds, Stopping threads took: 0.0001116 seconds
2017-11-26T21:05:57.890+0100: 771.348: Total time for which application threads were stopped: 0.0001507 seconds, Stopping threads took: 0.0000422 seconds
2017-11-26T21:06:02.893+0100: 776.351: Total time for which application threads were stopped: 0.0000853 seconds, Stopping threads took: 0.0000178 seconds
2017-11-26T21:06:03.893+0100: 777.351: Total time for which application threads were stopped: 0.0001511 seconds, Stopping threads took: 0.0000431 seconds
2017-11-26T21:06:04.894+0100: 778.352: Total time for which application threads were stopped: 0.0001698 seconds, Stopping threads took: 0.0000431 seconds
2017-11-26T21:06:09.897+0100: 783.354: Total time for which application threads were stopped: 0.0000658 seconds, Stopping threads took: 0.0000209 seconds
2017-11-26T21:06:10.898+0100: 784.355: Total time for which application threads were stopped: 0.0001093 seconds, Stopping threads took: 0.0000400 seconds
2017-11-26T21:06:16.902+0100: 790.359: Total time for which application threads were stopped: 0.0001076 seconds, Stopping threads took: 0.0000187 seconds
{Heap before GC invocations=16 (full 1):
 par new generation   total 109248K, used 97156K [0x00000000e0000000, 0x00000000e8000000, 0x00000000e8000000)
  eden space 87424K, 100% used [0x00000000e0000000, 0x00000000e5560000, 0x00000000e5560000)
  from space 21824K,  44% used [0x00000000e5560000, 0x00000000e5ee1228, 0x00000000e6ab0000)
  to   space 21824K,   0% used [0x00000000e6ab0000, 0x00000000e6ab0000, 0x00000000e8000000)
 concurrent mark-sweep generation total 393216K, used 18241K [0x00000000e8000000, 0x0000000100000000, 0x0000000100000000)
 Metaspace       used 35492K, capacity 36580K, committed 36708K, reserved 1081344K
  class space    used 4374K, capacity 4638K, committed 4708K, reserved 1048576K
2017-11-26T21:06:17.804+0100: 791.262: [GC (Allocation Failure) 2017-11-26T21:06:17.804+0100: 791.262: [ParNew
Desired survivor size 20112992 bytes, new threshold 8 (max 8)
- age   1:     417352 bytes,     417352 total
- age   2:      17840 bytes,     435192 total
- age   3:       4048 bytes,     439240 total
- age   4:      30488 bytes,     469728 total
- age   5:      32480 bytes,     502208 total
- age   6:       3288 bytes,     505496 total
- age   7:      40448 bytes,     545944 total
- age   8:      67720 bytes,     613664 total
: 97156K->1392K(109248K), 0.0066058 secs] 115398K->23702K(502464K), 0.0067111 secs] [Times: user=0.00 sys=0.00, real=0.01 secs] 
Heap after GC invocations=17 (full 1):
 par new generation   total 109248K, used 1392K [0x00000000e0000000, 0x00000000e8000000, 0x00000000e8000000)
  eden space 87424K,   0% used [0x00000000e0000000, 0x00000000e0000000, 0x00000000e5560000)
  from space 21824K,   6% used [0x00000000e6ab0000, 0x00000000e6c0c380, 0x00000000e8000000)
  to   space 21824K,   0% used [0x00000000e5560000, 0x00000000e5560000, 0x00000000e6ab0000)
 concurrent mark-sweep generation total 393216K, used 22309K [0x00000000e8000000, 0x0000000100000000, 0x0000000100000000)
 Metaspace       used 35492K, capacity 36580K, committed 36708K, reserved 1081344K
  class space    used 4374K, capacity 4638K, committed 4708K, reserved 1048576K
}
2017-11-26T21:06:17.811+0100: 791.269: Total time for which application threads were stopped: 0.0069893 seconds, Stopping threads took: 0.0001102 seconds
2017-11-26T21:06:24.814+0100: 798.272: Total time for which application threads were stopped: 0.0001347 seconds, Stopping threads took: 0.0000431 seconds
2017-11-26T21:07:10.831+0100: 844.288: Total time for which application threads were stopped: 0.0001071 seconds, Stopping threads took: 0.0000298 seconds
2017-11-26T21:07:11.831+0100: 845.289: Total time for which application threads were stopped: 0.0003960 seconds, Stopping threads took: 0.0001062 seconds
2017-11-26T21:07:14.833+0100: 848.290: Total time for which application threads were stopped: 0.0000884 seconds, Stopping threads took: 0.0000342 seconds
{Heap before GC invocations=17 (full 1):
 par new generation   total 109248K, used 88816K [0x00000000e0000000, 0x00000000e8000000, 0x00000000e8000000)
  eden space 87424K, 100% used [0x00000000e0000000, 0x00000000e5560000, 0x00000000e5560000)
  from space 21824K,   6% used [0x00000000e6ab0000, 0x00000000e6c0c380, 0x00000000e8000000)
  to   space 21824K,   0% used [0x00000000e5560000, 0x00000000e5560000, 0x00000000e6ab0000)
 concurrent mark-sweep generation total 393216K, used 22309K [0x00000000e8000000, 0x0000000100000000, 0x0000000100000000)
 Metaspace       used 35561K, capacity 36580K, committed 36708K, reserved 1081344K
  class space    used 4374K, capacity 4638K, committed 4708K, reserved 1048576K
2017-11-26T21:07:15.695+0100: 849.153: [GC (Allocation Failure) 2017-11-26T21:07:15.695+0100: 849.153: [ParNew
Desired survivor size 20112992 bytes, new threshold 8 (max 8)
- age   1:     776568 bytes,     776568 total
- age   2:      50424 bytes,     826992 total
- age   3:      17728 bytes,     844720 total
- age   4:       4048 bytes,     848768 total
- age   5:      30240 bytes,     879008 total
- age   6:      32480 bytes,     911488 total
- age   7:       3288 bytes,     914776 total
- age   8:      40472 bytes,     955248 total
: 88816K->1204K(109248K), 0.0129782 secs] 111126K->23580K(502464K), 0.0131822 secs] [Times: user=0.03 sys=0.00, real=0.01 secs] 
Heap after GC invocations=18 (full 1):
 par new generation   total 109248K, used 1204K [0x00000000e0000000, 0x00000000e8000000, 0x00000000e8000000)
  eden space 87424K,   0% used [0x00000000e0000000, 0x00000000e0000000, 0x00000000e5560000)
  from space 21824K,   5% used [0x00000000e5560000, 0x00000000e568d308, 0x00000000e6ab0000)
  to   space 21824K,   0% used [0x00000000e6ab0000, 0x00000000e6ab0000, 0x00000000e8000000)
 concurrent mark-sweep generation total 393216K, used 22376K [0x00000000e8000000, 0x0000000100000000, 0x0000000100000000)
 Metaspace       used 35561K, capacity 36580K, committed 36708K, reserved 1081344K
  class space    used 4374K, capacity 4638K, committed 4708K, reserved 1048576K
}
2017-11-26T21:07:15.709+0100: 849.166: Total time for which application threads were stopped: 0.0136787 seconds, Stopping threads took: 0.0000409 seconds
2017-11-26T21:07:16.709+0100: 850.167: Total time for which application threads were stopped: 0.0001484 seconds, Stopping threads took: 0.0000369 seconds
2017-11-26T21:07:18.709+0100: 852.167: Total time for which application threads were stopped: 0.0001707 seconds, Stopping threads took: 0.0000453 seconds
2017-11-26T21:07:20.710+0100: 854.168: Total time for which application threads were stopped: 0.0001031 seconds, Stopping threads took: 0.0000298 seconds
2017-11-26T21:07:21.711+0100: 855.169: Total time for which application threads were stopped: 0.0000920 seconds, Stopping threads took: 0.0000244 seconds
2017-11-26T21:07:22.712+0100: 856.170: Total time for which application threads were stopped: 0.0001893 seconds, Stopping threads took: 0.0000467 seconds
2017-11-26T21:07:24.713+0100: 858.171: Total time for which application threads were stopped: 0.0001009 seconds, Stopping threads took: 0.0000547 seconds
2017-11-26T21:07:32.718+0100: 866.176: Total time for which application threads were stopped: 0.0001444 seconds, Stopping threads took: 0.0000373 seconds
2017-11-26T21:07:37.720+0100: 871.177: Total time for which application threads were stopped: 0.0001756 seconds, Stopping threads took: 0.0000578 seconds
2017-11-26T21:07:38.720+0100: 872.178: Total time for which application threads were stopped: 0.0002867 seconds, Stopping threads took: 0.0001067 seconds
2017-11-26T21:07:39.721+0100: 873.178: Total time for which application threads were stopped: 0.0001564 seconds, Stopping threads took: 0.0000569 seconds
{Heap before GC invocations=18 (full 1):
 par new generation   total 109248K, used 88539K [0x00000000e0000000, 0x00000000e8000000, 0x00000000e8000000)
  eden space 87424K,  99% used [0x00000000e0000000, 0x00000000e55499b0, 0x00000000e5560000)
  from space 21824K,   5% used [0x00000000e5560000, 0x00000000e568d308, 0x00000000e6ab0000)
  to   space 21824K,   0% used [0x00000000e6ab0000, 0x00000000e6ab0000, 0x00000000e8000000)
 concurrent mark-sweep generation total 393216K, used 22376K [0x00000000e8000000, 0x0000000100000000, 0x0000000100000000)
 Metaspace       used 35662K, capacity 36712K, committed 36964K, reserved 1081344K
  class space    used 4374K, capacity 4638K, committed 4708K, reserved 1048576K
2017-11-26T21:07:41.066+0100: 874.524: [GC (Allocation Failure) 2017-11-26T21:07:41.066+0100: 874.524: [ParNew
Desired survivor size 20112992 bytes, new threshold 8 (max 8)
- age   1:    1957928 bytes,    1957928 total
- age   2:      32736 bytes,    1990664 total
- age   3:      50240 bytes,    2040904 total
- age   4:      17728 bytes,    2058632 total
- age   5:       4048 bytes,    2062680 total
- age   6:      30240 bytes,    2092920 total
- age   7:      32480 bytes,    2125400 total
- age   8:       3288 bytes,    2128688 total
: 88539K->2296K(109248K), 0.0066369 secs] 110915K->24712K(502464K), 0.0067191 secs] [Times: user=0.00 sys=0.00, real=0.01 secs] 
Heap after GC invocations=19 (full 1):
 par new generation   total 109248K, used 2296K [0x00000000e0000000, 0x00000000e8000000, 0x00000000e8000000)
  eden space 87424K,   0% used [0x00000000e0000000, 0x00000000e0000000, 0x00000000e5560000)
  from space 21824K,  10% used [0x00000000e6ab0000, 0x00000000e6cee2e0, 0x00000000e8000000)
  to   space 21824K,   0% used [0x00000000e5560000, 0x00000000e5560000, 0x00000000e6ab0000)
 concurrent mark-sweep generation total 393216K, used 22415K [0x00000000e8000000, 0x0000000100000000, 0x0000000100000000)
 Metaspace       used 35662K, capacity 36712K, committed 36964K, reserved 1081344K
  class space    used 4374K, capacity 4638K, committed 4708K, reserved 1048576K
}
2017-11-26T21:07:41.072+0100: 874.530: Total time for which application threads were stopped: 0.0068884 seconds, Stopping threads took: 0.0000200 seconds
2017-11-26T21:07:48.076+0100: 881.534: Total time for which application threads were stopped: 0.0001809 seconds, Stopping threads took: 0.0000569 seconds
2017-11-26T21:07:49.077+0100: 882.534: Total time for which application threads were stopped: 0.0001120 seconds, Stopping threads took: 0.0000293 seconds
2017-11-26T21:07:50.077+0100: 883.535: Total time for which application threads were stopped: 0.0001093 seconds, Stopping threads took: 0.0000249 seconds
2017-11-26T21:07:51.077+0100: 884.535: Total time for which application threads were stopped: 0.0001938 seconds, Stopping threads took: 0.0000436 seconds
{Heap before GC invocations=19 (full 1):
 par new generation   total 109248K, used 89720K [0x00000000e0000000, 0x00000000e8000000, 0x00000000e8000000)
  eden space 87424K, 100% used [0x00000000e0000000, 0x00000000e5560000, 0x00000000e5560000)
  from space 21824K,  10% used [0x00000000e6ab0000, 0x00000000e6cee2e0, 0x00000000e8000000)
  to   space 21824K,   0% used [0x00000000e5560000, 0x00000000e5560000, 0x00000000e6ab0000)
 concurrent mark-sweep generation total 393216K, used 22415K [0x00000000e8000000, 0x0000000100000000, 0x0000000100000000)
 Metaspace       used 35696K, capacity 36776K, committed 36964K, reserved 1081344K
  class space    used 4374K, capacity 4638K, committed 4708K, reserved 1048576K
2017-11-26T21:07:54.940+0100: 888.398: [GC (Allocation Failure) 2017-11-26T21:07:54.941+0100: 888.398: [ParNew
Desired survivor size 20112992 bytes, new threshold 8 (max 8)
- age   1:     490600 bytes,     490600 total
- age   2:      58232 bytes,     548832 total
- age   3:      32664 bytes,     581496 total
- age   4:      50096 bytes,     631592 total
- age   5:      17424 bytes,     649016 total
- age   6:       4048 bytes,     653064 total
- age   7:      30240 bytes,     683304 total
- age   8:      32480 bytes,     715784 total
: 89720K->1673K(109248K), 0.0155684 secs] 112136K->24093K(502464K), 0.0157640 secs] [Times: user=0.00 sys=0.00, real=0.02 secs] 
Heap after GC invocations=20 (full 1):
 par new generation   total 109248K, used 1673K [0x00000000e0000000, 0x00000000e8000000, 0x00000000e8000000)
  eden space 87424K,   0% used [0x00000000e0000000, 0x00000000e0000000, 0x00000000e5560000)
  from space 21824K,   7% used [0x00000000e5560000, 0x00000000e57027e0, 0x00000000e6ab0000)
  to   space 21824K,   0% used [0x00000000e6ab0000, 0x00000000e6ab0000, 0x00000000e8000000)
 concurrent mark-sweep generation total 393216K, used 22419K [0x00000000e8000000, 0x0000000100000000, 0x0000000100000000)
 Metaspace       used 35696K, capacity 36776K, committed 36964K, reserved 1081344K
  class space    used 4374K, capacity 4638K, committed 4708K, reserved 1048576K
}
2017-11-26T21:07:54.956+0100: 888.414: Total time for which application threads were stopped: 0.0162382 seconds, Stopping threads took: 0.0000551 seconds
2017-11-26T21:08:08.962+0100: 902.420: Total time for which application threads were stopped: 0.0001120 seconds, Stopping threads took: 0.0000436 seconds
{Heap before GC invocations=20 (full 1):
 par new generation   total 109248K, used 89097K [0x00000000e0000000, 0x00000000e8000000, 0x00000000e8000000)
  eden space 87424K, 100% used [0x00000000e0000000, 0x00000000e5560000, 0x00000000e5560000)
  from space 21824K,   7% used [0x00000000e5560000, 0x00000000e57027e0, 0x00000000e6ab0000)
  to   space 21824K,   0% used [0x00000000e6ab0000, 0x00000000e6ab0000, 0x00000000e8000000)
 concurrent mark-sweep generation total 393216K, used 22419K [0x00000000e8000000, 0x0000000100000000, 0x0000000100000000)
 Metaspace       used 35704K, capacity 36776K, committed 36964K, reserved 1081344K
  class space    used 4374K, capacity 4638K, committed 4708K, reserved 1048576K
2017-11-26T21:08:09.975+0100: 903.433: [GC (Allocation Failure) 2017-11-26T21:08:09.975+0100: 903.433: [ParNew
Desired survivor size 20112992 bytes, new threshold 8 (max 8)
- age   1:    2284112 bytes,    2284112 total
- age   2:      17224 bytes,    2301336 total
- age   3:      58192 bytes,    2359528 total
- age   4:      32664 bytes,    2392192 total
- age   5:      50096 bytes,    2442288 total
- age   6:      17424 bytes,    2459712 total
- age   7:       4048 bytes,    2463760 total
- age   8:      30240 bytes,    2494000 total
: 89097K->2681K(109248K), 0.0113893 secs] 111517K->25132K(502464K), 0.0116476 secs] [Times: user=0.06 sys=0.00, real=0.01 secs] 
Heap after GC invocations=21 (full 1):
 par new generation   total 109248K, used 2681K [0x00000000e0000000, 0x00000000e8000000, 0x00000000e8000000)
  eden space 87424K,   0% used [0x00000000e0000000, 0x00000000e0000000, 0x00000000e5560000)
  from space 21824K,  12% used [0x00000000e6ab0000, 0x00000000e6d4e4a0, 0x00000000e8000000)
  to   space 21824K,   0% used [0x00000000e5560000, 0x00000000e5560000, 0x00000000e6ab0000)
 concurrent mark-sweep generation total 393216K, used 22451K [0x00000000e8000000, 0x0000000100000000, 0x0000000100000000)
 Metaspace       used 35704K, capacity 36776K, committed 36964K, reserved 1081344K
  class space    used 4374K, capacity 4638K, committed 4708K, reserved 1048576K
}
2017-11-26T21:08:09.987+0100: 903.444: Total time for which application threads were stopped: 0.0122756 seconds, Stopping threads took: 0.0001600 seconds
2017-11-26T21:11:50.083+0100: 1123.540: Total time for which application threads were stopped: 0.0002867 seconds, Stopping threads took: 0.0000787 seconds
{Heap before GC invocations=21 (full 1):
 par new generation   total 109248K, used 90105K [0x00000000e0000000, 0x00000000e8000000, 0x00000000e8000000)
  eden space 87424K, 100% used [0x00000000e0000000, 0x00000000e5560000, 0x00000000e5560000)
  from space 21824K,  12% used [0x00000000e6ab0000, 0x00000000e6d4e4a0, 0x00000000e8000000)
  to   space 21824K,   0% used [0x00000000e5560000, 0x00000000e5560000, 0x00000000e6ab0000)
 concurrent mark-sweep generation total 393216K, used 22451K [0x00000000e8000000, 0x0000000100000000, 0x0000000100000000)
 Metaspace       used 35715K, capacity 36776K, committed 36964K, reserved 1081344K
  class space    used 4374K, capacity 4638K, committed 4708K, reserved 1048576K
2017-11-26T21:15:39.427+0100: 1352.886: [GC (Allocation Failure) 2017-11-26T21:15:39.427+0100: 1352.886: [ParNew
Desired survivor size 20112992 bytes, new threshold 8 (max 8)
- age   1:    1878448 bytes,    1878448 total
- age   2:       3352 bytes,    1881800 total
- age   3:      16304 bytes,    1898104 total
- age   4:      42568 bytes,    1940672 total
- age   5:      18264 bytes,    1958936 total
- age   6:      50048 bytes,    2008984 total
- age   7:      17376 bytes,    2026360 total
- age   8:       4048 bytes,    2030408 total
: 90105K->2386K(109248K), 0.0067831 secs] 112556K->24852K(502464K), 0.0069538 secs] [Times: user=0.00 sys=0.00, real=0.01 secs] 
Heap after GC invocations=22 (full 1):
 par new generation   total 109248K, used 2386K [0x00000000e0000000, 0x00000000e8000000, 0x00000000e8000000)
  eden space 87424K,   0% used [0x00000000e0000000, 0x00000000e0000000, 0x00000000e5560000)
  from space 21824K,  10% used [0x00000000e5560000, 0x00000000e57b49f0, 0x00000000e6ab0000)
  to   space 21824K,   0% used [0x00000000e6ab0000, 0x00000000e6ab0000, 0x00000000e8000000)
 concurrent mark-sweep generation total 393216K, used 22466K [0x00000000e8000000, 0x0000000100000000, 0x0000000100000000)
 Metaspace       used 35715K, capacity 36776K, committed 36964K, reserved 1081344K
  class space    used 4374K, capacity 4638K, committed 4708K, reserved 1048576K
}
2017-11-26T21:15:39.434+0100: 1352.893: Total time for which application threads were stopped: 0.0072178 seconds, Stopping threads took: 0.0000431 seconds
2017-11-26T21:17:21.481+0100: 1454.938: Total time for which application threads were stopped: 0.0001511 seconds, Stopping threads took: 0.0000507 seconds
2017-11-26T21:17:43.489+0100: 1476.947: Total time for which application threads were stopped: 0.0001907 seconds, Stopping threads took: 0.0000564 seconds
2017-11-26T21:17:44.489+0100: 1477.947: Total time for which application threads were stopped: 0.0001280 seconds, Stopping threads took: 0.0000591 seconds
2017-11-26T21:18:03.496+0100: 1496.954: Total time for which application threads were stopped: 0.0001347 seconds, Stopping threads took: 0.0000427 seconds
{Heap before GC invocations=22 (full 1):
 par new generation   total 109248K, used 89810K [0x00000000e0000000, 0x00000000e8000000, 0x00000000e8000000)
  eden space 87424K, 100% used [0x00000000e0000000, 0x00000000e5560000, 0x00000000e5560000)
  from space 21824K,  10% used [0x00000000e5560000, 0x00000000e57b49f0, 0x00000000e6ab0000)
  to   space 21824K,   0% used [0x00000000e6ab0000, 0x00000000e6ab0000, 0x00000000e8000000)
 concurrent mark-sweep generation total 393216K, used 22466K [0x00000000e8000000, 0x0000000100000000, 0x0000000100000000)
 Metaspace       used 35740K, capacity 36776K, committed 36964K, reserved 1081344K
  class space    used 4374K, capacity 4638K, committed 4708K, reserved 1048576K
2017-11-26T21:18:09.260+0100: 1502.718: [GC (Allocation Failure) 2017-11-26T21:18:09.261+0100: 1502.718: [ParNew
Desired survivor size 20112992 bytes, new threshold 8 (max 8)
- age   1:     845688 bytes,     845688 total
- age   2:      17840 bytes,     863528 total
- age   3:       2800 bytes,     866328 total
- age   4:      16080 bytes,     882408 total
- age   5:      42528 bytes,     924936 total
- age   6:      18264 bytes,     943200 total
- age   7:      48736 bytes,     991936 total
- age   8:      17376 bytes,    1009312 total
: 89810K->1964K(109248K), 0.0059938 secs] 112276K->24434K(502464K), 0.0062862 secs] [Times: user=0.00 sys=0.00, real=0.01 secs] 
Heap after GC invocations=23 (full 1):
 par new generation   total 109248K, used 1964K [0x00000000e0000000, 0x00000000e8000000, 0x00000000e8000000)
  eden space 87424K,   0% used [0x00000000e0000000, 0x00000000e0000000, 0x00000000e5560000)
  from space 21824K,   9% used [0x00000000e6ab0000, 0x00000000e6c9b1a0, 0x00000000e8000000)
  to   space 21824K,   0% used [0x00000000e5560000, 0x00000000e5560000, 0x00000000e6ab0000)
 concurrent mark-sweep generation total 393216K, used 22470K [0x00000000e8000000, 0x0000000100000000, 0x0000000100000000)
 Metaspace       used 35740K, capacity 36776K, committed 36964K, reserved 1081344K
  class space    used 4374K, capacity 4638K, committed 4708K, reserved 1048576K
}
2017-11-26T21:18:09.267+0100: 1502.724: Total time for which application threads were stopped: 0.0068782 seconds, Stopping threads took: 0.0001396 seconds
2017-11-26T21:18:10.267+0100: 1503.725: Total time for which application threads were stopped: 0.0004938 seconds, Stopping threads took: 0.0001062 seconds
2017-11-26T21:20:03.311+0100: 1616.768: Total time for which application threads were stopped: 0.0002796 seconds, Stopping threads took: 0.0000747 seconds
2017-11-26T21:20:28.319+0100: 1641.777: Total time for which application threads were stopped: 0.0001884 seconds, Stopping threads took: 0.0000422 seconds
2017-11-26T21:20:51.329+0100: 1664.787: Total time for which application threads were stopped: 0.0000933 seconds, Stopping threads took: 0.0000267 seconds
2017-11-26T21:21:52.360+0100: 1725.817: Total time for which application threads were stopped: 0.0002787 seconds, Stopping threads took: 0.0000898 seconds
{Heap before GC invocations=23 (full 1):
 par new generation   total 109248K, used 89388K [0x00000000e0000000, 0x00000000e8000000, 0x00000000e8000000)
  eden space 87424K, 100% used [0x00000000e0000000, 0x00000000e5560000, 0x00000000e5560000)
  from space 21824K,   9% used [0x00000000e6ab0000, 0x00000000e6c9b1a0, 0x00000000e8000000)
  to   space 21824K,   0% used [0x00000000e5560000, 0x00000000e5560000, 0x00000000e6ab0000)
 concurrent mark-sweep generation total 393216K, used 22470K [0x00000000e8000000, 0x0000000100000000, 0x0000000100000000)
 Metaspace       used 35791K, capacity 36840K, committed 36964K, reserved 1081344K
  class space    used 4374K, capacity 4638K, committed 4708K, reserved 1048576K
2017-11-26T21:27:24.898+0100: 2058.355: [GC (Allocation Failure) 2017-11-26T21:27:24.898+0100: 2058.356: [ParNew
Desired survivor size 20112992 bytes, new threshold 8 (max 8)
- age   1:    1276232 bytes,    1276232 total
- age   2:       4248 bytes,    1280480 total
- age   3:       2928 bytes,    1283408 total
- age   4:       2800 bytes,    1286208 total
- age   5:      15856 bytes,    1302064 total
- age   6:      42528 bytes,    1344592 total
- age   7:      18264 bytes,    1362856 total
- age   8:      48736 bytes,    1411592 total
: 89388K->1858K(109248K), 0.0079747 secs] 111858K->24346K(502464K), 0.0081622 secs] [Times: user=0.00 sys=0.00, real=0.01 secs] 
Heap after GC invocations=24 (full 1):
 par new generation   total 109248K, used 1858K [0x00000000e0000000, 0x00000000e8000000, 0x00000000e8000000)
  eden space 87424K,   0% used [0x00000000e0000000, 0x00000000e0000000, 0x00000000e5560000)
  from space 21824K,   8% used [0x00000000e5560000, 0x00000000e5730af8, 0x00000000e6ab0000)
  to   space 21824K,   0% used [0x00000000e6ab0000, 0x00000000e6ab0000, 0x00000000e8000000)
 concurrent mark-sweep generation total 393216K, used 22487K [0x00000000e8000000, 0x0000000100000000, 0x0000000100000000)
 Metaspace       used 35791K, capacity 36840K, committed 36964K, reserved 1081344K
  class space    used 4374K, capacity 4638K, committed 4708K, reserved 1048576K
}
2017-11-26T21:27:24.906+0100: 2058.364: Total time for which application threads were stopped: 0.0084520 seconds, Stopping threads took: 0.0000364 seconds
2017-11-26T21:27:28.908+0100: 2062.365: Total time for which application threads were stopped: 0.0001587 seconds, Stopping threads took: 0.0000387 seconds
2017-11-26T21:30:22.982+0100: 2236.440: Total time for which application threads were stopped: 0.0002111 seconds, Stopping threads took: 0.0000769 seconds
{Heap before GC invocations=24 (full 1):
 par new generation   total 109248K, used 89282K [0x00000000e0000000, 0x00000000e8000000, 0x00000000e8000000)
  eden space 87424K, 100% used [0x00000000e0000000, 0x00000000e5560000, 0x00000000e5560000)
  from space 21824K,   8% used [0x00000000e5560000, 0x00000000e5730af8, 0x00000000e6ab0000)
  to   space 21824K,   0% used [0x00000000e6ab0000, 0x00000000e6ab0000, 0x00000000e8000000)
 concurrent mark-sweep generation total 393216K, used 22487K [0x00000000e8000000, 0x0000000100000000, 0x0000000100000000)
 Metaspace       used 35799K, capacity 36840K, committed 36964K, reserved 1081344K
  class space    used 4374K, capacity 4638K, committed 4708K, reserved 1048576K
2017-11-26T21:30:51.751+0100: 2265.209: [GC (Allocation Failure) 2017-11-26T21:30:51.751+0100: 2265.209: [ParNew
Desired survivor size 20112992 bytes, new threshold 8 (max 8)
- age   1:    1041632 bytes,    1041632 total
- age   2:      31800 bytes,    1073432 total
- age   3:       3760 bytes,    1077192 total
- age   4:       2928 bytes,    1080120 total
- age   5:       2800 bytes,    1082920 total
- age   6:      15856 bytes,    1098776 total
- age   7:      42528 bytes,    1141304 total
- age   8:      18264 bytes,    1159568 total
: 89282K->1371K(109248K), 0.0048520 secs] 111770K->23907K(502464K), 0.0050036 secs] [Times: user=0.00 sys=0.00, real=0.01 secs] 
Heap after GC invocations=25 (full 1):
 par new generation   total 109248K, used 1371K [0x00000000e0000000, 0x00000000e8000000, 0x00000000e8000000)
  eden space 87424K,   0% used [0x00000000e0000000, 0x00000000e0000000, 0x00000000e5560000)
  from space 21824K,   6% used [0x00000000e6ab0000, 0x00000000e6c06f80, 0x00000000e8000000)
  to   space 21824K,   0% used [0x00000000e5560000, 0x00000000e5560000, 0x00000000e6ab0000)
 concurrent mark-sweep generation total 393216K, used 22535K [0x00000000e8000000, 0x0000000100000000, 0x0000000100000000)
 Metaspace       used 35799K, capacity 36840K, committed 36964K, reserved 1081344K
  class space    used 4374K, capacity 4638K, committed 4708K, reserved 1048576K
}
2017-11-26T21:30:51.756+0100: 2265.214: Total time for which application threads were stopped: 0.0053391 seconds, Stopping threads took: 0.0000587 seconds
2017-11-26T21:35:34.853+0100: 2548.311: Total time for which application threads were stopped: 0.0001387 seconds, Stopping threads took: 0.0000271 seconds
{Heap before GC invocations=25 (full 1):
 par new generation   total 109248K, used 88766K [0x00000000e0000000, 0x00000000e8000000, 0x00000000e8000000)
  eden space 87424K,  99% used [0x00000000e0000000, 0x00000000e5558988, 0x00000000e5560000)
  from space 21824K,   6% used [0x00000000e6ab0000, 0x00000000e6c06f80, 0x00000000e8000000)
  to   space 21824K,   0% used [0x00000000e5560000, 0x00000000e5560000, 0x00000000e6ab0000)
 concurrent mark-sweep generation total 393216K, used 22535K [0x00000000e8000000, 0x0000000100000000, 0x0000000100000000)
 Metaspace       used 35820K, capacity 36904K, committed 37220K, reserved 1081344K
  class space    used 4374K, capacity 4638K, committed 4708K, reserved 1048576K
2017-11-26T21:35:47.791+0100: 2561.249: [GC (Allocation Failure) 2017-11-26T21:35:47.791+0100: 2561.249: [ParNew
Desired survivor size 20112992 bytes, new threshold 8 (max 8)
- age   1:    2177880 bytes,    2177880 total
- age   2:       3184 bytes,    2181064 total
- age   3:       2472 bytes,    2183536 total
- age   4:       3272 bytes,    2186808 total
- age   5:       2928 bytes,    2189736 total
- age   6:       2800 bytes,    2192536 total
- age   7:      15856 bytes,    2208392 total
- age   8:      42528 bytes,    2250920 total
: 88766K->2807K(109248K), 0.0057316 secs] 111301K->25360K(502464K), 0.0058596 secs] [Times: user=0.02 sys=0.00, real=0.01 secs] 
Heap after GC invocations=26 (full 1):
 par new generation   total 109248K, used 2807K [0x00000000e0000000, 0x00000000e8000000, 0x00000000e8000000)
  eden space 87424K,   0% used [0x00000000e0000000, 0x00000000e0000000, 0x00000000e5560000)
  from space 21824K,  12% used [0x00000000e5560000, 0x00000000e581dcf0, 0x00000000e6ab0000)
  to   space 21824K,   0% used [0x00000000e6ab0000, 0x00000000e6ab0000, 0x00000000e8000000)
 concurrent mark-sweep generation total 393216K, used 22553K [0x00000000e8000000, 0x0000000100000000, 0x0000000100000000)
 Metaspace       used 35820K, capacity 36904K, committed 37220K, reserved 1081344K
  class space    used 4374K, capacity 4638K, committed 4708K, reserved 1048576K
}
2017-11-26T21:35:47.797+0100: 2561.255: Total time for which application threads were stopped: 0.0060916 seconds, Stopping threads took: 0.0000258 seconds
2017-11-26T21:36:07.803+0100: 2581.260: Total time for which application threads were stopped: 0.0001489 seconds, Stopping threads took: 0.0000413 seconds
2017-11-26T21:36:08.803+0100: 2582.261: Total time for which application threads were stopped: 0.0001658 seconds, Stopping threads took: 0.0000440 seconds
2017-11-26T21:36:09.803+0100: 2583.261: Total time for which application threads were stopped: 0.0001622 seconds, Stopping threads took: 0.0000413 seconds
{Heap before GC invocations=26 (full 1):
 par new generation   total 109248K, used 90231K [0x00000000e0000000, 0x00000000e8000000, 0x00000000e8000000)
  eden space 87424K, 100% used [0x00000000e0000000, 0x00000000e5560000, 0x00000000e5560000)
  from space 21824K,  12% used [0x00000000e5560000, 0x00000000e581dcf0, 0x00000000e6ab0000)
  to   space 21824K,   0% used [0x00000000e6ab0000, 0x00000000e6ab0000, 0x00000000e8000000)
 concurrent mark-sweep generation total 393216K, used 22553K [0x00000000e8000000, 0x0000000100000000, 0x0000000100000000)
 Metaspace       used 35849K, capacity 36904K, committed 37220K, reserved 1081344K
  class space    used 4374K, capacity 4638K, committed 4708K, reserved 1048576K
2017-11-26T21:36:10.059+0100: 2583.517: [GC (Allocation Failure) 2017-11-26T21:36:10.059+0100: 2583.517: [ParNew
Desired survivor size 20112992 bytes, new threshold 8 (max 8)
- age   1:     110776 bytes,     110776 total
- age   2:      16864 bytes,     127640 total
- age   3:       2472 bytes,     130112 total
- age   4:       2472 bytes,     132584 total
- age   5:       3048 bytes,     135632 total
- age   6:       2928 bytes,     138560 total
- age   7:       2800 bytes,     141360 total
- age   8:      15856 bytes,     157216 total
: 90231K->1067K(109248K), 0.0141333 secs] 112784K->23662K(502464K), 0.0143178 secs] [Times: user=0.06 sys=0.00, real=0.01 secs] 
Heap after GC invocations=27 (full 1):
 par new generation   total 109248K, used 1067K [0x00000000e0000000, 0x00000000e8000000, 0x00000000e8000000)
  eden space 87424K,   0% used [0x00000000e0000000, 0x00000000e0000000, 0x00000000e5560000)
  from space 21824K,   4% used [0x00000000e6ab0000, 0x00000000e6bbae00, 0x00000000e8000000)
  to   space 21824K,   0% used [0x00000000e5560000, 0x00000000e5560000, 0x00000000e6ab0000)
 concurrent mark-sweep generation total 393216K, used 22594K [0x00000000e8000000, 0x0000000100000000, 0x0000000100000000)
 Metaspace       used 35849K, capacity 36904K, committed 37220K, reserved 1081344K
  class space    used 4374K, capacity 4638K, committed 4708K, reserved 1048576K
}
2017-11-26T21:36:10.073+0100: 2583.531: Total time for which application threads were stopped: 0.0147387 seconds, Stopping threads took: 0.0000418 seconds
2017-11-26T21:36:11.074+0100: 2584.532: Total time for which application threads were stopped: 0.0002053 seconds, Stopping threads took: 0.0000796 seconds
2017-11-26T21:36:15.074+0100: 2588.532: Total time for which application threads were stopped: 0.0002111 seconds, Stopping threads took: 0.0000747 seconds
2017-11-26T21:36:41.083+0100: 2614.540: Total time for which application threads were stopped: 0.0002302 seconds, Stopping threads took: 0.0000693 seconds
2017-11-26T21:36:52.085+0100: 2625.543: Total time for which application threads were stopped: 0.0001427 seconds, Stopping threads took: 0.0000636 seconds
2017-11-26T21:36:55.086+0100: 2628.543: Total time for which application threads were stopped: 0.0000831 seconds, Stopping threads took: 0.0000222 seconds
{Heap before GC invocations=27 (full 1):
 par new generation   total 109248K, used 88491K [0x00000000e0000000, 0x00000000e8000000, 0x00000000e8000000)
  eden space 87424K, 100% used [0x00000000e0000000, 0x00000000e5560000, 0x00000000e5560000)
  from space 21824K,   4% used [0x00000000e6ab0000, 0x00000000e6bbae00, 0x00000000e8000000)
  to   space 21824K,   0% used [0x00000000e5560000, 0x00000000e5560000, 0x00000000e6ab0000)
 concurrent mark-sweep generation total 393216K, used 22594K [0x00000000e8000000, 0x0000000100000000, 0x0000000100000000)
 Metaspace       used 35935K, capacity 37032K, committed 37220K, reserved 1081344K
  class space    used 4375K, capacity 4638K, committed 4708K, reserved 1048576K
2017-11-26T21:36:55.564+0100: 2629.022: [GC (Allocation Failure) 2017-11-26T21:36:55.565+0100: 2629.022: [ParNew
Desired survivor size 20112992 bytes, new threshold 8 (max 8)
- age   1:     342072 bytes,     342072 total
- age   2:      16560 bytes,     358632 total
- age   3:      16728 bytes,     375360 total
- age   4:       2472 bytes,     377832 total
- age   5:       2248 bytes,     380080 total
- age   6:       2952 bytes,     383032 total
- age   7:       2928 bytes,     385960 total
- age   8:       2800 bytes,     388760 total
: 88491K->566K(109248K), 0.0092804 secs] 111086K->23177K(502464K), 0.0094098 secs] [Times: user=0.00 sys=0.00, real=0.01 secs] 
Heap after GC invocations=28 (full 1):
 par new generation   total 109248K, used 566K [0x00000000e0000000, 0x00000000e8000000, 0x00000000e8000000)
  eden space 87424K,   0% used [0x00000000e0000000, 0x00000000e0000000, 0x00000000e5560000)
  from space 21824K,   2% used [0x00000000e5560000, 0x00000000e55eda80, 0x00000000e6ab0000)
  to   space 21824K,   0% used [0x00000000e6ab0000, 0x00000000e6ab0000, 0x00000000e8000000)
 concurrent mark-sweep generation total 393216K, used 22610K [0x00000000e8000000, 0x0000000100000000, 0x0000000100000000)
 Metaspace       used 35935K, capacity 37032K, committed 37220K, reserved 1081344K
  class space    used 4375K, capacity 4638K, committed 4708K, reserved 1048576K
}
2017-11-26T21:36:55.574+0100: 2629.032: Total time for which application threads were stopped: 0.0097360 seconds, Stopping threads took: 0.0000262 seconds
{Heap before GC invocations=28 (full 1):
 par new generation   total 109248K, used 87921K [0x00000000e0000000, 0x00000000e8000000, 0x00000000e8000000)
  eden space 87424K,  99% used [0x00000000e0000000, 0x00000000e554eb50, 0x00000000e5560000)
  from space 21824K,   2% used [0x00000000e5560000, 0x00000000e55eda80, 0x00000000e6ab0000)
  to   space 21824K,   0% used [0x00000000e6ab0000, 0x00000000e6ab0000, 0x00000000e8000000)
 concurrent mark-sweep generation total 393216K, used 22610K [0x00000000e8000000, 0x0000000100000000, 0x0000000100000000)
 Metaspace       used 35937K, capacity 37032K, committed 37220K, reserved 1081344K
  class space    used 4375K, capacity 4638K, committed 4708K, reserved 1048576K
2017-11-26T21:38:00.757+0100: 2694.214: [GC (Allocation Failure) 2017-11-26T21:38:00.757+0100: 2694.214: [ParNew
Desired survivor size 20112992 bytes, new threshold 8 (max 8)
- age   1:    1942472 bytes,    1942472 total
- age   2:      29336 bytes,    1971808 total
- age   3:      16520 bytes,    1988328 total
- age   4:      16584 bytes,    2004912 total
- age   5:       2472 bytes,    2007384 total
- age   6:       2248 bytes,    2009632 total
- age   7:       2904 bytes,    2012536 total
- age   8:       2928 bytes,    2015464 total
: 87921K->2073K(109248K), 0.0064978 secs] 110531K->24687K(502464K), 0.0066867 secs] [Times: user=0.00 sys=0.00, real=0.01 secs] 
Heap after GC invocations=29 (full 1):
 par new generation   total 109248K, used 2073K [0x00000000e0000000, 0x00000000e8000000, 0x00000000e8000000)
  eden space 87424K,   0% used [0x00000000e0000000, 0x00000000e0000000, 0x00000000e5560000)
  from space 21824K,   9% used [0x00000000e6ab0000, 0x00000000e6cb6798, 0x00000000e8000000)
  to   space 21824K,   0% used [0x00000000e5560000, 0x00000000e5560000, 0x00000000e6ab0000)
 concurrent mark-sweep generation total 393216K, used 22613K [0x00000000e8000000, 0x0000000100000000, 0x0000000100000000)
 Metaspace       used 35937K, capacity 37032K, committed 37220K, reserved 1081344K
  class space    used 4375K, capacity 4638K, committed 4708K, reserved 1048576K
}
2017-11-26T21:38:00.763+0100: 2694.221: Total time for which application threads were stopped: 0.0070662 seconds, Stopping threads took: 0.0000387 seconds
2017-11-26T21:38:20.771+0100: 2714.229: Total time for which application threads were stopped: 0.0002453 seconds, Stopping threads took: 0.0000827 seconds
2017-11-26T21:39:29.787+0100: 2783.245: Total time for which application threads were stopped: 0.0002804 seconds, Stopping threads took: 0.0000729 seconds
{Heap before GC invocations=29 (full 1):
 par new generation   total 109248K, used 89491K [0x00000000e0000000, 0x00000000e8000000, 0x00000000e8000000)
  eden space 87424K,  99% used [0x00000000e0000000, 0x00000000e555e538, 0x00000000e5560000)
  from space 21824K,   9% used [0x00000000e6ab0000, 0x00000000e6cb6798, 0x00000000e8000000)
  to   space 21824K,   0% used [0x00000000e5560000, 0x00000000e5560000, 0x00000000e6ab0000)
 concurrent mark-sweep generation total 393216K, used 22613K [0x00000000e8000000, 0x0000000100000000, 0x0000000100000000)
 Metaspace       used 35939K, capacity 37032K, committed 37220K, reserved 1081344K
  class space    used 4375K, capacity 4638K, committed 4708K, reserved 1048576K
2017-11-26T21:40:13.914+0100: 2827.372: [GC (Allocation Failure) 2017-11-26T21:40:13.914+0100: 2827.372: [ParNew
Desired survivor size 20112992 bytes, new threshold 8 (max 8)
- age   1:    1802784 bytes,    1802784 total
- age   2:       2040 bytes,    1804824 total
- age   3:      28240 bytes,    1833064 total
- age   4:      16520 bytes,    1849584 total
- age   5:      16552 bytes,    1866136 total
- age   6:       2472 bytes,    1868608 total
- age   7:       2248 bytes,    1870856 total
- age   8:       2904 bytes,    1873760 total
: 89491K->2612K(109248K), 0.0110618 secs] 112104K->25228K(502464K), 0.0113498 secs] [Times: user=0.06 sys=0.00, real=0.01 secs] 
Heap after GC invocations=30 (full 1):
 par new generation   total 109248K, used 2612K [0x00000000e0000000, 0x00000000e8000000, 0x00000000e8000000)
  eden space 87424K,   0% used [0x00000000e0000000, 0x00000000e0000000, 0x00000000e5560000)
  from space 21824K,  11% used [0x00000000e5560000, 0x00000000e57ed338, 0x00000000e6ab0000)
  to   space 21824K,   0% used [0x00000000e6ab0000, 0x00000000e6ab0000, 0x00000000e8000000)
 concurrent mark-sweep generation total 393216K, used 22616K [0x00000000e8000000, 0x0000000100000000, 0x0000000100000000)
 Metaspace       used 35939K, capacity 37032K, committed 37220K, reserved 1081344K
  class space    used 4375K, capacity 4638K, committed 4708K, reserved 1048576K
}
2017-11-26T21:40:13.926+0100: 2827.384: Total time for which application threads were stopped: 0.0117147 seconds, Stopping threads took: 0.0000284 seconds
2017-11-26T21:40:39.932+0100: 2853.389: Total time for which application threads were stopped: 0.0000791 seconds, Stopping threads took: 0.0000231 seconds
2017-11-26T21:43:32.978+0100: 3026.436: Total time for which application threads were stopped: 0.0002680 seconds, Stopping threads took: 0.0000693 seconds
2017-11-26T21:44:26.995+0100: 3080.453: Total time for which application threads were stopped: 0.0002102 seconds, Stopping threads took: 0.0000787 seconds
2017-11-26T21:44:27.996+0100: 3081.453: Total time for which application threads were stopped: 0.0001702 seconds, Stopping threads took: 0.0000453 seconds
2017-11-26T21:44:28.996+0100: 3082.453: Total time for which application threads were stopped: 0.0001836 seconds, Stopping threads took: 0.0000440 seconds
2017-11-26T21:44:30.996+0100: 3084.454: Total time for which application threads were stopped: 0.0005200 seconds, Stopping threads took: 0.0001684 seconds
2017-11-26T21:44:31.997+0100: 3085.454: Total time for which application threads were stopped: 0.0001933 seconds, Stopping threads took: 0.0000462 seconds
2017-11-26T21:44:32.997+0100: 3086.454: Total time for which application threads were stopped: 0.0000898 seconds, Stopping threads took: 0.0000298 seconds
{Heap before GC invocations=30 (full 1):
 par new generation   total 109248K, used 90036K [0x00000000e0000000, 0x00000000e8000000, 0x00000000e8000000)
  eden space 87424K, 100% used [0x00000000e0000000, 0x00000000e5560000, 0x00000000e5560000)
  from space 21824K,  11% used [0x00000000e5560000, 0x00000000e57ed338, 0x00000000e6ab0000)
  to   space 21824K,   0% used [0x00000000e6ab0000, 0x00000000e6ab0000, 0x00000000e8000000)
 concurrent mark-sweep generation total 393216K, used 22616K [0x00000000e8000000, 0x0000000100000000, 0x0000000100000000)
 Metaspace       used 35968K, capacity 37032K, committed 37220K, reserved 1081344K
  class space    used 4375K, capacity 4638K, committed 4708K, reserved 1048576K
2017-11-26T21:44:33.661+0100: 3087.119: [GC (Allocation Failure) 2017-11-26T21:44:33.661+0100: 3087.119: [ParNew
Desired survivor size 20112992 bytes, new threshold 8 (max 8)
- age   1:    1274008 bytes,    1274008 total
- age   2:       1648 bytes,    1275656 total
- age   3:       1328 bytes,    1276984 total
- age   4:      27768 bytes,    1304752 total
- age   5:      16216 bytes,    1320968 total
- age   6:       2016 bytes,    1322984 total
- age   7:       2472 bytes,    1325456 total
- age   8:       2208 bytes,    1327664 total
: 90036K->1854K(109248K), 0.0093618 secs] 112652K->24472K(502464K), 0.0095120 secs] [Times: user=0.00 sys=0.00, real=0.01 secs] 
Heap after GC invocations=31 (full 1):
 par new generation   total 109248K, used 1854K [0x00000000e0000000, 0x00000000e8000000, 0x00000000e8000000)
  eden space 87424K,   0% used [0x00000000e0000000, 0x00000000e0000000, 0x00000000e5560000)
  from space 21824K,   8% used [0x00000000e6ab0000, 0x00000000e6c7f810, 0x00000000e8000000)
  to   space 21824K,   0% used [0x00000000e5560000, 0x00000000e5560000, 0x00000000e6ab0000)
 concurrent mark-sweep generation total 393216K, used 22618K [0x00000000e8000000, 0x0000000100000000, 0x0000000100000000)
 Metaspace       used 35968K, capacity 37032K, committed 37220K, reserved 1081344K
  class space    used 4375K, capacity 4638K, committed 4708K, reserved 1048576K
}
2017-11-26T21:44:33.671+0100: 3087.129: Total time for which application threads were stopped: 0.0098036 seconds, Stopping threads took: 0.0000253 seconds
2017-11-26T21:45:54.694+0100: 3168.151: Total time for which application threads were stopped: 0.0003036 seconds, Stopping threads took: 0.0001564 seconds
2017-11-26T21:45:55.694+0100: 3169.152: Total time for which application threads were stopped: 0.0001684 seconds, Stopping threads took: 0.0000471 seconds
2017-11-26T21:46:01.696+0100: 3175.153: Total time for which application threads were stopped: 0.0001316 seconds, Stopping threads took: 0.0000293 seconds
2017-11-26T21:46:06.697+0100: 3180.154: Total time for which application threads were stopped: 0.0001236 seconds, Stopping threads took: 0.0000293 seconds
2017-11-26T21:46:55.709+0100: 3229.167: Total time for which application threads were stopped: 0.0000893 seconds, Stopping threads took: 0.0000396 seconds
{Heap before GC invocations=31 (full 1):
 par new generation   total 109248K, used 89278K [0x00000000e0000000, 0x00000000e8000000, 0x00000000e8000000)
  eden space 87424K, 100% used [0x00000000e0000000, 0x00000000e5560000, 0x00000000e5560000)
  from space 21824K,   8% used [0x00000000e6ab0000, 0x00000000e6c7f810, 0x00000000e8000000)
  to   space 21824K,   0% used [0x00000000e5560000, 0x00000000e5560000, 0x00000000e6ab0000)
 concurrent mark-sweep generation total 393216K, used 22618K [0x00000000e8000000, 0x0000000100000000, 0x0000000100000000)
 Metaspace       used 36062K, capacity 37160K, committed 37476K, reserved 1081344K
  class space    used 4375K, capacity 4638K, committed 4708K, reserved 1048576K
2017-11-26T21:50:18.624+0100: 3432.082: [GC (Allocation Failure) 2017-11-26T21:50:18.624+0100: 3432.082: [ParNew
Desired survivor size 20112992 bytes, new threshold 8 (max 8)
- age   1:    1873872 bytes,    1873872 total
- age   2:       7880 bytes,    1881752 total
- age   3:       1536 bytes,    1883288 total
- age   4:       1328 bytes,    1884616 total
- age   5:      13112 bytes,    1897728 total
- age   6:      16216 bytes,    1913944 total
- age   7:       1976 bytes,    1915920 total
- age   8:       2472 bytes,    1918392 total
: 89278K->2253K(109248K), 0.0084004 secs] 111896K->24874K(502464K), 0.0085293 secs] [Times: user=0.00 sys=0.00, real=0.01 secs] 
Heap after GC invocations=32 (full 1):
 par new generation   total 109248K, used 2253K [0x00000000e0000000, 0x00000000e8000000, 0x00000000e8000000)
  eden space 87424K,   0% used [0x00000000e0000000, 0x00000000e0000000, 0x00000000e5560000)
  from space 21824K,  10% used [0x00000000e5560000, 0x00000000e57934c0, 0x00000000e6ab0000)
  to   space 21824K,   0% used [0x00000000e6ab0000, 0x00000000e6ab0000, 0x00000000e8000000)
 concurrent mark-sweep generation total 393216K, used 22621K [0x00000000e8000000, 0x0000000100000000, 0x0000000100000000)
 Metaspace       used 36062K, capacity 37160K, committed 37476K, reserved 1081344K
  class space    used 4375K, capacity 4638K, committed 4708K, reserved 1048576K
}
2017-11-26T21:50:18.632+0100: 3432.090: Total time for which application threads were stopped: 0.0088587 seconds, Stopping threads took: 0.0001022 seconds
2017-11-26T21:50:20.633+0100: 3434.090: Total time for which application threads were stopped: 0.0000738 seconds, Stopping threads took: 0.0000209 seconds
2017-11-26T21:50:22.633+0100: 3436.091: Total time for which application threads were stopped: 0.0001680 seconds, Stopping threads took: 0.0000462 seconds
2017-11-26T21:50:47.642+0100: 3461.100: Total time for which application threads were stopped: 0.0001920 seconds, Stopping threads took: 0.0000462 seconds
2017-11-26T21:52:06.660+0100: 3540.117: Total time for which application threads were stopped: 0.0001307 seconds, Stopping threads took: 0.0000396 seconds
2017-11-26T21:52:23.664+0100: 3557.122: Total time for which application threads were stopped: 0.0002747 seconds, Stopping threads took: 0.0000467 seconds
{Heap before GC invocations=32 (full 1):
 par new generation   total 109248K, used 89677K [0x00000000e0000000, 0x00000000e8000000, 0x00000000e8000000)
  eden space 87424K, 100% used [0x00000000e0000000, 0x00000000e5560000, 0x00000000e5560000)
  from space 21824K,  10% used [0x00000000e5560000, 0x00000000e57934c0, 0x00000000e6ab0000)
  to   space 21824K,   0% used [0x00000000e6ab0000, 0x00000000e6ab0000, 0x00000000e8000000)
 concurrent mark-sweep generation total 393216K, used 22621K [0x00000000e8000000, 0x0000000100000000, 0x0000000100000000)
 Metaspace       used 36125K, capacity 37224K, committed 37476K, reserved 1081344K
  class space    used 4375K, capacity 4638K, committed 4708K, reserved 1048576K
2017-11-26T21:52:25.456+0100: 3558.914: [GC (Allocation Failure) 2017-11-26T21:52:25.456+0100: 3558.914: [ParNew
Desired survivor size 20112992 bytes, new threshold 8 (max 8)
- age   1:    1787080 bytes,    1787080 total
- age   2:      53368 bytes,    1840448 total
- age   3:       7840 bytes,    1848288 total
- age   4:       1536 bytes,    1849824 total
- age   5:       1328 bytes,    1851152 total
- age   6:      13112 bytes,    1864264 total
- age   7:      16216 bytes,    1880480 total
- age   8:       1976 bytes,    1882456 total
: 89677K->2787K(109248K), 0.0159938 secs] 112298K->25410K(502464K), 0.0161733 secs] [Times: user=0.02 sys=0.00, real=0.02 secs] 
Heap after GC invocations=33 (full 1):
 par new generation   total 109248K, used 2787K [0x00000000e0000000, 0x00000000e8000000, 0x00000000e8000000)
  eden space 87424K,   0% used [0x00000000e0000000, 0x00000000e0000000, 0x00000000e5560000)
  from space 21824K,  12% used [0x00000000e6ab0000, 0x00000000e6d68de8, 0x00000000e8000000)
  to   space 21824K,   0% used [0x00000000e5560000, 0x00000000e5560000, 0x00000000e6ab0000)
 concurrent mark-sweep generation total 393216K, used 22623K [0x00000000e8000000, 0x0000000100000000, 0x0000000100000000)
 Metaspace       used 36125K, capacity 37224K, committed 37476K, reserved 1081344K
  class space    used 4375K, capacity 4638K, committed 4708K, reserved 1048576K
}
2017-11-26T21:52:25.473+0100: 3558.931: Total time for which application threads were stopped: 0.0167773 seconds, Stopping threads took: 0.0000551 seconds
2017-11-26T21:52:27.474+0100: 3560.931: Total time for which application threads were stopped: 0.0001000 seconds, Stopping threads took: 0.0000431 seconds
2017-11-26T21:52:30.474+0100: 3563.932: Total time for which application threads were stopped: 0.0002773 seconds, Stopping threads took: 0.0002067 seconds
2017-11-26T21:52:31.475+0100: 3564.933: Total time for which application threads were stopped: 0.0001160 seconds, Stopping threads took: 0.0000289 seconds
{Heap before GC invocations=33 (full 1):
 par new generation   total 109248K, used 90211K [0x00000000e0000000, 0x00000000e8000000, 0x00000000e8000000)
  eden space 87424K, 100% used [0x00000000e0000000, 0x00000000e5560000, 0x00000000e5560000)
  from space 21824K,  12% used [0x00000000e6ab0000, 0x00000000e6d68de8, 0x00000000e8000000)
  to   space 21824K,   0% used [0x00000000e5560000, 0x00000000e5560000, 0x00000000e6ab0000)
 concurrent mark-sweep generation total 393216K, used 22623K [0x00000000e8000000, 0x0000000100000000, 0x0000000100000000)
 Metaspace       used 36199K, capacity 37288K, committed 37476K, reserved 1081344K
  class space    used 4376K, capacity 4638K, committed 4708K, reserved 1048576K
2017-11-26T21:52:36.138+0100: 3569.595: [GC (Allocation Failure) 2017-11-26T21:52:36.138+0100: 3569.595: [ParNew
Desired survivor size 20112992 bytes, new threshold 8 (max 8)
- age   1:    1011752 bytes,    1011752 total
- age   2:      17952 bytes,    1029704 total
- age   3:      38616 bytes,    1068320 total
- age   4:       7800 bytes,    1076120 total
- age   5:       1536 bytes,    1077656 total
- age   6:       1328 bytes,    1078984 total
- age   7:      13112 bytes,    1092096 total
- age   8:      16216 bytes,    1108312 total
: 90211K->1501K(109248K), 0.0055849 secs] 112834K->24126K(502464K), 0.0057160 secs] [Times: user=0.05 sys=0.00, real=0.01 secs] 
Heap after GC invocations=34 (full 1):
 par new generation   total 109248K, used 1501K [0x00000000e0000000, 0x00000000e8000000, 0x00000000e8000000)
  eden space 87424K,   0% used [0x00000000e0000000, 0x00000000e0000000, 0x00000000e5560000)
  from space 21824K,   6% used [0x00000000e5560000, 0x00000000e56d7478, 0x00000000e6ab0000)
  to   space 21824K,   0% used [0x00000000e6ab0000, 0x00000000e6ab0000, 0x00000000e8000000)
 concurrent mark-sweep generation total 393216K, used 22625K [0x00000000e8000000, 0x0000000100000000, 0x0000000100000000)
 Metaspace       used 36199K, capacity 37288K, committed 37476K, reserved 1081344K
  class space    used 4376K, capacity 4638K, committed 4708K, reserved 1048576K
}
2017-11-26T21:52:36.144+0100: 3569.601: Total time for which application threads were stopped: 0.0059320 seconds, Stopping threads took: 0.0000200 seconds
2017-11-26T21:52:59.150+0100: 3592.608: Total time for which application threads were stopped: 0.0000858 seconds, Stopping threads took: 0.0000218 seconds
{Heap before GC invocations=34 (full 1):
 par new generation   total 109248K, used 88925K [0x00000000e0000000, 0x00000000e8000000, 0x00000000e8000000)
  eden space 87424K, 100% used [0x00000000e0000000, 0x00000000e5560000, 0x00000000e5560000)
  from space 21824K,   6% used [0x00000000e5560000, 0x00000000e56d7478, 0x00000000e6ab0000)
  to   space 21824K,   0% used [0x00000000e6ab0000, 0x00000000e6ab0000, 0x00000000e8000000)
 concurrent mark-sweep generation total 393216K, used 22625K [0x00000000e8000000, 0x0000000100000000, 0x0000000100000000)
 Metaspace       used 36215K, capacity 37288K, committed 37476K, reserved 1081344K
  class space    used 4376K, capacity 4638K, committed 4708K, reserved 1048576K
2017-11-26T21:53:00.279+0100: 3593.737: [GC (Allocation Failure) 2017-11-26T21:53:00.279+0100: 3593.737: [ParNew
Desired survivor size 20112992 bytes, new threshold 8 (max 8)
- age   1:    1458528 bytes,    1458528 total
- age   2:      51336 bytes,    1509864 total
- age   3:      17768 bytes,    1527632 total
- age   4:      38616 bytes,    1566248 total
- age   5:       7800 bytes,    1574048 total
- age   6:       1536 bytes,    1575584 total
- age   7:       1328 bytes,    1576912 total
- age   8:      13112 bytes,    1590024 total
: 88925K->1863K(109248K), 0.0076929 secs] 111550K->24504K(502464K), 0.0078080 secs] [Times: user=0.06 sys=0.00, real=0.01 secs] 
Heap after GC invocations=35 (full 1):
 par new generation   total 109248K, used 1863K [0x00000000e0000000, 0x00000000e8000000, 0x00000000e8000000)
  eden space 87424K,   0% used [0x00000000e0000000, 0x00000000e0000000, 0x00000000e5560000)
  from space 21824K,   8% used [0x00000000e6ab0000, 0x00000000e6c81d30, 0x00000000e8000000)
  to   space 21824K,   0% used [0x00000000e5560000, 0x00000000e5560000, 0x00000000e6ab0000)
 concurrent mark-sweep generation total 393216K, used 22641K [0x00000000e8000000, 0x0000000100000000, 0x0000000100000000)
 Metaspace       used 36215K, capacity 37288K, committed 37476K, reserved 1081344K
  class space    used 4376K, capacity 4638K, committed 4708K, reserved 1048576K
}
2017-11-26T21:53:00.287+0100: 3593.744: Total time for which application threads were stopped: 0.0080462 seconds, Stopping threads took: 0.0000222 seconds
2017-11-26T21:53:01.287+0100: 3594.744: Total time for which application threads were stopped: 0.0001511 seconds, Stopping threads took: 0.0000271 seconds
2017-11-26T21:53:14.290+0100: 3607.748: Total time for which application threads were stopped: 0.0000836 seconds, Stopping threads took: 0.0000187 seconds
2017-11-26T21:53:14.369+0100: 3607.827: Total time for which application threads were stopped: 0.0005604 seconds, Stopping threads took: 0.0000604 seconds
2017-11-26T21:53:14.371+0100: 3607.828: Total time for which application threads were stopped: 0.0005600 seconds, Stopping threads took: 0.0000716 seconds
2017-11-26T21:53:14.372+0100: 3607.829: Total time for which application threads were stopped: 0.0004716 seconds, Stopping threads took: 0.0000471 seconds
2017-11-26T21:53:15.191+0100: 3608.649: Total time for which application threads were stopped: 0.0001742 seconds, Stopping threads took: 0.0000391 seconds
{Heap before GC invocations=35 (full 1):
 par new generation   total 109248K, used 89287K [0x00000000e0000000, 0x00000000e8000000, 0x00000000e8000000)
  eden space 87424K, 100% used [0x00000000e0000000, 0x00000000e5560000, 0x00000000e5560000)
  from space 21824K,   8% used [0x00000000e6ab0000, 0x00000000e6c81d30, 0x00000000e8000000)
  to   space 21824K,   0% used [0x00000000e5560000, 0x00000000e5560000, 0x00000000e6ab0000)
 concurrent mark-sweep generation total 393216K, used 22641K [0x00000000e8000000, 0x0000000100000000, 0x0000000100000000)
 Metaspace       used 36400K, capacity 37448K, committed 37732K, reserved 1083392K
  class space    used 4390K, capacity 4670K, committed 4708K, reserved 1048576K
2017-11-26T21:53:15.197+0100: 3608.655: [GC (Allocation Failure) 2017-11-26T21:53:15.197+0100: 3608.655: [ParNew
Desired survivor size 20112992 bytes, new threshold 8 (max 8)
- age   1:    2138152 bytes,    2138152 total
- age   2:      34704 bytes,    2172856 total
- age   3:      50712 bytes,    2223568 total
- age   4:      17768 bytes,    2241336 total
- age   5:      38616 bytes,    2279952 total
- age   6:       7800 bytes,    2287752 total
- age   7:       1536 bytes,    2289288 total
- age   8:       1232 bytes,    2290520 total
: 89287K->3003K(109248K), 0.0078053 secs] 111928K->25658K(502464K), 0.0079258 secs] [Times: user=0.03 sys=0.00, real=0.01 secs] 
Heap after GC invocations=36 (full 1):
 par new generation   total 109248K, used 3003K [0x00000000e0000000, 0x00000000e8000000, 0x00000000e8000000)
  eden space 87424K,   0% used [0x00000000e0000000, 0x00000000e0000000, 0x00000000e5560000)
  from space 21824K,  13% used [0x00000000e5560000, 0x00000000e584eff0, 0x00000000e6ab0000)
  to   space 21824K,   0% used [0x00000000e6ab0000, 0x00000000e6ab0000, 0x00000000e8000000)
 concurrent mark-sweep generation total 393216K, used 22654K [0x00000000e8000000, 0x0000000100000000, 0x0000000100000000)
 Metaspace       used 36400K, capacity 37448K, committed 37732K, reserved 1083392K
  class space    used 4390K, capacity 4670K, committed 4708K, reserved 1048576K
}
2017-11-26T21:53:15.206+0100: 3608.663: Total time for which application threads were stopped: 0.0082262 seconds, Stopping threads took: 0.0000560 seconds
2017-11-26T21:53:15.224+0100: 3608.681: Total time for which application threads were stopped: 0.0002391 seconds, Stopping threads took: 0.0001493 seconds
2017-11-26T21:53:15.225+0100: 3608.683: Total time for which application threads were stopped: 0.0008622 seconds, Stopping threads took: 0.0000471 seconds
{Heap before GC invocations=36 (full 1):
 par new generation   total 109248K, used 90427K [0x00000000e0000000, 0x00000000e8000000, 0x00000000e8000000)
  eden space 87424K, 100% used [0x00000000e0000000, 0x00000000e5560000, 0x00000000e5560000)
  from space 21824K,  13% used [0x00000000e5560000, 0x00000000e584eff0, 0x00000000e6ab0000)
  to   space 21824K,   0% used [0x00000000e6ab0000, 0x00000000e6ab0000, 0x00000000e8000000)
 concurrent mark-sweep generation total 393216K, used 22654K [0x00000000e8000000, 0x0000000100000000, 0x0000000100000000)
 Metaspace       used 36563K, capacity 37578K, committed 37732K, reserved 1083392K
  class space    used 4406K, capacity 4671K, committed 4708K, reserved 1048576K
2017-11-26T21:53:15.507+0100: 3608.965: [GC (Allocation Failure) 2017-11-26T21:53:15.508+0100: 3608.965: [ParNew
Desired survivor size 20112992 bytes, new threshold 8 (max 8)
- age   1:     753392 bytes,     753392 total
- age   2:      45408 bytes,     798800 total
- age   3:      34664 bytes,     833464 total
- age   4:      50712 bytes,     884176 total
- age   5:      17768 bytes,     901944 total
- age   6:      38616 bytes,     940560 total
- age   7:       7800 bytes,     948360 total
- age   8:       1536 bytes,     949896 total
: 90427K->1708K(109248K), 0.0041804 secs] 113082K->24364K(502464K), 0.0044596 secs] [Times: user=0.00 sys=0.00, real=0.01 secs] 
Heap after GC invocations=37 (full 1):
 par new generation   total 109248K, used 1708K [0x00000000e0000000, 0x00000000e8000000, 0x00000000e8000000)
  eden space 87424K,   0% used [0x00000000e0000000, 0x00000000e0000000, 0x00000000e5560000)
  from space 21824K,   7% used [0x00000000e6ab0000, 0x00000000e6c5b350, 0x00000000e8000000)
  to   space 21824K,   0% used [0x00000000e5560000, 0x00000000e5560000, 0x00000000e6ab0000)
 concurrent mark-sweep generation total 393216K, used 22655K [0x00000000e8000000, 0x0000000100000000, 0x0000000100000000)
 Metaspace       used 36563K, capacity 37578K, committed 37732K, reserved 1083392K
  class space    used 4406K, capacity 4671K, committed 4708K, reserved 1048576K
}
2017-11-26T21:53:15.512+0100: 3608.970: Total time for which application threads were stopped: 0.0049969 seconds, Stopping threads took: 0.0000302 seconds
2017-11-26T21:53:16.513+0100: 3609.971: Total time for which application threads were stopped: 0.0001809 seconds, Stopping threads took: 0.0000858 seconds
{Heap before GC invocations=37 (full 1):
 par new generation   total 109248K, used 89132K [0x00000000e0000000, 0x00000000e8000000, 0x00000000e8000000)
  eden space 87424K, 100% used [0x00000000e0000000, 0x00000000e5560000, 0x00000000e5560000)
  from space 21824K,   7% used [0x00000000e6ab0000, 0x00000000e6c5b350, 0x00000000e8000000)
  to   space 21824K,   0% used [0x00000000e5560000, 0x00000000e5560000, 0x00000000e6ab0000)
 concurrent mark-sweep generation total 393216K, used 22655K [0x00000000e8000000, 0x0000000100000000, 0x0000000100000000)
 Metaspace       used 36650K, capacity 37654K, committed 37732K, reserved 1083392K
  class space    used 4416K, capacity 4671K, committed 4708K, reserved 1048576K
2017-11-26T21:53:16.537+0100: 3609.995: [GC (Allocation Failure) 2017-11-26T21:53:16.537+0100: 3609.995: [ParNew
Desired survivor size 20112992 bytes, new threshold 8 (max 8)
- age   1:     316112 bytes,     316112 total
- age   2:      19848 bytes,     335960 total
- age   3:      44264 bytes,     380224 total
- age   4:      34664 bytes,     414888 total
- age   5:      50712 bytes,     465600 total
- age   6:      17768 bytes,     483368 total
- age   7:      38616 bytes,     521984 total
- age   8:       7800 bytes,     529784 total
: 89132K->802K(109248K), 0.0057676 secs] 111788K->23459K(502464K), 0.0059249 secs] [Times: user=0.00 sys=0.00, real=0.01 secs] 
Heap after GC invocations=38 (full 1):
 par new generation   total 109248K, used 802K [0x00000000e0000000, 0x00000000e8000000, 0x00000000e8000000)
  eden space 87424K,   0% used [0x00000000e0000000, 0x00000000e0000000, 0x00000000e5560000)
  from space 21824K,   3% used [0x00000000e5560000, 0x00000000e5628b08, 0x00000000e6ab0000)
  to   space 21824K,   0% used [0x00000000e6ab0000, 0x00000000e6ab0000, 0x00000000e8000000)
 concurrent mark-sweep generation total 393216K, used 22656K [0x00000000e8000000, 0x0000000100000000, 0x0000000100000000)
 Metaspace       used 36650K, capacity 37654K, committed 37732K, reserved 1083392K
  class space    used 4416K, capacity 4671K, committed 4708K, reserved 1048576K
}
2017-11-26T21:53:16.543+0100: 3610.001: Total time for which application threads were stopped: 0.0062560 seconds, Stopping threads took: 0.0000364 seconds
2017-11-26T21:53:17.543+0100: 3611.001: Total time for which application threads were stopped: 0.0002160 seconds, Stopping threads took: 0.0000658 seconds
2017-11-26T21:53:28.546+0100: 3622.004: Total time for which application threads were stopped: 0.0000956 seconds, Stopping threads took: 0.0000378 seconds
2017-11-26T21:53:32.548+0100: 3626.006: Total time for which application threads were stopped: 0.0006262 seconds, Stopping threads took: 0.0001947 seconds
{Heap before GC invocations=38 (full 1):
 par new generation   total 109248K, used 88226K [0x00000000e0000000, 0x00000000e8000000, 0x00000000e8000000)
  eden space 87424K, 100% used [0x00000000e0000000, 0x00000000e5560000, 0x00000000e5560000)
  from space 21824K,   3% used [0x00000000e5560000, 0x00000000e5628b08, 0x00000000e6ab0000)
  to   space 21824K,   0% used [0x00000000e6ab0000, 0x00000000e6ab0000, 0x00000000e8000000)
 concurrent mark-sweep generation total 393216K, used 22656K [0x00000000e8000000, 0x0000000100000000, 0x0000000100000000)
 Metaspace       used 36681K, capacity 37718K, committed 37988K, reserved 1083392K
  class space    used 4418K, capacity 4671K, committed 4708K, reserved 1048576K
2017-11-26T21:53:32.562+0100: 3626.020: [GC (Allocation Failure) 2017-11-26T21:53:32.562+0100: 3626.020: [ParNew
Desired survivor size 20112992 bytes, new threshold 8 (max 8)
- age   1:    1560392 bytes,    1560392 total
- age   2:      49672 bytes,    1610064 total
- age   3:      19328 bytes,    1629392 total
- age   4:      42696 bytes,    1672088 total
- age   5:      33496 bytes,    1705584 total
- age   6:      48408 bytes,    1753992 total
- age   7:      16296 bytes,    1770288 total
- age   8:      36768 bytes,    1807056 total
: 88226K->1923K(109248K), 0.0094204 secs] 110883K->24586K(502464K), 0.0096649 secs] [Times: user=0.00 sys=0.01, real=0.01 secs] 
Heap after GC invocations=39 (full 1):
 par new generation   total 109248K, used 1923K [0x00000000e0000000, 0x00000000e8000000, 0x00000000e8000000)
  eden space 87424K,   0% used [0x00000000e0000000, 0x00000000e0000000, 0x00000000e5560000)
  from space 21824K,   8% used [0x00000000e6ab0000, 0x00000000e6c90cb0, 0x00000000e8000000)
  to   space 21824K,   0% used [0x00000000e5560000, 0x00000000e5560000, 0x00000000e6ab0000)
 concurrent mark-sweep generation total 393216K, used 22663K [0x00000000e8000000, 0x0000000100000000, 0x0000000100000000)
 Metaspace       used 36681K, capacity 37718K, committed 37988K, reserved 1083392K
  class space    used 4418K, capacity 4671K, committed 4708K, reserved 1048576K
}
2017-11-26T21:53:32.572+0100: 3626.030: Total time for which application threads were stopped: 0.0100636 seconds, Stopping threads took: 0.0000876 seconds
2017-11-26T21:53:33.573+0100: 3627.030: Total time for which application threads were stopped: 0.0001840 seconds, Stopping threads took: 0.0000453 seconds
{Heap before GC invocations=39 (full 1):
 par new generation   total 109248K, used 89347K [0x00000000e0000000, 0x00000000e8000000, 0x00000000e8000000)
  eden space 87424K, 100% used [0x00000000e0000000, 0x00000000e5560000, 0x00000000e5560000)
  from space 21824K,   8% used [0x00000000e6ab0000, 0x00000000e6c90cb0, 0x00000000e8000000)
  to   space 21824K,   0% used [0x00000000e5560000, 0x00000000e5560000, 0x00000000e6ab0000)
 concurrent mark-sweep generation total 393216K, used 22663K [0x00000000e8000000, 0x0000000100000000, 0x0000000100000000)
 Metaspace       used 36691K, capacity 37718K, committed 37988K, reserved 1083392K
  class space    used 4418K, capacity 4671K, committed 4708K, reserved 1048576K
2017-11-26T21:53:48.419+0100: 3641.877: [GC (Allocation Failure) 2017-11-26T21:53:48.419+0100: 3641.877: [ParNew
Desired survivor size 20112992 bytes, new threshold 8 (max 8)
- age   1:     715184 bytes,     715184 total
- age   2:     127568 bytes,     842752 total
- age   3:      48768 bytes,     891520 total
- age   4:      19264 bytes,     910784 total
- age   5:      41872 bytes,     952656 total
- age   6:      33112 bytes,     985768 total
- age   7:      47336 bytes,    1033104 total
- age   8:      15816 bytes,    1048920 total
: 89347K->1835K(109248K), 0.0065209 secs] 112010K->24534K(502464K), 0.0066058 secs] [Times: user=0.06 sys=0.00, real=0.01 secs] 
Heap after GC invocations=40 (full 1):
 par new generation   total 109248K, used 1835K [0x00000000e0000000, 0x00000000e8000000, 0x00000000e8000000)
  eden space 87424K,   0% used [0x00000000e0000000, 0x00000000e0000000, 0x00000000e5560000)
  from space 21824K,   8% used [0x00000000e5560000, 0x00000000e572ac10, 0x00000000e6ab0000)
  to   space 21824K,   0% used [0x00000000e6ab0000, 0x00000000e6ab0000, 0x00000000e8000000)
 concurrent mark-sweep generation total 393216K, used 22699K [0x00000000e8000000, 0x0000000100000000, 0x0000000100000000)
 Metaspace       used 36691K, capacity 37718K, committed 37988K, reserved 1083392K
  class space    used 4418K, capacity 4671K, committed 4708K, reserved 1048576K
}
2017-11-26T21:53:48.426+0100: 3641.884: Total time for which application threads were stopped: 0.0068880 seconds, Stopping threads took: 0.0000400 seconds
2017-11-26T21:53:49.426+0100: 3642.884: Total time for which application threads were stopped: 0.0001809 seconds, Stopping threads took: 0.0000467 seconds
2017-11-26T21:53:50.426+0100: 3643.884: Total time for which application threads were stopped: 0.0001787 seconds, Stopping threads took: 0.0000453 seconds
2017-11-26T21:53:51.427+0100: 3644.885: Total time for which application threads were stopped: 0.0001867 seconds, Stopping threads took: 0.0000467 seconds
2017-11-26T21:53:53.427+0100: 3646.885: Total time for which application threads were stopped: 0.0000938 seconds, Stopping threads took: 0.0000196 seconds
2017-11-26T21:53:57.428+0100: 3650.886: Total time for which application threads were stopped: 0.0001871 seconds, Stopping threads took: 0.0000467 seconds
2017-11-26T21:54:04.431+0100: 3657.889: Total time for which application threads were stopped: 0.0002138 seconds, Stopping threads took: 0.0000467 seconds
2017-11-26T21:54:06.432+0100: 3659.890: Total time for which application threads were stopped: 0.0005027 seconds, Stopping threads took: 0.0001280 seconds
{Heap before GC invocations=40 (full 1):
 par new generation   total 109248K, used 89259K [0x00000000e0000000, 0x00000000e8000000, 0x00000000e8000000)
  eden space 87424K, 100% used [0x00000000e0000000, 0x00000000e5560000, 0x00000000e5560000)
  from space 21824K,   8% used [0x00000000e5560000, 0x00000000e572ac10, 0x00000000e6ab0000)
  to   space 21824K,   0% used [0x00000000e6ab0000, 0x00000000e6ab0000, 0x00000000e8000000)
 concurrent mark-sweep generation total 393216K, used 22699K [0x00000000e8000000, 0x0000000100000000, 0x0000000100000000)
 Metaspace       used 36751K, capacity 37846K, committed 37988K, reserved 1083392K
  class space    used 4418K, capacity 4671K, committed 4708K, reserved 1048576K
2017-11-26T21:54:06.663+0100: 3660.121: [GC (Allocation Failure) 2017-11-26T21:54:06.663+0100: 3660.121: [ParNew
Desired survivor size 20112992 bytes, new threshold 8 (max 8)
- age   1:    1284808 bytes,    1284808 total
- age   2:      80712 bytes,    1365520 total
- age   3:     127080 bytes,    1492600 total
- age   4:      48768 bytes,    1541368 total
- age   5:      19240 bytes,    1560608 total
- age   6:      41848 bytes,    1602456 total
- age   7:      33112 bytes,    1635568 total
- age   8:      47336 bytes,    1682904 total
: 89259K->1909K(109248K), 0.0084089 secs] 111958K->24623K(502464K), 0.0084876 secs] [Times: user=0.05 sys=0.00, real=0.01 secs] 
Heap after GC invocations=41 (full 1):
 par new generation   total 109248K, used 1909K [0x00000000e0000000, 0x00000000e8000000, 0x00000000e8000000)
  eden space 87424K,   0% used [0x00000000e0000000, 0x00000000e0000000, 0x00000000e5560000)
  from space 21824K,   8% used [0x00000000e6ab0000, 0x00000000e6c8d4d8, 0x00000000e8000000)
  to   space 21824K,   0% used [0x00000000e5560000, 0x00000000e5560000, 0x00000000e6ab0000)
 concurrent mark-sweep generation total 393216K, used 22714K [0x00000000e8000000, 0x0000000100000000, 0x0000000100000000)
 Metaspace       used 36751K, capacity 37846K, committed 37988K, reserved 1083392K
  class space    used 4418K, capacity 4671K, committed 4708K, reserved 1048576K
}
2017-11-26T21:54:06.672+0100: 3660.130: Total time for which application threads were stopped: 0.0086964 seconds, Stopping threads took: 0.0000244 seconds
2017-11-26T21:54:07.672+0100: 3661.129: Total time for which application threads were stopped: 0.0000880 seconds, Stopping threads took: 0.0000196 seconds
{Heap before GC invocations=41 (full 1):
 par new generation   total 109248K, used 89333K [0x00000000e0000000, 0x00000000e8000000, 0x00000000e8000000)
  eden space 87424K, 100% used [0x00000000e0000000, 0x00000000e5560000, 0x00000000e5560000)
  from space 21824K,   8% used [0x00000000e6ab0000, 0x00000000e6c8d4d8, 0x00000000e8000000)
  to   space 21824K,   0% used [0x00000000e5560000, 0x00000000e5560000, 0x00000000e6ab0000)
 concurrent mark-sweep generation total 393216K, used 22714K [0x00000000e8000000, 0x0000000100000000, 0x0000000100000000)
 Metaspace       used 36754K, capacity 37846K, committed 37988K, reserved 1083392K
  class space    used 4418K, capacity 4671K, committed 4708K, reserved 1048576K
2017-11-26T21:54:15.824+0100: 3669.282: [GC (Allocation Failure) 2017-11-26T21:54:15.824+0100: 3669.282: [ParNew
Desired survivor size 20112992 bytes, new threshold 8 (max 8)
- age   1:    1446400 bytes,    1446400 total
- age   2:      40704 bytes,    1487104 total
- age   3:      80672 bytes,    1567776 total
- age   4:     127080 bytes,    1694856 total
- age   5:      48768 bytes,    1743624 total
- age   6:      19216 bytes,    1762840 total
- age   7:      41824 bytes,    1804664 total
- age   8:      33112 bytes,    1837776 total
: 89333K->2293K(109248K), 0.0091409 secs] 112047K->25055K(502464K), 0.0093156 secs] [Times: user=0.06 sys=0.00, real=0.01 secs] 
Heap after GC invocations=42 (full 1):
 par new generation   total 109248K, used 2293K [0x00000000e0000000, 0x00000000e8000000, 0x00000000e8000000)
  eden space 87424K,   0% used [0x00000000e0000000, 0x00000000e0000000, 0x00000000e5560000)
  from space 21824K,  10% used [0x00000000e5560000, 0x00000000e579d7e8, 0x00000000e6ab0000)
  to   space 21824K,   0% used [0x00000000e6ab0000, 0x00000000e6ab0000, 0x00000000e8000000)
 concurrent mark-sweep generation total 393216K, used 22761K [0x00000000e8000000, 0x0000000100000000, 0x0000000100000000)
 Metaspace       used 36754K, capacity 37846K, committed 37988K, reserved 1083392K
  class space    used 4418K, capacity 4671K, committed 4708K, reserved 1048576K
}
2017-11-26T21:54:15.833+0100: 3669.291: Total time for which application threads were stopped: 0.0097533 seconds, Stopping threads took: 0.0000391 seconds
2017-11-26T21:54:18.834+0100: 3672.291: Total time for which application threads were stopped: 0.0002009 seconds, Stopping threads took: 0.0000533 seconds
2017-11-26T21:54:27.835+0100: 3681.293: Total time for which application threads were stopped: 0.0001747 seconds, Stopping threads took: 0.0000418 seconds
2017-11-26T21:54:34.837+0100: 3688.294: Total time for which application threads were stopped: 0.0001751 seconds, Stopping threads took: 0.0000462 seconds
2017-11-26T21:55:01.844+0100: 3715.302: Total time for which application threads were stopped: 0.0003231 seconds, Stopping threads took: 0.0000716 seconds
2017-11-26T21:55:03.845+0100: 3717.302: Total time for which application threads were stopped: 0.0002391 seconds, Stopping threads took: 0.0000493 seconds
{Heap before GC invocations=42 (full 1):
 par new generation   total 109248K, used 89717K [0x00000000e0000000, 0x00000000e8000000, 0x00000000e8000000)
  eden space 87424K, 100% used [0x00000000e0000000, 0x00000000e5560000, 0x00000000e5560000)
  from space 21824K,  10% used [0x00000000e5560000, 0x00000000e579d7e8, 0x00000000e6ab0000)
  to   space 21824K,   0% used [0x00000000e6ab0000, 0x00000000e6ab0000, 0x00000000e8000000)
 concurrent mark-sweep generation total 393216K, used 22761K [0x00000000e8000000, 0x0000000100000000, 0x0000000100000000)
 Metaspace       used 36820K, capacity 37910K, committed 37988K, reserved 1083392K
  class space    used 4418K, capacity 4671K, committed 4708K, reserved 1048576K
2017-11-26T21:55:04.543+0100: 3718.000: [GC (Allocation Failure) 2017-11-26T21:55:04.543+0100: 3718.001: [ParNew
Desired survivor size 20112992 bytes, new threshold 8 (max 8)
- age   1:     289512 bytes,     289512 total
- age   2:       3960 bytes,     293472 total
- age   3:      40136 bytes,     333608 total
- age   4:      80528 bytes,     414136 total
- age   5:     127048 bytes,     541184 total
- age   6:      48768 bytes,     589952 total
- age   7:      19216 bytes,     609168 total
- age   8:      41824 bytes,     650992 total
: 89717K->1673K(109248K), 0.0101218 secs] 112479K->24467K(502464K), 0.0102978 secs] [Times: user=0.06 sys=0.00, real=0.01 secs] 
Heap after GC invocations=43 (full 1):
 par new generation   total 109248K, used 1673K [0x00000000e0000000, 0x00000000e8000000, 0x00000000e8000000)
  eden space 87424K,   0% used [0x00000000e0000000, 0x00000000e0000000, 0x00000000e5560000)
  from space 21824K,   7% used [0x00000000e6ab0000, 0x00000000e6c52700, 0x00000000e8000000)
  to   space 21824K,   0% used [0x00000000e5560000, 0x00000000e5560000, 0x00000000e6ab0000)
 concurrent mark-sweep generation total 393216K, used 22793K [0x00000000e8000000, 0x0000000100000000, 0x0000000100000000)
 Metaspace       used 36820K, capacity 37910K, committed 37988K, reserved 1083392K
  class space    used 4418K, capacity 4671K, committed 4708K, reserved 1048576K
}
2017-11-26T21:55:04.553+0100: 3718.011: Total time for which application threads were stopped: 0.0107013 seconds, Stopping threads took: 0.0000489 seconds
2017-11-26T21:55:09.555+0100: 3723.012: Total time for which application threads were stopped: 0.0001169 seconds, Stopping threads took: 0.0000311 seconds
2017-11-26T21:55:10.555+0100: 3724.012: Total time for which application threads were stopped: 0.0001298 seconds, Stopping threads took: 0.0000360 seconds
2017-11-26T21:55:17.556+0100: 3731.014: Total time for which application threads were stopped: 0.0002596 seconds, Stopping threads took: 0.0001329 seconds
2017-11-26T21:56:14.571+0100: 3788.029: Total time for which application threads were stopped: 0.0001529 seconds, Stopping threads took: 0.0000364 seconds
2017-11-26T21:56:16.572+0100: 3790.030: Total time for which application threads were stopped: 0.0001791 seconds, Stopping threads took: 0.0000449 seconds
{Heap before GC invocations=43 (full 1):
 par new generation   total 109248K, used 89097K [0x00000000e0000000, 0x00000000e8000000, 0x00000000e8000000)
  eden space 87424K, 100% used [0x00000000e0000000, 0x00000000e5560000, 0x00000000e5560000)
  from space 21824K,   7% used [0x00000000e6ab0000, 0x00000000e6c52700, 0x00000000e8000000)
  to   space 21824K,   0% used [0x00000000e5560000, 0x00000000e5560000, 0x00000000e6ab0000)
 concurrent mark-sweep generation total 393216K, used 22793K [0x00000000e8000000, 0x0000000100000000, 0x0000000100000000)
 Metaspace       used 36844K, capacity 37974K, committed 38244K, reserved 1083392K
  class space    used 4418K, capacity 4671K, committed 4708K, reserved 1048576K
2017-11-26T21:56:17.177+0100: 3790.635: [GC (Allocation Failure) 2017-11-26T21:56:17.177+0100: 3790.635: [ParNew
Desired survivor size 20112992 bytes, new threshold 8 (max 8)
- age   1:     288560 bytes,     288560 total
- age   2:      16704 bytes,     305264 total
- age   3:       3688 bytes,     308952 total
- age   4:      39872 bytes,     348824 total
- age   5:      80176 bytes,     429000 total
- age   6:     127048 bytes,     556048 total
- age   7:      48768 bytes,     604816 total
- age   8:      19216 bytes,     624032 total
: 89097K->899K(109248K), 0.0135338 secs] 111891K->23733K(502464K), 0.0136858 secs] [Times: user=0.01 sys=0.00, real=0.01 secs] 
Heap after GC invocations=44 (full 1):
 par new generation   total 109248K, used 899K [0x00000000e0000000, 0x00000000e8000000, 0x00000000e8000000)
  eden space 87424K,   0% used [0x00000000e0000000, 0x00000000e0000000, 0x00000000e5560000)
  from space 21824K,   4% used [0x00000000e5560000, 0x00000000e5640c78, 0x00000000e6ab0000)
  to   space 21824K,   0% used [0x00000000e6ab0000, 0x00000000e6ab0000, 0x00000000e8000000)
 concurrent mark-sweep generation total 393216K, used 22834K [0x00000000e8000000, 0x0000000100000000, 0x0000000100000000)
 Metaspace       used 36844K, capacity 37974K, committed 38244K, reserved 1083392K
  class space    used 4418K, capacity 4671K, committed 4708K, reserved 1048576K
}
2017-11-26T21:56:17.191+0100: 3790.648: Total time for which application threads were stopped: 0.0141000 seconds, Stopping threads took: 0.0000369 seconds
2017-11-26T21:56:29.195+0100: 3802.652: Total time for which application threads were stopped: 0.0002351 seconds, Stopping threads took: 0.0000898 seconds
2017-11-26T21:56:40.198+0100: 3813.656: Total time for which application threads were stopped: 0.0001231 seconds, Stopping threads took: 0.0000556 seconds
2017-11-26T21:56:42.199+0100: 3815.656: Total time for which application threads were stopped: 0.0002258 seconds, Stopping threads took: 0.0000467 seconds
{Heap before GC invocations=44 (full 1):
 par new generation   total 109248K, used 88323K [0x00000000e0000000, 0x00000000e8000000, 0x00000000e8000000)
  eden space 87424K, 100% used [0x00000000e0000000, 0x00000000e5560000, 0x00000000e5560000)
  from space 21824K,   4% used [0x00000000e5560000, 0x00000000e5640c78, 0x00000000e6ab0000)
  to   space 21824K,   0% used [0x00000000e6ab0000, 0x00000000e6ab0000, 0x00000000e8000000)
 concurrent mark-sweep generation total 393216K, used 22834K [0x00000000e8000000, 0x0000000100000000, 0x0000000100000000)
 Metaspace       used 36919K, capacity 38038K, committed 38244K, reserved 1083392K
  class space    used 4418K, capacity 4671K, committed 4708K, reserved 1048576K
2017-11-26T21:56:58.144+0100: 3831.602: [GC (Allocation Failure) 2017-11-26T21:56:58.144+0100: 3831.602: [ParNew
Desired survivor size 20112992 bytes, new threshold 8 (max 8)
- age   1:    1393464 bytes,    1393464 total
- age   2:      26704 bytes,    1420168 total
- age   3:      16664 bytes,    1436832 total
- age   4:       3640 bytes,    1440472 total
- age   5:      39872 bytes,    1480344 total
- age   6:      80176 bytes,    1560520 total
- age   7:     127048 bytes,    1687568 total
- age   8:      48768 bytes,    1736336 total
: 88323K->1906K(109248K), 0.0047147 secs] 111157K->24760K(502464K), 0.0050604 secs] [Times: user=0.00 sys=0.00, real=0.00 secs] 
Heap after GC invocations=45 (full 1):
 par new generation   total 109248K, used 1906K [0x00000000e0000000, 0x00000000e8000000, 0x00000000e8000000)
  eden space 87424K,   0% used [0x00000000e0000000, 0x00000000e0000000, 0x00000000e5560000)
  from space 21824K,   8% used [0x00000000e6ab0000, 0x00000000e6c8ca08, 0x00000000e8000000)
  to   space 21824K,   0% used [0x00000000e5560000, 0x00000000e5560000, 0x00000000e6ab0000)
 concurrent mark-sweep generation total 393216K, used 22853K [0x00000000e8000000, 0x0000000100000000, 0x0000000100000000)
 Metaspace       used 36919K, capacity 38038K, committed 38244K, reserved 1083392K
  class space    used 4418K, capacity 4671K, committed 4708K, reserved 1048576K
}
2017-11-26T21:56:58.149+0100: 3831.607: Total time for which application threads were stopped: 0.0054338 seconds, Stopping threads took: 0.0000391 seconds
2017-11-26T21:57:01.150+0100: 3834.608: Total time for which application threads were stopped: 0.0001271 seconds, Stopping threads took: 0.0000280 seconds
2017-11-26T21:57:20.156+0100: 3853.614: Total time for which application threads were stopped: 0.0001538 seconds, Stopping threads took: 0.0000333 seconds
2017-11-26T21:57:23.157+0100: 3856.615: Total time for which application threads were stopped: 0.0001062 seconds, Stopping threads took: 0.0000538 seconds
2017-11-26T21:57:24.157+0100: 3857.615: Total time for which application threads were stopped: 0.0001720 seconds, Stopping threads took: 0.0000613 seconds
{Heap before GC invocations=45 (full 1):
 par new generation   total 109248K, used 89330K [0x00000000e0000000, 0x00000000e8000000, 0x00000000e8000000)
  eden space 87424K, 100% used [0x00000000e0000000, 0x00000000e5560000, 0x00000000e5560000)
  from space 21824K,   8% used [0x00000000e6ab0000, 0x00000000e6c8ca08, 0x00000000e8000000)
  to   space 21824K,   0% used [0x00000000e5560000, 0x00000000e5560000, 0x00000000e6ab0000)
 concurrent mark-sweep generation total 393216K, used 22853K [0x00000000e8000000, 0x0000000100000000, 0x0000000100000000)
 Metaspace       used 36925K, capacity 38038K, committed 38244K, reserved 1083392K
  class space    used 4418K, capacity 4671K, committed 4708K, reserved 1048576K
2017-11-26T21:57:25.556+0100: 3859.014: [GC (Allocation Failure) 2017-11-26T21:57:25.556+0100: 3859.014: [ParNew
Desired survivor size 20112992 bytes, new threshold 8 (max 8)
- age   1:    2105048 bytes,    2105048 total
- age   2:      10336 bytes,    2115384 total
- age   3:      26480 bytes,    2141864 total
- age   4:      16664 bytes,    2158528 total
- age   5:       3640 bytes,    2162168 total
- age   6:      39872 bytes,    2202040 total
- age   7:      80176 bytes,    2282216 total
- age   8:     127048 bytes,    2409264 total
: 89330K->3007K(109248K), 0.0046898 secs] 112184K->25909K(502464K), 0.0048720 secs] [Times: user=0.00 sys=0.00, real=0.01 secs] 
Heap after GC invocations=46 (full 1):
 par new generation   total 109248K, used 3007K [0x00000000e0000000, 0x00000000e8000000, 0x00000000e8000000)
  eden space 87424K,   0% used [0x00000000e0000000, 0x00000000e0000000, 0x00000000e5560000)
  from space 21824K,  13% used [0x00000000e5560000, 0x00000000e584fe30, 0x00000000e6ab0000)
  to   space 21824K,   0% used [0x00000000e6ab0000, 0x00000000e6ab0000, 0x00000000e8000000)
 concurrent mark-sweep generation total 393216K, used 22901K [0x00000000e8000000, 0x0000000100000000, 0x0000000100000000)
 Metaspace       used 36925K, capacity 38038K, committed 38244K, reserved 1083392K
  class space    used 4418K, capacity 4671K, committed 4708K, reserved 1048576K
}
2017-11-26T21:57:25.561+0100: 3859.019: Total time for which application threads were stopped: 0.0052222 seconds, Stopping threads took: 0.0000400 seconds
2017-11-26T21:57:26.562+0100: 3860.019: Total time for which application threads were stopped: 0.0000978 seconds, Stopping threads took: 0.0000391 seconds
2017-11-26T21:58:52.587+0100: 3946.045: Total time for which application threads were stopped: 0.0001582 seconds, Stopping threads took: 0.0000493 seconds
2017-11-26T21:58:57.588+0100: 3951.046: Total time for which application threads were stopped: 0.0001102 seconds, Stopping threads took: 0.0000236 seconds
{Heap before GC invocations=46 (full 1):
 par new generation   total 109248K, used 90431K [0x00000000e0000000, 0x00000000e8000000, 0x00000000e8000000)
  eden space 87424K, 100% used [0x00000000e0000000, 0x00000000e5560000, 0x00000000e5560000)
  from space 21824K,  13% used [0x00000000e5560000, 0x00000000e584fe30, 0x00000000e6ab0000)
  to   space 21824K,   0% used [0x00000000e6ab0000, 0x00000000e6ab0000, 0x00000000e8000000)
 concurrent mark-sweep generation total 393216K, used 22901K [0x00000000e8000000, 0x0000000100000000, 0x0000000100000000)
 Metaspace       used 36925K, capacity 38038K, committed 38244K, reserved 1083392K
  class space    used 4418K, capacity 4671K, committed 4708K, reserved 1048576K
2017-11-26T21:59:00.923+0100: 3954.381: [GC (Allocation Failure) 2017-11-26T21:59:00.923+0100: 3954.381: [ParNew
Desired survivor size 20112992 bytes, new threshold 8 (max 8)
- age   1:    1938528 bytes,    1938528 total
- age   2:       7080 bytes,    1945608 total
- age   3:      10128 bytes,    1955736 total
- age   4:      26336 bytes,    1982072 total
- age   5:      16664 bytes,    1998736 total
- age   6:       3640 bytes,    2002376 total
- age   7:      39872 bytes,    2042248 total
- age   8:      80176 bytes,    2122424 total
: 90431K->3672K(109248K), 0.0074458 secs] 113333K->26698K(502464K), 0.0075609 secs] [Times: user=0.00 sys=0.00, real=0.01 secs] 
Heap after GC invocations=47 (full 1):
 par new generation   total 109248K, used 3672K [0x00000000e0000000, 0x00000000e8000000, 0x00000000e8000000)
  eden space 87424K,   0% used [0x00000000e0000000, 0x00000000e0000000, 0x00000000e5560000)
  from space 21824K,  16% used [0x00000000e6ab0000, 0x00000000e6e46378, 0x00000000e8000000)
  to   space 21824K,   0% used [0x00000000e5560000, 0x00000000e5560000, 0x00000000e6ab0000)
 concurrent mark-sweep generation total 393216K, used 23025K [0x00000000e8000000, 0x0000000100000000, 0x0000000100000000)
 Metaspace       used 36925K, capacity 38038K, committed 38244K, reserved 1083392K
  class space    used 4418K, capacity 4671K, committed 4708K, reserved 1048576K
}
2017-11-26T21:59:00.930+0100: 3954.388: Total time for which application threads were stopped: 0.0078653 seconds, Stopping threads took: 0.0000342 seconds
2017-11-26T21:59:22.937+0100: 3976.395: Total time for which application threads were stopped: 0.0001227 seconds, Stopping threads took: 0.0000227 seconds
2017-11-26T21:59:25.938+0100: 3979.395: Total time for which application threads were stopped: 0.0000724 seconds, Stopping threads took: 0.0000200 seconds
{Heap before GC invocations=47 (full 1):
 par new generation   total 109248K, used 91096K [0x00000000e0000000, 0x00000000e8000000, 0x00000000e8000000)
  eden space 87424K, 100% used [0x00000000e0000000, 0x00000000e5560000, 0x00000000e5560000)
  from space 21824K,  16% used [0x00000000e6ab0000, 0x00000000e6e46378, 0x00000000e8000000)
  to   space 21824K,   0% used [0x00000000e5560000, 0x00000000e5560000, 0x00000000e6ab0000)
 concurrent mark-sweep generation total 393216K, used 23025K [0x00000000e8000000, 0x0000000100000000, 0x0000000100000000)
 Metaspace       used 36927K, capacity 38038K, committed 38244K, reserved 1083392K
  class space    used 4418K, capacity 4671K, committed 4708K, reserved 1048576K
2017-11-26T21:59:57.759+0100: 4011.217: [GC (Allocation Failure) 2017-11-26T21:59:57.759+0100: 4011.217: [ParNew
Desired survivor size 20112992 bytes, new threshold 8 (max 8)
- age   1:    1844024 bytes,    1844024 total
- age   2:       3840 bytes,    1847864 total
- age   3:       6376 bytes,    1854240 total
- age   4:      10128 bytes,    1864368 total
- age   5:      26336 bytes,    1890704 total
- age   6:      16664 bytes,    1907368 total
- age   7:       3640 bytes,    1911008 total
- age   8:      39872 bytes,    1950880 total
: 91096K->2346K(109248K), 0.0081529 secs] 114122K->25450K(502464K), 0.0083058 secs] [Times: user=0.05 sys=0.00, real=0.01 secs] 
Heap after GC invocations=48 (full 1):
 par new generation   total 109248K, used 2346K [0x00000000e0000000, 0x00000000e8000000, 0x00000000e8000000)
  eden space 87424K,   0% used [0x00000000e0000000, 0x00000000e0000000, 0x00000000e5560000)
  from space 21824K,  10% used [0x00000000e5560000, 0x00000000e57aa9e0, 0x00000000e6ab0000)
  to   space 21824K,   0% used [0x00000000e6ab0000, 0x00000000e6ab0000, 0x00000000e8000000)
 concurrent mark-sweep generation total 393216K, used 23104K [0x00000000e8000000, 0x0000000100000000, 0x0000000100000000)
 Metaspace       used 36927K, capacity 38038K, committed 38244K, reserved 1083392K
  class space    used 4418K, capacity 4671K, committed 4708K, reserved 1048576K
}
2017-11-26T21:59:57.767+0100: 4011.225: Total time for which application threads were stopped: 0.0085347 seconds, Stopping threads took: 0.0000449 seconds
2017-11-26T21:59:58.767+0100: 4012.225: Total time for which application threads were stopped: 0.0000862 seconds, Stopping threads took: 0.0000364 seconds
2017-11-26T22:01:39.798+0100: 4113.255: Total time for which application threads were stopped: 0.0001449 seconds, Stopping threads took: 0.0000302 seconds
{Heap before GC invocations=48 (full 1):
 par new generation   total 109248K, used 89770K [0x00000000e0000000, 0x00000000e8000000, 0x00000000e8000000)
  eden space 87424K, 100% used [0x00000000e0000000, 0x00000000e5560000, 0x00000000e5560000)
  from space 21824K,  10% used [0x00000000e5560000, 0x00000000e57aa9e0, 0x00000000e6ab0000)
  to   space 21824K,   0% used [0x00000000e6ab0000, 0x00000000e6ab0000, 0x00000000e8000000)
 concurrent mark-sweep generation total 393216K, used 23104K [0x00000000e8000000, 0x0000000100000000, 0x0000000100000000)
 Metaspace       used 36930K, capacity 38038K, committed 38244K, reserved 1083392K
  class space    used 4418K, capacity 4671K, committed 4708K, reserved 1048576K
2017-11-26T22:02:53.935+0100: 4187.393: [GC (Allocation Failure) 2017-11-26T22:02:53.935+0100: 4187.393: [ParNew
Desired survivor size 20112992 bytes, new threshold 8 (max 8)
- age   1:    1102640 bytes,    1102640 total
- age   2:       2800 bytes,    1105440 total
- age   3:       3800 bytes,    1109240 total
- age   4:       6152 bytes,    1115392 total
- age   5:      10128 bytes,    1125520 total
- age   6:      26336 bytes,    1151856 total
- age   7:      16664 bytes,    1168520 total
- age   8:       3640 bytes,    1172160 total
: 89770K->2111K(109248K), 0.0048053 secs] 112874K->25255K(502464K), 0.0049129 secs] [Times: user=0.06 sys=0.00, real=0.01 secs] 
Heap after GC invocations=49 (full 1):
 par new generation   total 109248K, used 2111K [0x00000000e0000000, 0x00000000e8000000, 0x00000000e8000000)
  eden space 87424K,   0% used [0x00000000e0000000, 0x00000000e0000000, 0x00000000e5560000)
  from space 21824K,   9% used [0x00000000e6ab0000, 0x00000000e6cbfff8, 0x00000000e8000000)
  to   space 21824K,   0% used [0x00000000e5560000, 0x00000000e5560000, 0x00000000e6ab0000)
 concurrent mark-sweep generation total 393216K, used 23143K [0x00000000e8000000, 0x0000000100000000, 0x0000000100000000)
 Metaspace       used 36930K, capacity 38038K, committed 38244K, reserved 1083392K
  class space    used 4418K, capacity 4671K, committed 4708K, reserved 1048576K
}
2017-11-26T22:02:53.940+0100: 4187.398: Total time for which application threads were stopped: 0.0052551 seconds, Stopping threads took: 0.0000636 seconds
2017-11-26T22:04:46.971+0100: 4300.428: Total time for which application threads were stopped: 0.0000987 seconds, Stopping threads took: 0.0000378 seconds
{Heap before GC invocations=49 (full 1):
 par new generation   total 109248K, used 89535K [0x00000000e0000000, 0x00000000e8000000, 0x00000000e8000000)
  eden space 87424K, 100% used [0x00000000e0000000, 0x00000000e5560000, 0x00000000e5560000)
  from space 21824K,   9% used [0x00000000e6ab0000, 0x00000000e6cbfff8, 0x00000000e8000000)
  to   space 21824K,   0% used [0x00000000e5560000, 0x00000000e5560000, 0x00000000e6ab0000)
 concurrent mark-sweep generation total 393216K, used 23143K [0x00000000e8000000, 0x0000000100000000, 0x0000000100000000)
 Metaspace       used 36933K, capacity 38038K, committed 38244K, reserved 1083392K
  class space    used 4418K, capacity 4671K, committed 4708K, reserved 1048576K
2017-11-26T22:06:07.440+0100: 4380.898: [GC (Allocation Failure) 2017-11-26T22:06:07.440+0100: 4380.898: [ParNew
Desired survivor size 20112992 bytes, new threshold 8 (max 8)
- age   1:    3486032 bytes,    3486032 total
- age   2:       1240 bytes,    3487272 total
- age   3:       2048 bytes,    3489320 total
- age   4:       3576 bytes,    3492896 total
- age   5:       5928 bytes,    3498824 total
- age   6:      10128 bytes,    3508952 total
- age   7:      26032 bytes,    3534984 total
- age   8:      16664 bytes,    3551648 total
: 89535K->3822K(109248K), 0.0068027 secs] 112679K->26969K(502464K), 0.0069191 secs] [Times: user=0.00 sys=0.00, real=0.01 secs] 
Heap after GC invocations=50 (full 1):
 par new generation   total 109248K, used 3822K [0x00000000e0000000, 0x00000000e8000000, 0x00000000e8000000)
  eden space 87424K,   0% used [0x00000000e0000000, 0x00000000e0000000, 0x00000000e5560000)
  from space 21824K,  17% used [0x00000000e5560000, 0x00000000e591b8c0, 0x00000000e6ab0000)
  to   space 21824K,   0% used [0x00000000e6ab0000, 0x00000000e6ab0000, 0x00000000e8000000)
 concurrent mark-sweep generation total 393216K, used 23146K [0x00000000e8000000, 0x0000000100000000, 0x0000000100000000)
 Metaspace       used 36933K, capacity 38038K, committed 38244K, reserved 1083392K
  class space    used 4418K, capacity 4671K, committed 4708K, reserved 1048576K
}
2017-11-26T22:06:07.447+0100: 4380.905: Total time for which application threads were stopped: 0.0072333 seconds, Stopping threads took: 0.0000373 seconds
2017-11-26T22:06:31.457+0100: 4404.915: Total time for which application threads were stopped: 0.0002262 seconds, Stopping threads took: 0.0001084 seconds
2017-11-26T22:06:32.457+0100: 4405.915: Total time for which application threads were stopped: 0.0001382 seconds, Stopping threads took: 0.0000302 seconds
{Heap before GC invocations=50 (full 1):
 par new generation   total 109248K, used 91246K [0x00000000e0000000, 0x00000000e8000000, 0x00000000e8000000)
  eden space 87424K, 100% used [0x00000000e0000000, 0x00000000e5560000, 0x00000000e5560000)
  from space 21824K,  17% used [0x00000000e5560000, 0x00000000e591b8c0, 0x00000000e6ab0000)
  to   space 21824K,   0% used [0x00000000e6ab0000, 0x00000000e6ab0000, 0x00000000e8000000)
 concurrent mark-sweep generation total 393216K, used 23146K [0x00000000e8000000, 0x0000000100000000, 0x0000000100000000)
 Metaspace       used 36978K, capacity 38038K, committed 38244K, reserved 1083392K
  class space    used 4418K, capacity 4671K, committed 4708K, reserved 1048576K
2017-11-26T22:06:33.170+0100: 4406.628: [GC (Allocation Failure) 2017-11-26T22:06:33.170+0100: 4406.628: [ParNew
Desired survivor size 20112992 bytes, new threshold 8 (max 8)
- age   1:    1146680 bytes,    1146680 total
- age   2:      53416 bytes,    1200096 total
- age   3:       1200 bytes,    1201296 total
- age   4:       2048 bytes,    1203344 total
- age   5:       3304 bytes,    1206648 total
- age   6:       5880 bytes,    1212528 total
- age   7:      10128 bytes,    1222656 total
- age   8:      26032 bytes,    1248688 total
: 91246K->2736K(109248K), 0.0068644 secs] 114393K->25899K(502464K), 0.0069996 secs] [Times: user=0.06 sys=0.00, real=0.01 secs] 
Heap after GC invocations=51 (full 1):
 par new generation   total 109248K, used 2736K [0x00000000e0000000, 0x00000000e8000000, 0x00000000e8000000)
  eden space 87424K,   0% used [0x00000000e0000000, 0x00000000e0000000, 0x00000000e5560000)
  from space 21824K,  12% used [0x00000000e6ab0000, 0x00000000e6d5c240, 0x00000000e8000000)
  to   space 21824K,   0% used [0x00000000e5560000, 0x00000000e5560000, 0x00000000e6ab0000)
 concurrent mark-sweep generation total 393216K, used 23163K [0x00000000e8000000, 0x0000000100000000, 0x0000000100000000)
 Metaspace       used 36978K, capacity 38038K, committed 38244K, reserved 1083392K
  class space    used 4418K, capacity 4671K, committed 4708K, reserved 1048576K
}
2017-11-26T22:06:33.177+0100: 4406.635: Total time for which application threads were stopped: 0.0073124 seconds, Stopping threads took: 0.0000382 seconds
{Heap before GC invocations=51 (full 1):
 par new generation   total 109248K, used 90160K [0x00000000e0000000, 0x00000000e8000000, 0x00000000e8000000)
  eden space 87424K, 100% used [0x00000000e0000000, 0x00000000e5560000, 0x00000000e5560000)
  from space 21824K,  12% used [0x00000000e6ab0000, 0x00000000e6d5c240, 0x00000000e8000000)
  to   space 21824K,   0% used [0x00000000e5560000, 0x00000000e5560000, 0x00000000e6ab0000)
 concurrent mark-sweep generation total 393216K, used 23163K [0x00000000e8000000, 0x0000000100000000, 0x0000000100000000)
 Metaspace       used 36978K, capacity 38038K, committed 38244K, reserved 1083392K
  class space    used 4418K, capacity 4671K, committed 4708K, reserved 1048576K
2017-11-26T22:07:18.907+0100: 4452.364: [GC (Allocation Failure) 2017-11-26T22:07:18.907+0100: 4452.365: [ParNew
Desired survivor size 20112992 bytes, new threshold 8 (max 8)
- age   1:      37448 bytes,      37448 total
- age   2:      38272 bytes,      75720 total
- age   3:      53112 bytes,     128832 total
- age   4:       1200 bytes,     130032 total
- age   5:       2048 bytes,     132080 total
- age   6:       3304 bytes,     135384 total
- age   7:       5880 bytes,     141264 total
- age   8:      10128 bytes,     151392 total
: 90160K->912K(109248K), 0.0056671 secs] 113323K->24101K(502464K), 0.0057867 secs] [Times: user=0.00 sys=0.00, real=0.01 secs] 
Heap after GC invocations=52 (full 1):
 par new generation   total 109248K, used 912K [0x00000000e0000000, 0x00000000e8000000, 0x00000000e8000000)
  eden space 87424K,   0% used [0x00000000e0000000, 0x00000000e0000000, 0x00000000e5560000)
  from space 21824K,   4% used [0x00000000e5560000, 0x00000000e5644300, 0x00000000e6ab0000)
  to   space 21824K,   0% used [0x00000000e6ab0000, 0x00000000e6ab0000, 0x00000000e8000000)
 concurrent mark-sweep generation total 393216K, used 23188K [0x00000000e8000000, 0x0000000100000000, 0x0000000100000000)
 Metaspace       used 36978K, capacity 38038K, committed 38244K, reserved 1083392K
  class space    used 4418K, capacity 4671K, committed 4708K, reserved 1048576K
}
2017-11-26T22:07:18.913+0100: 4452.370: Total time for which application threads were stopped: 0.0060187 seconds, Stopping threads took: 0.0000209 seconds
{Heap before GC invocations=52 (full 1):
 par new generation   total 109248K, used 88336K [0x00000000e0000000, 0x00000000e8000000, 0x00000000e8000000)
  eden space 87424K, 100% used [0x00000000e0000000, 0x00000000e5560000, 0x00000000e5560000)
  from space 21824K,   4% used [0x00000000e5560000, 0x00000000e5644300, 0x00000000e6ab0000)
  to   space 21824K,   0% used [0x00000000e6ab0000, 0x00000000e6ab0000, 0x00000000e8000000)
 concurrent mark-sweep generation total 393216K, used 23188K [0x00000000e8000000, 0x0000000100000000, 0x0000000100000000)
 Metaspace       used 36980K, capacity 38038K, committed 38244K, reserved 1083392K
  class space    used 4418K, capacity 4671K, committed 4708K, reserved 1048576K
2017-11-26T22:07:20.138+0100: 4453.595: [GC (Allocation Failure) 2017-11-26T22:07:20.138+0100: 4453.595: [ParNew
Desired survivor size 20112992 bytes, new threshold 8 (max 8)
- age   1:    2221144 bytes,    2221144 total
- age   2:       2416 bytes,    2223560 total
- age   3:      36672 bytes,    2260232 total
- age   4:      53112 bytes,    2313344 total
- age   5:       1200 bytes,    2314544 total
- age   6:       2048 bytes,    2316592 total
- age   7:       3304 bytes,    2319896 total
- age   8:       5880 bytes,    2325776 total
: 88336K->2362K(109248K), 0.0060164 secs] 111525K->25561K(502464K), 0.0061027 secs] [Times: user=0.06 sys=0.00, real=0.01 secs] 
Heap after GC invocations=53 (full 1):
 par new generation   total 109248K, used 2362K [0x00000000e0000000, 0x00000000e8000000, 0x00000000e8000000)
  eden space 87424K,   0% used [0x00000000e0000000, 0x00000000e0000000, 0x00000000e5560000)
  from space 21824K,  10% used [0x00000000e6ab0000, 0x00000000e6cfebc8, 0x00000000e8000000)
  to   space 21824K,   0% used [0x00000000e5560000, 0x00000000e5560000, 0x00000000e6ab0000)
 concurrent mark-sweep generation total 393216K, used 23198K [0x00000000e8000000, 0x0000000100000000, 0x0000000100000000)
 Metaspace       used 36980K, capacity 38038K, committed 38244K, reserved 1083392K
  class space    used 4418K, capacity 4671K, committed 4708K, reserved 1048576K
}
2017-11-26T22:07:20.144+0100: 4453.601: Total time for which application threads were stopped: 0.0063280 seconds, Stopping threads took: 0.0000333 seconds
{Heap before GC invocations=53 (full 1):
 par new generation   total 109248K, used 89786K [0x00000000e0000000, 0x00000000e8000000, 0x00000000e8000000)
  eden space 87424K, 100% used [0x00000000e0000000, 0x00000000e5560000, 0x00000000e5560000)
  from space 21824K,  10% used [0x00000000e6ab0000, 0x00000000e6cfebc8, 0x00000000e8000000)
  to   space 21824K,   0% used [0x00000000e5560000, 0x00000000e5560000, 0x00000000e6ab0000)
 concurrent mark-sweep generation total 393216K, used 23198K [0x00000000e8000000, 0x0000000100000000, 0x0000000100000000)
 Metaspace       used 37009K, capacity 38102K, committed 38244K, reserved 1083392K
  class space    used 4419K, capacity 4671K, committed 4708K, reserved 1048576K
2017-11-26T22:07:44.683+0100: 4478.141: [GC (Allocation Failure) 2017-11-26T22:07:44.683+0100: 4478.141: [ParNew
Desired survivor size 20112992 bytes, new threshold 8 (max 8)
- age   1:    1523320 bytes,    1523320 total
- age   2:      14288 bytes,    1537608 total
- age   3:       1936 bytes,    1539544 total
- age   4:      36672 bytes,    1576216 total
- age   5:      53112 bytes,    1629328 total
- age   6:       1200 bytes,    1630528 total
- age   7:       2048 bytes,    1632576 total
- age   8:       3304 bytes,    1635880 total
: 89786K->2321K(109248K), 0.0043427 secs] 112985K->25526K(502464K), 0.0045293 secs] [Times: user=0.02 sys=0.00, real=0.00 secs] 
Heap after GC invocations=54 (full 1):
 par new generation   total 109248K, used 2321K [0x00000000e0000000, 0x00000000e8000000, 0x00000000e8000000)
  eden space 87424K,   0% used [0x00000000e0000000, 0x00000000e0000000, 0x00000000e5560000)
  from space 21824K,  10% used [0x00000000e5560000, 0x00000000e57a47d0, 0x00000000e6ab0000)
  to   space 21824K,   0% used [0x00000000e6ab0000, 0x00000000e6ab0000, 0x00000000e8000000)
 concurrent mark-sweep generation total 393216K, used 23204K [0x00000000e8000000, 0x0000000100000000, 0x0000000100000000)
 Metaspace       used 37009K, capacity 38102K, committed 38244K, reserved 1083392K
  class space    used 4419K, capacity 4671K, committed 4708K, reserved 1048576K
}
2017-11-26T22:07:44.688+0100: 4478.145: Total time for which application threads were stopped: 0.0049156 seconds, Stopping threads took: 0.0000836 seconds
2017-11-26T22:07:45.688+0100: 4479.145: Total time for which application threads were stopped: 0.0001809 seconds, Stopping threads took: 0.0000427 seconds
{Heap before GC invocations=54 (full 1):
 par new generation   total 109248K, used 89745K [0x00000000e0000000, 0x00000000e8000000, 0x00000000e8000000)
  eden space 87424K, 100% used [0x00000000e0000000, 0x00000000e5560000, 0x00000000e5560000)
  from space 21824K,  10% used [0x00000000e5560000, 0x00000000e57a47d0, 0x00000000e6ab0000)
  to   space 21824K,   0% used [0x00000000e6ab0000, 0x00000000e6ab0000, 0x00000000e8000000)
 concurrent mark-sweep generation total 393216K, used 23204K [0x00000000e8000000, 0x0000000100000000, 0x0000000100000000)
 Metaspace       used 37087K, capacity 38166K, committed 38244K, reserved 1083392K
  class space    used 4419K, capacity 4671K, committed 4708K, reserved 1048576K
2017-11-26T22:08:02.425+0100: 4495.883: [GC (Allocation Failure) 2017-11-26T22:08:02.425+0100: 4495.883: [ParNew
Desired survivor size 20112992 bytes, new threshold 8 (max 8)
- age   1:    1180992 bytes,    1180992 total
- age   2:      25224 bytes,    1206216 total
- age   3:      13920 bytes,    1220136 total
- age   4:       1752 bytes,    1221888 total
- age   5:      36448 bytes,    1258336 total
- age   6:      53112 bytes,    1311448 total
- age   7:       1200 bytes,    1312648 total
- age   8:       2048 bytes,    1314696 total
: 89745K->1725K(109248K), 0.0047969 secs] 112950K->24933K(502464K), 0.0051489 secs] [Times: user=0.00 sys=0.00, real=0.01 secs] 
Heap after GC invocations=55 (full 1):
 par new generation   total 109248K, used 1725K [0x00000000e0000000, 0x00000000e8000000, 0x00000000e8000000)
  eden space 87424K,   0% used [0x00000000e0000000, 0x00000000e0000000, 0x00000000e5560000)
  from space 21824K,   7% used [0x00000000e6ab0000, 0x00000000e6c5f670, 0x00000000e8000000)
  to   space 21824K,   0% used [0x00000000e5560000, 0x00000000e5560000, 0x00000000e6ab0000)
 concurrent mark-sweep generation total 393216K, used 23207K [0x00000000e8000000, 0x0000000100000000, 0x0000000100000000)
 Metaspace       used 37087K, capacity 38166K, committed 38244K, reserved 1083392K
  class space    used 4419K, capacity 4671K, committed 4708K, reserved 1048576K
}
2017-11-26T22:08:02.430+0100: 4495.888: Total time for which application threads were stopped: 0.0060791 seconds, Stopping threads took: 0.0001707 seconds
2017-11-26T22:08:03.431+0100: 4496.889: Total time for which application threads were stopped: 0.0000987 seconds, Stopping threads took: 0.0000222 seconds
2017-11-26T22:08:05.432+0100: 4498.889: Total time for which application threads were stopped: 0.0000800 seconds, Stopping threads took: 0.0000204 seconds
{Heap before GC invocations=55 (full 1):
 par new generation   total 109248K, used 89149K [0x00000000e0000000, 0x00000000e8000000, 0x00000000e8000000)
  eden space 87424K, 100% used [0x00000000e0000000, 0x00000000e5560000, 0x00000000e5560000)
  from space 21824K,   7% used [0x00000000e6ab0000, 0x00000000e6c5f670, 0x00000000e8000000)
  to   space 21824K,   0% used [0x00000000e5560000, 0x00000000e5560000, 0x00000000e6ab0000)
 concurrent mark-sweep generation total 393216K, used 23207K [0x00000000e8000000, 0x0000000100000000, 0x0000000100000000)
 Metaspace       used 37087K, capacity 38166K, committed 38244K, reserved 1083392K
  class space    used 4419K, capacity 4671K, committed 4708K, reserved 1048576K
2017-11-26T22:09:28.096+0100: 4581.554: [GC (Allocation Failure) 2017-11-26T22:09:28.096+0100: 4581.554: [ParNew
Desired survivor size 20112992 bytes, new threshold 8 (max 8)
- age   1:    2000888 bytes,    2000888 total
- age   2:       4256 bytes,    2005144 total
- age   3:      24808 bytes,    2029952 total
- age   4:      13696 bytes,    2043648 total
- age   5:       1528 bytes,    2045176 total
- age   6:      36400 bytes,    2081576 total
- age   7:      52968 bytes,    2134544 total
- age   8:       1200 bytes,    2135744 total
: 89149K->2397K(109248K), 0.0057040 secs] 112357K->25607K(502464K), 0.0059613 secs] [Times: user=0.00 sys=0.00, real=0.01 secs] 
Heap after GC invocations=56 (full 1):
 par new generation   total 109248K, used 2397K [0x00000000e0000000, 0x00000000e8000000, 0x00000000e8000000)
  eden space 87424K,   0% used [0x00000000e0000000, 0x00000000e0000000, 0x00000000e5560000)
  from space 21824K,  10% used [0x00000000e5560000, 0x00000000e57b77a8, 0x00000000e6ab0000)
  to   space 21824K,   0% used [0x00000000e6ab0000, 0x00000000e6ab0000, 0x00000000e8000000)
 concurrent mark-sweep generation total 393216K, used 23209K [0x00000000e8000000, 0x0000000100000000, 0x0000000100000000)
 Metaspace       used 37087K, capacity 38166K, committed 38244K, reserved 1083392K
  class space    used 4419K, capacity 4671K, committed 4708K, reserved 1048576K
}
2017-11-26T22:09:28.102+0100: 4581.560: Total time for which application threads were stopped: 0.0066302 seconds, Stopping threads took: 0.0001293 seconds
2017-11-26T22:09:41.106+0100: 4594.564: Total time for which application threads were stopped: 0.0001800 seconds, Stopping threads took: 0.0000444 seconds
2017-11-26T22:10:27.117+0100: 4640.574: Total time for which application threads were stopped: 0.0000876 seconds, Stopping threads took: 0.0000262 seconds
{Heap before GC invocations=56 (full 1):
 par new generation   total 109248K, used 89807K [0x00000000e0000000, 0x00000000e8000000, 0x00000000e8000000)
  eden space 87424K,  99% used [0x00000000e0000000, 0x00000000e555c530, 0x00000000e5560000)
  from space 21824K,  10% used [0x00000000e5560000, 0x00000000e57b77a8, 0x00000000e6ab0000)
  to   space 21824K,   0% used [0x00000000e6ab0000, 0x00000000e6ab0000, 0x00000000e8000000)
 concurrent mark-sweep generation total 393216K, used 23209K [0x00000000e8000000, 0x0000000100000000, 0x0000000100000000)
 Metaspace       used 37088K, capacity 38166K, committed 38244K, reserved 1083392K
  class space    used 4419K, capacity 4671K, committed 4708K, reserved 1048576K
2017-11-26T22:12:08.236+0100: 4741.694: [GC (Allocation Failure) 2017-11-26T22:12:08.236+0100: 4741.694: [ParNew
Desired survivor size 20112992 bytes, new threshold 8 (max 8)
- age   1:     880624 bytes,     880624 total
- age   2:       1384 bytes,     882008 total
- age   3:       3696 bytes,     885704 total
- age   4:      23472 bytes,     909176 total
- age   5:      13472 bytes,     922648 total
- age   6:       1528 bytes,     924176 total
- age   7:      36400 bytes,     960576 total
- age   8:      52968 bytes,    1013544 total
: 89807K->2152K(109248K), 0.0133755 secs] 113017K->25363K(502464K), 0.0135555 secs] [Times: user=0.00 sys=0.00, real=0.01 secs] 
Heap after GC invocations=57 (full 1):
 par new generation   total 109248K, used 2152K [0x00000000e0000000, 0x00000000e8000000, 0x00000000e8000000)
  eden space 87424K,   0% used [0x00000000e0000000, 0x00000000e0000000, 0x00000000e5560000)
  from space 21824K,   9% used [0x00000000e6ab0000, 0x00000000e6cca368, 0x00000000e8000000)
  to   space 21824K,   0% used [0x00000000e5560000, 0x00000000e5560000, 0x00000000e6ab0000)
 concurrent mark-sweep generation total 393216K, used 23211K [0x00000000e8000000, 0x0000000100000000, 0x0000000100000000)
 Metaspace       used 37088K, capacity 38166K, committed 38244K, reserved 1083392K
  class space    used 4419K, capacity 4671K, committed 4708K, reserved 1048576K
}
2017-11-26T22:12:08.250+0100: 4741.707: Total time for which application threads were stopped: 0.0140364 seconds, Stopping threads took: 0.0000458 seconds
2017-11-26T22:12:31.410+0100: 4764.868: Total time for which application threads were stopped: 0.0003640 seconds, Stopping threads took: 0.0000556 seconds
2017-11-26T22:12:32.410+0100: 4765.868: Total time for which application threads were stopped: 0.0001613 seconds, Stopping threads took: 0.0000378 seconds
2017-11-26T22:12:53.016+0100: 4786.473: Total time for which application threads were stopped: 0.0004440 seconds, Stopping threads took: 0.0000471 seconds
2017-11-26T22:12:53.017+0100: 4786.474: Total time for which application threads were stopped: 0.0003693 seconds, Stopping threads took: 0.0000320 seconds
2017-11-26T22:12:53.017+0100: 4786.475: Total time for which application threads were stopped: 0.0003480 seconds, Stopping threads took: 0.0000324 seconds
2017-11-26T22:12:54.018+0100: 4787.475: Total time for which application threads were stopped: 0.0001689 seconds, Stopping threads took: 0.0000449 seconds
2017-11-26T22:13:49.035+0100: 4842.493: Total time for which application threads were stopped: 0.0002898 seconds, Stopping threads took: 0.0000738 seconds
2017-11-26T22:18:19.108+0100: 5112.566: Total time for which application threads were stopped: 0.0002644 seconds, Stopping threads took: 0.0000796 seconds
2017-11-26T22:18:48.117+0100: 5141.574: Total time for which application threads were stopped: 0.0001942 seconds, Stopping threads took: 0.0000449 seconds
{Heap before GC invocations=57 (full 1):
 par new generation   total 109248K, used 89576K [0x00000000e0000000, 0x00000000e8000000, 0x00000000e8000000)
  eden space 87424K, 100% used [0x00000000e0000000, 0x00000000e5560000, 0x00000000e5560000)
  from space 21824K,   9% used [0x00000000e6ab0000, 0x00000000e6cca368, 0x00000000e8000000)
  to   space 21824K,   0% used [0x00000000e5560000, 0x00000000e5560000, 0x00000000e6ab0000)
 concurrent mark-sweep generation total 393216K, used 23211K [0x00000000e8000000, 0x0000000100000000, 0x0000000100000000)
 Metaspace       used 37096K, capacity 38166K, committed 38244K, reserved 1083392K
  class space    used 4419K, capacity 4671K, committed 4708K, reserved 1048576K
2017-11-26T22:22:18.753+0100: 5352.211: [GC (Allocation Failure) 2017-11-26T22:22:18.753+0100: 5352.211: [ParNew
Desired survivor size 20112992 bytes, new threshold 8 (max 8)
- age   1:     282296 bytes,     282296 total
- age   2:      36280 bytes,     318576 total
- age   3:       1048 bytes,     319624 total
- age   4:       3624 bytes,     323248 total
- age   5:      23472 bytes,     346720 total
- age   6:      13472 bytes,     360192 total
- age   7:       1528 bytes,     361720 total
- age   8:      36400 bytes,     398120 total
: 89576K->770K(109248K), 0.0175529 secs] 112787K->24018K(502464K), 0.0177831 secs] [Times: user=0.02 sys=0.00, real=0.02 secs] 
Heap after GC invocations=58 (full 1):
 par new generation   total 109248K, used 770K [0x00000000e0000000, 0x00000000e8000000, 0x00000000e8000000)
  eden space 87424K,   0% used [0x00000000e0000000, 0x00000000e0000000, 0x00000000e5560000)
  from space 21824K,   3% used [0x00000000e5560000, 0x00000000e56208a0, 0x00000000e6ab0000)
  to   space 21824K,   0% used [0x00000000e6ab0000, 0x00000000e6ab0000, 0x00000000e8000000)
 concurrent mark-sweep generation total 393216K, used 23248K [0x00000000e8000000, 0x0000000100000000, 0x0000000100000000)
 Metaspace       used 37096K, capacity 38166K, committed 38244K, reserved 1083392K
  class space    used 4419K, capacity 4671K, committed 4708K, reserved 1048576K
}
2017-11-26T22:22:18.771+0100: 5352.229: Total time for which application threads were stopped: 0.0185075 seconds, Stopping threads took: 0.0000836 seconds
2017-11-26T22:22:19.772+0100: 5353.229: Total time for which application threads were stopped: 0.0001529 seconds, Stopping threads took: 0.0000316 seconds
2017-11-26T22:22:25.772+0100: 5359.230: Total time for which application threads were stopped: 0.0003373 seconds, Stopping threads took: 0.0000822 seconds
{Heap before GC invocations=58 (full 1):
 par new generation   total 109248K, used 88194K [0x00000000e0000000, 0x00000000e8000000, 0x00000000e8000000)
  eden space 87424K, 100% used [0x00000000e0000000, 0x00000000e5560000, 0x00000000e5560000)
  from space 21824K,   3% used [0x00000000e5560000, 0x00000000e56208a0, 0x00000000e6ab0000)
  to   space 21824K,   0% used [0x00000000e6ab0000, 0x00000000e6ab0000, 0x00000000e8000000)
 concurrent mark-sweep generation total 393216K, used 23248K [0x00000000e8000000, 0x0000000100000000, 0x0000000100000000)
 Metaspace       used 37096K, capacity 38166K, committed 38244K, reserved 1083392K
  class space    used 4419K, capacity 4671K, committed 4708K, reserved 1048576K
2017-11-26T22:22:27.322+0100: 5360.780: [GC (Allocation Failure) 2017-11-26T22:22:27.322+0100: 5360.780: [ParNew
Desired survivor size 20112992 bytes, new threshold 8 (max 8)
- age   1:    1880912 bytes,    1880912 total
- age   2:      85008 bytes,    1965920 total
- age   3:      36240 bytes,    2002160 total
- age   4:       1048 bytes,    2003208 total
- age   5:       3624 bytes,    2006832 total
- age   6:      23472 bytes,    2030304 total
- age   7:      13472 bytes,    2043776 total
- age   8:       1528 bytes,    2045304 total
: 88194K->2204K(109248K), 0.0094067 secs] 111442K->25489K(502464K), 0.0095289 secs] [Times: user=0.02 sys=0.00, real=0.01 secs] 
Heap after GC invocations=59 (full 1):
 par new generation   total 109248K, used 2204K [0x00000000e0000000, 0x00000000e8000000, 0x00000000e8000000)
  eden space 87424K,   0% used [0x00000000e0000000, 0x00000000e0000000, 0x00000000e5560000)
  from space 21824K,  10% used [0x00000000e6ab0000, 0x00000000e6cd73b0, 0x00000000e8000000)
  to   space 21824K,   0% used [0x00000000e5560000, 0x00000000e5560000, 0x00000000e6ab0000)
 concurrent mark-sweep generation total 393216K, used 23284K [0x00000000e8000000, 0x0000000100000000, 0x0000000100000000)
 Metaspace       used 37096K, capacity 38166K, committed 38244K, reserved 1083392K
  class space    used 4419K, capacity 4671K, committed 4708K, reserved 1048576K
}
2017-11-26T22:22:27.332+0100: 5360.790: Total time for which application threads were stopped: 0.0097991 seconds, Stopping threads took: 0.0000276 seconds
2017-11-26T22:22:28.332+0100: 5361.790: Total time for which application threads were stopped: 0.0001942 seconds, Stopping threads took: 0.0000649 seconds
2017-11-26T22:22:37.335+0100: 5370.793: Total time for which application threads were stopped: 0.0001249 seconds, Stopping threads took: 0.0000338 seconds
2017-11-26T22:22:38.335+0100: 5371.793: Total time for which application threads were stopped: 0.0001044 seconds, Stopping threads took: 0.0000440 seconds
{Heap before GC invocations=59 (full 1):
 par new generation   total 109248K, used 89628K [0x00000000e0000000, 0x00000000e8000000, 0x00000000e8000000)
  eden space 87424K, 100% used [0x00000000e0000000, 0x00000000e5560000, 0x00000000e5560000)
  from space 21824K,  10% used [0x00000000e6ab0000, 0x00000000e6cd73b0, 0x00000000e8000000)
  to   space 21824K,   0% used [0x00000000e5560000, 0x00000000e5560000, 0x00000000e6ab0000)
 concurrent mark-sweep generation total 393216K, used 23284K [0x00000000e8000000, 0x0000000100000000, 0x0000000100000000)
 Metaspace       used 37141K, capacity 38230K, committed 38500K, reserved 1083392K
  class space    used 4419K, capacity 4671K, committed 4708K, reserved 1048576K
2017-11-26T22:22:39.058+0100: 5372.515: [GC (Allocation Failure) 2017-11-26T22:22:39.058+0100: 5372.516: [ParNew
Desired survivor size 20112992 bytes, new threshold 8 (max 8)
- age   1:    1900184 bytes,    1900184 total
- age   2:       5872 bytes,    1906056 total
- age   3:      84664 bytes,    1990720 total
- age   4:      36240 bytes,    2026960 total
- age   5:       1048 bytes,    2028008 total
- age   6:       3624 bytes,    2031632 total
- age   7:      23472 bytes,    2055104 total
- age   8:      13472 bytes,    2068576 total
: 89628K->2581K(109248K), 0.0062258 secs] 112913K->25867K(502464K), 0.0064013 secs] [Times: user=0.01 sys=0.00, real=0.01 secs] 
Heap after GC invocations=60 (full 1):
 par new generation   total 109248K, used 2581K [0x00000000e0000000, 0x00000000e8000000, 0x00000000e8000000)
  eden space 87424K,   0% used [0x00000000e0000000, 0x00000000e0000000, 0x00000000e5560000)
  from space 21824K,  11% used [0x00000000e5560000, 0x00000000e57e56c0, 0x00000000e6ab0000)
  to   space 21824K,   0% used [0x00000000e6ab0000, 0x00000000e6ab0000, 0x00000000e8000000)
 concurrent mark-sweep generation total 393216K, used 23285K [0x00000000e8000000, 0x0000000100000000, 0x0000000100000000)
 Metaspace       used 37141K, capacity 38230K, committed 38500K, reserved 1083392K
  class space    used 4419K, capacity 4671K, committed 4708K, reserved 1048576K
}
2017-11-26T22:22:39.064+0100: 5372.522: Total time for which application threads were stopped: 0.0067453 seconds, Stopping threads took: 0.0000302 seconds
{Heap before GC invocations=60 (full 1):
 par new generation   total 109248K, used 90005K [0x00000000e0000000, 0x00000000e8000000, 0x00000000e8000000)
  eden space 87424K, 100% used [0x00000000e0000000, 0x00000000e5560000, 0x00000000e5560000)
  from space 21824K,  11% used [0x00000000e5560000, 0x00000000e57e56c0, 0x00000000e6ab0000)
  to   space 21824K,   0% used [0x00000000e6ab0000, 0x00000000e6ab0000, 0x00000000e8000000)
 concurrent mark-sweep generation total 393216K, used 23285K [0x00000000e8000000, 0x0000000100000000, 0x0000000100000000)
 Metaspace       used 37141K, capacity 38230K, committed 38500K, reserved 1083392K
  class space    used 4419K, capacity 4671K, committed 4708K, reserved 1048576K
2017-11-26T22:22:49.938+0100: 5383.396: [GC (Allocation Failure) 2017-11-26T22:22:49.938+0100: 5383.396: [ParNew
Desired survivor size 20112992 bytes, new threshold 8 (max 8)
- age   1:    2205856 bytes,    2205856 total
- age   2:      26776 bytes,    2232632 total
- age   3:       5832 bytes,    2238464 total
- age   4:      84088 bytes,    2322552 total
- age   5:      36240 bytes,    2358792 total
- age   6:       1048 bytes,    2359840 total
- age   7:       3624 bytes,    2363464 total
- age   8:      23472 bytes,    2386936 total
: 90005K->3296K(109248K), 0.0059236 secs] 113291K->26595K(502464K), 0.0059916 secs] [Times: user=0.00 sys=0.00, real=0.01 secs] 
Heap after GC invocations=61 (full 1):
 par new generation   total 109248K, used 3296K [0x00000000e0000000, 0x00000000e8000000, 0x00000000e8000000)
  eden space 87424K,   0% used [0x00000000e0000000, 0x00000000e0000000, 0x00000000e5560000)
  from space 21824K,  15% used [0x00000000e6ab0000, 0x00000000e6de8358, 0x00000000e8000000)
  to   space 21824K,   0% used [0x00000000e5560000, 0x00000000e5560000, 0x00000000e6ab0000)
 concurrent mark-sweep generation total 393216K, used 23298K [0x00000000e8000000, 0x0000000100000000, 0x0000000100000000)
 Metaspace       used 37141K, capacity 38230K, committed 38500K, reserved 1083392K
  class space    used 4419K, capacity 4671K, committed 4708K, reserved 1048576K
}
2017-11-26T22:22:49.944+0100: 5383.402: Total time for which application threads were stopped: 0.0062742 seconds, Stopping threads took: 0.0000609 seconds
{Heap before GC invocations=61 (full 1):
 par new generation   total 109248K, used 90720K [0x00000000e0000000, 0x00000000e8000000, 0x00000000e8000000)
  eden space 87424K, 100% used [0x00000000e0000000, 0x00000000e5560000, 0x00000000e5560000)
  from space 21824K,  15% used [0x00000000e6ab0000, 0x00000000e6de8358, 0x00000000e8000000)
  to   space 21824K,   0% used [0x00000000e5560000, 0x00000000e5560000, 0x00000000e6ab0000)
 concurrent mark-sweep generation total 393216K, used 23298K [0x00000000e8000000, 0x0000000100000000, 0x0000000100000000)
 Metaspace       used 37143K, capacity 38230K, committed 38500K, reserved 1083392K
  class space    used 4419K, capacity 4671K, committed 4708K, reserved 1048576K
2017-11-26T22:23:32.209+0100: 5425.666: [GC (Allocation Failure) 2017-11-26T22:23:32.209+0100: 5425.666: [ParNew
Desired survivor size 20112992 bytes, new threshold 8 (max 8)
- age   1:     273296 bytes,     273296 total
- age   2:       1400 bytes,     274696 total
- age   3:      25744 bytes,     300440 total
- age   4:       5832 bytes,     306272 total
- age   5:      83696 bytes,     389968 total
- age   6:      36240 bytes,     426208 total
- age   7:       1048 bytes,     427256 total
- age   8:       3624 bytes,     430880 total
: 90720K->1345K(109248K), 0.0040796 secs] 114019K->24666K(502464K), 0.0041813 secs] [Times: user=0.00 sys=0.00, real=0.00 secs] 
Heap after GC invocations=62 (full 1):
 par new generation   total 109248K, used 1345K [0x00000000e0000000, 0x00000000e8000000, 0x00000000e8000000)
  eden space 87424K,   0% used [0x00000000e0000000, 0x00000000e0000000, 0x00000000e5560000)
  from space 21824K,   6% used [0x00000000e5560000, 0x00000000e56b0460, 0x00000000e6ab0000)
  to   space 21824K,   0% used [0x00000000e6ab0000, 0x00000000e6ab0000, 0x00000000e8000000)
 concurrent mark-sweep generation total 393216K, used 23321K [0x00000000e8000000, 0x0000000100000000, 0x0000000100000000)
 Metaspace       used 37143K, capacity 38230K, committed 38500K, reserved 1083392K
  class space    used 4419K, capacity 4671K, committed 4708K, reserved 1048576K
}
2017-11-26T22:23:32.213+0100: 5425.670: Total time for which application threads were stopped: 0.0043840 seconds, Stopping threads took: 0.0000204 seconds
{Heap before GC invocations=62 (full 1):
 par new generation   total 109248K, used 88769K [0x00000000e0000000, 0x00000000e8000000, 0x00000000e8000000)
  eden space 87424K, 100% used [0x00000000e0000000, 0x00000000e5560000, 0x00000000e5560000)
  from space 21824K,   6% used [0x00000000e5560000, 0x00000000e56b0460, 0x00000000e6ab0000)
  to   space 21824K,   0% used [0x00000000e6ab0000, 0x00000000e6ab0000, 0x00000000e8000000)
 concurrent mark-sweep generation total 393216K, used 23321K [0x00000000e8000000, 0x0000000100000000, 0x0000000100000000)
 Metaspace       used 37143K, capacity 38230K, committed 38500K, reserved 1083392K
  class space    used 4419K, capacity 4671K, committed 4708K, reserved 1048576K
2017-11-26T22:23:32.518+0100: 5425.976: [GC (Allocation Failure) 2017-11-26T22:23:32.518+0100: 5425.976: [ParNew
Desired survivor size 20112992 bytes, new threshold 8 (max 8)
- age   1:    4086392 bytes,    4086392 total
- age   2:      15968 bytes,    4102360 total
- age   3:       1248 bytes,    4103608 total
- age   4:      25440 bytes,    4129048 total
- age   5:       5832 bytes,    4134880 total
- age   6:      69552 bytes,    4204432 total
- age   7:      36240 bytes,    4240672 total
- age   8:       1048 bytes,    4241720 total
: 88769K->4352K(109248K), 0.0060489 secs] 112090K->27677K(502464K), 0.0061409 secs] [Times: user=0.00 sys=0.00, real=0.01 secs] 
Heap after GC invocations=63 (full 1):
 par new generation   total 109248K, used 4352K [0x00000000e0000000, 0x00000000e8000000, 0x00000000e8000000)
  eden space 87424K,   0% used [0x00000000e0000000, 0x00000000e0000000, 0x00000000e5560000)
  from space 21824K,  19% used [0x00000000e6ab0000, 0x00000000e6ef0070, 0x00000000e8000000)
  to   space 21824K,   0% used [0x00000000e5560000, 0x00000000e5560000, 0x00000000e6ab0000)
 concurrent mark-sweep generation total 393216K, used 23325K [0x00000000e8000000, 0x0000000100000000, 0x0000000100000000)
 Metaspace       used 37143K, capacity 38230K, committed 38500K, reserved 1083392K
  class space    used 4419K, capacity 4671K, committed 4708K, reserved 1048576K
}
2017-11-26T22:23:32.524+0100: 5425.982: Total time for which application threads were stopped: 0.0063493 seconds, Stopping threads took: 0.0000196 seconds
{Heap before GC invocations=63 (full 1):
 par new generation   total 109248K, used 91776K [0x00000000e0000000, 0x00000000e8000000, 0x00000000e8000000)
  eden space 87424K, 100% used [0x00000000e0000000, 0x00000000e5560000, 0x00000000e5560000)
  from space 21824K,  19% used [0x00000000e6ab0000, 0x00000000e6ef0070, 0x00000000e8000000)
  to   space 21824K,   0% used [0x00000000e5560000, 0x00000000e5560000, 0x00000000e6ab0000)
 concurrent mark-sweep generation total 393216K, used 23325K [0x00000000e8000000, 0x0000000100000000, 0x0000000100000000)
 Metaspace       used 37143K, capacity 38230K, committed 38500K, reserved 1083392K
  class space    used 4419K, capacity 4671K, committed 4708K, reserved 1048576K
2017-11-26T22:24:58.550+0100: 5512.008: [GC (Allocation Failure) 2017-11-26T22:24:58.550+0100: 5512.008: [ParNew
Desired survivor size 20112992 bytes, new threshold 8 (max 8)
- age   1:     764088 bytes,     764088 total
- age   2:        976 bytes,     765064 total
- age   3:      15064 bytes,     780128 total
- age   4:       1176 bytes,     781304 total
- age   5:      25440 bytes,     806744 total
- age   6:       5832 bytes,     812576 total
- age   7:      54800 bytes,     867376 total
- age   8:      36240 bytes,     903616 total
: 91776K->2251K(109248K), 0.0066147 secs] 115101K->25577K(502464K), 0.0067258 secs] [Times: user=0.00 sys=0.00, real=0.01 secs] 
Heap after GC invocations=64 (full 1):
 par new generation   total 109248K, used 2251K [0x00000000e0000000, 0x00000000e8000000, 0x00000000e8000000)
  eden space 87424K,   0% used [0x00000000e0000000, 0x00000000e0000000, 0x00000000e5560000)
  from space 21824K,  10% used [0x00000000e5560000, 0x00000000e5792e18, 0x00000000e6ab0000)
  to   space 21824K,   0% used [0x00000000e6ab0000, 0x00000000e6ab0000, 0x00000000e8000000)
 concurrent mark-sweep generation total 393216K, used 23326K [0x00000000e8000000, 0x0000000100000000, 0x0000000100000000)
 Metaspace       used 37143K, capacity 38230K, committed 38500K, reserved 1083392K
  class space    used 4419K, capacity 4671K, committed 4708K, reserved 1048576K
}
2017-11-26T22:24:58.557+0100: 5512.014: Total time for which application threads were stopped: 0.0070351 seconds, Stopping threads took: 0.0000387 seconds
{Heap before GC invocations=64 (full 1):
 par new generation   total 109248K, used 89675K [0x00000000e0000000, 0x00000000e8000000, 0x00000000e8000000)
  eden space 87424K, 100% used [0x00000000e0000000, 0x00000000e5560000, 0x00000000e5560000)
  from space 21824K,  10% used [0x00000000e5560000, 0x00000000e5792e18, 0x00000000e6ab0000)
  to   space 21824K,   0% used [0x00000000e6ab0000, 0x00000000e6ab0000, 0x00000000e8000000)
 concurrent mark-sweep generation total 393216K, used 23326K [0x00000000e8000000, 0x0000000100000000, 0x0000000100000000)
 Metaspace       used 37143K, capacity 38230K, committed 38500K, reserved 1083392K
  class space    used 4419K, capacity 4671K, committed 4708K, reserved 1048576K
2017-11-26T22:25:27.431+0100: 5540.889: [GC (Allocation Failure) 2017-11-26T22:25:27.431+0100: 5540.889: [ParNew
Desired survivor size 20112992 bytes, new threshold 8 (max 8)
- age   1:    3190376 bytes,    3190376 total
- age   2:      17352 bytes,    3207728 total
- age   3:        896 bytes,    3208624 total
- age   4:      14392 bytes,    3223016 total
- age   5:       1176 bytes,    3224192 total
- age   6:      25216 bytes,    3249408 total
- age   7:       5832 bytes,    3255240 total
- age   8:      54800 bytes,    3310040 total
: 89675K->3531K(109248K), 0.0067729 secs] 113001K->26893K(502464K), 0.0069547 secs] [Times: user=0.00 sys=0.00, real=0.01 secs] 
Heap after GC invocations=65 (full 1):
 par new generation   total 109248K, used 3531K [0x00000000e0000000, 0x00000000e8000000, 0x00000000e8000000)
  eden space 87424K,   0% used [0x00000000e0000000, 0x00000000e0000000, 0x00000000e5560000)
  from space 21824K,  16% used [0x00000000e6ab0000, 0x00000000e6e22d80, 0x00000000e8000000)
  to   space 21824K,   0% used [0x00000000e5560000, 0x00000000e5560000, 0x00000000e6ab0000)
 concurrent mark-sweep generation total 393216K, used 23361K [0x00000000e8000000, 0x0000000100000000, 0x0000000100000000)
 Metaspace       used 37143K, capacity 38230K, committed 38500K, reserved 1083392K
  class space    used 4419K, capacity 4671K, committed 4708K, reserved 1048576K
}
2017-11-26T22:25:27.438+0100: 5540.896: Total time for which application threads were stopped: 0.0071924 seconds, Stopping threads took: 0.0000351 seconds
2017-11-26T22:26:37.459+0100: 5610.917: Total time for which application threads were stopped: 0.0000782 seconds, Stopping threads took: 0.0000222 seconds
2017-11-26T22:26:48.461+0100: 5621.919: Total time for which application threads were stopped: 0.0001102 seconds, Stopping threads took: 0.0000418 seconds
{Heap before GC invocations=65 (full 1):
 par new generation   total 109248K, used 90955K [0x00000000e0000000, 0x00000000e8000000, 0x00000000e8000000)
  eden space 87424K, 100% used [0x00000000e0000000, 0x00000000e5560000, 0x00000000e5560000)
  from space 21824K,  16% used [0x00000000e6ab0000, 0x00000000e6e22d80, 0x00000000e8000000)
  to   space 21824K,   0% used [0x00000000e5560000, 0x00000000e5560000, 0x00000000e6ab0000)
 concurrent mark-sweep generation total 393216K, used 23361K [0x00000000e8000000, 0x0000000100000000, 0x0000000100000000)
 Metaspace       used 37145K, capacity 38230K, committed 38500K, reserved 1083392K
  class space    used 4419K, capacity 4671K, committed 4708K, reserved 1048576K
2017-11-26T22:27:01.775+0100: 5635.233: [GC (Allocation Failure) 2017-11-26T22:27:01.775+0100: 5635.233: [ParNew
Desired survivor size 20112992 bytes, new threshold 8 (max 8)
- age   1:     106232 bytes,     106232 total
- age   2:      17296 bytes,     123528 total
- age   3:      16352 bytes,     139880 total
- age   4:        848 bytes,     140728 total
- age   5:      14392 bytes,     155120 total
- age   6:       1176 bytes,     156296 total
- age   7:      25216 bytes,     181512 total
- age   8:       5832 bytes,     187344 total
: 90955K->2645K(109248K), 0.0081707 secs] 114317K->26060K(502464K), 0.0084200 secs] [Times: user=0.03 sys=0.01, real=0.01 secs] 
Heap after GC invocations=66 (full 1):
 par new generation   total 109248K, used 2645K [0x00000000e0000000, 0x00000000e8000000, 0x00000000e8000000)
  eden space 87424K,   0% used [0x00000000e0000000, 0x00000000e0000000, 0x00000000e5560000)
  from space 21824K,  12% used [0x00000000e5560000, 0x00000000e57f5440, 0x00000000e6ab0000)
  to   space 21824K,   0% used [0x00000000e6ab0000, 0x00000000e6ab0000, 0x00000000e8000000)
 concurrent mark-sweep generation total 393216K, used 23415K [0x00000000e8000000, 0x0000000100000000, 0x0000000100000000)
 Metaspace       used 37145K, capacity 38230K, committed 38500K, reserved 1083392K
  class space    used 4419K, capacity 4671K, committed 4708K, reserved 1048576K
}
2017-11-26T22:27:01.783+0100: 5635.241: Total time for which application threads were stopped: 0.0087076 seconds, Stopping threads took: 0.0000796 seconds
{Heap before GC invocations=66 (full 1):
 par new generation   total 109248K, used 90069K [0x00000000e0000000, 0x00000000e8000000, 0x00000000e8000000)
  eden space 87424K, 100% used [0x00000000e0000000, 0x00000000e5560000, 0x00000000e5560000)
  from space 21824K,  12% used [0x00000000e5560000, 0x00000000e57f5440, 0x00000000e6ab0000)
  to   space 21824K,   0% used [0x00000000e6ab0000, 0x00000000e6ab0000, 0x00000000e8000000)
 concurrent mark-sweep generation total 393216K, used 23415K [0x00000000e8000000, 0x0000000100000000, 0x0000000100000000)
 Metaspace       used 37146K, capacity 38230K, committed 38500K, reserved 1083392K
  class space    used 4419K, capacity 4671K, committed 4708K, reserved 1048576K
2017-11-26T22:27:49.166+0100: 5682.623: [GC (Allocation Failure) 2017-11-26T22:27:49.166+0100: 5682.623: [ParNew
Desired survivor size 20112992 bytes, new threshold 8 (max 8)
- age   1:    1534384 bytes,    1534384 total
- age   2:       2176 bytes,    1536560 total
- age   3:      16096 bytes,    1552656 total
- age   4:      16272 bytes,    1568928 total
- age   5:        848 bytes,    1569776 total
- age   6:      14168 bytes,    1583944 total
- age   7:       1176 bytes,    1585120 total
- age   8:      25216 bytes,    1610336 total
: 90069K->1865K(109248K), 0.0099751 secs] 113484K->25286K(502464K), 0.0101364 secs] [Times: user=0.02 sys=0.00, real=0.01 secs] 
Heap after GC invocations=67 (full 1):
 par new generation   total 109248K, used 1865K [0x00000000e0000000, 0x00000000e8000000, 0x00000000e8000000)
  eden space 87424K,   0% used [0x00000000e0000000, 0x00000000e0000000, 0x00000000e5560000)
  from space 21824K,   8% used [0x00000000e6ab0000, 0x00000000e6c82678, 0x00000000e8000000)
  to   space 21824K,   0% used [0x00000000e5560000, 0x00000000e5560000, 0x00000000e6ab0000)
 concurrent mark-sweep generation total 393216K, used 23421K [0x00000000e8000000, 0x0000000100000000, 0x0000000100000000)
 Metaspace       used 37146K, capacity 38230K, committed 38500K, reserved 1083392K
  class space    used 4419K, capacity 4671K, committed 4708K, reserved 1048576K
}
2017-11-26T22:27:49.176+0100: 5682.634: Total time for which application threads were stopped: 0.0106462 seconds, Stopping threads took: 0.0000520 seconds
{Heap before GC invocations=67 (full 1):
 par new generation   total 109248K, used 89289K [0x00000000e0000000, 0x00000000e8000000, 0x00000000e8000000)
  eden space 87424K, 100% used [0x00000000e0000000, 0x00000000e5560000, 0x00000000e5560000)
  from space 21824K,   8% used [0x00000000e6ab0000, 0x00000000e6c82678, 0x00000000e8000000)
  to   space 21824K,   0% used [0x00000000e5560000, 0x00000000e5560000, 0x00000000e6ab0000)
 concurrent mark-sweep generation total 393216K, used 23421K [0x00000000e8000000, 0x0000000100000000, 0x0000000100000000)
 Metaspace       used 37147K, capacity 38230K, committed 38500K, reserved 1083392K
  class space    used 4419K, capacity 4671K, committed 4708K, reserved 1048576K
2017-11-26T22:27:57.010+0100: 5690.468: [GC (Allocation Failure) 2017-11-26T22:27:57.010+0100: 5690.468: [ParNew
Desired survivor size 20112992 bytes, new threshold 8 (max 8)
- age   1:    1962760 bytes,    1962760 total
- age   2:       5800 bytes,    1968560 total
- age   3:       1912 bytes,    1970472 total
- age   4:      16096 bytes,    1986568 total
- age   5:      16272 bytes,    2002840 total
- age   6:        848 bytes,    2003688 total
- age   7:      14168 bytes,    2017856 total
- age   8:       1176 bytes,    2019032 total
: 89289K->2698K(109248K), 0.0119751 secs] 112710K->26143K(502464K), 0.0121862 secs] [Times: user=0.06 sys=0.00, real=0.01 secs] 
Heap after GC invocations=68 (full 1):
 par new generation   total 109248K, used 2698K [0x00000000e0000000, 0x00000000e8000000, 0x00000000e8000000)
  eden space 87424K,   0% used [0x00000000e0000000, 0x00000000e0000000, 0x00000000e5560000)
  from space 21824K,  12% used [0x00000000e5560000, 0x00000000e58028c0, 0x00000000e6ab0000)
  to   space 21824K,   0% used [0x00000000e6ab0000, 0x00000000e6ab0000, 0x00000000e8000000)
 concurrent mark-sweep generation total 393216K, used 23445K [0x00000000e8000000, 0x0000000100000000, 0x0000000100000000)
 Metaspace       used 37147K, capacity 38230K, committed 38500K, reserved 1083392K
  class space    used 4419K, capacity 4671K, committed 4708K, reserved 1048576K
}
2017-11-26T22:27:57.022+0100: 5690.480: Total time for which application threads were stopped: 0.0125235 seconds, Stopping threads took: 0.0000378 seconds
{Heap before GC invocations=68 (full 1):
 par new generation   total 109248K, used 90122K [0x00000000e0000000, 0x00000000e8000000, 0x00000000e8000000)
  eden space 87424K, 100% used [0x00000000e0000000, 0x00000000e5560000, 0x00000000e5560000)
  from space 21824K,  12% used [0x00000000e5560000, 0x00000000e58028c0, 0x00000000e6ab0000)
  to   space 21824K,   0% used [0x00000000e6ab0000, 0x00000000e6ab0000, 0x00000000e8000000)
 concurrent mark-sweep generation total 393216K, used 23445K [0x00000000e8000000, 0x0000000100000000, 0x0000000100000000)
 Metaspace       used 37149K, capacity 38230K, committed 38500K, reserved 1083392K
  class space    used 4419K, capacity 4671K, committed 4708K, reserved 1048576K
2017-11-26T22:30:06.356+0100: 5819.814: [GC (Allocation Failure) 2017-11-26T22:30:06.356+0100: 5819.814: [ParNew
Desired survivor size 20112992 bytes, new threshold 8 (max 8)
- age   1:    1812200 bytes,    1812200 total
- age   2:       1928 bytes,    1814128 total
- age   3:       5008 bytes,    1819136 total
- age   4:       1912 bytes,    1821048 total
- age   5:      15928 bytes,    1836976 total
- age   6:       1736 bytes,    1838712 total
- age   7:        808 bytes,    1839520 total
- age   8:      14168 bytes,    1853688 total
: 90122K->2691K(109248K), 0.0049449 secs] 113567K->26138K(502464K), 0.0050356 secs] [Times: user=0.06 sys=0.00, real=0.01 secs] 
Heap after GC invocations=69 (full 1):
 par new generation   total 109248K, used 2691K [0x00000000e0000000, 0x00000000e8000000, 0x00000000e8000000)
  eden space 87424K,   0% used [0x00000000e0000000, 0x00000000e0000000, 0x00000000e5560000)
  from space 21824K,  12% used [0x00000000e6ab0000, 0x00000000e6d50e90, 0x00000000e8000000)
  to   space 21824K,   0% used [0x00000000e5560000, 0x00000000e5560000, 0x00000000e6ab0000)
 concurrent mark-sweep generation total 393216K, used 23446K [0x00000000e8000000, 0x0000000100000000, 0x0000000100000000)
 Metaspace       used 37149K, capacity 38230K, committed 38500K, reserved 1083392K
  class space    used 4419K, capacity 4671K, committed 4708K, reserved 1048576K
}
2017-11-26T22:30:06.361+0100: 5819.819: Total time for which application threads were stopped: 0.0053187 seconds, Stopping threads took: 0.0000329 seconds
2017-11-26T22:30:18.365+0100: 5831.823: Total time for which application threads were stopped: 0.0002422 seconds, Stopping threads took: 0.0000533 seconds
2017-11-26T22:30:27.368+0100: 5840.826: Total time for which application threads were stopped: 0.0002018 seconds, Stopping threads took: 0.0000467 seconds
2017-11-26T22:30:48.376+0100: 5861.833: Total time for which application threads were stopped: 0.0001116 seconds, Stopping threads took: 0.0000244 seconds
{Heap before GC invocations=69 (full 1):
 par new generation   total 109248K, used 90115K [0x00000000e0000000, 0x00000000e8000000, 0x00000000e8000000)
  eden space 87424K, 100% used [0x00000000e0000000, 0x00000000e5560000, 0x00000000e5560000)
  from space 21824K,  12% used [0x00000000e6ab0000, 0x00000000e6d50e90, 0x00000000e8000000)
  to   space 21824K,   0% used [0x00000000e5560000, 0x00000000e5560000, 0x00000000e6ab0000)
 concurrent mark-sweep generation total 393216K, used 23446K [0x00000000e8000000, 0x0000000100000000, 0x0000000100000000)
 Metaspace       used 37155K, capacity 38230K, committed 38500K, reserved 1083392K
  class space    used 4419K, capacity 4671K, committed 4708K, reserved 1048576K
2017-11-26T22:30:50.778+0100: 5864.236: [GC (Allocation Failure) 2017-11-26T22:30:50.778+0100: 5864.236: [ParNew
Desired survivor size 20112992 bytes, new threshold 8 (max 8)
- age   1:     334144 bytes,     334144 total
- age   2:      16680 bytes,     350824 total
- age   3:       1664 bytes,     352488 total
- age   4:       4336 bytes,     356824 total
- age   5:       1912 bytes,     358736 total
- age   6:      15928 bytes,     374664 total
- age   7:       1736 bytes,     376400 total
- age   8:        808 bytes,     377208 total
: 90115K->948K(109248K), 0.0151075 secs] 113562K->24408K(502464K), 0.0153138 secs] [Times: user=0.06 sys=0.00, real=0.01 secs] 
Heap after GC invocations=70 (full 1):
 par new generation   total 109248K, used 948K [0x00000000e0000000, 0x00000000e8000000, 0x00000000e8000000)
  eden space 87424K,   0% used [0x00000000e0000000, 0x00000000e0000000, 0x00000000e5560000)
  from space 21824K,   4% used [0x00000000e5560000, 0x00000000e564d000, 0x00000000e6ab0000)
  to   space 21824K,   0% used [0x00000000e6ab0000, 0x00000000e6ab0000, 0x00000000e8000000)
 concurrent mark-sweep generation total 393216K, used 23460K [0x00000000e8000000, 0x0000000100000000, 0x0000000100000000)
 Metaspace       used 37155K, capacity 38230K, committed 38500K, reserved 1083392K
  class space    used 4419K, capacity 4671K, committed 4708K, reserved 1048576K
}
2017-11-26T22:30:50.794+0100: 5864.251: Total time for which application threads were stopped: 0.0158475 seconds, Stopping threads took: 0.0000556 seconds
2017-11-26T22:30:52.795+0100: 5866.253: Total time for which application threads were stopped: 0.0002169 seconds, Stopping threads took: 0.0000471 seconds
2017-11-26T22:30:56.797+0100: 5870.254: Total time for which application threads were stopped: 0.0002804 seconds, Stopping threads took: 0.0001053 seconds
{Heap before GC invocations=70 (full 1):
 par new generation   total 109248K, used 88372K [0x00000000e0000000, 0x00000000e8000000, 0x00000000e8000000)
  eden space 87424K, 100% used [0x00000000e0000000, 0x00000000e5560000, 0x00000000e5560000)
  from space 21824K,   4% used [0x00000000e5560000, 0x00000000e564d000, 0x00000000e6ab0000)
  to   space 21824K,   0% used [0x00000000e6ab0000, 0x00000000e6ab0000, 0x00000000e8000000)
 concurrent mark-sweep generation total 393216K, used 23460K [0x00000000e8000000, 0x0000000100000000, 0x0000000100000000)
 Metaspace       used 37160K, capacity 38230K, committed 38500K, reserved 1083392K
  class space    used 4419K, capacity 4671K, committed 4708K, reserved 1048576K
2017-11-26T22:30:56.814+0100: 5870.272: [GC (Allocation Failure) 2017-11-26T22:30:56.815+0100: 5870.272: [ParNew
Desired survivor size 20112992 bytes, new threshold 8 (max 8)
- age   1:    1730664 bytes,    1730664 total
- age   2:       4136 bytes,    1734800 total
- age   3:      16640 bytes,    1751440 total
- age   4:       1664 bytes,    1753104 total
- age   5:       4336 bytes,    1757440 total
- age   6:       1912 bytes,    1759352 total
- age   7:      15928 bytes,    1775280 total
- age   8:       1736 bytes,    1777016 total
: 88372K->1874K(109248K), 0.0103351 secs] 111832K->25336K(502464K), 0.0105667 secs] [Times: user=0.00 sys=0.00, real=0.01 secs] 
Heap after GC invocations=71 (full 1):
 par new generation   total 109248K, used 1874K [0x00000000e0000000, 0x00000000e8000000, 0x00000000e8000000)
  eden space 87424K,   0% used [0x00000000e0000000, 0x00000000e0000000, 0x00000000e5560000)
  from space 21824K,   8% used [0x00000000e6ab0000, 0x00000000e6c84bf0, 0x00000000e8000000)
  to   space 21824K,   0% used [0x00000000e5560000, 0x00000000e5560000, 0x00000000e6ab0000)
 concurrent mark-sweep generation total 393216K, used 23461K [0x00000000e8000000, 0x0000000100000000, 0x0000000100000000)
 Metaspace       used 37160K, capacity 38230K, committed 38500K, reserved 1083392K
  class space    used 4419K, capacity 4671K, committed 4708K, reserved 1048576K
}
2017-11-26T22:30:56.825+0100: 5870.283: Total time for which application threads were stopped: 0.0109893 seconds, Stopping threads took: 0.0000364 seconds
2017-11-26T22:31:04.828+0100: 5878.286: Total time for which application threads were stopped: 0.0003689 seconds, Stopping threads took: 0.0000884 seconds
2017-11-26T22:33:07.868+0100: 6001.326: Total time for which application threads were stopped: 0.0001969 seconds, Stopping threads took: 0.0000502 seconds
{Heap before GC invocations=71 (full 1):
 par new generation   total 109248K, used 89298K [0x00000000e0000000, 0x00000000e8000000, 0x00000000e8000000)
  eden space 87424K, 100% used [0x00000000e0000000, 0x00000000e5560000, 0x00000000e5560000)
  from space 21824K,   8% used [0x00000000e6ab0000, 0x00000000e6c84bf0, 0x00000000e8000000)
  to   space 21824K,   0% used [0x00000000e5560000, 0x00000000e5560000, 0x00000000e6ab0000)
 concurrent mark-sweep generation total 393216K, used 23461K [0x00000000e8000000, 0x0000000100000000, 0x0000000100000000)
 Metaspace       used 37160K, capacity 38230K, committed 38500K, reserved 1083392K
  class space    used 4419K, capacity 4671K, committed 4708K, reserved 1048576K
2017-11-26T22:33:24.184+0100: 6017.641: [GC (Allocation Failure) 2017-11-26T22:33:24.184+0100: 6017.641: [ParNew
Desired survivor size 20112992 bytes, new threshold 8 (max 8)
- age   1:    1880600 bytes,    1880600 total
- age   2:      18424 bytes,    1899024 total
- age   3:       3920 bytes,    1902944 total
- age   4:       1816 bytes,    1904760 total
- age   5:       1568 bytes,    1906328 total
- age   6:       4080 bytes,    1910408 total
- age   7:       1912 bytes,    1912320 total
- age   8:       1496 bytes,    1913816 total
: 89298K->2676K(109248K), 0.0080658 secs] 112760K->26139K(502464K), 0.0081640 secs] [Times: user=0.02 sys=0.00, real=0.01 secs] 
Heap after GC invocations=72 (full 1):
 par new generation   total 109248K, used 2676K [0x00000000e0000000, 0x00000000e8000000, 0x00000000e8000000)
  eden space 87424K,   0% used [0x00000000e0000000, 0x00000000e0000000, 0x00000000e5560000)
  from space 21824K,  12% used [0x00000000e5560000, 0x00000000e57fd140, 0x00000000e6ab0000)
  to   space 21824K,   0% used [0x00000000e6ab0000, 0x00000000e6ab0000, 0x00000000e8000000)
 concurrent mark-sweep generation total 393216K, used 23463K [0x00000000e8000000, 0x0000000100000000, 0x0000000100000000)
 Metaspace       used 37160K, capacity 38230K, committed 38500K, reserved 1083392K
  class space    used 4419K, capacity 4671K, committed 4708K, reserved 1048576K
}
2017-11-26T22:33:24.192+0100: 6017.650: Total time for which application threads were stopped: 0.0085631 seconds, Stopping threads took: 0.0000267 seconds
2017-11-26T22:33:25.193+0100: 6018.650: Total time for which application threads were stopped: 0.0002044 seconds, Stopping threads took: 0.0000458 seconds
2017-11-26T22:35:37.230+0100: 6150.688: Total time for which application threads were stopped: 0.0002778 seconds, Stopping threads took: 0.0000711 seconds
2017-11-26T22:35:57.237+0100: 6170.695: Total time for which application threads were stopped: 0.0000858 seconds, Stopping threads took: 0.0000213 seconds
{Heap before GC invocations=72 (full 1):
 par new generation   total 109248K, used 90100K [0x00000000e0000000, 0x00000000e8000000, 0x00000000e8000000)
  eden space 87424K, 100% used [0x00000000e0000000, 0x00000000e5560000, 0x00000000e5560000)
  from space 21824K,  12% used [0x00000000e5560000, 0x00000000e57fd140, 0x00000000e6ab0000)
  to   space 21824K,   0% used [0x00000000e6ab0000, 0x00000000e6ab0000, 0x00000000e8000000)
 concurrent mark-sweep generation total 393216K, used 23463K [0x00000000e8000000, 0x0000000100000000, 0x0000000100000000)
 Metaspace       used 37165K, capacity 38230K, committed 38500K, reserved 1083392K
  class space    used 4419K, capacity 4671K, committed 4708K, reserved 1048576K
2017-11-26T22:39:00.456+0100: 6353.913: [GC (Allocation Failure) 2017-11-26T22:39:00.456+0100: 6353.914: [ParNew
Desired survivor size 20112992 bytes, new threshold 8 (max 8)
- age   1:    1001880 bytes,    1001880 total
- age   2:      12112 bytes,    1013992 total
- age   3:      17488 bytes,    1031480 total
- age   4:       3920 bytes,    1035400 total
- age   5:       1776 bytes,    1037176 total
- age   6:       1568 bytes,    1038744 total
- age   7:       4080 bytes,    1042824 total
- age   8:       1912 bytes,    1044736 total
: 90100K->1553K(109248K), 0.0174467 secs] 113563K->25017K(502464K), 0.0176502 secs] [Times: user=0.00 sys=0.00, real=0.02 secs] 
Heap after GC invocations=73 (full 1):
 par new generation   total 109248K, used 1553K [0x00000000e0000000, 0x00000000e8000000, 0x00000000e8000000)
  eden space 87424K,   0% used [0x00000000e0000000, 0x00000000e0000000, 0x00000000e5560000)
  from space 21824K,   7% used [0x00000000e6ab0000, 0x00000000e6c34470, 0x00000000e8000000)
  to   space 21824K,   0% used [0x00000000e5560000, 0x00000000e5560000, 0x00000000e6ab0000)
 concurrent mark-sweep generation total 393216K, used 23464K [0x00000000e8000000, 0x0000000100000000, 0x0000000100000000)
 Metaspace       used 37165K, capacity 38230K, committed 38500K, reserved 1083392K
  class space    used 4419K, capacity 4671K, committed 4708K, reserved 1048576K
}
2017-11-26T22:39:00.473+0100: 6353.931: Total time for which application threads were stopped: 0.0182822 seconds, Stopping threads took: 0.0000707 seconds
2017-11-26T22:39:07.475+0100: 6360.933: Total time for which application threads were stopped: 0.0001653 seconds, Stopping threads took: 0.0000382 seconds
{Heap before GC invocations=73 (full 1):
 par new generation   total 109248K, used 88977K [0x00000000e0000000, 0x00000000e8000000, 0x00000000e8000000)
  eden space 87424K, 100% used [0x00000000e0000000, 0x00000000e5560000, 0x00000000e5560000)
  from space 21824K,   7% used [0x00000000e6ab0000, 0x00000000e6c34470, 0x00000000e8000000)
  to   space 21824K,   0% used [0x00000000e5560000, 0x00000000e5560000, 0x00000000e6ab0000)
 concurrent mark-sweep generation total 393216K, used 23464K [0x00000000e8000000, 0x0000000100000000, 0x0000000100000000)
 Metaspace       used 37165K, capacity 38230K, committed 38500K, reserved 1083392K
  class space    used 4419K, capacity 4671K, committed 4708K, reserved 1048576K
2017-11-26T22:39:12.380+0100: 6365.838: [GC (Allocation Failure) 2017-11-26T22:39:12.380+0100: 6365.838: [ParNew
Desired survivor size 20112992 bytes, new threshold 8 (max 8)
- age   1:    1727728 bytes,    1727728 total
- age   2:      94160 bytes,    1821888 total
- age   3:      12032 bytes,    1833920 total
- age   4:      17488 bytes,    1851408 total
- age   5:       3920 bytes,    1855328 total
- age   6:       1776 bytes,    1857104 total
- age   7:       1568 bytes,    1858672 total
- age   8:       4080 bytes,    1862752 total
: 88977K->2184K(109248K), 0.0074982 secs] 112441K->25650K(502464K), 0.0075920 secs] [Times: user=0.00 sys=0.00, real=0.01 secs] 
Heap after GC invocations=74 (full 1):
 par new generation   total 109248K, used 2184K [0x00000000e0000000, 0x00000000e8000000, 0x00000000e8000000)
  eden space 87424K,   0% used [0x00000000e0000000, 0x00000000e0000000, 0x00000000e5560000)
  from space 21824K,  10% used [0x00000000e5560000, 0x00000000e5782068, 0x00000000e6ab0000)
  to   space 21824K,   0% used [0x00000000e6ab0000, 0x00000000e6ab0000, 0x00000000e8000000)
 concurrent mark-sweep generation total 393216K, used 23466K [0x00000000e8000000, 0x0000000100000000, 0x0000000100000000)
 Metaspace       used 37165K, capacity 38230K, committed 38500K, reserved 1083392K
  class space    used 4419K, capacity 4671K, committed 4708K, reserved 1048576K
}
2017-11-26T22:39:12.388+0100: 6365.846: Total time for which application threads were stopped: 0.0079951 seconds, Stopping threads took: 0.0000613 seconds
2017-11-26T22:39:13.388+0100: 6366.846: Total time for which application threads were stopped: 0.0000804 seconds, Stopping threads took: 0.0000231 seconds
2017-11-26T22:39:13.945+0100: 6367.403: Total time for which application threads were stopped: 0.0001996 seconds, Stopping threads took: 0.0000307 seconds
2017-11-26T22:39:13.945+0100: 6367.403: Total time for which application threads were stopped: 0.0001636 seconds, Stopping threads took: 0.0000258 seconds
2017-11-26T22:39:13.949+0100: 6367.407: Total time for which application threads were stopped: 0.0002320 seconds, Stopping threads took: 0.0000351 seconds
2017-11-26T22:39:14.949+0100: 6368.407: Total time for which application threads were stopped: 0.0001618 seconds, Stopping threads took: 0.0000400 seconds
2017-11-26T22:39:16.949+0100: 6370.407: Total time for which application threads were stopped: 0.0000827 seconds, Stopping threads took: 0.0000244 seconds
{Heap before GC invocations=74 (full 1):
 par new generation   total 109248K, used 89608K [0x00000000e0000000, 0x00000000e8000000, 0x00000000e8000000)
  eden space 87424K, 100% used [0x00000000e0000000, 0x00000000e5560000, 0x00000000e5560000)
  from space 21824K,  10% used [0x00000000e5560000, 0x00000000e5782068, 0x00000000e6ab0000)
  to   space 21824K,   0% used [0x00000000e6ab0000, 0x00000000e6ab0000, 0x00000000e8000000)
 concurrent mark-sweep generation total 393216K, used 23466K [0x00000000e8000000, 0x0000000100000000, 0x0000000100000000)
 Metaspace       used 37168K, capacity 38230K, committed 38500K, reserved 1083392K
  class space    used 4419K, capacity 4671K, committed 4708K, reserved 1048576K
2017-11-26T22:39:22.420+0100: 6375.877: [GC (Allocation Failure) 2017-11-26T22:39:22.420+0100: 6375.878: [ParNew
Desired survivor size 20112992 bytes, new threshold 8 (max 8)
- age   1:     410424 bytes,     410424 total
- age   2:      70488 bytes,     480912 total
- age   3:      93976 bytes,     574888 total
- age   4:      12032 bytes,     586920 total
- age   5:      17488 bytes,     604408 total
- age   6:       3920 bytes,     608328 total
- age   7:       1776 bytes,     610104 total
- age   8:       1568 bytes,     611672 total
: 89608K->1492K(109248K), 0.0155191 secs] 113074K->24963K(502464K), 0.0157400 secs] [Times: user=0.06 sys=0.00, real=0.02 secs] 
Heap after GC invocations=75 (full 1):
 par new generation   total 109248K, used 1492K [0x00000000e0000000, 0x00000000e8000000, 0x00000000e8000000)
  eden space 87424K,   0% used [0x00000000e0000000, 0x00000000e0000000, 0x00000000e5560000)
  from space 21824K,   6% used [0x00000000e6ab0000, 0x00000000e6c25360, 0x00000000e8000000)
  to   space 21824K,   0% used [0x00000000e5560000, 0x00000000e5560000, 0x00000000e6ab0000)
 concurrent mark-sweep generation total 393216K, used 23470K [0x00000000e8000000, 0x0000000100000000, 0x0000000100000000)
 Metaspace       used 37168K, capacity 38230K, committed 38500K, reserved 1083392K
  class space    used 4419K, capacity 4671K, committed 4708K, reserved 1048576K
}
2017-11-26T22:39:22.436+0100: 6375.893: Total time for which application threads were stopped: 0.0162395 seconds, Stopping threads took: 0.0000533 seconds
2017-11-26T22:39:26.437+0100: 6379.895: Total time for which application threads were stopped: 0.0002173 seconds, Stopping threads took: 0.0000467 seconds
2017-11-26T22:39:30.439+0100: 6383.897: Total time for which application threads were stopped: 0.0001716 seconds, Stopping threads took: 0.0000453 seconds
{Heap before GC invocations=75 (full 1):
 par new generation   total 109248K, used 88916K [0x00000000e0000000, 0x00000000e8000000, 0x00000000e8000000)
  eden space 87424K, 100% used [0x00000000e0000000, 0x00000000e5560000, 0x00000000e5560000)
  from space 21824K,   6% used [0x00000000e6ab0000, 0x00000000e6c25360, 0x00000000e8000000)
  to   space 21824K,   0% used [0x00000000e5560000, 0x00000000e5560000, 0x00000000e6ab0000)
 concurrent mark-sweep generation total 393216K, used 23470K [0x00000000e8000000, 0x0000000100000000, 0x0000000100000000)
 Metaspace       used 37168K, capacity 38230K, committed 38500K, reserved 1083392K
  class space    used 4419K, capacity 4671K, committed 4708K, reserved 1048576K
2017-11-26T22:39:31.041+0100: 6384.498: [GC (Allocation Failure) 2017-11-26T22:39:31.041+0100: 6384.499: [ParNew
Desired survivor size 20112992 bytes, new threshold 8 (max 8)
- age   1:     975064 bytes,     975064 total
- age   2:     127328 bytes,    1102392 total
- age   3:      70448 bytes,    1172840 total
- age   4:      93976 bytes,    1266816 total
- age   5:      12032 bytes,    1278848 total
- age   6:      17488 bytes,    1296336 total
- age   7:       3920 bytes,    1300256 total
- age   8:       1776 bytes,    1302032 total
: 88916K->1388K(109248K), 0.0104978 secs] 112387K->24860K(502464K), 0.0106924 secs] [Times: user=0.06 sys=0.00, real=0.01 secs] 
Heap after GC invocations=76 (full 1):
 par new generation   total 109248K, used 1388K [0x00000000e0000000, 0x00000000e8000000, 0x00000000e8000000)
  eden space 87424K,   0% used [0x00000000e0000000, 0x00000000e0000000, 0x00000000e5560000)
  from space 21824K,   6% used [0x00000000e5560000, 0x00000000e56bb1c0, 0x00000000e6ab0000)
  to   space 21824K,   0% used [0x00000000e6ab0000, 0x00000000e6ab0000, 0x00000000e8000000)
 concurrent mark-sweep generation total 393216K, used 23471K [0x00000000e8000000, 0x0000000100000000, 0x0000000100000000)
 Metaspace       used 37168K, capacity 38230K, committed 38500K, reserved 1083392K
  class space    used 4419K, capacity 4671K, committed 4708K, reserved 1048576K
}
2017-11-26T22:39:31.052+0100: 6384.509: Total time for which application threads were stopped: 0.0111769 seconds, Stopping threads took: 0.0000502 seconds
{Heap before GC invocations=76 (full 1):
 par new generation   total 109248K, used 88768K [0x00000000e0000000, 0x00000000e8000000, 0x00000000e8000000)
  eden space 87424K,  99% used [0x00000000e0000000, 0x00000000e5554e80, 0x00000000e5560000)
  from space 21824K,   6% used [0x00000000e5560000, 0x00000000e56bb1c0, 0x00000000e6ab0000)
  to   space 21824K,   0% used [0x00000000e6ab0000, 0x00000000e6ab0000, 0x00000000e8000000)
 concurrent mark-sweep generation total 393216K, used 23471K [0x00000000e8000000, 0x0000000100000000, 0x0000000100000000)
 Metaspace       used 37176K, capacity 38230K, committed 38500K, reserved 1083392K
  class space    used 4419K, capacity 4671K, committed 4708K, reserved 1048576K
2017-11-26T22:39:35.110+0100: 6388.567: [GC (Allocation Failure) 2017-11-26T22:39:35.110+0100: 6388.567: [ParNew
Desired survivor size 20112992 bytes, new threshold 8 (max 8)
- age   1:    1931416 bytes,    1931416 total
- age   2:      16056 bytes,    1947472 total
- age   3:     127288 bytes,    2074760 total
- age   4:      70448 bytes,    2145208 total
- age   5:      93976 bytes,    2239184 total
- age   6:      12032 bytes,    2251216 total
- age   7:      17488 bytes,    2268704 total
- age   8:       3920 bytes,    2272624 total
: 88768K->2673K(109248K), 0.0139227 secs] 112240K->26146K(502464K), 0.0141084 secs] [Times: user=0.00 sys=0.00, real=0.01 secs] 
Heap after GC invocations=77 (full 1):
 par new generation   total 109248K, used 2673K [0x00000000e0000000, 0x00000000e8000000, 0x00000000e8000000)
  eden space 87424K,   0% used [0x00000000e0000000, 0x00000000e0000000, 0x00000000e5560000)
  from space 21824K,  12% used [0x00000000e6ab0000, 0x00000000e6d4c4d0, 0x00000000e8000000)
  to   space 21824K,   0% used [0x00000000e5560000, 0x00000000e5560000, 0x00000000e6ab0000)
 concurrent mark-sweep generation total 393216K, used 23473K [0x00000000e8000000, 0x0000000100000000, 0x0000000100000000)
 Metaspace       used 37176K, capacity 38230K, committed 38500K, reserved 1083392K
  class space    used 4419K, capacity 4671K, committed 4708K, reserved 1048576K
}
2017-11-26T22:39:35.124+0100: 6388.582: Total time for which application threads were stopped: 0.0146293 seconds, Stopping threads took: 0.0000542 seconds
2017-11-26T22:39:36.124+0100: 6389.582: Total time for which application threads were stopped: 0.0001862 seconds, Stopping threads took: 0.0000462 seconds
2017-11-26T22:41:46.161+0100: 6519.618: Total time for which application threads were stopped: 0.0002662 seconds, Stopping threads took: 0.0000680 seconds
{Heap before GC invocations=77 (full 1):
 par new generation   total 109248K, used 90097K [0x00000000e0000000, 0x00000000e8000000, 0x00000000e8000000)
  eden space 87424K, 100% used [0x00000000e0000000, 0x00000000e5560000, 0x00000000e5560000)
  from space 21824K,  12% used [0x00000000e6ab0000, 0x00000000e6d4c4d0, 0x00000000e8000000)
  to   space 21824K,   0% used [0x00000000e5560000, 0x00000000e5560000, 0x00000000e6ab0000)
 concurrent mark-sweep generation total 393216K, used 23473K [0x00000000e8000000, 0x0000000100000000, 0x0000000100000000)
 Metaspace       used 37179K, capacity 38230K, committed 38500K, reserved 1083392K
  class space    used 4419K, capacity 4671K, committed 4708K, reserved 1048576K
2017-11-26T22:44:36.277+0100: 6689.734: [GC (Allocation Failure) 2017-11-26T22:44:36.277+0100: 6689.734: [ParNew
Desired survivor size 20112992 bytes, new threshold 8 (max 8)
- age   1:    2021640 bytes,    2021640 total
- age   2:       6104 bytes,    2027744 total
- age   3:      15712 bytes,    2043456 total
- age   4:     126744 bytes,    2170200 total
- age   5:      25664 bytes,    2195864 total
- age   6:      79104 bytes,    2274968 total
- age   7:      12032 bytes,    2287000 total
- age   8:      17488 bytes,    2304488 total
: 90097K->3380K(109248K), 0.0069240 secs] 113570K->26858K(502464K), 0.0071689 secs] [Times: user=0.02 sys=0.00, real=0.01 secs] 
Heap after GC invocations=78 (full 1):
 par new generation   total 109248K, used 3380K [0x00000000e0000000, 0x00000000e8000000, 0x00000000e8000000)
  eden space 87424K,   0% used [0x00000000e0000000, 0x00000000e0000000, 0x00000000e5560000)
  from space 21824K,  15% used [0x00000000e5560000, 0x00000000e58ad320, 0x00000000e6ab0000)
  to   space 21824K,   0% used [0x00000000e6ab0000, 0x00000000e6ab0000, 0x00000000e8000000)
 concurrent mark-sweep generation total 393216K, used 23477K [0x00000000e8000000, 0x0000000100000000, 0x0000000100000000)
 Metaspace       used 37179K, capacity 38230K, committed 38500K, reserved 1083392K
  class space    used 4419K, capacity 4671K, committed 4708K, reserved 1048576K
}
2017-11-26T22:44:36.284+0100: 6689.742: Total time for which application threads were stopped: 0.0076511 seconds, Stopping threads took: 0.0000364 seconds
2017-11-26T22:47:19.335+0100: 6852.793: Total time for which application threads were stopped: 0.0002111 seconds, Stopping threads took: 0.0000671 seconds
2017-11-26T22:47:26.338+0100: 6859.795: Total time for which application threads were stopped: 0.0001182 seconds, Stopping threads took: 0.0000556 seconds
2017-11-26T22:47:29.339+0100: 6862.797: Total time for which application threads were stopped: 0.0002311 seconds, Stopping threads took: 0.0000556 seconds
{Heap before GC invocations=78 (full 1):
 par new generation   total 109248K, used 90804K [0x00000000e0000000, 0x00000000e8000000, 0x00000000e8000000)
  eden space 87424K, 100% used [0x00000000e0000000, 0x00000000e5560000, 0x00000000e5560000)
  from space 21824K,  15% used [0x00000000e5560000, 0x00000000e58ad320, 0x00000000e6ab0000)
  to   space 21824K,   0% used [0x00000000e6ab0000, 0x00000000e6ab0000, 0x00000000e8000000)
 concurrent mark-sweep generation total 393216K, used 23477K [0x00000000e8000000, 0x0000000100000000, 0x0000000100000000)
 Metaspace       used 37184K, capacity 38230K, committed 38500K, reserved 1083392K
  class space    used 4420K, capacity 4671K, committed 4708K, reserved 1048576K
2017-11-26T22:51:10.663+0100: 7084.120: [GC (Allocation Failure) 2017-11-26T22:51:10.663+0100: 7084.120: [ParNew
Desired survivor size 20112992 bytes, new threshold 8 (max 8)
- age   1:    1412840 bytes,    1412840 total
- age   2:      24328 bytes,    1437168 total
- age   3:       5616 bytes,    1442784 total
- age   4:      15712 bytes,    1458496 total
- age   5:     126744 bytes,    1585240 total
- age   6:      25664 bytes,    1610904 total
- age   7:      79104 bytes,    1690008 total
- age   8:      12032 bytes,    1702040 total
: 90804K->2352K(109248K), 0.0090871 secs] 114282K->25847K(502464K), 0.0093653 secs] [Times: user=0.02 sys=0.00, real=0.01 secs] 
Heap after GC invocations=79 (full 1):
 par new generation   total 109248K, used 2352K [0x00000000e0000000, 0x00000000e8000000, 0x00000000e8000000)
  eden space 87424K,   0% used [0x00000000e0000000, 0x00000000e0000000, 0x00000000e5560000)
  from space 21824K,  10% used [0x00000000e6ab0000, 0x00000000e6cfc210, 0x00000000e8000000)
  to   space 21824K,   0% used [0x00000000e5560000, 0x00000000e5560000, 0x00000000e6ab0000)
 concurrent mark-sweep generation total 393216K, used 23494K [0x00000000e8000000, 0x0000000100000000, 0x0000000100000000)
 Metaspace       used 37184K, capacity 38230K, committed 38500K, reserved 1083392K
  class space    used 4420K, capacity 4671K, committed 4708K, reserved 1048576K
}
2017-11-26T22:51:10.672+0100: 7084.130: Total time for which application threads were stopped: 0.0098236 seconds, Stopping threads took: 0.0000324 seconds
2017-11-26T22:51:12.672+0100: 7086.130: Total time for which application threads were stopped: 0.0001160 seconds, Stopping threads took: 0.0000342 seconds
2017-11-26T22:51:50.215+0100: 7123.673: Total time for which application threads were stopped: 0.0002213 seconds, Stopping threads took: 0.0000516 seconds
2017-11-26T22:51:51.215+0100: 7124.673: Total time for which application threads were stopped: 0.0001911 seconds, Stopping threads took: 0.0000644 seconds
2017-11-26T22:53:42.248+0100: 7235.706: Total time for which application threads were stopped: 0.0002938 seconds, Stopping threads took: 0.0000844 seconds
2017-11-26T22:53:44.248+0100: 7237.706: Total time for which application threads were stopped: 0.0001982 seconds, Stopping threads took: 0.0000511 seconds
2017-11-26T22:53:46.249+0100: 7239.706: Total time for which application threads were stopped: 0.0000849 seconds, Stopping threads took: 0.0000222 seconds
2017-11-26T22:53:47.249+0100: 7240.707: Total time for which application threads were stopped: 0.0001662 seconds, Stopping threads took: 0.0000387 seconds
2017-11-26T22:55:47.290+0100: 7360.748: Total time for which application threads were stopped: 0.0001378 seconds, Stopping threads took: 0.0000280 seconds
{Heap before GC invocations=79 (full 1):
 par new generation   total 109248K, used 89776K [0x00000000e0000000, 0x00000000e8000000, 0x00000000e8000000)
  eden space 87424K, 100% used [0x00000000e0000000, 0x00000000e5560000, 0x00000000e5560000)
  from space 21824K,  10% used [0x00000000e6ab0000, 0x00000000e6cfc210, 0x00000000e8000000)
  to   space 21824K,   0% used [0x00000000e5560000, 0x00000000e5560000, 0x00000000e6ab0000)
 concurrent mark-sweep generation total 393216K, used 23494K [0x00000000e8000000, 0x0000000100000000, 0x0000000100000000)
 Metaspace       used 37201K, capacity 38294K, committed 38500K, reserved 1083392K
  class space    used 4420K, capacity 4671K, committed 4708K, reserved 1048576K
2017-11-26T22:55:57.862+0100: 7371.320: [GC (Allocation Failure) 2017-11-26T22:55:57.862+0100: 7371.320: [ParNew
Desired survivor size 20112992 bytes, new threshold 8 (max 8)
- age   1:     928280 bytes,     928280 total
- age   2:      36472 bytes,     964752 total
- age   3:      23144 bytes,     987896 total
- age   4:       4592 bytes,     992488 total
- age   5:      14304 bytes,    1006792 total
- age   6:     124440 bytes,    1131232 total
- age   7:      23744 bytes,    1154976 total
- age   8:      76032 bytes,    1231008 total
: 89776K->1548K(109248K), 0.0054587 secs] 113271K->25053K(502464K), 0.0055524 secs] [Times: user=0.00 sys=0.00, real=0.01 secs] 
Heap after GC invocations=80 (full 1):
 par new generation   total 109248K, used 1548K [0x00000000e0000000, 0x00000000e8000000, 0x00000000e8000000)
  eden space 87424K,   0% used [0x00000000e0000000, 0x00000000e0000000, 0x00000000e5560000)
  from space 21824K,   7% used [0x00000000e5560000, 0x00000000e56e30d0, 0x00000000e6ab0000)
  to   space 21824K,   0% used [0x00000000e6ab0000, 0x00000000e6ab0000, 0x00000000e8000000)
 concurrent mark-sweep generation total 393216K, used 23505K [0x00000000e8000000, 0x0000000100000000, 0x0000000100000000)
 Metaspace       used 37201K, capacity 38294K, committed 38500K, reserved 1083392K
  class space    used 4420K, capacity 4671K, committed 4708K, reserved 1048576K
}
2017-11-26T22:55:57.868+0100: 7371.326: Total time for which application threads were stopped: 0.0058271 seconds, Stopping threads took: 0.0000413 seconds
2017-11-26T22:55:58.868+0100: 7372.326: Total time for which application threads were stopped: 0.0001760 seconds, Stopping threads took: 0.0000431 seconds
2017-11-26T22:56:35.879+0100: 7409.337: Total time for which application threads were stopped: 0.0001062 seconds, Stopping threads took: 0.0000280 seconds
2017-11-26T22:56:43.881+0100: 7417.338: Total time for which application threads were stopped: 0.0000916 seconds, Stopping threads took: 0.0000213 seconds
2017-11-26T23:00:07.944+0100: 7621.402: Total time for which application threads were stopped: 0.0002818 seconds, Stopping threads took: 0.0000640 seconds
{Heap before GC invocations=80 (full 1):
 par new generation   total 109248K, used 88972K [0x00000000e0000000, 0x00000000e8000000, 0x00000000e8000000)
  eden space 87424K, 100% used [0x00000000e0000000, 0x00000000e5560000, 0x00000000e5560000)
  from space 21824K,   7% used [0x00000000e5560000, 0x00000000e56e30d0, 0x00000000e6ab0000)
  to   space 21824K,   0% used [0x00000000e6ab0000, 0x00000000e6ab0000, 0x00000000e8000000)
 concurrent mark-sweep generation total 393216K, used 23505K [0x00000000e8000000, 0x0000000100000000, 0x0000000100000000)
 Metaspace       used 37203K, capacity 38294K, committed 38500K, reserved 1083392K
  class space    used 4420K, capacity 4671K, committed 4708K, reserved 1048576K
2017-11-26T23:01:13.958+0100: 7687.416: [GC (Allocation Failure) 2017-11-26T23:01:13.958+0100: 7687.416: [ParNew
Desired survivor size 20112992 bytes, new threshold 8 (max 8)
- age   1:    5292448 bytes,    5292448 total
- age   2:     406224 bytes,    5698672 total
- age   3:      35744 bytes,    5734416 total
- age   4:      23096 bytes,    5757512 total
- age   5:       4592 bytes,    5762104 total
- age   6:      14304 bytes,    5776408 total
- age   7:     124440 bytes,    5900848 total
- age   8:      23744 bytes,    5924592 total
: 88972K->6352K(109248K), 0.0101449 secs] 112477K->29932K(502464K), 0.0103391 secs] [Times: user=0.05 sys=0.00, real=0.01 secs] 
Heap after GC invocations=81 (full 1):
 par new generation   total 109248K, used 6352K [0x00000000e0000000, 0x00000000e8000000, 0x00000000e8000000)
  eden space 87424K,   0% used [0x00000000e0000000, 0x00000000e0000000, 0x00000000e5560000)
  from space 21824K,  29% used [0x00000000e6ab0000, 0x00000000e70e4098, 0x00000000e8000000)
  to   space 21824K,   0% used [0x00000000e5560000, 0x00000000e5560000, 0x00000000e6ab0000)
 concurrent mark-sweep generation total 393216K, used 23579K [0x00000000e8000000, 0x0000000100000000, 0x0000000100000000)
 Metaspace       used 37203K, capacity 38294K, committed 38500K, reserved 1083392K
  class space    used 4420K, capacity 4671K, committed 4708K, reserved 1048576K
}
2017-11-26T23:01:13.969+0100: 7687.426: Total time for which application threads were stopped: 0.0106844 seconds, Stopping threads took: 0.0001000 seconds
2017-11-26T23:01:14.969+0100: 7688.426: Total time for which application threads were stopped: 0.0000884 seconds, Stopping threads took: 0.0000236 seconds
2017-11-26T23:01:30.974+0100: 7704.431: Total time for which application threads were stopped: 0.0002307 seconds, Stopping threads took: 0.0000449 seconds
2017-11-26T23:07:36.077+0100: 8069.535: Total time for which application threads were stopped: 0.0001476 seconds, Stopping threads took: 0.0000356 seconds
2017-11-26T23:07:49.080+0100: 8082.538: Total time for which application threads were stopped: 0.0001778 seconds, Stopping threads took: 0.0000516 seconds
2017-11-26T23:07:55.082+0100: 8088.539: Total time for which application threads were stopped: 0.0001280 seconds, Stopping threads took: 0.0000364 seconds
2017-11-26T23:10:34.134+0100: 8247.591: Total time for which application threads were stopped: 0.0001849 seconds, Stopping threads took: 0.0000551 seconds
2017-11-26T23:10:35.134+0100: 8248.592: Total time for which application threads were stopped: 0.0000960 seconds, Stopping threads took: 0.0000213 seconds
2017-11-26T23:10:41.136+0100: 8254.594: Total time for which application threads were stopped: 0.0002089 seconds, Stopping threads took: 0.0000462 seconds
2017-11-26T23:10:44.796+0100: 8258.253: Total time for which application threads were stopped: 0.0002427 seconds, Stopping threads took: 0.0000324 seconds
2017-11-26T23:10:57.799+0100: 8271.257: Total time for which application threads were stopped: 0.0001840 seconds, Stopping threads took: 0.0000569 seconds
{Heap before GC invocations=81 (full 1):
 par new generation   total 109248K, used 93776K [0x00000000e0000000, 0x00000000e8000000, 0x00000000e8000000)
  eden space 87424K, 100% used [0x00000000e0000000, 0x00000000e5560000, 0x00000000e5560000)
  from space 21824K,  29% used [0x00000000e6ab0000, 0x00000000e70e4098, 0x00000000e8000000)
  to   space 21824K,   0% used [0x00000000e5560000, 0x00000000e5560000, 0x00000000e6ab0000)
 concurrent mark-sweep generation total 393216K, used 23579K [0x00000000e8000000, 0x0000000100000000, 0x0000000100000000)
 Metaspace       used 37211K, capacity 38294K, committed 38500K, reserved 1083392K
  class space    used 4420K, capacity 4671K, committed 4708K, reserved 1048576K
2017-11-26T23:10:59.568+0100: 8273.026: [GC (Allocation Failure) 2017-11-26T23:10:59.568+0100: 8273.026: [ParNew
Desired survivor size 20112992 bytes, new threshold 8 (max 8)
- age   1:    1465912 bytes,    1465912 total
- age   2:      58656 bytes,    1524568 total
- age   3:     406104 bytes,    1930672 total
- age   4:      35744 bytes,    1966416 total
- age   5:      23096 bytes,    1989512 total
- age   6:       4592 bytes,    1994104 total
- age   7:      14304 bytes,    2008408 total
- age   8:     124440 bytes,    2132848 total
: 93776K->4487K(109248K), 0.0110124 secs] 117356K->28090K(502464K), 0.0111396 secs] [Times: user=0.00 sys=0.00, real=0.01 secs] 
Heap after GC invocations=82 (full 1):
 par new generation   total 109248K, used 4487K [0x00000000e0000000, 0x00000000e8000000, 0x00000000e8000000)
  eden space 87424K,   0% used [0x00000000e0000000, 0x00000000e0000000, 0x00000000e5560000)
  from space 21824K,  20% used [0x00000000e5560000, 0x00000000e59c1e00, 0x00000000e6ab0000)
  to   space 21824K,   0% used [0x00000000e6ab0000, 0x00000000e6ab0000, 0x00000000e8000000)
 concurrent mark-sweep generation total 393216K, used 23603K [0x00000000e8000000, 0x0000000100000000, 0x0000000100000000)
 Metaspace       used 37211K, capacity 38294K, committed 38500K, reserved 1083392K
  class space    used 4420K, capacity 4671K, committed 4708K, reserved 1048576K
}
2017-11-26T23:10:59.579+0100: 8273.037: Total time for which application threads were stopped: 0.0114342 seconds, Stopping threads took: 0.0000262 seconds
2017-11-26T23:11:00.580+0100: 8274.037: Total time for which application threads were stopped: 0.0001862 seconds, Stopping threads took: 0.0000453 seconds
2017-11-26T23:11:01.580+0100: 8275.038: Total time for which application threads were stopped: 0.0001427 seconds, Stopping threads took: 0.0000311 seconds
2017-11-26T23:11:02.581+0100: 8276.038: Total time for which application threads were stopped: 0.0000724 seconds, Stopping threads took: 0.0000196 seconds
2017-11-26T23:11:03.581+0100: 8277.038: Total time for which application threads were stopped: 0.0001880 seconds, Stopping threads took: 0.0000622 seconds
{Heap before GC invocations=82 (full 1):
 par new generation   total 109248K, used 91911K [0x00000000e0000000, 0x00000000e8000000, 0x00000000e8000000)
  eden space 87424K, 100% used [0x00000000e0000000, 0x00000000e5560000, 0x00000000e5560000)
  from space 21824K,  20% used [0x00000000e5560000, 0x00000000e59c1e00, 0x00000000e6ab0000)
  to   space 21824K,   0% used [0x00000000e6ab0000, 0x00000000e6ab0000, 0x00000000e8000000)
 concurrent mark-sweep generation total 393216K, used 23603K [0x00000000e8000000, 0x0000000100000000, 0x0000000100000000)
 Metaspace       used 37211K, capacity 38294K, committed 38500K, reserved 1083392K
  class space    used 4420K, capacity 4671K, committed 4708K, reserved 1048576K
2017-11-26T23:15:17.678+0100: 8531.135: [GC (Allocation Failure) 2017-11-26T23:15:17.678+0100: 8531.135: [ParNew
Desired survivor size 20112992 bytes, new threshold 8 (max 8)
- age   1:    3398944 bytes,    3398944 total
- age   2:     242400 bytes,    3641344 total
- age   3:      58536 bytes,    3699880 total
- age   4:     406104 bytes,    4105984 total
- age   5:      35744 bytes,    4141728 total
- age   6:      23096 bytes,    4164824 total
- age   7:       4592 bytes,    4169416 total
- age   8:      14304 bytes,    4183720 total
: 91911K->5293K(109248K), 0.0064844 secs] 115514K->29018K(502464K), 0.0065880 secs] [Times: user=0.00 sys=0.00, real=0.01 secs] 
Heap after GC invocations=83 (full 1):
 par new generation   total 109248K, used 5293K [0x00000000e0000000, 0x00000000e8000000, 0x00000000e8000000)
  eden space 87424K,   0% used [0x00000000e0000000, 0x00000000e0000000, 0x00000000e5560000)
  from space 21824K,  24% used [0x00000000e6ab0000, 0x00000000e6fdb5b0, 0x00000000e8000000)
  to   space 21824K,   0% used [0x00000000e5560000, 0x00000000e5560000, 0x00000000e6ab0000)
 concurrent mark-sweep generation total 393216K, used 23724K [0x00000000e8000000, 0x0000000100000000, 0x0000000100000000)
 Metaspace       used 37211K, capacity 38294K, committed 38500K, reserved 1083392K
  class space    used 4420K, capacity 4671K, committed 4708K, reserved 1048576K
}
2017-11-26T23:15:17.684+0100: 8531.142: Total time for which application threads were stopped: 0.0069702 seconds, Stopping threads took: 0.0000733 seconds
2017-11-26T23:23:20.898+0100: 9014.356: Total time for which application threads were stopped: 0.0002724 seconds, Stopping threads took: 0.0000711 seconds
2017-11-26T23:35:06.120+0100: 9719.578: Total time for which application threads were stopped: 0.0003436 seconds, Stopping threads took: 0.0000782 seconds
2017-11-26T23:36:31.148+0100: 9804.605: Total time for which application threads were stopped: 0.0001178 seconds, Stopping threads took: 0.0000440 seconds
{Heap before GC invocations=83 (full 1):
 par new generation   total 109248K, used 92717K [0x00000000e0000000, 0x00000000e8000000, 0x00000000e8000000)
  eden space 87424K, 100% used [0x00000000e0000000, 0x00000000e5560000, 0x00000000e5560000)
  from space 21824K,  24% used [0x00000000e6ab0000, 0x00000000e6fdb5b0, 0x00000000e8000000)
  to   space 21824K,   0% used [0x00000000e5560000, 0x00000000e5560000, 0x00000000e6ab0000)
 concurrent mark-sweep generation total 393216K, used 23724K [0x00000000e8000000, 0x0000000100000000, 0x0000000100000000)
 Metaspace       used 37212K, capacity 38294K, committed 38500K, reserved 1083392K
  class space    used 4420K, capacity 4671K, committed 4708K, reserved 1048576K
2017-11-26T23:40:46.918+0100: 10060.376: [GC (Allocation Failure) 2017-11-26T23:40:46.918+0100: 10060.376: [ParNew
Desired survivor size 20112992 bytes, new threshold 8 (max 8)
- age   1:    1704832 bytes,    1704832 total
- age   2:       4272 bytes,    1709104 total
- age   3:     242224 bytes,    1951328 total
- age   4:      58536 bytes,    2009864 total
- age   5:     406104 bytes,    2415968 total
- age   6:      35744 bytes,    2451712 total
- age   7:      23096 bytes,    2474808 total
- age   8:       4592 bytes,    2479400 total
: 92717K->3820K(109248K), 0.0102049 secs] 116442K->27559K(502464K), 0.0105960 secs] [Times: user=0.06 sys=0.00, real=0.01 secs] 
Heap after GC invocations=84 (full 1):
 par new generation   total 109248K, used 3820K [0x00000000e0000000, 0x00000000e8000000, 0x00000000e8000000)
  eden space 87424K,   0% used [0x00000000e0000000, 0x00000000e0000000, 0x00000000e5560000)
  from space 21824K,  17% used [0x00000000e5560000, 0x00000000e591b1c0, 0x00000000e6ab0000)
  to   space 21824K,   0% used [0x00000000e6ab0000, 0x00000000e6ab0000, 0x00000000e8000000)
 concurrent mark-sweep generation total 393216K, used 23738K [0x00000000e8000000, 0x0000000100000000, 0x0000000100000000)
 Metaspace       used 37212K, capacity 38294K, committed 38500K, reserved 1083392K
  class space    used 4420K, capacity 4671K, committed 4708K, reserved 1048576K
}
2017-11-26T23:40:46.929+0100: 10060.387: Total time for which application threads were stopped: 0.0110960 seconds, Stopping threads took: 0.0000333 seconds
2017-11-26T23:41:40.950+0100: 10114.408: Total time for which application threads were stopped: 0.0000951 seconds, Stopping threads took: 0.0000253 seconds
2017-11-26T23:42:23.961+0100: 10157.419: Total time for which application threads were stopped: 0.0001880 seconds, Stopping threads took: 0.0000462 seconds
{Heap before GC invocations=84 (full 1):
 par new generation   total 109248K, used 91244K [0x00000000e0000000, 0x00000000e8000000, 0x00000000e8000000)
  eden space 87424K, 100% used [0x00000000e0000000, 0x00000000e5560000, 0x00000000e5560000)
  from space 21824K,  17% used [0x00000000e5560000, 0x00000000e591b1c0, 0x00000000e6ab0000)
  to   space 21824K,   0% used [0x00000000e6ab0000, 0x00000000e6ab0000, 0x00000000e8000000)
 concurrent mark-sweep generation total 393216K, used 23738K [0x00000000e8000000, 0x0000000100000000, 0x0000000100000000)
 Metaspace       used 37215K, capacity 38294K, committed 38500K, reserved 1083392K
  class space    used 4420K, capacity 4671K, committed 4708K, reserved 1048576K
2017-11-26T23:42:24.887+0100: 10158.345: [GC (Allocation Failure) 2017-11-26T23:42:24.887+0100: 10158.345: [ParNew
Desired survivor size 20112992 bytes, new threshold 8 (max 8)
- age   1:     228064 bytes,     228064 total
- age   2:      53296 bytes,     281360 total
- age   3:       3272 bytes,     284632 total
- age   4:     241960 bytes,     526592 total
- age   5:      58536 bytes,     585128 total
- age   6:     402744 bytes,     987872 total
- age   7:      35744 bytes,    1023616 total
- age   8:      23096 bytes,    1046712 total
: 91244K->1895K(109248K), 0.0094316 secs] 114983K->25638K(502464K), 0.0095564 secs] [Times: user=0.06 sys=0.00, real=0.01 secs] 
Heap after GC invocations=85 (full 1):
 par new generation   total 109248K, used 1895K [0x00000000e0000000, 0x00000000e8000000, 0x00000000e8000000)
  eden space 87424K,   0% used [0x00000000e0000000, 0x00000000e0000000, 0x00000000e5560000)
  from space 21824K,   8% used [0x00000000e6ab0000, 0x00000000e6c89c20, 0x00000000e8000000)
  to   space 21824K,   0% used [0x00000000e5560000, 0x00000000e5560000, 0x00000000e6ab0000)
 concurrent mark-sweep generation total 393216K, used 23743K [0x00000000e8000000, 0x0000000100000000, 0x0000000100000000)
 Metaspace       used 37215K, capacity 38294K, committed 38500K, reserved 1083392K
  class space    used 4420K, capacity 4671K, committed 4708K, reserved 1048576K
}
2017-11-26T23:42:24.897+0100: 10158.355: Total time for which application threads were stopped: 0.0098613 seconds, Stopping threads took: 0.0000298 seconds
{Heap before GC invocations=85 (full 1):
 par new generation   total 109248K, used 89319K [0x00000000e0000000, 0x00000000e8000000, 0x00000000e8000000)
  eden space 87424K, 100% used [0x00000000e0000000, 0x00000000e5560000, 0x00000000e5560000)
  from space 21824K,   8% used [0x00000000e6ab0000, 0x00000000e6c89c20, 0x00000000e8000000)
  to   space 21824K,   0% used [0x00000000e5560000, 0x00000000e5560000, 0x00000000e6ab0000)
 concurrent mark-sweep generation total 393216K, used 23743K [0x00000000e8000000, 0x0000000100000000, 0x0000000100000000)
 Metaspace       used 37215K, capacity 38294K, committed 38500K, reserved 1083392K
  class space    used 4420K, capacity 4671K, committed 4708K, reserved 1048576K
2017-11-26T23:42:38.738+0100: 10172.196: [GC (Allocation Failure) 2017-11-26T23:42:38.738+0100: 10172.196: [ParNew
Desired survivor size 20112992 bytes, new threshold 8 (max 8)
- age   1:    1848200 bytes,    1848200 total
- age   2:      85176 bytes,    1933376 total
- age   3:      53232 bytes,    1986608 total
- age   4:       3248 bytes,    1989856 total
- age   5:     241960 bytes,    2231816 total
- age   6:      58536 bytes,    2290352 total
- age   7:     400888 bytes,    2691240 total
- age   8:      35744 bytes,    2726984 total
: 89319K->2902K(109248K), 0.0062582 secs] 113062K->26668K(502464K), 0.0064280 secs] [Times: user=0.00 sys=0.00, real=0.01 secs] 
Heap after GC invocations=86 (full 1):
 par new generation   total 109248K, used 2902K [0x00000000e0000000, 0x00000000e8000000, 0x00000000e8000000)
  eden space 87424K,   0% used [0x00000000e0000000, 0x00000000e0000000, 0x00000000e5560000)
  from space 21824K,  13% used [0x00000000e5560000, 0x00000000e5835ac8, 0x00000000e6ab0000)
  to   space 21824K,   0% used [0x00000000e6ab0000, 0x00000000e6ab0000, 0x00000000e8000000)
 concurrent mark-sweep generation total 393216K, used 23765K [0x00000000e8000000, 0x0000000100000000, 0x0000000100000000)
 Metaspace       used 37215K, capacity 38294K, committed 38500K, reserved 1083392K
  class space    used 4420K, capacity 4671K, committed 4708K, reserved 1048576K
}
2017-11-26T23:42:38.745+0100: 10172.203: Total time for which application threads were stopped: 0.0068782 seconds, Stopping threads took: 0.0000702 seconds
2017-11-26T23:43:17.756+0100: 10211.214: Total time for which application threads were stopped: 0.0003413 seconds, Stopping threads took: 0.0000818 seconds
2017-11-26T23:46:10.783+0100: 10384.241: Total time for which application threads were stopped: 0.0002813 seconds, Stopping threads took: 0.0000564 seconds
2017-11-26T23:46:11.163+0100: 10384.621: Total time for which application threads were stopped: 0.0002191 seconds, Stopping threads took: 0.0000209 seconds
2017-11-26T23:46:11.164+0100: 10384.621: Total time for which application threads were stopped: 0.0001964 seconds, Stopping threads took: 0.0000124 seconds
2017-11-26T23:46:15.165+0100: 10388.622: Total time for which application threads were stopped: 0.0002116 seconds, Stopping threads took: 0.0000476 seconds
{Heap before GC invocations=86 (full 1):
 par new generation   total 109248K, used 90326K [0x00000000e0000000, 0x00000000e8000000, 0x00000000e8000000)
  eden space 87424K, 100% used [0x00000000e0000000, 0x00000000e5560000, 0x00000000e5560000)
  from space 21824K,  13% used [0x00000000e5560000, 0x00000000e5835ac8, 0x00000000e6ab0000)
  to   space 21824K,   0% used [0x00000000e6ab0000, 0x00000000e6ab0000, 0x00000000e8000000)
 concurrent mark-sweep generation total 393216K, used 23765K [0x00000000e8000000, 0x0000000100000000, 0x0000000100000000)
 Metaspace       used 37215K, capacity 38294K, committed 38500K, reserved 1083392K
  class space    used 4420K, capacity 4671K, committed 4708K, reserved 1048576K
2017-11-26T23:46:30.920+0100: 10404.378: [GC (Allocation Failure) 2017-11-26T23:46:30.921+0100: 10404.378: [ParNew
Desired survivor size 20112992 bytes, new threshold 8 (max 8)
- age   1:     576808 bytes,     576808 total
- age   2:       2096 bytes,     578904 total
- age   3:      54088 bytes,     632992 total
- age   4:      38584 bytes,     671576 total
- age   5:       3248 bytes,     674824 total
- age   6:     241960 bytes,     916784 total
- age   7:      58536 bytes,     975320 total
- age   8:     385688 bytes,    1361008 total
: 90326K->2520K(109248K), 0.0086822 secs] 114092K->26321K(502464K), 0.0087733 secs] [Times: user=0.06 sys=0.00, real=0.01 secs] 
Heap after GC invocations=87 (full 1):
 par new generation   total 109248K, used 2520K [0x00000000e0000000, 0x00000000e8000000, 0x00000000e8000000)
  eden space 87424K,   0% used [0x00000000e0000000, 0x00000000e0000000, 0x00000000e5560000)
  from space 21824K,  11% used [0x00000000e6ab0000, 0x00000000e6d26230, 0x00000000e8000000)
  to   space 21824K,   0% used [0x00000000e5560000, 0x00000000e5560000, 0x00000000e6ab0000)
 concurrent mark-sweep generation total 393216K, used 23801K [0x00000000e8000000, 0x0000000100000000, 0x0000000100000000)
 Metaspace       used 37215K, capacity 38294K, committed 38500K, reserved 1083392K
  class space    used 4420K, capacity 4671K, committed 4708K, reserved 1048576K
}
2017-11-26T23:46:30.929+0100: 10404.387: Total time for which application threads were stopped: 0.0090289 seconds, Stopping threads took: 0.0000360 seconds
2017-11-26T23:46:32.930+0100: 10406.388: Total time for which application threads were stopped: 0.0001320 seconds, Stopping threads took: 0.0000209 seconds
{Heap before GC invocations=87 (full 1):
 par new generation   total 109248K, used 89944K [0x00000000e0000000, 0x00000000e8000000, 0x00000000e8000000)
  eden space 87424K, 100% used [0x00000000e0000000, 0x00000000e5560000, 0x00000000e5560000)
  from space 21824K,  11% used [0x00000000e6ab0000, 0x00000000e6d26230, 0x00000000e8000000)
  to   space 21824K,   0% used [0x00000000e5560000, 0x00000000e5560000, 0x00000000e6ab0000)
 concurrent mark-sweep generation total 393216K, used 23801K [0x00000000e8000000, 0x0000000100000000, 0x0000000100000000)
 Metaspace       used 37217K, capacity 38294K, committed 38500K, reserved 1083392K
  class space    used 4420K, capacity 4671K, committed 4708K, reserved 1048576K
2017-11-26T23:49:45.142+0100: 10598.600: [GC (Allocation Failure) 2017-11-26T23:49:45.143+0100: 10598.600: [ParNew
Desired survivor size 20112992 bytes, new threshold 8 (max 8)
- age   1:     983672 bytes,     983672 total
- age   2:      58784 bytes,    1042456 total
- age   3:       2008 bytes,    1044464 total
- age   4:      54048 bytes,    1098512 total
- age   5:      38584 bytes,    1137096 total
- age   6:       3248 bytes,    1140344 total
- age   7:     241960 bytes,    1382304 total
- age   8:      58536 bytes,    1440840 total
: 89944K->1694K(109248K), 0.0117262 secs] 113745K->25865K(502464K), 0.0119227 secs] [Times: user=0.00 sys=0.00, real=0.01 secs] 
Heap after GC invocations=88 (full 1):
 par new generation   total 109248K, used 1694K [0x00000000e0000000, 0x00000000e8000000, 0x00000000e8000000)
  eden space 87424K,   0% used [0x00000000e0000000, 0x00000000e0000000, 0x00000000e5560000)
  from space 21824K,   7% used [0x00000000e5560000, 0x00000000e5707bd0, 0x00000000e6ab0000)
  to   space 21824K,   0% used [0x00000000e6ab0000, 0x00000000e6ab0000, 0x00000000e8000000)
 concurrent mark-sweep generation total 393216K, used 24170K [0x00000000e8000000, 0x0000000100000000, 0x0000000100000000)
 Metaspace       used 37217K, capacity 38294K, committed 38500K, reserved 1083392K
  class space    used 4420K, capacity 4671K, committed 4708K, reserved 1048576K
}
2017-11-26T23:49:45.154+0100: 10598.612: Total time for which application threads were stopped: 0.0124342 seconds, Stopping threads took: 0.0000662 seconds
{Heap before GC invocations=88 (full 1):
 par new generation   total 109248K, used 89118K [0x00000000e0000000, 0x00000000e8000000, 0x00000000e8000000)
  eden space 87424K, 100% used [0x00000000e0000000, 0x00000000e5560000, 0x00000000e5560000)
  from space 21824K,   7% used [0x00000000e5560000, 0x00000000e5707bd0, 0x00000000e6ab0000)
  to   space 21824K,   0% used [0x00000000e6ab0000, 0x00000000e6ab0000, 0x00000000e8000000)
 concurrent mark-sweep generation total 393216K, used 24170K [0x00000000e8000000, 0x0000000100000000, 0x0000000100000000)
 Metaspace       used 37217K, capacity 38294K, committed 38500K, reserved 1083392K
  class space    used 4420K, capacity 4671K, committed 4708K, reserved 1048576K
2017-11-26T23:50:04.820+0100: 10618.278: [GC (Allocation Failure) 2017-11-26T23:50:04.820+0100: 10618.278: [ParNew
Desired survivor size 20112992 bytes, new threshold 8 (max 8)
- age   1:    1723536 bytes,    1723536 total
- age   2:      75056 bytes,    1798592 total
- age   3:      58744 bytes,    1857336 total
- age   4:       2008 bytes,    1859344 total
- age   5:      54048 bytes,    1913392 total
- age   6:      38584 bytes,    1951976 total
- age   7:       3248 bytes,    1955224 total
- age   8:     241960 bytes,    2197184 total
: 89118K->2798K(109248K), 0.0044480 secs] 113289K->27025K(502464K), 0.0045347 secs] [Times: user=0.00 sys=0.00, real=0.01 secs] 
Heap after GC invocations=89 (full 1):
 par new generation   total 109248K, used 2798K [0x00000000e0000000, 0x00000000e8000000, 0x00000000e8000000)
  eden space 87424K,   0% used [0x00000000e0000000, 0x00000000e0000000, 0x00000000e5560000)
  from space 21824K,  12% used [0x00000000e6ab0000, 0x00000000e6d6b8e8, 0x00000000e8000000)
  to   space 21824K,   0% used [0x00000000e5560000, 0x00000000e5560000, 0x00000000e6ab0000)
 concurrent mark-sweep generation total 393216K, used 24227K [0x00000000e8000000, 0x0000000100000000, 0x0000000100000000)
 Metaspace       used 37217K, capacity 38294K, committed 38500K, reserved 1083392K
  class space    used 4420K, capacity 4671K, committed 4708K, reserved 1048576K
}
2017-11-26T23:50:04.825+0100: 10618.282: Total time for which application threads were stopped: 0.0047938 seconds, Stopping threads took: 0.0000200 seconds
{Heap before GC invocations=89 (full 1):
 par new generation   total 109248K, used 90222K [0x00000000e0000000, 0x00000000e8000000, 0x00000000e8000000)
  eden space 87424K, 100% used [0x00000000e0000000, 0x00000000e5560000, 0x00000000e5560000)
  from space 21824K,  12% used [0x00000000e6ab0000, 0x00000000e6d6b8e8, 0x00000000e8000000)
  to   space 21824K,   0% used [0x00000000e5560000, 0x00000000e5560000, 0x00000000e6ab0000)
 concurrent mark-sweep generation total 393216K, used 24227K [0x00000000e8000000, 0x0000000100000000, 0x0000000100000000)
 Metaspace       used 37217K, capacity 38294K, committed 38500K, reserved 1083392K
  class space    used 4420K, capacity 4671K, committed 4708K, reserved 1048576K
2017-11-26T23:51:13.892+0100: 10687.350: [GC (Allocation Failure) 2017-11-26T23:51:13.892+0100: 10687.350: [ParNew
Desired survivor size 20112992 bytes, new threshold 8 (max 8)
- age   1:    1790544 bytes,    1790544 total
- age   2:      16792 bytes,    1807336 total
- age   3:      73944 bytes,    1881280 total
- age   4:      58744 bytes,    1940024 total
- age   5:       1960 bytes,    1941984 total
- age   6:      54048 bytes,    1996032 total
- age   7:      38584 bytes,    2034616 total
- age   8:       3248 bytes,    2037864 total
: 90222K->2788K(109248K), 0.0058000 secs] 114449K->27252K(502464K), 0.0059316 secs] [Times: user=0.00 sys=0.00, real=0.01 secs] 
Heap after GC invocations=90 (full 1):
 par new generation   total 109248K, used 2788K [0x00000000e0000000, 0x00000000e8000000, 0x00000000e8000000)
  eden space 87424K,   0% used [0x00000000e0000000, 0x00000000e0000000, 0x00000000e5560000)
  from space 21824K,  12% used [0x00000000e5560000, 0x00000000e58193a0, 0x00000000e6ab0000)
  to   space 21824K,   0% used [0x00000000e6ab0000, 0x00000000e6ab0000, 0x00000000e8000000)
 concurrent mark-sweep generation total 393216K, used 24463K [0x00000000e8000000, 0x0000000100000000, 0x0000000100000000)
 Metaspace       used 37217K, capacity 38294K, committed 38500K, reserved 1083392K
  class space    used 4420K, capacity 4671K, committed 4708K, reserved 1048576K
}
2017-11-26T23:51:13.898+0100: 10687.356: Total time for which application threads were stopped: 0.0062698 seconds, Stopping threads took: 0.0000507 seconds
2017-11-26T23:51:14.898+0100: 10688.356: Total time for which application threads were stopped: 0.0001933 seconds, Stopping threads took: 0.0000444 seconds
2017-11-26T23:51:44.909+0100: 10718.366: Total time for which application threads were stopped: 0.0000924 seconds, Stopping threads took: 0.0000382 seconds
{Heap before GC invocations=90 (full 1):
 par new generation   total 109248K, used 90212K [0x00000000e0000000, 0x00000000e8000000, 0x00000000e8000000)
  eden space 87424K, 100% used [0x00000000e0000000, 0x00000000e5560000, 0x00000000e5560000)
  from space 21824K,  12% used [0x00000000e5560000, 0x00000000e58193a0, 0x00000000e6ab0000)
  to   space 21824K,   0% used [0x00000000e6ab0000, 0x00000000e6ab0000, 0x00000000e8000000)
 concurrent mark-sweep generation total 393216K, used 24463K [0x00000000e8000000, 0x0000000100000000, 0x0000000100000000)
 Metaspace       used 37226K, capacity 38294K, committed 38500K, reserved 1083392K
  class space    used 4421K, capacity 4671K, committed 4708K, reserved 1048576K
2017-11-26T23:54:24.032+0100: 10877.490: [GC (Allocation Failure) 2017-11-26T23:54:24.032+0100: 10877.490: [ParNew
Desired survivor size 20112992 bytes, new threshold 8 (max 8)
- age   1:     659064 bytes,     659064 total
- age   2:       3248 bytes,     662312 total
- age   3:      16320 bytes,     678632 total
- age   4:      73400 bytes,     752032 total
- age   5:      58744 bytes,     810776 total
- age   6:       1960 bytes,     812736 total
- age   7:      54048 bytes,     866784 total
- age   8:      38584 bytes,     905368 total
: 90212K->1537K(109248K), 0.0058578 secs] 114676K->26004K(502464K), 0.0060876 secs] [Times: user=0.00 sys=0.00, real=0.01 secs] 
Heap after GC invocations=91 (full 1):
 par new generation   total 109248K, used 1537K [0x00000000e0000000, 0x00000000e8000000, 0x00000000e8000000)
  eden space 87424K,   0% used [0x00000000e0000000, 0x00000000e0000000, 0x00000000e5560000)
  from space 21824K,   7% used [0x00000000e6ab0000, 0x00000000e6c30720, 0x00000000e8000000)
  to   space 21824K,   0% used [0x00000000e5560000, 0x00000000e5560000, 0x00000000e6ab0000)
 concurrent mark-sweep generation total 393216K, used 24467K [0x00000000e8000000, 0x0000000100000000, 0x0000000100000000)
 Metaspace       used 37226K, capacity 38294K, committed 38500K, reserved 1083392K
  class space    used 4421K, capacity 4671K, committed 4708K, reserved 1048576K
}
2017-11-26T23:54:24.038+0100: 10877.496: Total time for which application threads were stopped: 0.0064436 seconds, Stopping threads took: 0.0000533 seconds
{Heap before GC invocations=91 (full 1):
 par new generation   total 109248K, used 88961K [0x00000000e0000000, 0x00000000e8000000, 0x00000000e8000000)
  eden space 87424K, 100% used [0x00000000e0000000, 0x00000000e5560000, 0x00000000e5560000)
  from space 21824K,   7% used [0x00000000e6ab0000, 0x00000000e6c30720, 0x00000000e8000000)
  to   space 21824K,   0% used [0x00000000e5560000, 0x00000000e5560000, 0x00000000e6ab0000)
 concurrent mark-sweep generation total 393216K, used 24467K [0x00000000e8000000, 0x0000000100000000, 0x0000000100000000)
 Metaspace       used 37226K, capacity 38294K, committed 38500K, reserved 1083392K
  class space    used 4421K, capacity 4671K, committed 4708K, reserved 1048576K
2017-11-26T23:55:02.985+0100: 10916.443: [GC (Allocation Failure) 2017-11-26T23:55:02.985+0100: 10916.443: [ParNew
Desired survivor size 20112992 bytes, new threshold 8 (max 8)
- age   1:    1383264 bytes,    1383264 total
- age   2:       2264 bytes,    1385528 total
- age   3:       2696 bytes,    1388224 total
- age   4:      15488 bytes,    1403712 total
- age   5:      70584 bytes,    1474296 total
- age   6:      53240 bytes,    1527536 total
- age   7:       1320 bytes,    1528856 total
- age   8:      46368 bytes,    1575224 total
: 88961K->1670K(109248K), 0.0051400 secs] 113428K->26174K(502464K), 0.0052253 secs] [Times: user=0.00 sys=0.00, real=0.01 secs] 
Heap after GC invocations=92 (full 1):
 par new generation   total 109248K, used 1670K [0x00000000e0000000, 0x00000000e8000000, 0x00000000e8000000)
  eden space 87424K,   0% used [0x00000000e0000000, 0x00000000e0000000, 0x00000000e5560000)
  from space 21824K,   7% used [0x00000000e5560000, 0x00000000e5701a60, 0x00000000e6ab0000)
  to   space 21824K,   0% used [0x00000000e6ab0000, 0x00000000e6ab0000, 0x00000000e8000000)
 concurrent mark-sweep generation total 393216K, used 24504K [0x00000000e8000000, 0x0000000100000000, 0x0000000100000000)
 Metaspace       used 37226K, capacity 38294K, committed 38500K, reserved 1083392K
  class space    used 4421K, capacity 4671K, committed 4708K, reserved 1048576K
}
2017-11-26T23:55:02.991+0100: 10916.448: Total time for which application threads were stopped: 0.0054853 seconds, Stopping threads took: 0.0000444 seconds
{Heap before GC invocations=92 (full 1):
 par new generation   total 109248K, used 89094K [0x00000000e0000000, 0x00000000e8000000, 0x00000000e8000000)
  eden space 87424K, 100% used [0x00000000e0000000, 0x00000000e5560000, 0x00000000e5560000)
  from space 21824K,   7% used [0x00000000e5560000, 0x00000000e5701a60, 0x00000000e6ab0000)
  to   space 21824K,   0% used [0x00000000e6ab0000, 0x00000000e6ab0000, 0x00000000e8000000)
 concurrent mark-sweep generation total 393216K, used 24504K [0x00000000e8000000, 0x0000000100000000, 0x0000000100000000)
 Metaspace       used 37226K, capacity 38294K, committed 38500K, reserved 1083392K
  class space    used 4421K, capacity 4671K, committed 4708K, reserved 1048576K
2017-11-26T23:56:41.650+0100: 11015.108: [GC (Allocation Failure) 2017-11-26T23:56:41.650+0100: 11015.108: [ParNew
Desired survivor size 20112992 bytes, new threshold 8 (max 8)
- age   1:     468240 bytes,     468240 total
- age   2:     477136 bytes,     945376 total
- age   3:       1840 bytes,     947216 total
- age   4:       2024 bytes,     949240 total
- age   5:      15488 bytes,     964728 total
- age   6:      70584 bytes,    1035312 total
- age   7:      53240 bytes,    1088552 total
- age   8:       1320 bytes,    1089872 total
: 89094K->1591K(109248K), 0.0047573 secs] 113598K->26140K(502464K), 0.0050480 secs] [Times: user=0.00 sys=0.00, real=0.00 secs] 
Heap after GC invocations=93 (full 1):
 par new generation   total 109248K, used 1591K [0x00000000e0000000, 0x00000000e8000000, 0x00000000e8000000)
  eden space 87424K,   0% used [0x00000000e0000000, 0x00000000e0000000, 0x00000000e5560000)
  from space 21824K,   7% used [0x00000000e6ab0000, 0x00000000e6c3dd50, 0x00000000e8000000)
  to   space 21824K,   0% used [0x00000000e5560000, 0x00000000e5560000, 0x00000000e6ab0000)
 concurrent mark-sweep generation total 393216K, used 24549K [0x00000000e8000000, 0x0000000100000000, 0x0000000100000000)
 Metaspace       used 37226K, capacity 38294K, committed 38500K, reserved 1083392K
  class space    used 4421K, capacity 4671K, committed 4708K, reserved 1048576K
}
2017-11-26T23:56:41.655+0100: 11015.113: Total time for which application threads were stopped: 0.0054884 seconds, Stopping threads took: 0.0000324 seconds
{Heap before GC invocations=93 (full 1):
 par new generation   total 109248K, used 89015K [0x00000000e0000000, 0x00000000e8000000, 0x00000000e8000000)
  eden space 87424K, 100% used [0x00000000e0000000, 0x00000000e5560000, 0x00000000e5560000)
  from space 21824K,   7% used [0x00000000e6ab0000, 0x00000000e6c3dd50, 0x00000000e8000000)
  to   space 21824K,   0% used [0x00000000e5560000, 0x00000000e5560000, 0x00000000e6ab0000)
 concurrent mark-sweep generation total 393216K, used 24549K [0x00000000e8000000, 0x0000000100000000, 0x0000000100000000)
 Metaspace       used 37226K, capacity 38294K, committed 38500K, reserved 1083392K
  class space    used 4421K, capacity 4671K, committed 4708K, reserved 1048576K
2017-11-26T23:57:52.885+0100: 11086.343: [GC (Allocation Failure) 2017-11-26T23:57:52.885+0100: 11086.343: [ParNew
Desired survivor size 20112992 bytes, new threshold 8 (max 8)
- age   1:    1086696 bytes,    1086696 total
- age   2:       2808 bytes,    1089504 total
- age   3:     475632 bytes,    1565136 total
- age   4:       1840 bytes,    1566976 total
- age   5:       2024 bytes,    1569000 total
- age   6:      15488 bytes,    1584488 total
- age   7:      70584 bytes,    1655072 total
- age   8:      53240 bytes,    1708312 total
: 89015K->1972K(109248K), 0.0060196 secs] 113564K->26523K(502464K), 0.0062867 secs] [Times: user=0.02 sys=0.00, real=0.01 secs] 
Heap after GC invocations=94 (full 1):
 par new generation   total 109248K, used 1972K [0x00000000e0000000, 0x00000000e8000000, 0x00000000e8000000)
  eden space 87424K,   0% used [0x00000000e0000000, 0x00000000e0000000, 0x00000000e5560000)
  from space 21824K,   9% used [0x00000000e5560000, 0x00000000e574d320, 0x00000000e6ab0000)
  to   space 21824K,   0% used [0x00000000e6ab0000, 0x00000000e6ab0000, 0x00000000e8000000)
 concurrent mark-sweep generation total 393216K, used 24550K [0x00000000e8000000, 0x0000000100000000, 0x0000000100000000)
 Metaspace       used 37226K, capacity 38294K, committed 38500K, reserved 1083392K
  class space    used 4421K, capacity 4671K, committed 4708K, reserved 1048576K
}
2017-11-26T23:57:52.891+0100: 11086.349: Total time for which application threads were stopped: 0.0070809 seconds, Stopping threads took: 0.0000973 seconds
2017-11-26T23:58:25.902+0100: 11119.359: Total time for which application threads were stopped: 0.0001089 seconds, Stopping threads took: 0.0000298 seconds
{Heap before GC invocations=94 (full 1):
 par new generation   total 109248K, used 89396K [0x00000000e0000000, 0x00000000e8000000, 0x00000000e8000000)
  eden space 87424K, 100% used [0x00000000e0000000, 0x00000000e5560000, 0x00000000e5560000)
  from space 21824K,   9% used [0x00000000e5560000, 0x00000000e574d320, 0x00000000e6ab0000)
  to   space 21824K,   0% used [0x00000000e6ab0000, 0x00000000e6ab0000, 0x00000000e8000000)
 concurrent mark-sweep generation total 393216K, used 24550K [0x00000000e8000000, 0x0000000100000000, 0x0000000100000000)
 Metaspace       used 37226K, capacity 38294K, committed 38500K, reserved 1083392K
  class space    used 4421K, capacity 4671K, committed 4708K, reserved 1048576K
2017-11-26T23:59:50.597+0100: 11204.055: [GC (Allocation Failure) 2017-11-26T23:59:50.598+0100: 11204.055: [ParNew
Desired survivor size 20112992 bytes, new threshold 8 (max 8)
- age   1:    1131704 bytes,    1131704 total
- age   2:       1840 bytes,    1133544 total
- age   3:       2144 bytes,    1135688 total
- age   4:     473880 bytes,    1609568 total
- age   5:       1616 bytes,    1611184 total
- age   6:       2024 bytes,    1613208 total
- age   7:      15488 bytes,    1628696 total
- age   8:      70584 bytes,    1699280 total
: 89396K->2503K(109248K), 0.0059236 secs] 113947K->27106K(502464K), 0.0064409 secs] [Times: user=0.00 sys=0.00, real=0.01 secs] 
Heap after GC invocations=95 (full 1):
 par new generation   total 109248K, used 2503K [0x00000000e0000000, 0x00000000e8000000, 0x00000000e8000000)
  eden space 87424K,   0% used [0x00000000e0000000, 0x00000000e0000000, 0x00000000e5560000)
  from space 21824K,  11% used [0x00000000e6ab0000, 0x00000000e6d21df0, 0x00000000e8000000)
  to   space 21824K,   0% used [0x00000000e5560000, 0x00000000e5560000, 0x00000000e6ab0000)
 concurrent mark-sweep generation total 393216K, used 24602K [0x00000000e8000000, 0x0000000100000000, 0x0000000100000000)
 Metaspace       used 37226K, capacity 38294K, committed 38500K, reserved 1083392K
  class space    used 4421K, capacity 4671K, committed 4708K, reserved 1048576K
}
2017-11-26T23:59:50.604+0100: 11204.061: Total time for which application threads were stopped: 0.0071658 seconds, Stopping threads took: 0.0001156 seconds
{Heap before GC invocations=95 (full 1):
 par new generation   total 109248K, used 89927K [0x00000000e0000000, 0x00000000e8000000, 0x00000000e8000000)
  eden space 87424K, 100% used [0x00000000e0000000, 0x00000000e5560000, 0x00000000e5560000)
  from space 21824K,  11% used [0x00000000e6ab0000, 0x00000000e6d21df0, 0x00000000e8000000)
  to   space 21824K,   0% used [0x00000000e5560000, 0x00000000e5560000, 0x00000000e6ab0000)
 concurrent mark-sweep generation total 393216K, used 24602K [0x00000000e8000000, 0x0000000100000000, 0x0000000100000000)
 Metaspace       used 37226K, capacity 38294K, committed 38500K, reserved 1083392K
  class space    used 4421K, capacity 4671K, committed 4708K, reserved 1048576K
2017-11-27T00:00:46.606+0100: 11260.063: [GC (Allocation Failure) 2017-11-27T00:00:46.606+0100: 11260.063: [ParNew
Desired survivor size 20112992 bytes, new threshold 8 (max 8)
- age   1:     335448 bytes,     335448 total
- age   2:       2272 bytes,     337720 total
- age   3:       1352 bytes,     339072 total
- age   4:       1888 bytes,     340960 total
- age   5:     472432 bytes,     813392 total
- age   6:       1616 bytes,     815008 total
- age   7:       2024 bytes,     817032 total
- age   8:      15488 bytes,     832520 total
: 89927K->1158K(109248K), 0.0046978 secs] 114530K->25830K(502464K), 0.0048369 secs] [Times: user=0.03 sys=0.00, real=0.01 secs] 
Heap after GC invocations=96 (full 1):
 par new generation   total 109248K, used 1158K [0x00000000e0000000, 0x00000000e8000000, 0x00000000e8000000)
  eden space 87424K,   0% used [0x00000000e0000000, 0x00000000e0000000, 0x00000000e5560000)
  from space 21824K,   5% used [0x00000000e5560000, 0x00000000e5681b00, 0x00000000e6ab0000)
  to   space 21824K,   0% used [0x00000000e6ab0000, 0x00000000e6ab0000, 0x00000000e8000000)
 concurrent mark-sweep generation total 393216K, used 24671K [0x00000000e8000000, 0x0000000100000000, 0x0000000100000000)
 Metaspace       used 37226K, capacity 38294K, committed 38500K, reserved 1083392K
  class space    used 4421K, capacity 4671K, committed 4708K, reserved 1048576K
}
2017-11-27T00:00:46.611+0100: 11260.068: Total time for which application threads were stopped: 0.0050738 seconds, Stopping threads took: 0.0000240 seconds
{Heap before GC invocations=96 (full 1):
 par new generation   total 109248K, used 88582K [0x00000000e0000000, 0x00000000e8000000, 0x00000000e8000000)
  eden space 87424K, 100% used [0x00000000e0000000, 0x00000000e5560000, 0x00000000e5560000)
  from space 21824K,   5% used [0x00000000e5560000, 0x00000000e5681b00, 0x00000000e6ab0000)
  to   space 21824K,   0% used [0x00000000e6ab0000, 0x00000000e6ab0000, 0x00000000e8000000)
 concurrent mark-sweep generation total 393216K, used 24671K [0x00000000e8000000, 0x0000000100000000, 0x0000000100000000)
 Metaspace       used 37226K, capacity 38294K, committed 38500K, reserved 1083392K
  class space    used 4421K, capacity 4671K, committed 4708K, reserved 1048576K
2017-11-27T00:03:00.519+0100: 11393.977: [GC (Allocation Failure) 2017-11-27T00:03:00.519+0100: 11393.977: [ParNew
Desired survivor size 20112992 bytes, new threshold 8 (max 8)
- age   1:     591072 bytes,     591072 total
- age   2:       2440 bytes,     593512 total
- age   3:       1400 bytes,     594912 total
- age   4:       1352 bytes,     596264 total
- age   5:       1888 bytes,     598152 total
- age   6:     471304 bytes,    1069456 total
- age   7:       1616 bytes,    1071072 total
- age   8:       2024 bytes,    1073096 total
: 88582K->1369K(109248K), 0.0048969 secs] 113254K->26056K(502464K), 0.0051022 secs] [Times: user=0.00 sys=0.00, real=0.00 secs] 
Heap after GC invocations=97 (full 1):
 par new generation   total 109248K, used 1369K [0x00000000e0000000, 0x00000000e8000000, 0x00000000e8000000)
  eden space 87424K,   0% used [0x00000000e0000000, 0x00000000e0000000, 0x00000000e5560000)
  from space 21824K,   6% used [0x00000000e6ab0000, 0x00000000e6c06600, 0x00000000e8000000)
  to   space 21824K,   0% used [0x00000000e5560000, 0x00000000e5560000, 0x00000000e6ab0000)
 concurrent mark-sweep generation total 393216K, used 24687K [0x00000000e8000000, 0x0000000100000000, 0x0000000100000000)
 Metaspace       used 37226K, capacity 38294K, committed 38500K, reserved 1083392K
  class space    used 4421K, capacity 4671K, committed 4708K, reserved 1048576K
}
2017-11-27T00:03:00.524+0100: 11393.982: Total time for which application threads were stopped: 0.0054756 seconds, Stopping threads took: 0.0000382 seconds
{Heap before GC invocations=97 (full 1):
 par new generation   total 109248K, used 88793K [0x00000000e0000000, 0x00000000e8000000, 0x00000000e8000000)
  eden space 87424K, 100% used [0x00000000e0000000, 0x00000000e5560000, 0x00000000e5560000)
  from space 21824K,   6% used [0x00000000e6ab0000, 0x00000000e6c06600, 0x00000000e8000000)
  to   space 21824K,   0% used [0x00000000e5560000, 0x00000000e5560000, 0x00000000e6ab0000)
 concurrent mark-sweep generation total 393216K, used 24687K [0x00000000e8000000, 0x0000000100000000, 0x0000000100000000)
 Metaspace       used 37226K, capacity 38294K, committed 38500K, reserved 1083392K
  class space    used 4421K, capacity 4671K, committed 4708K, reserved 1048576K
2017-11-27T00:07:07.238+0100: 11640.695: [GC (Allocation Failure) 2017-11-27T00:07:07.238+0100: 11640.695: [ParNew
Desired survivor size 20112992 bytes, new threshold 8 (max 8)
- age   1:      95000 bytes,      95000 total
- age   2:       1616 bytes,      96616 total
- age   3:       1920 bytes,      98536 total
- age   4:       1400 bytes,      99936 total
- age   5:       1352 bytes,     101288 total
- age   6:       1888 bytes,     103176 total
- age   7:     469928 bytes,     573104 total
- age   8:       1544 bytes,     574648 total
: 88793K->905K(109248K), 0.0050698 secs] 113480K->25595K(502464K), 0.0051618 secs] [Times: user=0.00 sys=0.00, real=0.01 secs] 
Heap after GC invocations=98 (full 1):
 par new generation   total 109248K, used 905K [0x00000000e0000000, 0x00000000e8000000, 0x00000000e8000000)
  eden space 87424K,   0% used [0x00000000e0000000, 0x00000000e0000000, 0x00000000e5560000)
  from space 21824K,   4% used [0x00000000e5560000, 0x00000000e5642680, 0x00000000e6ab0000)
  to   space 21824K,   0% used [0x00000000e6ab0000, 0x00000000e6ab0000, 0x00000000e8000000)
 concurrent mark-sweep generation total 393216K, used 24689K [0x00000000e8000000, 0x0000000100000000, 0x0000000100000000)
 Metaspace       used 37226K, capacity 38294K, committed 38500K, reserved 1083392K
  class space    used 4421K, capacity 4671K, committed 4708K, reserved 1048576K
}
2017-11-27T00:07:07.243+0100: 11640.700: Total time for which application threads were stopped: 0.0055160 seconds, Stopping threads took: 0.0000658 seconds
2017-11-27T00:08:11.265+0100: 11704.722: Total time for which application threads were stopped: 0.0001596 seconds, Stopping threads took: 0.0000351 seconds
{Heap before GC invocations=98 (full 1):
 par new generation   total 109248K, used 88329K [0x00000000e0000000, 0x00000000e8000000, 0x00000000e8000000)
  eden space 87424K, 100% used [0x00000000e0000000, 0x00000000e5560000, 0x00000000e5560000)
  from space 21824K,   4% used [0x00000000e5560000, 0x00000000e5642680, 0x00000000e6ab0000)
  to   space 21824K,   0% used [0x00000000e6ab0000, 0x00000000e6ab0000, 0x00000000e8000000)
 concurrent mark-sweep generation total 393216K, used 24689K [0x00000000e8000000, 0x0000000100000000, 0x0000000100000000)
 Metaspace       used 37227K, capacity 38294K, committed 38500K, reserved 1083392K
  class space    used 4421K, capacity 4671K, committed 4708K, reserved 1048576K
2017-11-27T00:08:17.112+0100: 11710.570: [GC (Allocation Failure) 2017-11-27T00:08:17.112+0100: 11710.570: [ParNew
Desired survivor size 20112992 bytes, new threshold 8 (max 8)
- age   1:    1689504 bytes,    1689504 total
- age   2:      16592 bytes,    1706096 total
- age   3:       1352 bytes,    1707448 total
- age   4:       1472 bytes,    1708920 total
- age   5:       1400 bytes,    1710320 total
- age   6:       1352 bytes,    1711672 total
- age   7:       1888 bytes,    1713560 total
- age   8:     468304 bytes,    2181864 total
: 88329K->2273K(109248K), 0.0061178 secs] 113019K->26964K(502464K), 0.0063760 secs] [Times: user=0.00 sys=0.00, real=0.01 secs] 
Heap after GC invocations=99 (full 1):
 par new generation   total 109248K, used 2273K [0x00000000e0000000, 0x00000000e8000000, 0x00000000e8000000)
  eden space 87424K,   0% used [0x00000000e0000000, 0x00000000e0000000, 0x00000000e5560000)
  from space 21824K,  10% used [0x00000000e6ab0000, 0x00000000e6ce8520, 0x00000000e8000000)
  to   space 21824K,   0% used [0x00000000e5560000, 0x00000000e5560000, 0x00000000e6ab0000)
 concurrent mark-sweep generation total 393216K, used 24690K [0x00000000e8000000, 0x0000000100000000, 0x0000000100000000)
 Metaspace       used 37227K, capacity 38294K, committed 38500K, reserved 1083392K
  class space    used 4421K, capacity 4671K, committed 4708K, reserved 1048576K
}
2017-11-27T00:08:17.118+0100: 11710.576: Total time for which application threads were stopped: 0.0066676 seconds, Stopping threads took: 0.0000196 seconds
{Heap before GC invocations=99 (full 1):
 par new generation   total 109248K, used 89697K [0x00000000e0000000, 0x00000000e8000000, 0x00000000e8000000)
  eden space 87424K, 100% used [0x00000000e0000000, 0x00000000e5560000, 0x00000000e5560000)
  from space 21824K,  10% used [0x00000000e6ab0000, 0x00000000e6ce8520, 0x00000000e8000000)
  to   space 21824K,   0% used [0x00000000e5560000, 0x00000000e5560000, 0x00000000e6ab0000)
 concurrent mark-sweep generation total 393216K, used 24690K [0x00000000e8000000, 0x0000000100000000, 0x0000000100000000)
 Metaspace       used 37227K, capacity 38294K, committed 38500K, reserved 1083392K
  class space    used 4421K, capacity 4671K, committed 4708K, reserved 1048576K
2017-11-27T00:10:14.712+0100: 11828.170: [GC (Allocation Failure) 2017-11-27T00:10:14.712+0100: 11828.170: [ParNew
Desired survivor size 20112992 bytes, new threshold 8 (max 8)
- age   1:     670048 bytes,     670048 total
- age   2:       3824 bytes,     673872 total
- age   3:      16344 bytes,     690216 total
- age   4:       1352 bytes,     691568 total
- age   5:       1472 bytes,     693040 total
- age   6:       1400 bytes,     694440 total
- age   7:       1128 bytes,     695568 total
- age   8:       1888 bytes,     697456 total
: 89697K->1629K(109248K), 0.0078013 secs] 114388K->26775K(502464K), 0.0078796 secs] [Times: user=0.02 sys=0.00, real=0.01 secs] 
Heap after GC invocations=100 (full 1):
 par new generation   total 109248K, used 1629K [0x00000000e0000000, 0x00000000e8000000, 0x00000000e8000000)
  eden space 87424K,   0% used [0x00000000e0000000, 0x00000000e0000000, 0x00000000e5560000)
  from space 21824K,   7% used [0x00000000e5560000, 0x00000000e56f7420, 0x00000000e6ab0000)
  to   space 21824K,   0% used [0x00000000e6ab0000, 0x00000000e6ab0000, 0x00000000e8000000)
 concurrent mark-sweep generation total 393216K, used 25146K [0x00000000e8000000, 0x0000000100000000, 0x0000000100000000)
 Metaspace       used 37227K, capacity 38294K, committed 38500K, reserved 1083392K
  class space    used 4421K, capacity 4671K, committed 4708K, reserved 1048576K
}
2017-11-27T00:10:14.720+0100: 11828.178: Total time for which application threads were stopped: 0.0082787 seconds, Stopping threads took: 0.0000800 seconds
2017-11-27T00:10:30.724+0100: 11844.182: Total time for which application threads were stopped: 0.0001231 seconds, Stopping threads took: 0.0000276 seconds
2017-11-27T00:12:30.760+0100: 11964.218: Total time for which application threads were stopped: 0.0001711 seconds, Stopping threads took: 0.0000551 seconds
{Heap before GC invocations=100 (full 1):
 par new generation   total 109248K, used 89053K [0x00000000e0000000, 0x00000000e8000000, 0x00000000e8000000)
  eden space 87424K, 100% used [0x00000000e0000000, 0x00000000e5560000, 0x00000000e5560000)
  from space 21824K,   7% used [0x00000000e5560000, 0x00000000e56f7420, 0x00000000e6ab0000)
  to   space 21824K,   0% used [0x00000000e6ab0000, 0x00000000e6ab0000, 0x00000000e8000000)
 concurrent mark-sweep generation total 393216K, used 25146K [0x00000000e8000000, 0x0000000100000000, 0x0000000100000000)
 Metaspace       used 37227K, capacity 38294K, committed 38500K, reserved 1083392K
  class space    used 4421K, capacity 4671K, committed 4708K, reserved 1048576K
2017-11-27T00:14:16.896+0100: 12070.354: [GC (Allocation Failure) 2017-11-27T00:14:16.896+0100: 12070.354: [ParNew
Desired survivor size 20112992 bytes, new threshold 8 (max 8)
- age   1:     869736 bytes,     869736 total
- age   2:       2568 bytes,     872304 total
- age   3:       3528 bytes,     875832 total
- age   4:       1880 bytes,     877712 total
- age   5:       1128 bytes,     878840 total
- age   6:       1472 bytes,     880312 total
- age   7:       1400 bytes,     881712 total
- age   8:       1128 bytes,     882840 total
: 89053K->1146K(109248K), 0.0054702 secs] 114199K->26294K(502464K), 0.0057164 secs] [Times: user=0.00 sys=0.00, real=0.01 secs] 
Heap after GC invocations=101 (full 1):
 par new generation   total 109248K, used 1146K [0x00000000e0000000, 0x00000000e8000000, 0x00000000e8000000)
  eden space 87424K,   0% used [0x00000000e0000000, 0x00000000e0000000, 0x00000000e5560000)
  from space 21824K,   5% used [0x00000000e6ab0000, 0x00000000e6bce8a8, 0x00000000e8000000)
  to   space 21824K,   0% used [0x00000000e5560000, 0x00000000e5560000, 0x00000000e6ab0000)
 concurrent mark-sweep generation total 393216K, used 25148K [0x00000000e8000000, 0x0000000100000000, 0x0000000100000000)
 Metaspace       used 37227K, capacity 38294K, committed 38500K, reserved 1083392K
  class space    used 4421K, capacity 4671K, committed 4708K, reserved 1048576K
}
2017-11-27T00:14:16.902+0100: 12070.360: Total time for which application threads were stopped: 0.0060067 seconds, Stopping threads took: 0.0000351 seconds
{Heap before GC invocations=101 (full 1):
 par new generation   total 109248K, used 88570K [0x00000000e0000000, 0x00000000e8000000, 0x00000000e8000000)
  eden space 87424K, 100% used [0x00000000e0000000, 0x00000000e5560000, 0x00000000e5560000)
  from space 21824K,   5% used [0x00000000e6ab0000, 0x00000000e6bce8a8, 0x00000000e8000000)
  to   space 21824K,   0% used [0x00000000e5560000, 0x00000000e5560000, 0x00000000e6ab0000)
 concurrent mark-sweep generation total 393216K, used 25148K [0x00000000e8000000, 0x0000000100000000, 0x0000000100000000)
 Metaspace       used 37227K, capacity 38294K, committed 38500K, reserved 1083392K
  class space    used 4421K, capacity 4671K, committed 4708K, reserved 1048576K
2017-11-27T00:15:38.882+0100: 12152.340: [GC (Allocation Failure) 2017-11-27T00:15:38.883+0100: 12152.340: [ParNew
Desired survivor size 20112992 bytes, new threshold 8 (max 8)
- age   1:     599800 bytes,     599800 total
- age   2:      16528 bytes,     616328 total
- age   3:       2304 bytes,     618632 total
- age   4:       3080 bytes,     621712 total
- age   5:       1880 bytes,     623592 total
- age   6:       1128 bytes,     624720 total
- age   7:       1472 bytes,     626192 total
- age   8:       1400 bytes,     627592 total
: 88570K->788K(109248K), 0.0049236 secs] 113718K->25938K(502464K), 0.0050684 secs] [Times: user=0.00 sys=0.00, real=0.01 secs] 
Heap after GC invocations=102 (full 1):
 par new generation   total 109248K, used 788K [0x00000000e0000000, 0x00000000e8000000, 0x00000000e8000000)
  eden space 87424K,   0% used [0x00000000e0000000, 0x00000000e0000000, 0x00000000e5560000)
  from space 21824K,   3% used [0x00000000e5560000, 0x00000000e5625298, 0x00000000e6ab0000)
  to   space 21824K,   0% used [0x00000000e6ab0000, 0x00000000e6ab0000, 0x00000000e8000000)
 concurrent mark-sweep generation total 393216K, used 25149K [0x00000000e8000000, 0x0000000100000000, 0x0000000100000000)
 Metaspace       used 37227K, capacity 38294K, committed 38500K, reserved 1083392K
  class space    used 4421K, capacity 4671K, committed 4708K, reserved 1048576K
}
2017-11-27T00:15:38.888+0100: 12152.345: Total time for which application threads were stopped: 0.0054156 seconds, Stopping threads took: 0.0000449 seconds
{Heap before GC invocations=102 (full 1):
 par new generation   total 109248K, used 88212K [0x00000000e0000000, 0x00000000e8000000, 0x00000000e8000000)
  eden space 87424K, 100% used [0x00000000e0000000, 0x00000000e5560000, 0x00000000e5560000)
  from space 21824K,   3% used [0x00000000e5560000, 0x00000000e5625298, 0x00000000e6ab0000)
  to   space 21824K,   0% used [0x00000000e6ab0000, 0x00000000e6ab0000, 0x00000000e8000000)
 concurrent mark-sweep generation total 393216K, used 25149K [0x00000000e8000000, 0x0000000100000000, 0x0000000100000000)
 Metaspace       used 37227K, capacity 38294K, committed 38500K, reserved 1083392K
  class space    used 4421K, capacity 4671K, committed 4708K, reserved 1048576K
2017-11-27T00:16:44.601+0100: 12218.058: [GC (Allocation Failure) 2017-11-27T00:16:44.601+0100: 12218.058: [ParNew
Desired survivor size 20112992 bytes, new threshold 8 (max 8)
- age   1:    1389928 bytes,    1389928 total
- age   2:       3064 bytes,    1392992 total
- age   3:      16040 bytes,    1409032 total
- age   4:       2304 bytes,    1411336 total
- age   5:       3080 bytes,    1414416 total
- age   6:       1656 bytes,    1416072 total
- age   7:       1128 bytes,    1417200 total
- age   8:       1472 bytes,    1418672 total
: 88212K->1541K(109248K), 0.0046062 secs] 113362K->26692K(502464K), 0.0046791 secs] [Times: user=0.00 sys=0.00, real=0.00 secs] 
Heap after GC invocations=103 (full 1):
 par new generation   total 109248K, used 1541K [0x00000000e0000000, 0x00000000e8000000, 0x00000000e8000000)
  eden space 87424K,   0% used [0x00000000e0000000, 0x00000000e0000000, 0x00000000e5560000)
  from space 21824K,   7% used [0x00000000e6ab0000, 0x00000000e6c31470, 0x00000000e8000000)
  to   space 21824K,   0% used [0x00000000e5560000, 0x00000000e5560000, 0x00000000e6ab0000)
 concurrent mark-sweep generation total 393216K, used 25151K [0x00000000e8000000, 0x0000000100000000, 0x0000000100000000)
 Metaspace       used 37227K, capacity 38294K, committed 38500K, reserved 1083392K
  class space    used 4421K, capacity 4671K, committed 4708K, reserved 1048576K
}
2017-11-27T00:16:44.606+0100: 12218.063: Total time for which application threads were stopped: 0.0049280 seconds, Stopping threads took: 0.0000356 seconds
2017-11-27T00:28:05.835+0100: 12899.293: Total time for which application threads were stopped: 0.0002898 seconds, Stopping threads took: 0.0000760 seconds
2017-11-27T00:29:36.863+0100: 12990.321: Total time for which application threads were stopped: 0.0002009 seconds, Stopping threads took: 0.0000511 seconds
{Heap before GC invocations=103 (full 1):
 par new generation   total 109248K, used 88965K [0x00000000e0000000, 0x00000000e8000000, 0x00000000e8000000)
  eden space 87424K, 100% used [0x00000000e0000000, 0x00000000e5560000, 0x00000000e5560000)
  from space 21824K,   7% used [0x00000000e6ab0000, 0x00000000e6c31470, 0x00000000e8000000)
  to   space 21824K,   0% used [0x00000000e5560000, 0x00000000e5560000, 0x00000000e6ab0000)
 concurrent mark-sweep generation total 393216K, used 25151K [0x00000000e8000000, 0x0000000100000000, 0x0000000100000000)
 Metaspace       used 37230K, capacity 38358K, committed 38500K, reserved 1083392K
  class space    used 4421K, capacity 4671K, committed 4708K, reserved 1048576K
2017-11-27T00:30:09.783+0100: 13023.241: [GC (Allocation Failure) 2017-11-27T00:30:09.783+0100: 13023.241: [ParNew
Desired survivor size 20112992 bytes, new threshold 8 (max 8)
- age   1:    1179648 bytes,    1179648 total
- age   2:       1808 bytes,    1181456 total
- age   3:       2336 bytes,    1183792 total
- age   4:      15800 bytes,    1199592 total
- age   5:       2304 bytes,    1201896 total
- age   6:       3080 bytes,    1204976 total
- age   7:       1656 bytes,    1206632 total
- age   8:       1128 bytes,    1207760 total
: 88965K->1968K(109248K), 0.0050098 secs] 114116K->27120K(502464K), 0.0051138 secs] [Times: user=0.00 sys=0.00, real=0.01 secs] 
Heap after GC invocations=104 (full 1):
 par new generation   total 109248K, used 1968K [0x00000000e0000000, 0x00000000e8000000, 0x00000000e8000000)
  eden space 87424K,   0% used [0x00000000e0000000, 0x00000000e0000000, 0x00000000e5560000)
  from space 21824K,   9% used [0x00000000e5560000, 0x00000000e574c108, 0x00000000e6ab0000)
  to   space 21824K,   0% used [0x00000000e6ab0000, 0x00000000e6ab0000, 0x00000000e8000000)
 concurrent mark-sweep generation total 393216K, used 25152K [0x00000000e8000000, 0x0000000100000000, 0x0000000100000000)
 Metaspace       used 37230K, capacity 38358K, committed 38500K, reserved 1083392K
  class space    used 4421K, capacity 4671K, committed 4708K, reserved 1048576K
}
2017-11-27T00:30:09.788+0100: 13023.246: Total time for which application threads were stopped: 0.0053916 seconds, Stopping threads took: 0.0000302 seconds
2017-11-27T00:31:28.812+0100: 13102.270: Total time for which application threads were stopped: 0.0001267 seconds, Stopping threads took: 0.0000240 seconds
2017-11-27T00:31:45.817+0100: 13119.275: Total time for which application threads were stopped: 0.0001564 seconds, Stopping threads took: 0.0000427 seconds
{Heap before GC invocations=104 (full 1):
 par new generation   total 109248K, used 89392K [0x00000000e0000000, 0x00000000e8000000, 0x00000000e8000000)
  eden space 87424K, 100% used [0x00000000e0000000, 0x00000000e5560000, 0x00000000e5560000)
  from space 21824K,   9% used [0x00000000e5560000, 0x00000000e574c108, 0x00000000e6ab0000)
  to   space 21824K,   0% used [0x00000000e6ab0000, 0x00000000e6ab0000, 0x00000000e8000000)
 concurrent mark-sweep generation total 393216K, used 25152K [0x00000000e8000000, 0x0000000100000000, 0x0000000100000000)
 Metaspace       used 37230K, capacity 38358K, committed 38500K, reserved 1083392K
  class space    used 4421K, capacity 4671K, committed 4708K, reserved 1048576K
2017-11-27T00:32:18.878+0100: 13152.336: [GC (Allocation Failure) 2017-11-27T00:32:18.878+0100: 13152.336: [ParNew
Desired survivor size 20112992 bytes, new threshold 8 (max 8)
- age   1:     226896 bytes,     226896 total
- age   2:      17000 bytes,     243896 total
- age   3:       1768 bytes,     245664 total
- age   4:       2112 bytes,     247776 total
- age   5:      15800 bytes,     263576 total
- age   6:       1856 bytes,     265432 total
- age   7:       3080 bytes,     268512 total
- age   8:       1656 bytes,     270168 total
: 89392K->576K(109248K), 0.0053209 secs] 114544K->25729K(502464K), 0.0054129 secs] [Times: user=0.00 sys=0.00, real=0.01 secs] 
Heap after GC invocations=105 (full 1):
 par new generation   total 109248K, used 576K [0x00000000e0000000, 0x00000000e8000000, 0x00000000e8000000)
  eden space 87424K,   0% used [0x00000000e0000000, 0x00000000e0000000, 0x00000000e5560000)
  from space 21824K,   2% used [0x00000000e6ab0000, 0x00000000e6b40020, 0x00000000e8000000)
  to   space 21824K,   0% used [0x00000000e5560000, 0x00000000e5560000, 0x00000000e6ab0000)
 concurrent mark-sweep generation total 393216K, used 25153K [0x00000000e8000000, 0x0000000100000000, 0x0000000100000000)
 Metaspace       used 37230K, capacity 38358K, committed 38500K, reserved 1083392K
  class space    used 4421K, capacity 4671K, committed 4708K, reserved 1048576K
}
2017-11-27T00:32:18.884+0100: 13152.341: Total time for which application threads were stopped: 0.0056631 seconds, Stopping threads took: 0.0000293 seconds
{Heap before GC invocations=105 (full 1):
 par new generation   total 109248K, used 88000K [0x00000000e0000000, 0x00000000e8000000, 0x00000000e8000000)
  eden space 87424K, 100% used [0x00000000e0000000, 0x00000000e5560000, 0x00000000e5560000)
  from space 21824K,   2% used [0x00000000e6ab0000, 0x00000000e6b40020, 0x00000000e8000000)
  to   space 21824K,   0% used [0x00000000e5560000, 0x00000000e5560000, 0x00000000e6ab0000)
 concurrent mark-sweep generation total 393216K, used 25153K [0x00000000e8000000, 0x0000000100000000, 0x0000000100000000)
 Metaspace       used 37230K, capacity 38358K, committed 38500K, reserved 1083392K
  class space    used 4421K, capacity 4671K, committed 4708K, reserved 1048576K
2017-11-27T00:35:43.735+0100: 13357.193: [GC (Allocation Failure) 2017-11-27T00:35:43.735+0100: 13357.193: [ParNew
Desired survivor size 20112992 bytes, new threshold 8 (max 8)
- age   1:     428968 bytes,     428968 total
- age   2:       2816 bytes,     431784 total
- age   3:      16928 bytes,     448712 total
- age   4:       1544 bytes,     450256 total
- age   5:       1888 bytes,     452144 total
- age   6:      15800 bytes,     467944 total
- age   7:       1856 bytes,     469800 total
- age   8:       3080 bytes,     472880 total
: 88000K->532K(109248K), 0.0055351 secs] 113153K->25687K(502464K), 0.0056467 secs] [Times: user=0.00 sys=0.00, real=0.01 secs] 
Heap after GC invocations=106 (full 1):
 par new generation   total 109248K, used 532K [0x00000000e0000000, 0x00000000e8000000, 0x00000000e8000000)
  eden space 87424K,   0% used [0x00000000e0000000, 0x00000000e0000000, 0x00000000e5560000)
  from space 21824K,   2% used [0x00000000e5560000, 0x00000000e55e5028, 0x00000000e6ab0000)
  to   space 21824K,   0% used [0x00000000e6ab0000, 0x00000000e6ab0000, 0x00000000e8000000)
 concurrent mark-sweep generation total 393216K, used 25155K [0x00000000e8000000, 0x0000000100000000, 0x0000000100000000)
 Metaspace       used 37230K, capacity 38358K, committed 38500K, reserved 1083392K
  class space    used 4421K, capacity 4671K, committed 4708K, reserved 1048576K
}
2017-11-27T00:35:43.741+0100: 13357.198: Total time for which application threads were stopped: 0.0059329 seconds, Stopping threads took: 0.0000316 seconds
{Heap before GC invocations=106 (full 1):
 par new generation   total 109248K, used 87956K [0x00000000e0000000, 0x00000000e8000000, 0x00000000e8000000)
  eden space 87424K, 100% used [0x00000000e0000000, 0x00000000e5560000, 0x00000000e5560000)
  from space 21824K,   2% used [0x00000000e5560000, 0x00000000e55e5028, 0x00000000e6ab0000)
  to   space 21824K,   0% used [0x00000000e6ab0000, 0x00000000e6ab0000, 0x00000000e8000000)
 concurrent mark-sweep generation total 393216K, used 25155K [0x00000000e8000000, 0x0000000100000000, 0x0000000100000000)
 Metaspace       used 37230K, capacity 38358K, committed 38500K, reserved 1083392K
  class space    used 4421K, capacity 4671K, committed 4708K, reserved 1048576K
2017-11-27T00:38:21.197+0100: 13514.654: [GC (Allocation Failure) 2017-11-27T00:38:21.197+0100: 13514.654: [ParNew
Desired survivor size 20112992 bytes, new threshold 8 (max 8)
- age   1:      98760 bytes,      98760 total
- age   2:       1568 bytes,     100328 total
- age   3:       2104 bytes,     102432 total
- age   4:      16928 bytes,     119360 total
- age   5:       1544 bytes,     120904 total
- age   6:       1888 bytes,     122792 total
- age   7:      15800 bytes,     138592 total
- age   8:       1856 bytes,     140448 total
: 87956K->296K(109248K), 0.0058391 secs] 113111K->25454K(502464K), 0.0059329 secs] [Times: user=0.00 sys=0.00, real=0.01 secs] 
Heap after GC invocations=107 (full 1):
 par new generation   total 109248K, used 296K [0x00000000e0000000, 0x00000000e8000000, 0x00000000e8000000)
  eden space 87424K,   0% used [0x00000000e0000000, 0x00000000e0000000, 0x00000000e5560000)
  from space 21824K,   1% used [0x00000000e6ab0000, 0x00000000e6afa028, 0x00000000e8000000)
  to   space 21824K,   0% used [0x00000000e5560000, 0x00000000e5560000, 0x00000000e6ab0000)
 concurrent mark-sweep generation total 393216K, used 25158K [0x00000000e8000000, 0x0000000100000000, 0x0000000100000000)
 Metaspace       used 37230K, capacity 38358K, committed 38500K, reserved 1083392K
  class space    used 4421K, capacity 4671K, committed 4708K, reserved 1048576K
}
2017-11-27T00:38:21.203+0100: 13514.660: Total time for which application threads were stopped: 0.0062418 seconds, Stopping threads took: 0.0000320 seconds
2017-11-27T00:39:10.217+0100: 13563.675: Total time for which application threads were stopped: 0.0001582 seconds, Stopping threads took: 0.0000791 seconds
{Heap before GC invocations=107 (full 1):
 par new generation   total 109248K, used 87720K [0x00000000e0000000, 0x00000000e8000000, 0x00000000e8000000)
  eden space 87424K, 100% used [0x00000000e0000000, 0x00000000e5560000, 0x00000000e5560000)
  from space 21824K,   1% used [0x00000000e6ab0000, 0x00000000e6afa028, 0x00000000e8000000)
  to   space 21824K,   0% used [0x00000000e5560000, 0x00000000e5560000, 0x00000000e6ab0000)
 concurrent mark-sweep generation total 393216K, used 25158K [0x00000000e8000000, 0x0000000100000000, 0x0000000100000000)
 Metaspace       used 37230K, capacity 38358K, committed 38500K, reserved 1083392K
  class space    used 4421K, capacity 4671K, committed 4708K, reserved 1048576K
2017-11-27T00:40:02.430+0100: 13615.888: [GC (Allocation Failure) 2017-11-27T00:40:02.430+0100: 13615.888: [ParNew
Desired survivor size 20112992 bytes, new threshold 8 (max 8)
- age   1:     799368 bytes,     799368 total
- age   2:       2488 bytes,     801856 total
- age   3:       1272 bytes,     803128 total
- age   4:       2104 bytes,     805232 total
- age   5:      16928 bytes,     822160 total
- age   6:       1544 bytes,     823704 total
- age   7:       1888 bytes,     825592 total
- age   8:      15800 bytes,     841392 total
: 87720K->932K(109248K), 0.0046827 secs] 112878K->26093K(502464K), 0.0047582 secs] [Times: user=0.00 sys=0.00, real=0.00 secs] 
Heap after GC invocations=108 (full 1):
 par new generation   total 109248K, used 932K [0x00000000e0000000, 0x00000000e8000000, 0x00000000e8000000)
  eden space 87424K,   0% used [0x00000000e0000000, 0x00000000e0000000, 0x00000000e5560000)
  from space 21824K,   4% used [0x00000000e5560000, 0x00000000e5649340, 0x00000000e6ab0000)
  to   space 21824K,   0% used [0x00000000e6ab0000, 0x00000000e6ab0000, 0x00000000e8000000)
 concurrent mark-sweep generation total 393216K, used 25160K [0x00000000e8000000, 0x0000000100000000, 0x0000000100000000)
 Metaspace       used 37230K, capacity 38358K, committed 38500K, reserved 1083392K
  class space    used 4421K, capacity 4671K, committed 4708K, reserved 1048576K
}
2017-11-27T00:40:02.435+0100: 13615.892: Total time for which application threads were stopped: 0.0050267 seconds, Stopping threads took: 0.0000320 seconds
2017-11-27T00:44:38.517+0100: 13891.974: Total time for which application threads were stopped: 0.0002693 seconds, Stopping threads took: 0.0000707 seconds
{Heap before GC invocations=108 (full 1):
 par new generation   total 109248K, used 88356K [0x00000000e0000000, 0x00000000e8000000, 0x00000000e8000000)
  eden space 87424K, 100% used [0x00000000e0000000, 0x00000000e5560000, 0x00000000e5560000)
  from space 21824K,   4% used [0x00000000e5560000, 0x00000000e5649340, 0x00000000e6ab0000)
  to   space 21824K,   0% used [0x00000000e6ab0000, 0x00000000e6ab0000, 0x00000000e8000000)
 concurrent mark-sweep generation total 393216K, used 25160K [0x00000000e8000000, 0x0000000100000000, 0x0000000100000000)
 Metaspace       used 37231K, capacity 38358K, committed 38500K, reserved 1083392K
  class space    used 4422K, capacity 4671K, committed 4708K, reserved 1048576K
2017-11-27T00:46:19.540+0100: 13992.998: [GC (Allocation Failure) 2017-11-27T00:46:19.540+0100: 13992.998: [ParNew
Desired survivor size 20112992 bytes, new threshold 8 (max 8)
- age   1:     689456 bytes,     689456 total
- age   2:       1808 bytes,     691264 total
- age   3:       2096 bytes,     693360 total
- age   4:       1272 bytes,     694632 total
- age   5:       2104 bytes,     696736 total
- age   6:       2072 bytes,     698808 total
- age   7:       1320 bytes,     700128 total
- age   8:       1888 bytes,     702016 total
: 88356K->971K(109248K), 0.0073627 secs] 113517K->26132K(502464K), 0.0076027 secs] [Times: user=0.02 sys=0.00, real=0.01 secs] 
Heap after GC invocations=109 (full 1):
 par new generation   total 109248K, used 971K [0x00000000e0000000, 0x00000000e8000000, 0x00000000e8000000)
  eden space 87424K,   0% used [0x00000000e0000000, 0x00000000e0000000, 0x00000000e5560000)
  from space 21824K,   4% used [0x00000000e6ab0000, 0x00000000e6ba2c40, 0x00000000e8000000)
  to   space 21824K,   0% used [0x00000000e5560000, 0x00000000e5560000, 0x00000000e6ab0000)
 concurrent mark-sweep generation total 393216K, used 25161K [0x00000000e8000000, 0x0000000100000000, 0x0000000100000000)
 Metaspace       used 37231K, capacity 38358K, committed 38500K, reserved 1083392K
  class space    used 4422K, capacity 4671K, committed 4708K, reserved 1048576K
}
2017-11-27T00:46:19.548+0100: 13993.005: Total time for which application threads were stopped: 0.0080004 seconds, Stopping threads took: 0.0000707 seconds
2017-11-27T00:48:07.577+0100: 14101.035: Total time for which application threads were stopped: 0.0002782 seconds, Stopping threads took: 0.0000689 seconds
{Heap before GC invocations=109 (full 1):
 par new generation   total 109248K, used 88395K [0x00000000e0000000, 0x00000000e8000000, 0x00000000e8000000)
  eden space 87424K, 100% used [0x00000000e0000000, 0x00000000e5560000, 0x00000000e5560000)
  from space 21824K,   4% used [0x00000000e6ab0000, 0x00000000e6ba2c40, 0x00000000e8000000)
  to   space 21824K,   0% used [0x00000000e5560000, 0x00000000e5560000, 0x00000000e6ab0000)
 concurrent mark-sweep generation total 393216K, used 25161K [0x00000000e8000000, 0x0000000100000000, 0x0000000100000000)
 Metaspace       used 37231K, capacity 38358K, committed 38500K, reserved 1083392K
  class space    used 4422K, capacity 4671K, committed 4708K, reserved 1048576K
2017-11-27T00:48:21.891+0100: 14115.348: [GC (Allocation Failure) 2017-11-27T00:48:21.891+0100: 14115.348: [ParNew
Desired survivor size 20112992 bytes, new threshold 8 (max 8)
- age   1:    4007040 bytes,    4007040 total
- age   2:      16616 bytes,    4023656 total
- age   3:       1320 bytes,    4024976 total
- age   4:       1872 bytes,    4026848 total
- age   5:       1272 bytes,    4028120 total
- age   6:       1880 bytes,    4030000 total
- age   7:       1848 bytes,    4031848 total
- age   8:       1320 bytes,    4033168 total
: 88395K->4261K(109248K), 0.0095724 secs] 113556K->29424K(502464K), 0.0096644 secs] [Times: user=0.00 sys=0.00, real=0.01 secs] 
Heap after GC invocations=110 (full 1):
 par new generation   total 109248K, used 4261K [0x00000000e0000000, 0x00000000e8000000, 0x00000000e8000000)
  eden space 87424K,   0% used [0x00000000e0000000, 0x00000000e0000000, 0x00000000e5560000)
  from space 21824K,  19% used [0x00000000e5560000, 0x00000000e5989528, 0x00000000e6ab0000)
  to   space 21824K,   0% used [0x00000000e6ab0000, 0x00000000e6ab0000, 0x00000000e8000000)
 concurrent mark-sweep generation total 393216K, used 25163K [0x00000000e8000000, 0x0000000100000000, 0x0000000100000000)
 Metaspace       used 37231K, capacity 38358K, committed 38500K, reserved 1083392K
  class space    used 4422K, capacity 4671K, committed 4708K, reserved 1048576K
}
2017-11-27T00:48:21.900+0100: 14115.358: Total time for which application threads were stopped: 0.0099876 seconds, Stopping threads took: 0.0000916 seconds
2017-11-27T00:48:22.901+0100: 14116.359: Total time for which application threads were stopped: 0.0000889 seconds, Stopping threads took: 0.0000262 seconds
{Heap before GC invocations=110 (full 1):
 par new generation   total 109248K, used 91685K [0x00000000e0000000, 0x00000000e8000000, 0x00000000e8000000)
  eden space 87424K, 100% used [0x00000000e0000000, 0x00000000e5560000, 0x00000000e5560000)
  from space 21824K,  19% used [0x00000000e5560000, 0x00000000e5989528, 0x00000000e6ab0000)
  to   space 21824K,   0% used [0x00000000e6ab0000, 0x00000000e6ab0000, 0x00000000e8000000)
 concurrent mark-sweep generation total 393216K, used 25163K [0x00000000e8000000, 0x0000000100000000, 0x0000000100000000)
 Metaspace       used 37231K, capacity 38358K, committed 38500K, reserved 1083392K
  class space    used 4422K, capacity 4671K, committed 4708K, reserved 1048576K
2017-11-27T00:49:25.708+0100: 14179.166: [GC (Allocation Failure) 2017-11-27T00:49:25.708+0100: 14179.166: [ParNew
Desired survivor size 20112992 bytes, new threshold 8 (max 8)
- age   1:    4417304 bytes,    4417304 total
- age   2:      37208 bytes,    4454512 total
- age   3:      16576 bytes,    4471088 total
- age   4:       1320 bytes,    4472408 total
- age   5:       1872 bytes,    4474280 total
- age   6:       1272 bytes,    4475552 total
- age   7:       1880 bytes,    4477432 total
- age   8:       1848 bytes,    4479280 total
: 91685K->5852K(109248K), 0.0079178 secs] 116848K->31017K(502464K), 0.0080151 secs] [Times: user=0.00 sys=0.00, real=0.01 secs] 
Heap after GC invocations=111 (full 1):
 par new generation   total 109248K, used 5852K [0x00000000e0000000, 0x00000000e8000000, 0x00000000e8000000)
  eden space 87424K,   0% used [0x00000000e0000000, 0x00000000e0000000, 0x00000000e5560000)
  from space 21824K,  26% used [0x00000000e6ab0000, 0x00000000e7067200, 0x00000000e8000000)
  to   space 21824K,   0% used [0x00000000e5560000, 0x00000000e5560000, 0x00000000e6ab0000)
 concurrent mark-sweep generation total 393216K, used 25164K [0x00000000e8000000, 0x0000000100000000, 0x0000000100000000)
 Metaspace       used 37231K, capacity 38358K, committed 38500K, reserved 1083392K
  class space    used 4422K, capacity 4671K, committed 4708K, reserved 1048576K
}
2017-11-27T00:49:25.716+0100: 14179.174: Total time for which application threads were stopped: 0.0084813 seconds, Stopping threads took: 0.0000724 seconds
2017-11-27T00:49:26.717+0100: 14180.174: Total time for which application threads were stopped: 0.0002071 seconds, Stopping threads took: 0.0000729 seconds
{Heap before GC invocations=111 (full 1):
 par new generation   total 109248K, used 93276K [0x00000000e0000000, 0x00000000e8000000, 0x00000000e8000000)
  eden space 87424K, 100% used [0x00000000e0000000, 0x00000000e5560000, 0x00000000e5560000)
  from space 21824K,  26% used [0x00000000e6ab0000, 0x00000000e7067200, 0x00000000e8000000)
  to   space 21824K,   0% used [0x00000000e5560000, 0x00000000e5560000, 0x00000000e6ab0000)
 concurrent mark-sweep generation total 393216K, used 25164K [0x00000000e8000000, 0x0000000100000000, 0x0000000100000000)
 Metaspace       used 37232K, capacity 38358K, committed 38500K, reserved 1083392K
  class space    used 4422K, capacity 4671K, committed 4708K, reserved 1048576K
2017-11-27T00:50:30.839+0100: 14244.297: [GC (Allocation Failure) 2017-11-27T00:50:30.839+0100: 14244.297: [ParNew
Desired survivor size 20112992 bytes, new threshold 8 (max 8)
- age   1:      81896 bytes,      81896 total
- age   2:      18952 bytes,     100848 total
- age   3:      36576 bytes,     137424 total
- age   4:      16544 bytes,     153968 total
- age   5:       1320 bytes,     155288 total
- age   6:       1872 bytes,     157160 total
- age   7:       1272 bytes,     158432 total
- age   8:       1880 bytes,     160312 total
: 93276K->2371K(109248K), 0.0089556 secs] 118441K->27538K(502464K), 0.0090871 secs] [Times: user=0.01 sys=0.00, real=0.01 secs] 
Heap after GC invocations=112 (full 1):
 par new generation   total 109248K, used 2371K [0x00000000e0000000, 0x00000000e8000000, 0x00000000e8000000)
  eden space 87424K,   0% used [0x00000000e0000000, 0x00000000e0000000, 0x00000000e5560000)
  from space 21824K,  10% used [0x00000000e5560000, 0x00000000e57b0fa0, 0x00000000e6ab0000)
  to   space 21824K,   0% used [0x00000000e6ab0000, 0x00000000e6ab0000, 0x00000000e8000000)
 concurrent mark-sweep generation total 393216K, used 25166K [0x00000000e8000000, 0x0000000100000000, 0x0000000100000000)
 Metaspace       used 37232K, capacity 38358K, committed 38500K, reserved 1083392K
  class space    used 4422K, capacity 4671K, committed 4708K, reserved 1048576K
}
2017-11-27T00:50:30.848+0100: 14244.306: Total time for which application threads were stopped: 0.0094711 seconds, Stopping threads took: 0.0000271 seconds
2017-11-27T00:50:31.848+0100: 14245.306: Total time for which application threads were stopped: 0.0001964 seconds, Stopping threads took: 0.0000444 seconds
2017-11-27T00:50:42.852+0100: 14256.309: Total time for which application threads were stopped: 0.0001756 seconds, Stopping threads took: 0.0000649 seconds
2017-11-27T00:51:00.857+0100: 14274.314: Total time for which application threads were stopped: 0.0000836 seconds, Stopping threads took: 0.0000227 seconds
{Heap before GC invocations=112 (full 1):
 par new generation   total 109248K, used 89795K [0x00000000e0000000, 0x00000000e8000000, 0x00000000e8000000)
  eden space 87424K, 100% used [0x00000000e0000000, 0x00000000e5560000, 0x00000000e5560000)
  from space 21824K,  10% used [0x00000000e5560000, 0x00000000e57b0fa0, 0x00000000e6ab0000)
  to   space 21824K,   0% used [0x00000000e6ab0000, 0x00000000e6ab0000, 0x00000000e8000000)
 concurrent mark-sweep generation total 393216K, used 25166K [0x00000000e8000000, 0x0000000100000000, 0x0000000100000000)
 Metaspace       used 37232K, capacity 38358K, committed 38500K, reserved 1083392K
  class space    used 4422K, capacity 4671K, committed 4708K, reserved 1048576K
2017-11-27T00:51:02.823+0100: 14276.280: [GC (Allocation Failure) 2017-11-27T00:51:02.823+0100: 14276.280: [ParNew
Desired survivor size 20112992 bytes, new threshold 8 (max 8)
- age   1:     757032 bytes,     757032 total
- age   2:      33016 bytes,     790048 total
- age   3:      18792 bytes,     808840 total
- age   4:      36576 bytes,     845416 total
- age   5:      16544 bytes,     861960 total
- age   6:       1320 bytes,     863280 total
- age   7:       1872 bytes,     865152 total
- age   8:       1272 bytes,     866424 total
: 89795K->1215K(109248K), 0.0062071 secs] 114962K->26383K(502464K), 0.0064422 secs] [Times: user=0.02 sys=0.02, real=0.01 secs] 
Heap after GC invocations=113 (full 1):
 par new generation   total 109248K, used 1215K [0x00000000e0000000, 0x00000000e8000000, 0x00000000e8000000)
  eden space 87424K,   0% used [0x00000000e0000000, 0x00000000e0000000, 0x00000000e5560000)
  from space 21824K,   5% used [0x00000000e6ab0000, 0x00000000e6bdfd00, 0x00000000e8000000)
  to   space 21824K,   0% used [0x00000000e5560000, 0x00000000e5560000, 0x00000000e6ab0000)
 concurrent mark-sweep generation total 393216K, used 25168K [0x00000000e8000000, 0x0000000100000000, 0x0000000100000000)
 Metaspace       used 37232K, capacity 38358K, committed 38500K, reserved 1083392K
  class space    used 4422K, capacity 4671K, committed 4708K, reserved 1048576K
}
2017-11-27T00:51:02.829+0100: 14276.287: Total time for which application threads were stopped: 0.0068302 seconds, Stopping threads took: 0.0000418 seconds
2017-11-27T00:51:05.830+0100: 14279.288: Total time for which application threads were stopped: 0.0001022 seconds, Stopping threads took: 0.0000284 seconds
{Heap before GC invocations=113 (full 1):
 par new generation   total 109248K, used 88639K [0x00000000e0000000, 0x00000000e8000000, 0x00000000e8000000)
  eden space 87424K, 100% used [0x00000000e0000000, 0x00000000e5560000, 0x00000000e5560000)
  from space 21824K,   5% used [0x00000000e6ab0000, 0x00000000e6bdfd00, 0x00000000e8000000)
  to   space 21824K,   0% used [0x00000000e5560000, 0x00000000e5560000, 0x00000000e6ab0000)
 concurrent mark-sweep generation total 393216K, used 25168K [0x00000000e8000000, 0x0000000100000000, 0x0000000100000000)
 Metaspace       used 37232K, capacity 38358K, committed 38500K, reserved 1083392K
  class space    used 4422K, capacity 4671K, committed 4708K, reserved 1048576K
2017-11-27T00:51:08.807+0100: 14282.265: [GC (Allocation Failure) 2017-11-27T00:51:08.807+0100: 14282.265: [ParNew
Desired survivor size 20112992 bytes, new threshold 8 (max 8)
- age   1:    1997064 bytes,    1997064 total
- age   2:       7304 bytes,    2004368 total
- age   3:      33016 bytes,    2037384 total
- age   4:      18792 bytes,    2056176 total
- age   5:      36576 bytes,    2092752 total
- age   6:      16544 bytes,    2109296 total
- age   7:       1320 bytes,    2110616 total
- age   8:       1872 bytes,    2112488 total
: 88639K->2277K(109248K), 0.0055653 secs] 113807K->27446K(502464K), 0.0057009 secs] [Times: user=0.00 sys=0.00, real=0.01 secs] 
Heap after GC invocations=114 (full 1):
 par new generation   total 109248K, used 2277K [0x00000000e0000000, 0x00000000e8000000, 0x00000000e8000000)
  eden space 87424K,   0% used [0x00000000e0000000, 0x00000000e0000000, 0x00000000e5560000)
  from space 21824K,  10% used [0x00000000e5560000, 0x00000000e5799508, 0x00000000e6ab0000)
  to   space 21824K,   0% used [0x00000000e6ab0000, 0x00000000e6ab0000, 0x00000000e8000000)
 concurrent mark-sweep generation total 393216K, used 25169K [0x00000000e8000000, 0x0000000100000000, 0x0000000100000000)
 Metaspace       used 37232K, capacity 38358K, committed 38500K, reserved 1083392K
  class space    used 4422K, capacity 4671K, committed 4708K, reserved 1048576K
}
2017-11-27T00:51:08.813+0100: 14282.270: Total time for which application threads were stopped: 0.0059756 seconds, Stopping threads took: 0.0000351 seconds
2017-11-27T00:51:52.823+0100: 14326.280: Total time for which application threads were stopped: 0.0002289 seconds, Stopping threads took: 0.0000640 seconds
2017-11-27T00:51:57.825+0100: 14331.282: Total time for which application threads were stopped: 0.0001813 seconds, Stopping threads took: 0.0000427 seconds
2017-11-27T00:52:17.829+0100: 14351.287: Total time for which application threads were stopped: 0.0002196 seconds, Stopping threads took: 0.0000418 seconds
2017-11-27T00:53:59.853+0100: 14453.311: Total time for which application threads were stopped: 0.0003053 seconds, Stopping threads took: 0.0000751 seconds
2017-11-27T00:56:40.894+0100: 14614.352: Total time for which application threads were stopped: 0.0003022 seconds, Stopping threads took: 0.0000760 seconds
{Heap before GC invocations=114 (full 1):
 par new generation   total 109248K, used 89701K [0x00000000e0000000, 0x00000000e8000000, 0x00000000e8000000)
  eden space 87424K, 100% used [0x00000000e0000000, 0x00000000e5560000, 0x00000000e5560000)
  from space 21824K,  10% used [0x00000000e5560000, 0x00000000e5799508, 0x00000000e6ab0000)
  to   space 21824K,   0% used [0x00000000e6ab0000, 0x00000000e6ab0000, 0x00000000e8000000)
 concurrent mark-sweep generation total 393216K, used 25169K [0x00000000e8000000, 0x0000000100000000, 0x0000000100000000)
 Metaspace       used 37236K, capacity 38358K, committed 38500K, reserved 1083392K
  class space    used 4422K, capacity 4671K, committed 4708K, reserved 1048576K
2017-11-27T00:56:53.280+0100: 14626.738: [GC (Allocation Failure) 2017-11-27T00:56:53.280+0100: 14626.738: [ParNew
Desired survivor size 20112992 bytes, new threshold 8 (max 8)
- age   1:    1715536 bytes,    1715536 total
- age   2:       2544 bytes,    1718080 total
- age   3:       4752 bytes,    1722832 total
- age   4:      29320 bytes,    1752152 total
- age   5:       2968 bytes,    1755120 total
- age   6:       5376 bytes,    1760496 total
- age   7:       1456 bytes,    1761952 total
- age   8:        936 bytes,    1762888 total
: 89701K->2442K(109248K), 0.0058147 secs] 114870K->27613K(502464K), 0.0059022 secs] [Times: user=0.03 sys=0.00, real=0.01 secs] 
Heap after GC invocations=115 (full 1):
 par new generation   total 109248K, used 2442K [0x00000000e0000000, 0x00000000e8000000, 0x00000000e8000000)
  eden space 87424K,   0% used [0x00000000e0000000, 0x00000000e0000000, 0x00000000e5560000)
  from space 21824K,  11% used [0x00000000e6ab0000, 0x00000000e6d12890, 0x00000000e8000000)
  to   space 21824K,   0% used [0x00000000e5560000, 0x00000000e5560000, 0x00000000e6ab0000)
 concurrent mark-sweep generation total 393216K, used 25170K [0x00000000e8000000, 0x0000000100000000, 0x0000000100000000)
 Metaspace       used 37236K, capacity 38358K, committed 38500K, reserved 1083392K
  class space    used 4422K, capacity 4671K, committed 4708K, reserved 1048576K
}
2017-11-27T00:56:53.286+0100: 14626.744: Total time for which application threads were stopped: 0.0061973 seconds, Stopping threads took: 0.0000231 seconds
{Heap before GC invocations=115 (full 1):
 par new generation   total 109248K, used 89866K [0x00000000e0000000, 0x00000000e8000000, 0x00000000e8000000)
  eden space 87424K, 100% used [0x00000000e0000000, 0x00000000e5560000, 0x00000000e5560000)
  from space 21824K,  11% used [0x00000000e6ab0000, 0x00000000e6d12890, 0x00000000e8000000)
  to   space 21824K,   0% used [0x00000000e5560000, 0x00000000e5560000, 0x00000000e6ab0000)
 concurrent mark-sweep generation total 393216K, used 25170K [0x00000000e8000000, 0x0000000100000000, 0x0000000100000000)
 Metaspace       used 37238K, capacity 38358K, committed 38500K, reserved 1083392K
  class space    used 4422K, capacity 4671K, committed 4708K, reserved 1048576K
2017-11-27T01:05:26.787+0100: 15140.245: [GC (Allocation Failure) 2017-11-27T01:05:26.787+0100: 15140.245: [ParNew
Desired survivor size 20112992 bytes, new threshold 8 (max 8)
- age   1:     660232 bytes,     660232 total
- age   2:     493312 bytes,    1153544 total
- age   3:       2504 bytes,    1156048 total
- age   4:       4752 bytes,    1160800 total
- age   5:      29096 bytes,    1189896 total
- age   6:       2968 bytes,    1192864 total
- age   7:       5376 bytes,    1198240 total
- age   8:       1456 bytes,    1199696 total
: 89866K->1578K(109248K), 0.0070444 secs] 115037K->26750K(502464K), 0.0071680 secs] [Times: user=0.00 sys=0.00, real=0.01 secs] 
Heap after GC invocations=116 (full 1):
 par new generation   total 109248K, used 1578K [0x00000000e0000000, 0x00000000e8000000, 0x00000000e8000000)
  eden space 87424K,   0% used [0x00000000e0000000, 0x00000000e0000000, 0x00000000e5560000)
  from space 21824K,   7% used [0x00000000e5560000, 0x00000000e56eabc0, 0x00000000e6ab0000)
  to   space 21824K,   0% used [0x00000000e6ab0000, 0x00000000e6ab0000, 0x00000000e8000000)
 concurrent mark-sweep generation total 393216K, used 25171K [0x00000000e8000000, 0x0000000100000000, 0x0000000100000000)
 Metaspace       used 37238K, capacity 38358K, committed 38500K, reserved 1083392K
  class space    used 4422K, capacity 4671K, committed 4708K, reserved 1048576K
}
2017-11-27T01:05:26.794+0100: 15140.252: Total time for which application threads were stopped: 0.0074698 seconds, Stopping threads took: 0.0000422 seconds
2017-11-27T01:11:11.891+0100: 15485.348: Total time for which application threads were stopped: 0.0001111 seconds, Stopping threads took: 0.0000311 seconds
{Heap before GC invocations=116 (full 1):
 par new generation   total 109248K, used 89002K [0x00000000e0000000, 0x00000000e8000000, 0x00000000e8000000)
  eden space 87424K, 100% used [0x00000000e0000000, 0x00000000e5560000, 0x00000000e5560000)
  from space 21824K,   7% used [0x00000000e5560000, 0x00000000e56eabc0, 0x00000000e6ab0000)
  to   space 21824K,   0% used [0x00000000e6ab0000, 0x00000000e6ab0000, 0x00000000e8000000)
 concurrent mark-sweep generation total 393216K, used 25171K [0x00000000e8000000, 0x0000000100000000, 0x0000000100000000)
 Metaspace       used 37239K, capacity 38358K, committed 38500K, reserved 1083392K
  class space    used 4423K, capacity 4671K, committed 4708K, reserved 1048576K
2017-11-27T01:13:14.299+0100: 15607.756: [GC (Allocation Failure) 2017-11-27T01:13:14.299+0100: 15607.756: [ParNew
Desired survivor size 20112992 bytes, new threshold 8 (max 8)
- age   1:     187200 bytes,     187200 total
- age   2:      19480 bytes,     206680 total
- age   3:     488448 bytes,     695128 total
- age   4:       2504 bytes,     697632 total
- age   5:       4752 bytes,     702384 total
- age   6:      29096 bytes,     731480 total
- age   7:       2968 bytes,     734448 total
- age   8:       5376 bytes,     739824 total
: 89002K->1053K(109248K), 0.0056564 secs] 114174K->26226K(502464K), 0.0058307 secs] [Times: user=0.00 sys=0.00, real=0.00 secs] 
Heap after GC invocations=117 (full 1):
 par new generation   total 109248K, used 1053K [0x00000000e0000000, 0x00000000e8000000, 0x00000000e8000000)
  eden space 87424K,   0% used [0x00000000e0000000, 0x00000000e0000000, 0x00000000e5560000)
  from space 21824K,   4% used [0x00000000e6ab0000, 0x00000000e6bb7700, 0x00000000e8000000)
  to   space 21824K,   0% used [0x00000000e5560000, 0x00000000e5560000, 0x00000000e6ab0000)
 concurrent mark-sweep generation total 393216K, used 25173K [0x00000000e8000000, 0x0000000100000000, 0x0000000100000000)
 Metaspace       used 37239K, capacity 38358K, committed 38500K, reserved 1083392K
  class space    used 4423K, capacity 4671K, committed 4708K, reserved 1048576K
}
2017-11-27T01:13:14.305+0100: 15607.762: Total time for which application threads were stopped: 0.0061538 seconds, Stopping threads took: 0.0000356 seconds
2017-11-27T01:16:39.361+0100: 15812.819: Total time for which application threads were stopped: 0.0002991 seconds, Stopping threads took: 0.0000724 seconds
2017-11-27T01:16:40.361+0100: 15813.819: Total time for which application threads were stopped: 0.0001804 seconds, Stopping threads took: 0.0000498 seconds
{Heap before GC invocations=117 (full 1):
 par new generation   total 109248K, used 88477K [0x00000000e0000000, 0x00000000e8000000, 0x00000000e8000000)
  eden space 87424K, 100% used [0x00000000e0000000, 0x00000000e5560000, 0x00000000e5560000)
  from space 21824K,   4% used [0x00000000e6ab0000, 0x00000000e6bb7700, 0x00000000e8000000)
  to   space 21824K,   0% used [0x00000000e5560000, 0x00000000e5560000, 0x00000000e6ab0000)
 concurrent mark-sweep generation total 393216K, used 25173K [0x00000000e8000000, 0x0000000100000000, 0x0000000100000000)
 Metaspace       used 37239K, capacity 38358K, committed 38500K, reserved 1083392K
  class space    used 4423K, capacity 4671K, committed 4708K, reserved 1048576K
2017-11-27T01:16:42.336+0100: 15815.794: [GC (Allocation Failure) 2017-11-27T01:16:42.336+0100: 15815.794: [ParNew
Desired survivor size 20112992 bytes, new threshold 8 (max 8)
- age   1:     903360 bytes,     903360 total
- age   2:       4480 bytes,     907840 total
- age   3:      19216 bytes,     927056 total
- age   4:     476432 bytes,    1403488 total
- age   5:       2504 bytes,    1405992 total
- age   6:       4752 bytes,    1410744 total
- age   7:      29096 bytes,    1439840 total
- age   8:       2968 bytes,    1442808 total
: 88477K->1674K(109248K), 0.0097187 secs] 113650K->26853K(502464K), 0.0098347 secs] [Times: user=0.00 sys=0.00, real=0.01 secs] 
Heap after GC invocations=118 (full 1):
 par new generation   total 109248K, used 1674K [0x00000000e0000000, 0x00000000e8000000, 0x00000000e8000000)
  eden space 87424K,   0% used [0x00000000e0000000, 0x00000000e0000000, 0x00000000e5560000)
  from space 21824K,   7% used [0x00000000e5560000, 0x00000000e5702a70, 0x00000000e6ab0000)
  to   space 21824K,   0% used [0x00000000e6ab0000, 0x00000000e6ab0000, 0x00000000e8000000)
 concurrent mark-sweep generation total 393216K, used 25178K [0x00000000e8000000, 0x0000000100000000, 0x0000000100000000)
 Metaspace       used 37239K, capacity 38358K, committed 38500K, reserved 1083392K
  class space    used 4423K, capacity 4671K, committed 4708K, reserved 1048576K
}
2017-11-27T01:16:42.346+0100: 15815.804: Total time for which application threads were stopped: 0.0101347 seconds, Stopping threads took: 0.0000413 seconds
{Heap before GC invocations=118 (full 1):
 par new generation   total 109248K, used 89098K [0x00000000e0000000, 0x00000000e8000000, 0x00000000e8000000)
  eden space 87424K, 100% used [0x00000000e0000000, 0x00000000e5560000, 0x00000000e5560000)
  from space 21824K,   7% used [0x00000000e5560000, 0x00000000e5702a70, 0x00000000e6ab0000)
  to   space 21824K,   0% used [0x00000000e6ab0000, 0x00000000e6ab0000, 0x00000000e8000000)
 concurrent mark-sweep generation total 393216K, used 25178K [0x00000000e8000000, 0x0000000100000000, 0x0000000100000000)
 Metaspace       used 37239K, capacity 38358K, committed 38500K, reserved 1083392K
  class space    used 4423K, capacity 4671K, committed 4708K, reserved 1048576K
2017-11-27T01:18:13.790+0100: 15907.248: [GC (Allocation Failure) 2017-11-27T01:18:13.790+0100: 15907.248: [ParNew
Desired survivor size 20112992 bytes, new threshold 8 (max 8)
- age   1:    1318176 bytes,    1318176 total
- age   2:      32288 bytes,    1350464 total
- age   3:       4440 bytes,    1354904 total
- age   4:      19120 bytes,    1374024 total
- age   5:     460864 bytes,    1834888 total
- age   6:       2504 bytes,    1837392 total
- age   7:       4752 bytes,    1842144 total
- age   8:      29096 bytes,    1871240 total
: 89098K->2044K(109248K), 0.0067893 secs] 114277K->27226K(502464K), 0.0068600 secs] [Times: user=0.00 sys=0.00, real=0.01 secs] 
Heap after GC invocations=119 (full 1):
 par new generation   total 109248K, used 2044K [0x00000000e0000000, 0x00000000e8000000, 0x00000000e8000000)
  eden space 87424K,   0% used [0x00000000e0000000, 0x00000000e0000000, 0x00000000e5560000)
  from space 21824K,   9% used [0x00000000e6ab0000, 0x00000000e6caf2d8, 0x00000000e8000000)
  to   space 21824K,   0% used [0x00000000e5560000, 0x00000000e5560000, 0x00000000e6ab0000)
 concurrent mark-sweep generation total 393216K, used 25181K [0x00000000e8000000, 0x0000000100000000, 0x0000000100000000)
 Metaspace       used 37239K, capacity 38358K, committed 38500K, reserved 1083392K
  class space    used 4423K, capacity 4671K, committed 4708K, reserved 1048576K
}
2017-11-27T01:18:13.797+0100: 15907.255: Total time for which application threads were stopped: 0.0071284 seconds, Stopping threads took: 0.0000307 seconds
{Heap before GC invocations=119 (full 1):
 par new generation   total 109248K, used 89468K [0x00000000e0000000, 0x00000000e8000000, 0x00000000e8000000)
  eden space 87424K, 100% used [0x00000000e0000000, 0x00000000e5560000, 0x00000000e5560000)
  from space 21824K,   9% used [0x00000000e6ab0000, 0x00000000e6caf2d8, 0x00000000e8000000)
  to   space 21824K,   0% used [0x00000000e5560000, 0x00000000e5560000, 0x00000000e6ab0000)
 concurrent mark-sweep generation total 393216K, used 25181K [0x00000000e8000000, 0x0000000100000000, 0x0000000100000000)
 Metaspace       used 37239K, capacity 38358K, committed 38500K, reserved 1083392K
  class space    used 4423K, capacity 4671K, committed 4708K, reserved 1048576K
2017-11-27T01:18:33.582+0100: 15927.040: [GC (Allocation Failure) 2017-11-27T01:18:33.582+0100: 15927.040: [ParNew
Desired survivor size 20112992 bytes, new threshold 8 (max 8)
- age   1:    1571352 bytes,    1571352 total
- age   2:      16816 bytes,    1588168 total
- age   3:      31256 bytes,    1619424 total
- age   4:       4440 bytes,    1623864 total
- age   5:      19120 bytes,    1642984 total
- age   6:     459488 bytes,    2102472 total
- age   7:       2504 bytes,    2104976 total
- age   8:       4752 bytes,    2109728 total
: 89468K->2909K(109248K), 0.0061947 secs] 114650K->28119K(502464K), 0.0064111 secs] [Times: user=0.00 sys=0.00, real=0.01 secs] 
Heap after GC invocations=120 (full 1):
 par new generation   total 109248K, used 2909K [0x00000000e0000000, 0x00000000e8000000, 0x00000000e8000000)
  eden space 87424K,   0% used [0x00000000e0000000, 0x00000000e0000000, 0x00000000e5560000)
  from space 21824K,  13% used [0x00000000e5560000, 0x00000000e5837698, 0x00000000e6ab0000)
  to   space 21824K,   0% used [0x00000000e6ab0000, 0x00000000e6ab0000, 0x00000000e8000000)
 concurrent mark-sweep generation total 393216K, used 25209K [0x00000000e8000000, 0x0000000100000000, 0x0000000100000000)
 Metaspace       used 37239K, capacity 38358K, committed 38500K, reserved 1083392K
  class space    used 4423K, capacity 4671K, committed 4708K, reserved 1048576K
}
2017-11-27T01:18:33.589+0100: 15927.046: Total time for which application threads were stopped: 0.0067564 seconds, Stopping threads took: 0.0000347 seconds
{Heap before GC invocations=120 (full 1):
 par new generation   total 109248K, used 90333K [0x00000000e0000000, 0x00000000e8000000, 0x00000000e8000000)
  eden space 87424K, 100% used [0x00000000e0000000, 0x00000000e5560000, 0x00000000e5560000)
  from space 21824K,  13% used [0x00000000e5560000, 0x00000000e5837698, 0x00000000e6ab0000)
  to   space 21824K,   0% used [0x00000000e6ab0000, 0x00000000e6ab0000, 0x00000000e8000000)
 concurrent mark-sweep generation total 393216K, used 25209K [0x00000000e8000000, 0x0000000100000000, 0x0000000100000000)
 Metaspace       used 37239K, capacity 38358K, committed 38500K, reserved 1083392K
  class space    used 4423K, capacity 4671K, committed 4708K, reserved 1048576K
2017-11-27T01:19:21.398+0100: 15974.855: [GC (Allocation Failure) 2017-11-27T01:19:21.398+0100: 15974.855: [ParNew
Desired survivor size 20112992 bytes, new threshold 8 (max 8)
- age   1:     648984 bytes,     648984 total
- age   2:       1760 bytes,     650744 total
- age   3:      16352 bytes,     667096 total
- age   4:      31224 bytes,     698320 total
- age   5:       4440 bytes,     702760 total
- age   6:      18752 bytes,     721512 total
- age   7:     458088 bytes,    1179600 total
- age   8:       2504 bytes,    1182104 total
: 90333K->1782K(109248K), 0.0048120 secs] 115543K->26996K(502464K), 0.0049991 secs] [Times: user=0.00 sys=0.00, real=0.01 secs] 
Heap after GC invocations=121 (full 1):
 par new generation   total 109248K, used 1782K [0x00000000e0000000, 0x00000000e8000000, 0x00000000e8000000)
  eden space 87424K,   0% used [0x00000000e0000000, 0x00000000e0000000, 0x00000000e5560000)
  from space 21824K,   8% used [0x00000000e6ab0000, 0x00000000e6c6d9b0, 0x00000000e8000000)
  to   space 21824K,   0% used [0x00000000e5560000, 0x00000000e5560000, 0x00000000e6ab0000)
 concurrent mark-sweep generation total 393216K, used 25214K [0x00000000e8000000, 0x0000000100000000, 0x0000000100000000)
 Metaspace       used 37239K, capacity 38358K, committed 38500K, reserved 1083392K
  class space    used 4423K, capacity 4671K, committed 4708K, reserved 1048576K
}
2017-11-27T01:19:21.403+0100: 15974.860: Total time for which application threads were stopped: 0.0054062 seconds, Stopping threads took: 0.0000418 seconds
{Heap before GC invocations=121 (full 1):
 par new generation   total 109248K, used 89206K [0x00000000e0000000, 0x00000000e8000000, 0x00000000e8000000)
  eden space 87424K, 100% used [0x00000000e0000000, 0x00000000e5560000, 0x00000000e5560000)
  from space 21824K,   8% used [0x00000000e6ab0000, 0x00000000e6c6d9b0, 0x00000000e8000000)
  to   space 21824K,   0% used [0x00000000e5560000, 0x00000000e5560000, 0x00000000e6ab0000)
 concurrent mark-sweep generation total 393216K, used 25214K [0x00000000e8000000, 0x0000000100000000, 0x0000000100000000)
 Metaspace       used 37239K, capacity 38358K, committed 38500K, reserved 1083392K
  class space    used 4423K, capacity 4671K, committed 4708K, reserved 1048576K
2017-11-27T01:20:05.473+0100: 16018.931: [GC (Allocation Failure) 2017-11-27T01:20:05.473+0100: 16018.931: [ParNew
Desired survivor size 20112992 bytes, new threshold 8 (max 8)
- age   1:    1228968 bytes,    1228968 total
- age   2:       2912 bytes,    1231880 total
- age   3:       1496 bytes,    1233376 total
- age   4:      15904 bytes,    1249280 total
- age   5:      31224 bytes,    1280504 total
- age   6:       4440 bytes,    1284944 total
- age   7:      18752 bytes,    1303696 total
- age   8:     456984 bytes,    1760680 total
: 89206K->2049K(109248K), 0.0076738 secs] 114420K->27266K(502464K), 0.0079458 secs] [Times: user=0.00 sys=0.00, real=0.01 secs] 
Heap after GC invocations=122 (full 1):
 par new generation   total 109248K, used 2049K [0x00000000e0000000, 0x00000000e8000000, 0x00000000e8000000)
  eden space 87424K,   0% used [0x00000000e0000000, 0x00000000e0000000, 0x00000000e5560000)
  from space 21824K,   9% used [0x00000000e5560000, 0x00000000e5760730, 0x00000000e6ab0000)
  to   space 21824K,   0% used [0x00000000e6ab0000, 0x00000000e6ab0000, 0x00000000e8000000)
 concurrent mark-sweep generation total 393216K, used 25216K [0x00000000e8000000, 0x0000000100000000, 0x0000000100000000)
 Metaspace       used 37239K, capacity 38358K, committed 38500K, reserved 1083392K
  class space    used 4423K, capacity 4671K, committed 4708K, reserved 1048576K
}
2017-11-27T01:20:05.481+0100: 16018.939: Total time for which application threads were stopped: 0.0084716 seconds, Stopping threads took: 0.0000716 seconds
{Heap before GC invocations=122 (full 1):
 par new generation   total 109248K, used 89473K [0x00000000e0000000, 0x00000000e8000000, 0x00000000e8000000)
  eden space 87424K, 100% used [0x00000000e0000000, 0x00000000e5560000, 0x00000000e5560000)
  from space 21824K,   9% used [0x00000000e5560000, 0x00000000e5760730, 0x00000000e6ab0000)
  to   space 21824K,   0% used [0x00000000e6ab0000, 0x00000000e6ab0000, 0x00000000e8000000)
 concurrent mark-sweep generation total 393216K, used 25216K [0x00000000e8000000, 0x0000000100000000, 0x0000000100000000)
 Metaspace       used 37239K, capacity 38358K, committed 38500K, reserved 1083392K
  class space    used 4423K, capacity 4671K, committed 4708K, reserved 1048576K
2017-11-27T01:22:35.641+0100: 16169.099: [GC (Allocation Failure) 2017-11-27T01:22:35.641+0100: 16169.099: [ParNew
Desired survivor size 20112992 bytes, new threshold 8 (max 8)
- age   1:      35304 bytes,      35304 total
- age   2:       1744 bytes,      37048 total
- age   3:       1864 bytes,      38912 total
- age   4:       1496 bytes,      40408 total
- age   5:      15680 bytes,      56088 total
- age   6:      31224 bytes,      87312 total
- age   7:       4440 bytes,      91752 total
- age   8:      18752 bytes,     110504 total
: 89473K->1436K(109248K), 0.0338898 secs] 114690K->27097K(502464K), 0.0339871 secs] [Times: user=0.09 sys=0.00, real=0.03 secs] 
Heap after GC invocations=123 (full 1):
 par new generation   total 109248K, used 1436K [0x00000000e0000000, 0x00000000e8000000, 0x00000000e8000000)
  eden space 87424K,   0% used [0x00000000e0000000, 0x00000000e0000000, 0x00000000e5560000)
  from space 21824K,   6% used [0x00000000e6ab0000, 0x00000000e6c17000, 0x00000000e8000000)
  to   space 21824K,   0% used [0x00000000e5560000, 0x00000000e5560000, 0x00000000e6ab0000)
 concurrent mark-sweep generation total 393216K, used 25661K [0x00000000e8000000, 0x0000000100000000, 0x0000000100000000)
 Metaspace       used 37239K, capacity 38358K, committed 38500K, reserved 1083392K
  class space    used 4423K, capacity 4671K, committed 4708K, reserved 1048576K
}
2017-11-27T01:22:35.675+0100: 16169.133: Total time for which application threads were stopped: 0.0342764 seconds, Stopping threads took: 0.0000298 seconds
{Heap before GC invocations=123 (full 1):
 par new generation   total 109248K, used 88860K [0x00000000e0000000, 0x00000000e8000000, 0x00000000e8000000)
  eden space 87424K, 100% used [0x00000000e0000000, 0x00000000e5560000, 0x00000000e5560000)
  from space 21824K,   6% used [0x00000000e6ab0000, 0x00000000e6c17000, 0x00000000e8000000)
  to   space 21824K,   0% used [0x00000000e5560000, 0x00000000e5560000, 0x00000000e6ab0000)
 concurrent mark-sweep generation total 393216K, used 25661K [0x00000000e8000000, 0x0000000100000000, 0x0000000100000000)
 Metaspace       used 37239K, capacity 38358K, committed 38500K, reserved 1083392K
  class space    used 4423K, capacity 4671K, committed 4708K, reserved 1048576K
2017-11-27T01:23:11.959+0100: 16205.417: [GC (Allocation Failure) 2017-11-27T01:23:11.959+0100: 16205.417: [ParNew
Desired survivor size 20112992 bytes, new threshold 8 (max 8)
- age   1:    1286616 bytes,    1286616 total
- age   2:       2264 bytes,    1288880 total
- age   3:       1480 bytes,    1290360 total
- age   4:       1640 bytes,    1292000 total
- age   5:       1496 bytes,    1293496 total
- age   6:      15680 bytes,    1309176 total
- age   7:      31224 bytes,    1340400 total
- age   8:       4440 bytes,    1344840 total
: 88860K->1416K(109248K), 0.0082178 secs] 114521K->27096K(502464K), 0.0083413 secs] [Times: user=0.00 sys=0.00, real=0.01 secs] 
Heap after GC invocations=124 (full 1):
 par new generation   total 109248K, used 1416K [0x00000000e0000000, 0x00000000e8000000, 0x00000000e8000000)
  eden space 87424K,   0% used [0x00000000e0000000, 0x00000000e0000000, 0x00000000e5560000)
  from space 21824K,   6% used [0x00000000e5560000, 0x00000000e56c2078, 0x00000000e6ab0000)
  to   space 21824K,   0% used [0x00000000e6ab0000, 0x00000000e6ab0000, 0x00000000e8000000)
 concurrent mark-sweep generation total 393216K, used 25680K [0x00000000e8000000, 0x0000000100000000, 0x0000000100000000)
 Metaspace       used 37239K, capacity 38358K, committed 38500K, reserved 1083392K
  class space    used 4423K, capacity 4671K, committed 4708K, reserved 1048576K
}
2017-11-27T01:23:11.968+0100: 16205.425: Total time for which application threads were stopped: 0.0087244 seconds, Stopping threads took: 0.0000400 seconds
{Heap before GC invocations=124 (full 1):
 par new generation   total 109248K, used 88840K [0x00000000e0000000, 0x00000000e8000000, 0x00000000e8000000)
  eden space 87424K, 100% used [0x00000000e0000000, 0x00000000e5560000, 0x00000000e5560000)
  from space 21824K,   6% used [0x00000000e5560000, 0x00000000e56c2078, 0x00000000e6ab0000)
  to   space 21824K,   0% used [0x00000000e6ab0000, 0x00000000e6ab0000, 0x00000000e8000000)
 concurrent mark-sweep generation total 393216K, used 25680K [0x00000000e8000000, 0x0000000100000000, 0x0000000100000000)
 Metaspace       used 37239K, capacity 38358K, committed 38500K, reserved 1083392K
  class space    used 4423K, capacity 4671K, committed 4708K, reserved 1048576K
2017-11-27T01:24:55.430+0100: 16308.887: [GC (Allocation Failure) 2017-11-27T01:24:55.430+0100: 16308.887: [ParNew
Desired survivor size 20112992 bytes, new threshold 8 (max 8)
- age   1:    1321384 bytes,    1321384 total
- age   2:       3248 bytes,    1324632 total
- age   3:       1648 bytes,    1326280 total
- age   4:       1256 bytes,    1327536 total
- age   5:       1640 bytes,    1329176 total
- age   6:       1496 bytes,    1330672 total
- age   7:      15680 bytes,    1346352 total
- age   8:      31224 bytes,    1377576 total
: 88840K->2106K(109248K), 0.0052907 secs] 114520K->27791K(502464K), 0.0054413 secs] [Times: user=0.00 sys=0.00, real=0.00 secs] 
Heap after GC invocations=125 (full 1):
 par new generation   total 109248K, used 2106K [0x00000000e0000000, 0x00000000e8000000, 0x00000000e8000000)
  eden space 87424K,   0% used [0x00000000e0000000, 0x00000000e0000000, 0x00000000e5560000)
  from space 21824K,   9% used [0x00000000e6ab0000, 0x00000000e6cbea40, 0x00000000e8000000)
  to   space 21824K,   0% used [0x00000000e5560000, 0x00000000e5560000, 0x00000000e6ab0000)
 concurrent mark-sweep generation total 393216K, used 25684K [0x00000000e8000000, 0x0000000100000000, 0x0000000100000000)
 Metaspace       used 37239K, capacity 38358K, committed 38500K, reserved 1083392K
  class space    used 4423K, capacity 4671K, committed 4708K, reserved 1048576K
}
2017-11-27T01:24:55.435+0100: 16308.893: Total time for which application threads were stopped: 0.0058036 seconds, Stopping threads took: 0.0000480 seconds
2017-11-27T01:26:27.457+0100: 16400.915: Total time for which application threads were stopped: 0.0001444 seconds, Stopping threads took: 0.0000387 seconds
{Heap before GC invocations=125 (full 1):
 par new generation   total 109248K, used 89530K [0x00000000e0000000, 0x00000000e8000000, 0x00000000e8000000)
  eden space 87424K, 100% used [0x00000000e0000000, 0x00000000e5560000, 0x00000000e5560000)
  from space 21824K,   9% used [0x00000000e6ab0000, 0x00000000e6cbea40, 0x00000000e8000000)
  to   space 21824K,   0% used [0x00000000e5560000, 0x00000000e5560000, 0x00000000e6ab0000)
 concurrent mark-sweep generation total 393216K, used 25684K [0x00000000e8000000, 0x0000000100000000, 0x0000000100000000)
 Metaspace       used 37239K, capacity 38358K, committed 38500K, reserved 1083392K
  class space    used 4423K, capacity 4671K, committed 4708K, reserved 1048576K
2017-11-27T01:27:40.194+0100: 16473.652: [GC (Allocation Failure) 2017-11-27T01:27:40.195+0100: 16473.652: [ParNew
Desired survivor size 20112992 bytes, new threshold 8 (max 8)
- age   1:    1255464 bytes,    1255464 total
- age   2:       3064 bytes,    1258528 total
- age   3:       2584 bytes,    1261112 total
- age   4:       1616 bytes,    1262728 total
- age   5:       1256 bytes,    1263984 total
- age   6:       1640 bytes,    1265624 total
- age   7:       1496 bytes,    1267120 total
- age   8:      15680 bytes,    1282800 total
: 89530K->1499K(109248K), 0.0054418 secs] 115215K->27214K(502464K), 0.0056831 secs] [Times: user=0.00 sys=0.00, real=0.01 secs] 
Heap after GC invocations=126 (full 1):
 par new generation   total 109248K, used 1499K [0x00000000e0000000, 0x00000000e8000000, 0x00000000e8000000)
  eden space 87424K,   0% used [0x00000000e0000000, 0x00000000e0000000, 0x00000000e5560000)
  from space 21824K,   6% used [0x00000000e5560000, 0x00000000e56d6c40, 0x00000000e6ab0000)
  to   space 21824K,   0% used [0x00000000e6ab0000, 0x00000000e6ab0000, 0x00000000e8000000)
 concurrent mark-sweep generation total 393216K, used 25715K [0x00000000e8000000, 0x0000000100000000, 0x0000000100000000)
 Metaspace       used 37239K, capacity 38358K, committed 38500K, reserved 1083392K
  class space    used 4423K, capacity 4671K, committed 4708K, reserved 1048576K
}
2017-11-27T01:27:40.200+0100: 16473.658: Total time for which application threads were stopped: 0.0060853 seconds, Stopping threads took: 0.0000618 seconds
2017-11-27T01:27:54.204+0100: 16487.662: Total time for which application threads were stopped: 0.0001462 seconds, Stopping threads took: 0.0000498 seconds
2017-11-27T01:29:13.223+0100: 16566.681: Total time for which application threads were stopped: 0.0001382 seconds, Stopping threads took: 0.0000360 seconds
{Heap before GC invocations=126 (full 1):
 par new generation   total 109248K, used 88923K [0x00000000e0000000, 0x00000000e8000000, 0x00000000e8000000)
  eden space 87424K, 100% used [0x00000000e0000000, 0x00000000e5560000, 0x00000000e5560000)
  from space 21824K,   6% used [0x00000000e5560000, 0x00000000e56d6c40, 0x00000000e6ab0000)
  to   space 21824K,   0% used [0x00000000e6ab0000, 0x00000000e6ab0000, 0x00000000e8000000)
 concurrent mark-sweep generation total 393216K, used 25715K [0x00000000e8000000, 0x0000000100000000, 0x0000000100000000)
 Metaspace       used 37239K, capacity 38358K, committed 38500K, reserved 1083392K
  class space    used 4423K, capacity 4671K, committed 4708K, reserved 1048576K
2017-11-27T01:30:16.858+0100: 16630.316: [GC (Allocation Failure) 2017-11-27T01:30:16.858+0100: 16630.316: [ParNew
Desired survivor size 20112992 bytes, new threshold 8 (max 8)
- age   1:     937344 bytes,     937344 total
- age   2:       1808 bytes,     939152 total
- age   3:       2800 bytes,     941952 total
- age   4:       2584 bytes,     944536 total
- age   5:       1616 bytes,     946152 total
- age   6:       1032 bytes,     947184 total
- age   7:       1640 bytes,     948824 total
- age   8:       1496 bytes,     950320 total
: 88923K->1361K(109248K), 0.0077533 secs] 114638K->27092K(502464K), 0.0078502 secs] [Times: user=0.03 sys=0.00, real=0.01 secs] 
Heap after GC invocations=127 (full 1):
 par new generation   total 109248K, used 1361K [0x00000000e0000000, 0x00000000e8000000, 0x00000000e8000000)
  eden space 87424K,   0% used [0x00000000e0000000, 0x00000000e0000000, 0x00000000e5560000)
  from space 21824K,   6% used [0x00000000e6ab0000, 0x00000000e6c04758, 0x00000000e8000000)
  to   space 21824K,   0% used [0x00000000e5560000, 0x00000000e5560000, 0x00000000e6ab0000)
 concurrent mark-sweep generation total 393216K, used 25730K [0x00000000e8000000, 0x0000000100000000, 0x0000000100000000)
 Metaspace       used 37239K, capacity 38358K, committed 38500K, reserved 1083392K
  class space    used 4423K, capacity 4671K, committed 4708K, reserved 1048576K
}
2017-11-27T01:30:16.866+0100: 16630.324: Total time for which application threads were stopped: 0.0081884 seconds, Stopping threads took: 0.0000431 seconds
{Heap before GC invocations=127 (full 1):
 par new generation   total 109248K, used 88785K [0x00000000e0000000, 0x00000000e8000000, 0x00000000e8000000)
  eden space 87424K, 100% used [0x00000000e0000000, 0x00000000e5560000, 0x00000000e5560000)
  from space 21824K,   6% used [0x00000000e6ab0000, 0x00000000e6c04758, 0x00000000e8000000)
  to   space 21824K,   0% used [0x00000000e5560000, 0x00000000e5560000, 0x00000000e6ab0000)
 concurrent mark-sweep generation total 393216K, used 25730K [0x00000000e8000000, 0x0000000100000000, 0x0000000100000000)
 Metaspace       used 37239K, capacity 38358K, committed 38500K, reserved 1083392K
  class space    used 4423K, capacity 4671K, committed 4708K, reserved 1048576K
2017-11-27T01:32:07.298+0100: 16740.755: [GC (Allocation Failure) 2017-11-27T01:32:07.298+0100: 16740.755: [ParNew
Desired survivor size 20112992 bytes, new threshold 8 (max 8)
- age   1:    1893128 bytes,    1893128 total
- age   2:       2384 bytes,    1895512 total
- age   3:       1768 bytes,    1897280 total
- age   4:       2352 bytes,    1899632 total
- age   5:       2584 bytes,    1902216 total
- age   6:       1616 bytes,    1903832 total
- age   7:       1032 bytes,    1904864 total
- age   8:       1640 bytes,    1906504 total
: 88785K->2171K(109248K), 0.0045160 secs] 114516K->27903K(502464K), 0.0046036 secs] [Times: user=0.00 sys=0.00, real=0.00 secs] 
Heap after GC invocations=128 (full 1):
 par new generation   total 109248K, used 2171K [0x00000000e0000000, 0x00000000e8000000, 0x00000000e8000000)
  eden space 87424K,   0% used [0x00000000e0000000, 0x00000000e0000000, 0x00000000e5560000)
  from space 21824K,   9% used [0x00000000e5560000, 0x00000000e577ed40, 0x00000000e6ab0000)
  to   space 21824K,   0% used [0x00000000e6ab0000, 0x00000000e6ab0000, 0x00000000e8000000)
 concurrent mark-sweep generation total 393216K, used 25732K [0x00000000e8000000, 0x0000000100000000, 0x0000000100000000)
 Metaspace       used 37239K, capacity 38358K, committed 38500K, reserved 1083392K
  class space    used 4423K, capacity 4671K, committed 4708K, reserved 1048576K
}
2017-11-27T01:32:07.302+0100: 16740.760: Total time for which application threads were stopped: 0.0049160 seconds, Stopping threads took: 0.0000627 seconds
{Heap before GC invocations=128 (full 1):
 par new generation   total 109248K, used 89595K [0x00000000e0000000, 0x00000000e8000000, 0x00000000e8000000)
  eden space 87424K, 100% used [0x00000000e0000000, 0x00000000e5560000, 0x00000000e5560000)
  from space 21824K,   9% used [0x00000000e5560000, 0x00000000e577ed40, 0x00000000e6ab0000)
  to   space 21824K,   0% used [0x00000000e6ab0000, 0x00000000e6ab0000, 0x00000000e8000000)
 concurrent mark-sweep generation total 393216K, used 25732K [0x00000000e8000000, 0x0000000100000000, 0x0000000100000000)
 Metaspace       used 37239K, capacity 38358K, committed 38500K, reserved 1083392K
  class space    used 4423K, capacity 4671K, committed 4708K, reserved 1048576K
2017-11-27T01:33:36.031+0100: 16829.489: [GC (Allocation Failure) 2017-11-27T01:33:36.031+0100: 16829.489: [ParNew
Desired survivor size 20112992 bytes, new threshold 8 (max 8)
- age   1:    1830016 bytes,    1830016 total
- age   2:       2712 bytes,    1832728 total
- age   3:       2056 bytes,    1834784 total
- age   4:       1320 bytes,    1836104 total
- age   5:       2128 bytes,    1838232 total
- age   6:       2584 bytes,    1840816 total
- age   7:       1616 bytes,    1842432 total
- age   8:       1032 bytes,    1843464 total
: 89595K->2327K(109248K), 0.0055453 secs] 115327K->28060K(502464K), 0.0056578 secs] [Times: user=0.00 sys=0.00, real=0.01 secs] 
Heap after GC invocations=129 (full 1):
 par new generation   total 109248K, used 2327K [0x00000000e0000000, 0x00000000e8000000, 0x00000000e8000000)
  eden space 87424K,   0% used [0x00000000e0000000, 0x00000000e0000000, 0x00000000e5560000)
  from space 21824K,  10% used [0x00000000e6ab0000, 0x00000000e6cf5d00, 0x00000000e8000000)
  to   space 21824K,   0% used [0x00000000e5560000, 0x00000000e5560000, 0x00000000e6ab0000)
 concurrent mark-sweep generation total 393216K, used 25733K [0x00000000e8000000, 0x0000000100000000, 0x0000000100000000)
 Metaspace       used 37239K, capacity 38358K, committed 38500K, reserved 1083392K
  class space    used 4423K, capacity 4671K, committed 4708K, reserved 1048576K
}
2017-11-27T01:33:36.037+0100: 16829.495: Total time for which application threads were stopped: 0.0068067 seconds, Stopping threads took: 0.0004502 seconds
{Heap before GC invocations=129 (full 1):
 par new generation   total 109248K, used 89751K [0x00000000e0000000, 0x00000000e8000000, 0x00000000e8000000)
  eden space 87424K, 100% used [0x00000000e0000000, 0x00000000e5560000, 0x00000000e5560000)
  from space 21824K,  10% used [0x00000000e6ab0000, 0x00000000e6cf5d00, 0x00000000e8000000)
  to   space 21824K,   0% used [0x00000000e5560000, 0x00000000e5560000, 0x00000000e6ab0000)
 concurrent mark-sweep generation total 393216K, used 25733K [0x00000000e8000000, 0x0000000100000000, 0x0000000100000000)
 Metaspace       used 37239K, capacity 38358K, committed 38500K, reserved 1083392K
  class space    used 4423K, capacity 4671K, committed 4708K, reserved 1048576K
2017-11-27T01:36:07.566+0100: 16981.024: [GC (Allocation Failure) 2017-11-27T01:36:07.566+0100: 16981.024: [ParNew
Desired survivor size 20112992 bytes, new threshold 8 (max 8)
- age   1:     795840 bytes,     795840 total
- age   2:       2600 bytes,     798440 total
- age   3:       1968 bytes,     800408 total
- age   4:       2056 bytes,     802464 total
- age   5:       1320 bytes,     803784 total
- age   6:       2128 bytes,     805912 total
- age   7:       2584 bytes,     808496 total
- age   8:       1616 bytes,     810112 total
: 89751K->1594K(109248K), 0.0057204 secs] 115484K->27329K(502464K), 0.0058120 secs] [Times: user=0.00 sys=0.00, real=0.01 secs] 
Heap after GC invocations=130 (full 1):
 par new generation   total 109248K, used 1594K [0x00000000e0000000, 0x00000000e8000000, 0x00000000e8000000)
  eden space 87424K,   0% used [0x00000000e0000000, 0x00000000e0000000, 0x00000000e5560000)
  from space 21824K,   7% used [0x00000000e5560000, 0x00000000e56ee9d0, 0x00000000e6ab0000)
  to   space 21824K,   0% used [0x00000000e6ab0000, 0x00000000e6ab0000, 0x00000000e8000000)
 concurrent mark-sweep generation total 393216K, used 25734K [0x00000000e8000000, 0x0000000100000000, 0x0000000100000000)
 Metaspace       used 37239K, capacity 38358K, committed 38500K, reserved 1083392K
  class space    used 4423K, capacity 4671K, committed 4708K, reserved 1048576K
}
2017-11-27T01:36:07.572+0100: 16981.030: Total time for which application threads were stopped: 0.0061333 seconds, Stopping threads took: 0.0000644 seconds
2017-11-27T01:36:39.580+0100: 17013.038: Total time for which application threads were stopped: 0.0002302 seconds, Stopping threads took: 0.0000547 seconds
2017-11-27T01:36:41.581+0100: 17015.038: Total time for which application threads were stopped: 0.0001853 seconds, Stopping threads took: 0.0000467 seconds
{Heap before GC invocations=130 (full 1):
 par new generation   total 109248K, used 89018K [0x00000000e0000000, 0x00000000e8000000, 0x00000000e8000000)
  eden space 87424K, 100% used [0x00000000e0000000, 0x00000000e5560000, 0x00000000e5560000)
  from space 21824K,   7% used [0x00000000e5560000, 0x00000000e56ee9d0, 0x00000000e6ab0000)
  to   space 21824K,   0% used [0x00000000e6ab0000, 0x00000000e6ab0000, 0x00000000e8000000)
 concurrent mark-sweep generation total 393216K, used 25734K [0x00000000e8000000, 0x0000000100000000, 0x0000000100000000)
 Metaspace       used 37239K, capacity 38358K, committed 38500K, reserved 1083392K
  class space    used 4423K, capacity 4671K, committed 4708K, reserved 1048576K
2017-11-27T01:36:42.742+0100: 17016.200: [GC (Allocation Failure) 2017-11-27T01:36:42.743+0100: 17016.200: [ParNew
Desired survivor size 20112992 bytes, new threshold 8 (max 8)
- age   1:      90776 bytes,      90776 total
- age   2:       2576 bytes,      93352 total
- age   3:       2080 bytes,      95432 total
- age   4:       1968 bytes,      97400 total
- age   5:       1832 bytes,      99232 total
- age   6:       1320 bytes,     100552 total
- age   7:       2128 bytes,     102680 total
- age   8:       2584 bytes,     105264 total
: 89018K->207K(109248K), 0.0062467 secs] 114753K->25943K(502464K), 0.0063573 secs] [Times: user=0.00 sys=0.00, real=0.01 secs] 
Heap after GC invocations=131 (full 1):
 par new generation   total 109248K, used 207K [0x00000000e0000000, 0x00000000e8000000, 0x00000000e8000000)
  eden space 87424K,   0% used [0x00000000e0000000, 0x00000000e0000000, 0x00000000e5560000)
  from space 21824K,   0% used [0x00000000e6ab0000, 0x00000000e6ae3c20, 0x00000000e8000000)
  to   space 21824K,   0% used [0x00000000e5560000, 0x00000000e5560000, 0x00000000e6ab0000)
 concurrent mark-sweep generation total 393216K, used 25736K [0x00000000e8000000, 0x0000000100000000, 0x0000000100000000)
 Metaspace       used 37239K, capacity 38358K, committed 38500K, reserved 1083392K
  class space    used 4423K, capacity 4671K, committed 4708K, reserved 1048576K
}
2017-11-27T01:36:42.749+0100: 17016.207: Total time for which application threads were stopped: 0.0065929 seconds, Stopping threads took: 0.0000213 seconds
2017-11-27T01:36:50.752+0100: 17024.210: Total time for which application threads were stopped: 0.0001742 seconds, Stopping threads took: 0.0000471 seconds
{Heap before GC invocations=131 (full 1):
 par new generation   total 109248K, used 87631K [0x00000000e0000000, 0x00000000e8000000, 0x00000000e8000000)
  eden space 87424K, 100% used [0x00000000e0000000, 0x00000000e5560000, 0x00000000e5560000)
  from space 21824K,   0% used [0x00000000e6ab0000, 0x00000000e6ae3c20, 0x00000000e8000000)
  to   space 21824K,   0% used [0x00000000e5560000, 0x00000000e5560000, 0x00000000e6ab0000)
 concurrent mark-sweep generation total 393216K, used 25736K [0x00000000e8000000, 0x0000000100000000, 0x0000000100000000)
 Metaspace       used 37239K, capacity 38358K, committed 38500K, reserved 1083392K
  class space    used 4423K, capacity 4671K, committed 4708K, reserved 1048576K
2017-11-27T01:36:53.091+0100: 17026.549: [GC (Allocation Failure) 2017-11-27T01:36:53.091+0100: 17026.549: [ParNew
Desired survivor size 20112992 bytes, new threshold 8 (max 8)
- age   1:     352560 bytes,     352560 total
- age   2:       4496 bytes,     357056 total
- age   3:       1768 bytes,     358824 total
- age   4:       1856 bytes,     360680 total
- age   5:       1968 bytes,     362648 total
- age   6:       1832 bytes,     364480 total
- age   7:       1320 bytes,     365800 total
- age   8:       2128 bytes,     367928 total
: 87631K->429K(109248K), 0.0064902 secs] 113367K->26168K(502464K), 0.0065924 secs] [Times: user=0.05 sys=0.00, real=0.01 secs] 
Heap after GC invocations=132 (full 1):
 par new generation   total 109248K, used 429K [0x00000000e0000000, 0x00000000e8000000, 0x00000000e8000000)
  eden space 87424K,   0% used [0x00000000e0000000, 0x00000000e0000000, 0x00000000e5560000)
  from space 21824K,   1% used [0x00000000e5560000, 0x00000000e55cb6f0, 0x00000000e6ab0000)
  to   space 21824K,   0% used [0x00000000e6ab0000, 0x00000000e6ab0000, 0x00000000e8000000)
 concurrent mark-sweep generation total 393216K, used 25738K [0x00000000e8000000, 0x0000000100000000, 0x0000000100000000)
 Metaspace       used 37239K, capacity 38358K, committed 38500K, reserved 1083392K
  class space    used 4423K, capacity 4671K, committed 4708K, reserved 1048576K
}
2017-11-27T01:36:53.098+0100: 17026.556: Total time for which application threads were stopped: 0.0068293 seconds, Stopping threads took: 0.0000227 seconds
{Heap before GC invocations=132 (full 1):
 par new generation   total 109248K, used 87853K [0x00000000e0000000, 0x00000000e8000000, 0x00000000e8000000)
  eden space 87424K, 100% used [0x00000000e0000000, 0x00000000e5560000, 0x00000000e5560000)
  from space 21824K,   1% used [0x00000000e5560000, 0x00000000e55cb6f0, 0x00000000e6ab0000)
  to   space 21824K,   0% used [0x00000000e6ab0000, 0x00000000e6ab0000, 0x00000000e8000000)
 concurrent mark-sweep generation total 393216K, used 25738K [0x00000000e8000000, 0x0000000100000000, 0x0000000100000000)
 Metaspace       used 37239K, capacity 38358K, committed 38500K, reserved 1083392K
  class space    used 4423K, capacity 4671K, committed 4708K, reserved 1048576K
2017-11-27T01:37:34.843+0100: 17068.301: [GC (Allocation Failure) 2017-11-27T01:37:34.843+0100: 17068.301: [ParNew
Desired survivor size 20112992 bytes, new threshold 8 (max 8)
- age   1:      69928 bytes,      69928 total
- age   2:       4312 bytes,      74240 total
- age   3:       3688 bytes,      77928 total
- age   4:       1768 bytes,      79696 total
- age   5:       1856 bytes,      81552 total
- age   6:       1968 bytes,      83520 total
- age   7:       1832 bytes,      85352 total
- age   8:       1320 bytes,      86672 total
: 87853K->225K(109248K), 0.0066627 secs] 113592K->25966K(502464K), 0.0067720 secs] [Times: user=0.05 sys=0.00, real=0.01 secs] 
Heap after GC invocations=133 (full 1):
 par new generation   total 109248K, used 225K [0x00000000e0000000, 0x00000000e8000000, 0x00000000e8000000)
  eden space 87424K,   0% used [0x00000000e0000000, 0x00000000e0000000, 0x00000000e5560000)
  from space 21824K,   1% used [0x00000000e6ab0000, 0x00000000e6ae8490, 0x00000000e8000000)
  to   space 21824K,   0% used [0x00000000e5560000, 0x00000000e5560000, 0x00000000e6ab0000)
 concurrent mark-sweep generation total 393216K, used 25740K [0x00000000e8000000, 0x0000000100000000, 0x0000000100000000)
 Metaspace       used 37239K, capacity 38358K, committed 38500K, reserved 1083392K
  class space    used 4423K, capacity 4671K, committed 4708K, reserved 1048576K
}
2017-11-27T01:37:34.850+0100: 17068.308: Total time for which application threads were stopped: 0.0070342 seconds, Stopping threads took: 0.0000262 seconds
{Heap before GC invocations=133 (full 1):
 par new generation   total 109248K, used 87649K [0x00000000e0000000, 0x00000000e8000000, 0x00000000e8000000)
  eden space 87424K, 100% used [0x00000000e0000000, 0x00000000e5560000, 0x00000000e5560000)
  from space 21824K,   1% used [0x00000000e6ab0000, 0x00000000e6ae8490, 0x00000000e8000000)
  to   space 21824K,   0% used [0x00000000e5560000, 0x00000000e5560000, 0x00000000e6ab0000)
 concurrent mark-sweep generation total 393216K, used 25740K [0x00000000e8000000, 0x0000000100000000, 0x0000000100000000)
 Metaspace       used 37239K, capacity 38358K, committed 38500K, reserved 1083392K
  class space    used 4423K, capacity 4671K, committed 4708K, reserved 1048576K
2017-11-27T01:40:48.691+0100: 17262.149: [GC (Allocation Failure) 2017-11-27T01:40:48.692+0100: 17262.149: [ParNew
Desired survivor size 20112992 bytes, new threshold 8 (max 8)
- age   1:     565632 bytes,     565632 total
- age   2:       2568 bytes,     568200 total
- age   3:       3696 bytes,     571896 total
- age   4:       3544 bytes,     575440 total
- age   5:       1736 bytes,     577176 total
- age   6:       1856 bytes,     579032 total
- age   7:       1968 bytes,     581000 total
- age   8:       1832 bytes,     582832 total
: 87649K->606K(109248K), 0.0052782 secs] 113390K->26348K(502464K), 0.0054724 secs] [Times: user=0.00 sys=0.00, real=0.01 secs] 
Heap after GC invocations=134 (full 1):
 par new generation   total 109248K, used 606K [0x00000000e0000000, 0x00000000e8000000, 0x00000000e8000000)
  eden space 87424K,   0% used [0x00000000e0000000, 0x00000000e0000000, 0x00000000e5560000)
  from space 21824K,   2% used [0x00000000e5560000, 0x00000000e55f7af0, 0x00000000e6ab0000)
  to   space 21824K,   0% used [0x00000000e6ab0000, 0x00000000e6ab0000, 0x00000000e8000000)
 concurrent mark-sweep generation total 393216K, used 25742K [0x00000000e8000000, 0x0000000100000000, 0x0000000100000000)
 Metaspace       used 37239K, capacity 38358K, committed 38500K, reserved 1083392K
  class space    used 4423K, capacity 4671K, committed 4708K, reserved 1048576K
}
2017-11-27T01:40:48.697+0100: 17262.155: Total time for which application threads were stopped: 0.0059387 seconds, Stopping threads took: 0.0000600 seconds
2017-11-27T01:42:15.721+0100: 17349.179: Total time for which application threads were stopped: 0.0003058 seconds, Stopping threads took: 0.0000324 seconds
2017-11-27T01:43:36.746+0100: 17430.203: Total time for which application threads were stopped: 0.0001142 seconds, Stopping threads took: 0.0000267 seconds
{Heap before GC invocations=134 (full 1):
 par new generation   total 109248K, used 88030K [0x00000000e0000000, 0x00000000e8000000, 0x00000000e8000000)
  eden space 87424K, 100% used [0x00000000e0000000, 0x00000000e5560000, 0x00000000e5560000)
  from space 21824K,   2% used [0x00000000e5560000, 0x00000000e55f7af0, 0x00000000e6ab0000)
  to   space 21824K,   0% used [0x00000000e6ab0000, 0x00000000e6ab0000, 0x00000000e8000000)
 concurrent mark-sweep generation total 393216K, used 25742K [0x00000000e8000000, 0x0000000100000000, 0x0000000100000000)
 Metaspace       used 37239K, capacity 38358K, committed 38500K, reserved 1083392K
  class space    used 4423K, capacity 4671K, committed 4708K, reserved 1048576K
2017-11-27T01:44:22.728+0100: 17476.185: [GC (Allocation Failure) 2017-11-27T01:44:22.728+0100: 17476.186: [ParNew
Desired survivor size 20112992 bytes, new threshold 8 (max 8)
- age   1:     437544 bytes,     437544 total
- age   2:       1656 bytes,     439200 total
- age   3:       2528 bytes,     441728 total
- age   4:       3472 bytes,     445200 total
- age   5:       3544 bytes,     448744 total
- age   6:       1736 bytes,     450480 total
- age   7:       1856 bytes,     452336 total
- age   8:       1968 bytes,     454304 total
: 88030K->657K(109248K), 0.0054436 secs] 113772K->26400K(502464K), 0.0056311 secs] [Times: user=0.00 sys=0.00, real=0.01 secs] 
Heap after GC invocations=135 (full 1):
 par new generation   total 109248K, used 657K [0x00000000e0000000, 0x00000000e8000000, 0x00000000e8000000)
  eden space 87424K,   0% used [0x00000000e0000000, 0x00000000e0000000, 0x00000000e5560000)
  from space 21824K,   3% used [0x00000000e6ab0000, 0x00000000e6b54400, 0x00000000e8000000)
  to   space 21824K,   0% used [0x00000000e5560000, 0x00000000e5560000, 0x00000000e6ab0000)
 concurrent mark-sweep generation total 393216K, used 25743K [0x00000000e8000000, 0x0000000100000000, 0x0000000100000000)
 Metaspace       used 37239K, capacity 38358K, committed 38500K, reserved 1083392K
  class space    used 4423K, capacity 4671K, committed 4708K, reserved 1048576K
}
2017-11-27T01:44:22.733+0100: 17476.191: Total time for which application threads were stopped: 0.0059698 seconds, Stopping threads took: 0.0000298 seconds
{Heap before GC invocations=135 (full 1):
 par new generation   total 109248K, used 88081K [0x00000000e0000000, 0x00000000e8000000, 0x00000000e8000000)
  eden space 87424K, 100% used [0x00000000e0000000, 0x00000000e5560000, 0x00000000e5560000)
  from space 21824K,   3% used [0x00000000e6ab0000, 0x00000000e6b54400, 0x00000000e8000000)
  to   space 21824K,   0% used [0x00000000e5560000, 0x00000000e5560000, 0x00000000e6ab0000)
 concurrent mark-sweep generation total 393216K, used 25743K [0x00000000e8000000, 0x0000000100000000, 0x0000000100000000)
 Metaspace       used 37239K, capacity 38358K, committed 38500K, reserved 1083392K
  class space    used 4423K, capacity 4671K, committed 4708K, reserved 1048576K
2017-11-27T01:46:25.022+0100: 17598.480: [GC (Allocation Failure) 2017-11-27T01:46:25.022+0100: 17598.480: [ParNew
Desired survivor size 20112992 bytes, new threshold 8 (max 8)
- age   1:    1943736 bytes,    1943736 total
- age   2:       2400 bytes,    1946136 total
- age   3:       1392 bytes,    1947528 total
- age   4:       2528 bytes,    1950056 total
- age   5:       3248 bytes,    1953304 total
- age   6:       3544 bytes,    1956848 total
- age   7:       1736 bytes,    1958584 total
- age   8:       1856 bytes,    1960440 total
: 88081K->2138K(109248K), 0.0044831 secs] 113824K->27883K(502464K), 0.0045742 secs] [Times: user=0.00 sys=0.00, real=0.00 secs] 
Heap after GC invocations=136 (full 1):
 par new generation   total 109248K, used 2138K [0x00000000e0000000, 0x00000000e8000000, 0x00000000e8000000)
  eden space 87424K,   0% used [0x00000000e0000000, 0x00000000e0000000, 0x00000000e5560000)
  from space 21824K,   9% used [0x00000000e5560000, 0x00000000e5776820, 0x00000000e6ab0000)
  to   space 21824K,   0% used [0x00000000e6ab0000, 0x00000000e6ab0000, 0x00000000e8000000)
 concurrent mark-sweep generation total 393216K, used 25745K [0x00000000e8000000, 0x0000000100000000, 0x0000000100000000)
 Metaspace       used 37239K, capacity 38358K, committed 38500K, reserved 1083392K
  class space    used 4423K, capacity 4671K, committed 4708K, reserved 1048576K
}
2017-11-27T01:46:25.027+0100: 17598.484: Total time for which application threads were stopped: 0.0048160 seconds, Stopping threads took: 0.0000271 seconds
{Heap before GC invocations=136 (full 1):
 par new generation   total 109248K, used 89562K [0x00000000e0000000, 0x00000000e8000000, 0x00000000e8000000)
  eden space 87424K, 100% used [0x00000000e0000000, 0x00000000e5560000, 0x00000000e5560000)
  from space 21824K,   9% used [0x00000000e5560000, 0x00000000e5776820, 0x00000000e6ab0000)
  to   space 21824K,   0% used [0x00000000e6ab0000, 0x00000000e6ab0000, 0x00000000e8000000)
 concurrent mark-sweep generation total 393216K, used 25745K [0x00000000e8000000, 0x0000000100000000, 0x0000000100000000)
 Metaspace       used 37239K, capacity 38358K, committed 38500K, reserved 1083392K
  class space    used 4423K, capacity 4671K, committed 4708K, reserved 1048576K
2017-11-27T01:48:26.464+0100: 17719.922: [GC (Allocation Failure) 2017-11-27T01:48:26.465+0100: 17719.922: [ParNew
Desired survivor size 20112992 bytes, new threshold 8 (max 8)
- age   1:    1851272 bytes,    1851272 total
- age   2:       2032 bytes,    1853304 total
- age   3:       2328 bytes,    1855632 total
- age   4:       1392 bytes,    1857024 total
- age   5:       1856 bytes,    1858880 total
- age   6:       3248 bytes,    1862128 total
- age   7:       3544 bytes,    1865672 total
- age   8:       1736 bytes,    1867408 total
: 89562K->3009K(109248K), 0.0057182 secs] 115307K->28757K(502464K), 0.0058578 secs] [Times: user=0.02 sys=0.00, real=0.01 secs] 
Heap after GC invocations=137 (full 1):
 par new generation   total 109248K, used 3009K [0x00000000e0000000, 0x00000000e8000000, 0x00000000e8000000)
  eden space 87424K,   0% used [0x00000000e0000000, 0x00000000e0000000, 0x00000000e5560000)
  from space 21824K,  13% used [0x00000000e6ab0000, 0x00000000e6da06c0, 0x00000000e8000000)
  to   space 21824K,   0% used [0x00000000e5560000, 0x00000000e5560000, 0x00000000e6ab0000)
 concurrent mark-sweep generation total 393216K, used 25747K [0x00000000e8000000, 0x0000000100000000, 0x0000000100000000)
 Metaspace       used 37239K, capacity 38358K, committed 38500K, reserved 1083392K
  class space    used 4423K, capacity 4671K, committed 4708K, reserved 1048576K
}
2017-11-27T01:48:26.470+0100: 17719.928: Total time for which application threads were stopped: 0.0061733 seconds, Stopping threads took: 0.0000347 seconds
{Heap before GC invocations=137 (full 1):
 par new generation   total 109248K, used 90433K [0x00000000e0000000, 0x00000000e8000000, 0x00000000e8000000)
  eden space 87424K, 100% used [0x00000000e0000000, 0x00000000e5560000, 0x00000000e5560000)
  from space 21824K,  13% used [0x00000000e6ab0000, 0x00000000e6da06c0, 0x00000000e8000000)
  to   space 21824K,   0% used [0x00000000e5560000, 0x00000000e5560000, 0x00000000e6ab0000)
 concurrent mark-sweep generation total 393216K, used 25747K [0x00000000e8000000, 0x0000000100000000, 0x0000000100000000)
 Metaspace       used 37239K, capacity 38358K, committed 38500K, reserved 1083392K
  class space    used 4423K, capacity 4671K, committed 4708K, reserved 1048576K
2017-11-27T01:49:43.320+0100: 17796.778: [GC (Allocation Failure) 2017-11-27T01:49:43.320+0100: 17796.778: [ParNew
Desired survivor size 20112992 bytes, new threshold 8 (max 8)
- age   1:    1321376 bytes,    1321376 total
- age   2:       2584 bytes,    1323960 total
- age   3:       1736 bytes,    1325696 total
- age   4:       2104 bytes,    1327800 total
- age   5:       1392 bytes,    1329192 total
- age   6:       1856 bytes,    1331048 total
- age   7:       3248 bytes,    1334296 total
- age   8:       3544 bytes,    1337840 total
: 90433K->1872K(109248K), 0.0044711 secs] 116181K->27621K(502464K), 0.0046009 secs] [Times: user=0.00 sys=0.00, real=0.01 secs] 
Heap after GC invocations=138 (full 1):
 par new generation   total 109248K, used 1872K [0x00000000e0000000, 0x00000000e8000000, 0x00000000e8000000)
  eden space 87424K,   0% used [0x00000000e0000000, 0x00000000e0000000, 0x00000000e5560000)
  from space 21824K,   8% used [0x00000000e5560000, 0x00000000e57340d8, 0x00000000e6ab0000)
  to   space 21824K,   0% used [0x00000000e6ab0000, 0x00000000e6ab0000, 0x00000000e8000000)
 concurrent mark-sweep generation total 393216K, used 25749K [0x00000000e8000000, 0x0000000100000000, 0x0000000100000000)
 Metaspace       used 37239K, capacity 38358K, committed 38500K, reserved 1083392K
  class space    used 4423K, capacity 4671K, committed 4708K, reserved 1048576K
}
2017-11-27T01:49:43.325+0100: 17796.783: Total time for which application threads were stopped: 0.0049418 seconds, Stopping threads took: 0.0000511 seconds
{Heap before GC invocations=138 (full 1):
 par new generation   total 109248K, used 89296K [0x00000000e0000000, 0x00000000e8000000, 0x00000000e8000000)
  eden space 87424K, 100% used [0x00000000e0000000, 0x00000000e5560000, 0x00000000e5560000)
  from space 21824K,   8% used [0x00000000e5560000, 0x00000000e57340d8, 0x00000000e6ab0000)
  to   space 21824K,   0% used [0x00000000e6ab0000, 0x00000000e6ab0000, 0x00000000e8000000)
 concurrent mark-sweep generation total 393216K, used 25749K [0x00000000e8000000, 0x0000000100000000, 0x0000000100000000)
 Metaspace       used 37239K, capacity 38358K, committed 38500K, reserved 1083392K
  class space    used 4423K, capacity 4671K, committed 4708K, reserved 1048576K
2017-11-27T01:50:37.351+0100: 17850.808: [GC (Allocation Failure) 2017-11-27T01:50:37.351+0100: 17850.808: [ParNew
Desired survivor size 20112992 bytes, new threshold 8 (max 8)
- age   1:     419920 bytes,     419920 total
- age   2:       2952 bytes,     422872 total
- age   3:       2224 bytes,     425096 total
- age   4:       1512 bytes,     426608 total
- age   5:       1880 bytes,     428488 total
- age   6:       1392 bytes,     429880 total
- age   7:       1856 bytes,     431736 total
- age   8:       3248 bytes,     434984 total
: 89296K->697K(109248K), 0.0049524 secs] 115045K->26450K(502464K), 0.0050964 secs] [Times: user=0.00 sys=0.00, real=0.00 secs] 
Heap after GC invocations=139 (full 1):
 par new generation   total 109248K, used 697K [0x00000000e0000000, 0x00000000e8000000, 0x00000000e8000000)
  eden space 87424K,   0% used [0x00000000e0000000, 0x00000000e0000000, 0x00000000e5560000)
  from space 21824K,   3% used [0x00000000e6ab0000, 0x00000000e6b5e7c0, 0x00000000e8000000)
  to   space 21824K,   0% used [0x00000000e5560000, 0x00000000e5560000, 0x00000000e6ab0000)
 concurrent mark-sweep generation total 393216K, used 25752K [0x00000000e8000000, 0x0000000100000000, 0x0000000100000000)
 Metaspace       used 37239K, capacity 38358K, committed 38500K, reserved 1083392K
  class space    used 4423K, capacity 4671K, committed 4708K, reserved 1048576K
}
2017-11-27T01:50:37.356+0100: 17850.814: Total time for which application threads were stopped: 0.0060076 seconds, Stopping threads took: 0.0002782 seconds
{Heap before GC invocations=139 (full 1):
 par new generation   total 109248K, used 88121K [0x00000000e0000000, 0x00000000e8000000, 0x00000000e8000000)
  eden space 87424K, 100% used [0x00000000e0000000, 0x00000000e5560000, 0x00000000e5560000)
  from space 21824K,   3% used [0x00000000e6ab0000, 0x00000000e6b5e7c0, 0x00000000e8000000)
  to   space 21824K,   0% used [0x00000000e5560000, 0x00000000e5560000, 0x00000000e6ab0000)
 concurrent mark-sweep generation total 393216K, used 25752K [0x00000000e8000000, 0x0000000100000000, 0x0000000100000000)
 Metaspace       used 37239K, capacity 38358K, committed 38500K, reserved 1083392K
  class space    used 4423K, capacity 4671K, committed 4708K, reserved 1048576K
2017-11-27T01:51:56.396+0100: 17929.854: [GC (Allocation Failure) 2017-11-27T01:51:56.396+0100: 17929.854: [ParNew
Desired survivor size 20112992 bytes, new threshold 8 (max 8)
- age   1:     303920 bytes,     303920 total
- age   2:       1984 bytes,     305904 total
- age   3:       2336 bytes,     308240 total
- age   4:       2000 bytes,     310240 total
- age   5:       1512 bytes,     311752 total
- age   6:       1880 bytes,     313632 total
- age   7:       1392 bytes,     315024 total
- age   8:       1856 bytes,     316880 total
: 88121K->491K(109248K), 0.0041338 secs] 113874K->26247K(502464K), 0.0042307 secs] [Times: user=0.00 sys=0.00, real=0.00 secs] 
Heap after GC invocations=140 (full 1):
 par new generation   total 109248K, used 491K [0x00000000e0000000, 0x00000000e8000000, 0x00000000e8000000)
  eden space 87424K,   0% used [0x00000000e0000000, 0x00000000e0000000, 0x00000000e5560000)
  from space 21824K,   2% used [0x00000000e5560000, 0x00000000e55dac98, 0x00000000e6ab0000)
  to   space 21824K,   0% used [0x00000000e6ab0000, 0x00000000e6ab0000, 0x00000000e8000000)
 concurrent mark-sweep generation total 393216K, used 25756K [0x00000000e8000000, 0x0000000100000000, 0x0000000100000000)
 Metaspace       used 37239K, capacity 38358K, committed 38500K, reserved 1083392K
  class space    used 4423K, capacity 4671K, committed 4708K, reserved 1048576K
}
2017-11-27T01:51:56.401+0100: 17929.858: Total time for which application threads were stopped: 0.0044738 seconds, Stopping threads took: 0.0000244 seconds
{Heap before GC invocations=140 (full 1):
 par new generation   total 109248K, used 87915K [0x00000000e0000000, 0x00000000e8000000, 0x00000000e8000000)
  eden space 87424K, 100% used [0x00000000e0000000, 0x00000000e5560000, 0x00000000e5560000)
  from space 21824K,   2% used [0x00000000e5560000, 0x00000000e55dac98, 0x00000000e6ab0000)
  to   space 21824K,   0% used [0x00000000e6ab0000, 0x00000000e6ab0000, 0x00000000e8000000)
 concurrent mark-sweep generation total 393216K, used 25756K [0x00000000e8000000, 0x0000000100000000, 0x0000000100000000)
 Metaspace       used 37239K, capacity 38358K, committed 38500K, reserved 1083392K
  class space    used 4423K, capacity 4671K, committed 4708K, reserved 1048576K
2017-11-27T01:53:58.758+0100: 18052.216: [GC (Allocation Failure) 2017-11-27T01:53:58.758+0100: 18052.216: [ParNew
Desired survivor size 20112992 bytes, new threshold 8 (max 8)
- age   1:     840352 bytes,     840352 total
- age   2:       2560 bytes,     842912 total
- age   3:       1544 bytes,     844456 total
- age   4:       2080 bytes,     846536 total
- age   5:       2000 bytes,     848536 total
- age   6:       1512 bytes,     850048 total
- age   7:       1880 bytes,     851928 total
- age   8:       1392 bytes,     853320 total
: 87915K->922K(109248K), 0.0066102 secs] 113671K->26679K(502464K), 0.0067631 secs] [Times: user=0.00 sys=0.00, real=0.01 secs] 
Heap after GC invocations=141 (full 1):
 par new generation   total 109248K, used 922K [0x00000000e0000000, 0x00000000e8000000, 0x00000000e8000000)
  eden space 87424K,   0% used [0x00000000e0000000, 0x00000000e0000000, 0x00000000e5560000)
  from space 21824K,   4% used [0x00000000e6ab0000, 0x00000000e6b96848, 0x00000000e8000000)
  to   space 21824K,   0% used [0x00000000e5560000, 0x00000000e5560000, 0x00000000e6ab0000)
 concurrent mark-sweep generation total 393216K, used 25757K [0x00000000e8000000, 0x0000000100000000, 0x0000000100000000)
 Metaspace       used 37239K, capacity 38358K, committed 38500K, reserved 1083392K
  class space    used 4423K, capacity 4671K, committed 4708K, reserved 1048576K
}
2017-11-27T01:53:58.764+0100: 18052.222: Total time for which application threads were stopped: 0.0071076 seconds, Stopping threads took: 0.0000578 seconds
{Heap before GC invocations=141 (full 1):
 par new generation   total 109248K, used 88346K [0x00000000e0000000, 0x00000000e8000000, 0x00000000e8000000)
  eden space 87424K, 100% used [0x00000000e0000000, 0x00000000e5560000, 0x00000000e5560000)
  from space 21824K,   4% used [0x00000000e6ab0000, 0x00000000e6b96848, 0x00000000e8000000)
  to   space 21824K,   0% used [0x00000000e5560000, 0x00000000e5560000, 0x00000000e6ab0000)
 concurrent mark-sweep generation total 393216K, used 25757K [0x00000000e8000000, 0x0000000100000000, 0x0000000100000000)
 Metaspace       used 37239K, capacity 38358K, committed 38500K, reserved 1083392K
  class space    used 4423K, capacity 4671K, committed 4708K, reserved 1048576K
2017-11-27T01:56:25.588+0100: 18199.045: [GC (Allocation Failure) 2017-11-27T01:56:25.588+0100: 18199.045: [ParNew
Desired survivor size 20112992 bytes, new threshold 8 (max 8)
- age   1:     945680 bytes,     945680 total
- age   2:       2312 bytes,     947992 total
- age   3:       1784 bytes,     949776 total
- age   4:        936 bytes,     950712 total
- age   5:       1344 bytes,     952056 total
- age   6:       1488 bytes,     953544 total
- age   7:       1128 bytes,     954672 total
- age   8:       1368 bytes,     956040 total
: 88346K->1158K(109248K), 0.0073604 secs] 114103K->26917K(502464K), 0.0076022 secs] [Times: user=0.02 sys=0.00, real=0.01 secs] 
Heap after GC invocations=142 (full 1):
 par new generation   total 109248K, used 1158K [0x00000000e0000000, 0x00000000e8000000, 0x00000000e8000000)
  eden space 87424K,   0% used [0x00000000e0000000, 0x00000000e0000000, 0x00000000e5560000)
  from space 21824K,   5% used [0x00000000e5560000, 0x00000000e5681958, 0x00000000e6ab0000)
  to   space 21824K,   0% used [0x00000000e6ab0000, 0x00000000e6ab0000, 0x00000000e8000000)
 concurrent mark-sweep generation total 393216K, used 25758K [0x00000000e8000000, 0x0000000100000000, 0x0000000100000000)
 Metaspace       used 37239K, capacity 38358K, committed 38500K, reserved 1083392K
  class space    used 4423K, capacity 4671K, committed 4708K, reserved 1048576K
}
2017-11-27T01:56:25.596+0100: 18199.053: Total time for which application threads were stopped: 0.0080662 seconds, Stopping threads took: 0.0000444 seconds
{Heap before GC invocations=142 (full 1):
 par new generation   total 109248K, used 88532K [0x00000000e0000000, 0x00000000e8000000, 0x00000000e8000000)
  eden space 87424K,  99% used [0x00000000e0000000, 0x00000000e5553858, 0x00000000e5560000)
  from space 21824K,   5% used [0x00000000e5560000, 0x00000000e5681958, 0x00000000e6ab0000)
  to   space 21824K,   0% used [0x00000000e6ab0000, 0x00000000e6ab0000, 0x00000000e8000000)
 concurrent mark-sweep generation total 393216K, used 25758K [0x00000000e8000000, 0x0000000100000000, 0x0000000100000000)
 Metaspace       used 37239K, capacity 38358K, committed 38500K, reserved 1083392K
  class space    used 4423K, capacity 4671K, committed 4708K, reserved 1048576K
2017-11-27T01:57:14.516+0100: 18247.974: [GC (Allocation Failure) 2017-11-27T01:57:14.516+0100: 18247.974: [ParNew
Desired survivor size 20112992 bytes, new threshold 8 (max 8)
- age   1:    1995224 bytes,    1995224 total
- age   2:     478672 bytes,    2473896 total
- age   3:       1568 bytes,    2475464 total
- age   4:       1784 bytes,    2477248 total
- age   5:        936 bytes,    2478184 total
- age   6:       1344 bytes,    2479528 total
- age   7:       1488 bytes,    2481016 total
- age   8:       1128 bytes,    2482144 total
: 88532K->3030K(109248K), 0.0048822 secs] 114291K->28790K(502464K), 0.0049587 secs] [Times: user=0.00 sys=0.00, real=0.01 secs] 
Heap after GC invocations=143 (full 1):
 par new generation   total 109248K, used 3030K [0x00000000e0000000, 0x00000000e8000000, 0x00000000e8000000)
  eden space 87424K,   0% used [0x00000000e0000000, 0x00000000e0000000, 0x00000000e5560000)
  from space 21824K,  13% used [0x00000000e6ab0000, 0x00000000e6da5810, 0x00000000e8000000)
  to   space 21824K,   0% used [0x00000000e5560000, 0x00000000e5560000, 0x00000000e6ab0000)
 concurrent mark-sweep generation total 393216K, used 25760K [0x00000000e8000000, 0x0000000100000000, 0x0000000100000000)
 Metaspace       used 37239K, capacity 38358K, committed 38500K, reserved 1083392K
  class space    used 4423K, capacity 4671K, committed 4708K, reserved 1048576K
}
2017-11-27T01:57:14.522+0100: 18247.979: Total time for which application threads were stopped: 0.0051800 seconds, Stopping threads took: 0.0000218 seconds
2017-11-27T01:57:15.522+0100: 18248.979: Total time for which application threads were stopped: 0.0001284 seconds, Stopping threads took: 0.0000302 seconds
{Heap before GC invocations=143 (full 1):
 par new generation   total 109248K, used 90454K [0x00000000e0000000, 0x00000000e8000000, 0x00000000e8000000)
  eden space 87424K, 100% used [0x00000000e0000000, 0x00000000e5560000, 0x00000000e5560000)
  from space 21824K,  13% used [0x00000000e6ab0000, 0x00000000e6da5810, 0x00000000e8000000)
  to   space 21824K,   0% used [0x00000000e5560000, 0x00000000e5560000, 0x00000000e6ab0000)
 concurrent mark-sweep generation total 393216K, used 25760K [0x00000000e8000000, 0x0000000100000000, 0x0000000100000000)
 Metaspace       used 37239K, capacity 38358K, committed 38500K, reserved 1083392K
  class space    used 4423K, capacity 4671K, committed 4708K, reserved 1048576K
2017-11-27T02:01:49.942+0100: 18523.400: [GC (Allocation Failure) 2017-11-27T02:01:49.942+0100: 18523.400: [ParNew
Desired survivor size 20112992 bytes, new threshold 8 (max 8)
- age   1:    1949824 bytes,    1949824 total
- age   2:       1616 bytes,    1951440 total
- age   3:     476664 bytes,    2428104 total
- age   4:       1568 bytes,    2429672 total
- age   5:       1560 bytes,    2431232 total
- age   6:        936 bytes,    2432168 total
- age   7:       1344 bytes,    2433512 total
- age   8:       1488 bytes,    2435000 total
: 90454K->3560K(109248K), 0.0057324 secs] 116214K->29321K(502464K), 0.0058396 secs] [Times: user=0.00 sys=0.00, real=0.01 secs] 
Heap after GC invocations=144 (full 1):
 par new generation   total 109248K, used 3560K [0x00000000e0000000, 0x00000000e8000000, 0x00000000e8000000)
  eden space 87424K,   0% used [0x00000000e0000000, 0x00000000e0000000, 0x00000000e5560000)
  from space 21824K,  16% used [0x00000000e5560000, 0x00000000e58da110, 0x00000000e6ab0000)
  to   space 21824K,   0% used [0x00000000e6ab0000, 0x00000000e6ab0000, 0x00000000e8000000)
 concurrent mark-sweep generation total 393216K, used 25761K [0x00000000e8000000, 0x0000000100000000, 0x0000000100000000)
 Metaspace       used 37239K, capacity 38358K, committed 38500K, reserved 1083392K
  class space    used 4423K, capacity 4671K, committed 4708K, reserved 1048576K
}
2017-11-27T02:01:49.948+0100: 18523.406: Total time for which application threads were stopped: 0.0061471 seconds, Stopping threads took: 0.0000436 seconds
{Heap before GC invocations=144 (full 1):
 par new generation   total 109248K, used 90984K [0x00000000e0000000, 0x00000000e8000000, 0x00000000e8000000)
  eden space 87424K, 100% used [0x00000000e0000000, 0x00000000e5560000, 0x00000000e5560000)
  from space 21824K,  16% used [0x00000000e5560000, 0x00000000e58da110, 0x00000000e6ab0000)
  to   space 21824K,   0% used [0x00000000e6ab0000, 0x00000000e6ab0000, 0x00000000e8000000)
 concurrent mark-sweep generation total 393216K, used 25761K [0x00000000e8000000, 0x0000000100000000, 0x0000000100000000)
 Metaspace       used 37239K, capacity 38358K, committed 38500K, reserved 1083392K
  class space    used 4423K, capacity 4671K, committed 4708K, reserved 1048576K
2017-11-27T02:05:26.311+0100: 18739.769: [GC (Allocation Failure) 2017-11-27T02:05:26.311+0100: 18739.769: [ParNew
Desired survivor size 20112992 bytes, new threshold 8 (max 8)
- age   1:    1319320 bytes,    1319320 total
- age   2:      16752 bytes,    1336072 total
- age   3:       1128 bytes,    1337200 total
- age   4:     475144 bytes,    1812344 total
- age   5:       1568 bytes,    1813912 total
- age   6:       1560 bytes,    1815472 total
- age   7:        936 bytes,    1816408 total
- age   8:       1344 bytes,    1817752 total
: 90984K->2100K(109248K), 0.0056769 secs] 116745K->27863K(502464K), 0.0057907 secs] [Times: user=0.05 sys=0.00, real=0.01 secs] 
Heap after GC invocations=145 (full 1):
 par new generation   total 109248K, used 2100K [0x00000000e0000000, 0x00000000e8000000, 0x00000000e8000000)
  eden space 87424K,   0% used [0x00000000e0000000, 0x00000000e0000000, 0x00000000e5560000)
  from space 21824K,   9% used [0x00000000e6ab0000, 0x00000000e6cbd1e0, 0x00000000e8000000)
  to   space 21824K,   0% used [0x00000000e5560000, 0x00000000e5560000, 0x00000000e6ab0000)
 concurrent mark-sweep generation total 393216K, used 25762K [0x00000000e8000000, 0x0000000100000000, 0x0000000100000000)
 Metaspace       used 37239K, capacity 38358K, committed 38500K, reserved 1083392K
  class space    used 4423K, capacity 4671K, committed 4708K, reserved 1048576K
}
2017-11-27T02:05:26.317+0100: 18739.774: Total time for which application threads were stopped: 0.0060787 seconds, Stopping threads took: 0.0000382 seconds
{Heap before GC invocations=145 (full 1):
 par new generation   total 109248K, used 89524K [0x00000000e0000000, 0x00000000e8000000, 0x00000000e8000000)
  eden space 87424K, 100% used [0x00000000e0000000, 0x00000000e5560000, 0x00000000e5560000)
  from space 21824K,   9% used [0x00000000e6ab0000, 0x00000000e6cbd1e0, 0x00000000e8000000)
  to   space 21824K,   0% used [0x00000000e5560000, 0x00000000e5560000, 0x00000000e6ab0000)
 concurrent mark-sweep generation total 393216K, used 25762K [0x00000000e8000000, 0x0000000100000000, 0x0000000100000000)
 Metaspace       used 37239K, capacity 38358K, committed 38500K, reserved 1083392K
  class space    used 4423K, capacity 4671K, committed 4708K, reserved 1048576K
2017-11-27T02:06:59.485+0100: 18832.942: [GC (Allocation Failure) 2017-11-27T02:06:59.485+0100: 18832.942: [ParNew
Desired survivor size 20112992 bytes, new threshold 8 (max 8)
- age   1:      98392 bytes,      98392 total
- age   2:       1696 bytes,     100088 total
- age   3:      16488 bytes,     116576 total
- age   4:       1128 bytes,     117704 total
- age   5:     473944 bytes,     591648 total
- age   6:       1568 bytes,     593216 total
- age   7:       1560 bytes,     594776 total
- age   8:        936 bytes,     595712 total
: 89524K->1681K(109248K), 0.0052213 secs] 115287K->27445K(502464K), 0.0053844 secs] [Times: user=0.00 sys=0.00, real=0.01 secs] 
Heap after GC invocations=146 (full 1):
 par new generation   total 109248K, used 1681K [0x00000000e0000000, 0x00000000e8000000, 0x00000000e8000000)
  eden space 87424K,   0% used [0x00000000e0000000, 0x00000000e0000000, 0x00000000e5560000)
  from space 21824K,   7% used [0x00000000e5560000, 0x00000000e57045e0, 0x00000000e6ab0000)
  to   space 21824K,   0% used [0x00000000e6ab0000, 0x00000000e6ab0000, 0x00000000e8000000)
 concurrent mark-sweep generation total 393216K, used 25764K [0x00000000e8000000, 0x0000000100000000, 0x0000000100000000)
 Metaspace       used 37239K, capacity 38358K, committed 38500K, reserved 1083392K
  class space    used 4423K, capacity 4671K, committed 4708K, reserved 1048576K
}
2017-11-27T02:06:59.490+0100: 18832.948: Total time for which application threads were stopped: 0.0057507 seconds, Stopping threads took: 0.0000244 seconds
{Heap before GC invocations=146 (full 1):
 par new generation   total 109248K, used 89105K [0x00000000e0000000, 0x00000000e8000000, 0x00000000e8000000)
  eden space 87424K, 100% used [0x00000000e0000000, 0x00000000e5560000, 0x00000000e5560000)
  from space 21824K,   7% used [0x00000000e5560000, 0x00000000e57045e0, 0x00000000e6ab0000)
  to   space 21824K,   0% used [0x00000000e6ab0000, 0x00000000e6ab0000, 0x00000000e8000000)
 concurrent mark-sweep generation total 393216K, used 25764K [0x00000000e8000000, 0x0000000100000000, 0x0000000100000000)
 Metaspace       used 37239K, capacity 38358K, committed 38500K, reserved 1083392K
  class space    used 4423K, capacity 4671K, committed 4708K, reserved 1048576K
2017-11-27T02:07:52.253+0100: 18885.711: [GC (Allocation Failure) 2017-11-27T02:07:52.253+0100: 18885.711: [ParNew
Desired survivor size 20112992 bytes, new threshold 8 (max 8)
- age   1:     280400 bytes,     280400 total
- age   2:       1912 bytes,     282312 total
- age   3:       1624 bytes,     283936 total
- age   4:      16040 bytes,     299976 total
- age   5:       1128 bytes,     301104 total
- age   6:     472200 bytes,     773304 total
- age   7:       1568 bytes,     774872 total
- age   8:       1560 bytes,     776432 total
: 89105K->1142K(109248K), 0.0046929 secs] 114869K->26907K(502464K), 0.0047698 secs] [Times: user=0.00 sys=0.00, real=0.00 secs] 
Heap after GC invocations=147 (full 1):
 par new generation   total 109248K, used 1142K [0x00000000e0000000, 0x00000000e8000000, 0x00000000e8000000)
  eden space 87424K,   0% used [0x00000000e0000000, 0x00000000e0000000, 0x00000000e5560000)
  from space 21824K,   5% used [0x00000000e6ab0000, 0x00000000e6bcd8a0, 0x00000000e8000000)
  to   space 21824K,   0% used [0x00000000e5560000, 0x00000000e5560000, 0x00000000e6ab0000)
 concurrent mark-sweep generation total 393216K, used 25764K [0x00000000e8000000, 0x0000000100000000, 0x0000000100000000)
 Metaspace       used 37239K, capacity 38358K, committed 38500K, reserved 1083392K
  class space    used 4423K, capacity 4671K, committed 4708K, reserved 1048576K
}
2017-11-27T02:07:52.258+0100: 18885.716: Total time for which application threads were stopped: 0.0050538 seconds, Stopping threads took: 0.0000356 seconds
{Heap before GC invocations=147 (full 1):
 par new generation   total 109248K, used 88566K [0x00000000e0000000, 0x00000000e8000000, 0x00000000e8000000)
  eden space 87424K, 100% used [0x00000000e0000000, 0x00000000e5560000, 0x00000000e5560000)
  from space 21824K,   5% used [0x00000000e6ab0000, 0x00000000e6bcd8a0, 0x00000000e8000000)
  to   space 21824K,   0% used [0x00000000e5560000, 0x00000000e5560000, 0x00000000e6ab0000)
 concurrent mark-sweep generation total 393216K, used 25764K [0x00000000e8000000, 0x0000000100000000, 0x0000000100000000)
 Metaspace       used 37239K, capacity 38358K, committed 38500K, reserved 1083392K
  class space    used 4423K, capacity 4671K, committed 4708K, reserved 1048576K
2017-11-27T02:08:21.656+0100: 18915.113: [GC (Allocation Failure) 2017-11-27T02:08:21.656+0100: 18915.113: [ParNew
Desired survivor size 20112992 bytes, new threshold 8 (max 8)
- age   1:    1988120 bytes,    1988120 total
- age   2:       2984 bytes,    1991104 total
- age   3:       1136 bytes,    1992240 total
- age   4:       1624 bytes,    1993864 total
- age   5:      16040 bytes,    2009904 total
- age   6:       1128 bytes,    2011032 total
- age   7:     471192 bytes,    2482224 total
- age   8:       1568 bytes,    2483792 total
: 88566K->2587K(109248K), 0.0049373 secs] 114331K->28353K(502464K), 0.0050578 secs] [Times: user=0.06 sys=0.00, real=0.01 secs] 
Heap after GC invocations=148 (full 1):
 par new generation   total 109248K, used 2587K [0x00000000e0000000, 0x00000000e8000000, 0x00000000e8000000)
  eden space 87424K,   0% used [0x00000000e0000000, 0x00000000e0000000, 0x00000000e5560000)
  from space 21824K,  11% used [0x00000000e5560000, 0x00000000e57e6d10, 0x00000000e6ab0000)
  to   space 21824K,   0% used [0x00000000e6ab0000, 0x00000000e6ab0000, 0x00000000e8000000)
 concurrent mark-sweep generation total 393216K, used 25766K [0x00000000e8000000, 0x0000000100000000, 0x0000000100000000)
 Metaspace       used 37239K, capacity 38358K, committed 38500K, reserved 1083392K
  class space    used 4423K, capacity 4671K, committed 4708K, reserved 1048576K
}
2017-11-27T02:08:21.661+0100: 18915.118: Total time for which application threads were stopped: 0.0053271 seconds, Stopping threads took: 0.0000204 seconds
2017-11-27T02:14:23.763+0100: 19277.221: Total time for which application threads were stopped: 0.0001227 seconds, Stopping threads took: 0.0000453 seconds
{Heap before GC invocations=148 (full 1):
 par new generation   total 109248K, used 90011K [0x00000000e0000000, 0x00000000e8000000, 0x00000000e8000000)
  eden space 87424K, 100% used [0x00000000e0000000, 0x00000000e5560000, 0x00000000e5560000)
  from space 21824K,  11% used [0x00000000e5560000, 0x00000000e57e6d10, 0x00000000e6ab0000)
  to   space 21824K,   0% used [0x00000000e6ab0000, 0x00000000e6ab0000, 0x00000000e8000000)
 concurrent mark-sweep generation total 393216K, used 25766K [0x00000000e8000000, 0x0000000100000000, 0x0000000100000000)
 Metaspace       used 37240K, capacity 38358K, committed 38500K, reserved 1083392K
  class space    used 4423K, capacity 4671K, committed 4708K, reserved 1048576K
2017-11-27T02:15:46.025+0100: 19359.483: [GC (Allocation Failure) 2017-11-27T02:15:46.026+0100: 19359.484: [ParNew
Desired survivor size 20112992 bytes, new threshold 8 (max 8)
- age   1:    1865440 bytes,    1865440 total
- age   2:       1688 bytes,    1867128 total
- age   3:       2416 bytes,    1869544 total
- age   4:       1104 bytes,    1870648 total
- age   5:       1400 bytes,    1872048 total
- age   6:       1608 bytes,    1873656 total
- age   7:       1128 bytes,    1874784 total
- age   8:     469720 bytes,    2344504 total
: 90011K->3145K(109248K), 0.0072324 secs] 115777K->28913K(502464K), 0.0078107 secs] [Times: user=0.00 sys=0.00, real=0.01 secs] 
Heap after GC invocations=149 (full 1):
 par new generation   total 109248K, used 3145K [0x00000000e0000000, 0x00000000e8000000, 0x00000000e8000000)
  eden space 87424K,   0% used [0x00000000e0000000, 0x00000000e0000000, 0x00000000e5560000)
  from space 21824K,  14% used [0x00000000e6ab0000, 0x00000000e6dc2568, 0x00000000e8000000)
  to   space 21824K,   0% used [0x00000000e5560000, 0x00000000e5560000, 0x00000000e6ab0000)
 concurrent mark-sweep generation total 393216K, used 25767K [0x00000000e8000000, 0x0000000100000000, 0x0000000100000000)
 Metaspace       used 37240K, capacity 38358K, committed 38500K, reserved 1083392K
  class space    used 4423K, capacity 4671K, committed 4708K, reserved 1048576K
}
2017-11-27T02:15:46.033+0100: 19359.491: Total time for which application threads were stopped: 0.0084916 seconds, Stopping threads took: 0.0000947 seconds
{Heap before GC invocations=149 (full 1):
 par new generation   total 109248K, used 90569K [0x00000000e0000000, 0x00000000e8000000, 0x00000000e8000000)
  eden space 87424K, 100% used [0x00000000e0000000, 0x00000000e5560000, 0x00000000e5560000)
  from space 21824K,  14% used [0x00000000e6ab0000, 0x00000000e6dc2568, 0x00000000e8000000)
  to   space 21824K,   0% used [0x00000000e5560000, 0x00000000e5560000, 0x00000000e6ab0000)
 concurrent mark-sweep generation total 393216K, used 25767K [0x00000000e8000000, 0x0000000100000000, 0x0000000100000000)
 Metaspace       used 37240K, capacity 38358K, committed 38500K, reserved 1083392K
  class space    used 4423K, capacity 4671K, committed 4708K, reserved 1048576K
2017-11-27T02:17:57.389+0100: 19490.847: [GC (Allocation Failure) 2017-11-27T02:17:57.389+0100: 19490.847: [ParNew
Desired survivor size 20112992 bytes, new threshold 8 (max 8)
- age   1:    1284936 bytes,    1284936 total
- age   2:      16648 bytes,    1301584 total
- age   3:       1424 bytes,    1303008 total
- age   4:       2192 bytes,    1305200 total
- age   5:       1104 bytes,    1306304 total
- age   6:       1400 bytes,    1307704 total
- age   7:       1608 bytes,    1309312 total
- age   8:       1128 bytes,    1310440 total
: 90569K->2288K(109248K), 0.0091382 secs] 116337K->28513K(502464K), 0.0092738 secs] [Times: user=0.05 sys=0.00, real=0.01 secs] 
Heap after GC invocations=150 (full 1):
 par new generation   total 109248K, used 2288K [0x00000000e0000000, 0x00000000e8000000, 0x00000000e8000000)
  eden space 87424K,   0% used [0x00000000e0000000, 0x00000000e0000000, 0x00000000e5560000)
  from space 21824K,  10% used [0x00000000e5560000, 0x00000000e579c358, 0x00000000e6ab0000)
  to   space 21824K,   0% used [0x00000000e6ab0000, 0x00000000e6ab0000, 0x00000000e8000000)
 concurrent mark-sweep generation total 393216K, used 26225K [0x00000000e8000000, 0x0000000100000000, 0x0000000100000000)
 Metaspace       used 37240K, capacity 38358K, committed 38500K, reserved 1083392K
  class space    used 4423K, capacity 4671K, committed 4708K, reserved 1048576K
}
2017-11-27T02:17:57.398+0100: 19490.856: Total time for which application threads were stopped: 0.0101031 seconds, Stopping threads took: 0.0001876 seconds
{Heap before GC invocations=150 (full 1):
 par new generation   total 109248K, used 89712K [0x00000000e0000000, 0x00000000e8000000, 0x00000000e8000000)
  eden space 87424K, 100% used [0x00000000e0000000, 0x00000000e5560000, 0x00000000e5560000)
  from space 21824K,  10% used [0x00000000e5560000, 0x00000000e579c358, 0x00000000e6ab0000)
  to   space 21824K,   0% used [0x00000000e6ab0000, 0x00000000e6ab0000, 0x00000000e8000000)
 concurrent mark-sweep generation total 393216K, used 26225K [0x00000000e8000000, 0x0000000100000000, 0x0000000100000000)
 Metaspace       used 37240K, capacity 38358K, committed 38500K, reserved 1083392K
  class space    used 4423K, capacity 4671K, committed 4708K, reserved 1048576K
2017-11-27T02:19:38.813+0100: 19592.270: [GC (Allocation Failure) 2017-11-27T02:19:38.813+0100: 19592.270: [ParNew
Desired survivor size 20112992 bytes, new threshold 8 (max 8)
- age   1:    1208152 bytes,    1208152 total
- age   2:       1992 bytes,    1210144 total
- age   3:      16384 bytes,    1226528 total
- age   4:       1424 bytes,    1227952 total
- age   5:       2192 bytes,    1230144 total
- age   6:       1104 bytes,    1231248 total
- age   7:       1400 bytes,    1232648 total
- age   8:       1608 bytes,    1234256 total
: 89712K->1617K(109248K), 0.0039991 secs] 115937K->27843K(502464K), 0.0040929 secs] [Times: user=0.00 sys=0.00, real=0.00 secs] 
Heap after GC invocations=151 (full 1):
 par new generation   total 109248K, used 1617K [0x00000000e0000000, 0x00000000e8000000, 0x00000000e8000000)
  eden space 87424K,   0% used [0x00000000e0000000, 0x00000000e0000000, 0x00000000e5560000)
  from space 21824K,   7% used [0x00000000e6ab0000, 0x00000000e6c44510, 0x00000000e8000000)
  to   space 21824K,   0% used [0x00000000e5560000, 0x00000000e5560000, 0x00000000e6ab0000)
 concurrent mark-sweep generation total 393216K, used 26226K [0x00000000e8000000, 0x0000000100000000, 0x0000000100000000)
 Metaspace       used 37240K, capacity 38358K, committed 38500K, reserved 1083392K
  class space    used 4423K, capacity 4671K, committed 4708K, reserved 1048576K
}
2017-11-27T02:19:38.817+0100: 19592.274: Total time for which application threads were stopped: 0.0043284 seconds, Stopping threads took: 0.0000209 seconds
{Heap before GC invocations=151 (full 1):
 par new generation   total 109248K, used 89041K [0x00000000e0000000, 0x00000000e8000000, 0x00000000e8000000)
  eden space 87424K, 100% used [0x00000000e0000000, 0x00000000e5560000, 0x00000000e5560000)
  from space 21824K,   7% used [0x00000000e6ab0000, 0x00000000e6c44510, 0x00000000e8000000)
  to   space 21824K,   0% used [0x00000000e5560000, 0x00000000e5560000, 0x00000000e6ab0000)
 concurrent mark-sweep generation total 393216K, used 26226K [0x00000000e8000000, 0x0000000100000000, 0x0000000100000000)
 Metaspace       used 37240K, capacity 38358K, committed 38500K, reserved 1083392K
  class space    used 4423K, capacity 4671K, committed 4708K, reserved 1048576K
2017-11-27T02:23:13.787+0100: 19807.245: [GC (Allocation Failure) 2017-11-27T02:23:13.787+0100: 19807.245: [ParNew
Desired survivor size 20112992 bytes, new threshold 8 (max 8)
- age   1:     925744 bytes,     925744 total
- age   2:       2104 bytes,     927848 total
- age   3:       1552 bytes,     929400 total
- age   4:       1784 bytes,     931184 total
- age   5:       1200 bytes,     932384 total
- age   6:       1744 bytes,     934128 total
- age   7:       1104 bytes,     935232 total
- age   8:       1400 bytes,     936632 total
: 89041K->1380K(109248K), 0.0051564 secs] 115267K->27608K(502464K), 0.0056062 secs] [Times: user=0.00 sys=0.00, real=0.01 secs] 
Heap after GC invocations=152 (full 1):
 par new generation   total 109248K, used 1380K [0x00000000e0000000, 0x00000000e8000000, 0x00000000e8000000)
  eden space 87424K,   0% used [0x00000000e0000000, 0x00000000e0000000, 0x00000000e5560000)
  from space 21824K,   6% used [0x00000000e5560000, 0x00000000e56b9378, 0x00000000e6ab0000)
  to   space 21824K,   0% used [0x00000000e6ab0000, 0x00000000e6ab0000, 0x00000000e8000000)
 concurrent mark-sweep generation total 393216K, used 26227K [0x00000000e8000000, 0x0000000100000000, 0x0000000100000000)
 Metaspace       used 37240K, capacity 38358K, committed 38500K, reserved 1083392K
  class space    used 4423K, capacity 4671K, committed 4708K, reserved 1048576K
}
2017-11-27T02:23:13.793+0100: 19807.250: Total time for which application threads were stopped: 0.0064413 seconds, Stopping threads took: 0.0001302 seconds
{Heap before GC invocations=152 (full 1):
 par new generation   total 109248K, used 88804K [0x00000000e0000000, 0x00000000e8000000, 0x00000000e8000000)
  eden space 87424K, 100% used [0x00000000e0000000, 0x00000000e5560000, 0x00000000e5560000)
  from space 21824K,   6% used [0x00000000e5560000, 0x00000000e56b9378, 0x00000000e6ab0000)
  to   space 21824K,   0% used [0x00000000e6ab0000, 0x00000000e6ab0000, 0x00000000e8000000)
 concurrent mark-sweep generation total 393216K, used 26227K [0x00000000e8000000, 0x0000000100000000, 0x0000000100000000)
 Metaspace       used 37240K, capacity 38358K, committed 38500K, reserved 1083392K
  class space    used 4423K, capacity 4671K, committed 4708K, reserved 1048576K
2017-11-27T02:24:37.130+0100: 19890.588: [GC (Allocation Failure) 2017-11-27T02:24:37.130+0100: 19890.588: [ParNew
Desired survivor size 20112992 bytes, new threshold 8 (max 8)
- age   1:    1643088 bytes,    1643088 total
- age   2:      17624 bytes,    1660712 total
- age   3:       1616 bytes,    1662328 total
- age   4:       1552 bytes,    1663880 total
- age   5:       1784 bytes,    1665664 total
- age   6:       1200 bytes,    1666864 total
- age   7:       1744 bytes,    1668608 total
- age   8:       1104 bytes,    1669712 total
: 88804K->1863K(109248K), 0.0053604 secs] 115032K->28092K(502464K), 0.0055520 secs] [Times: user=0.00 sys=0.00, real=0.01 secs] 
Heap after GC invocations=153 (full 1):
 par new generation   total 109248K, used 1863K [0x00000000e0000000, 0x00000000e8000000, 0x00000000e8000000)
  eden space 87424K,   0% used [0x00000000e0000000, 0x00000000e0000000, 0x00000000e5560000)
  from space 21824K,   8% used [0x00000000e6ab0000, 0x00000000e6c81e40, 0x00000000e8000000)
  to   space 21824K,   0% used [0x00000000e5560000, 0x00000000e5560000, 0x00000000e6ab0000)
 concurrent mark-sweep generation total 393216K, used 26229K [0x00000000e8000000, 0x0000000100000000, 0x0000000100000000)
 Metaspace       used 37240K, capacity 38358K, committed 38500K, reserved 1083392K
  class space    used 4423K, capacity 4671K, committed 4708K, reserved 1048576K
}
2017-11-27T02:24:37.136+0100: 19890.594: Total time for which application threads were stopped: 0.0059729 seconds, Stopping threads took: 0.0000209 seconds
{Heap before GC invocations=153 (full 1):
 par new generation   total 109248K, used 89287K [0x00000000e0000000, 0x00000000e8000000, 0x00000000e8000000)
  eden space 87424K, 100% used [0x00000000e0000000, 0x00000000e5560000, 0x00000000e5560000)
  from space 21824K,   8% used [0x00000000e6ab0000, 0x00000000e6c81e40, 0x00000000e8000000)
  to   space 21824K,   0% used [0x00000000e5560000, 0x00000000e5560000, 0x00000000e6ab0000)
 concurrent mark-sweep generation total 393216K, used 26229K [0x00000000e8000000, 0x0000000100000000, 0x0000000100000000)
 Metaspace       used 37240K, capacity 38358K, committed 38500K, reserved 1083392K
  class space    used 4423K, capacity 4671K, committed 4708K, reserved 1048576K
2017-11-27T02:26:05.560+0100: 19979.018: [GC (Allocation Failure) 2017-11-27T02:26:05.560+0100: 19979.018: [ParNew
Desired survivor size 20112992 bytes, new threshold 8 (max 8)
- age   1:     342832 bytes,     342832 total
- age   2:       1632 bytes,     344464 total
- age   3:      16768 bytes,     361232 total
- age   4:       1616 bytes,     362848 total
- age   5:       1328 bytes,     364176 total
- age   6:       1784 bytes,     365960 total
- age   7:       1200 bytes,     367160 total
- age   8:       1744 bytes,     368904 total
: 89287K->961K(109248K), 0.0050747 secs] 115516K->27191K(502464K), 0.0052858 secs] [Times: user=0.05 sys=0.00, real=0.01 secs] 
Heap after GC invocations=154 (full 1):
 par new generation   total 109248K, used 961K [0x00000000e0000000, 0x00000000e8000000, 0x00000000e8000000)
  eden space 87424K,   0% used [0x00000000e0000000, 0x00000000e0000000, 0x00000000e5560000)
  from space 21824K,   4% used [0x00000000e5560000, 0x00000000e5650600, 0x00000000e6ab0000)
  to   space 21824K,   0% used [0x00000000e6ab0000, 0x00000000e6ab0000, 0x00000000e8000000)
 concurrent mark-sweep generation total 393216K, used 26230K [0x00000000e8000000, 0x0000000100000000, 0x0000000100000000)
 Metaspace       used 37240K, capacity 38358K, committed 38500K, reserved 1083392K
  class space    used 4423K, capacity 4671K, committed 4708K, reserved 1048576K
}
2017-11-27T02:26:05.566+0100: 19979.023: Total time for which application threads were stopped: 0.0056689 seconds, Stopping threads took: 0.0000462 seconds
{Heap before GC invocations=154 (full 1):
 par new generation   total 109248K, used 88385K [0x00000000e0000000, 0x00000000e8000000, 0x00000000e8000000)
  eden space 87424K, 100% used [0x00000000e0000000, 0x00000000e5560000, 0x00000000e5560000)
  from space 21824K,   4% used [0x00000000e5560000, 0x00000000e5650600, 0x00000000e6ab0000)
  to   space 21824K,   0% used [0x00000000e6ab0000, 0x00000000e6ab0000, 0x00000000e8000000)
 concurrent mark-sweep generation total 393216K, used 26230K [0x00000000e8000000, 0x0000000100000000, 0x0000000100000000)
 Metaspace       used 37240K, capacity 38358K, committed 38500K, reserved 1083392K
  class space    used 4423K, capacity 4671K, committed 4708K, reserved 1048576K
2017-11-27T02:26:18.948+0100: 19992.406: [GC (Allocation Failure) 2017-11-27T02:26:18.948+0100: 19992.406: [ParNew
Desired survivor size 20112992 bytes, new threshold 8 (max 8)
- age   1:    1180376 bytes,    1180376 total
- age   2:       3496 bytes,    1183872 total
- age   3:       1368 bytes,    1185240 total
- age   4:      16768 bytes,    1202008 total
- age   5:       1392 bytes,    1203400 total
- age   6:       1328 bytes,    1204728 total
- age   7:       1784 bytes,    1206512 total
- age   8:       1200 bytes,    1207712 total
: 88385K->1310K(109248K), 0.0056827 secs] 114615K->27542K(502464K), 0.0058942 secs] [Times: user=0.01 sys=0.00, real=0.01 secs] 
Heap after GC invocations=155 (full 1):
 par new generation   total 109248K, used 1310K [0x00000000e0000000, 0x00000000e8000000, 0x00000000e8000000)
  eden space 87424K,   0% used [0x00000000e0000000, 0x00000000e0000000, 0x00000000e5560000)
  from space 21824K,   6% used [0x00000000e6ab0000, 0x00000000e6bf7b00, 0x00000000e8000000)
  to   space 21824K,   0% used [0x00000000e5560000, 0x00000000e5560000, 0x00000000e6ab0000)
 concurrent mark-sweep generation total 393216K, used 26231K [0x00000000e8000000, 0x0000000100000000, 0x0000000100000000)
 Metaspace       used 37240K, capacity 38358K, committed 38500K, reserved 1083392K
  class space    used 4423K, capacity 4671K, committed 4708K, reserved 1048576K
}
2017-11-27T02:26:18.954+0100: 19992.412: Total time for which application threads were stopped: 0.0062578 seconds, Stopping threads took: 0.0000316 seconds
{Heap before GC invocations=155 (full 1):
 par new generation   total 109248K, used 88734K [0x00000000e0000000, 0x00000000e8000000, 0x00000000e8000000)
  eden space 87424K, 100% used [0x00000000e0000000, 0x00000000e5560000, 0x00000000e5560000)
  from space 21824K,   6% used [0x00000000e6ab0000, 0x00000000e6bf7b00, 0x00000000e8000000)
  to   space 21824K,   0% used [0x00000000e5560000, 0x00000000e5560000, 0x00000000e6ab0000)
 concurrent mark-sweep generation total 393216K, used 26231K [0x00000000e8000000, 0x0000000100000000, 0x0000000100000000)
 Metaspace       used 37240K, capacity 38358K, committed 38500K, reserved 1083392K
  class space    used 4423K, capacity 4671K, committed 4708K, reserved 1048576K
2017-11-27T02:28:56.504+0100: 20149.962: [GC (Allocation Failure) 2017-11-27T02:28:56.504+0100: 20149.962: [ParNew
Desired survivor size 20112992 bytes, new threshold 8 (max 8)
- age   1:     663488 bytes,     663488 total
- age   2:       5032 bytes,     668520 total
- age   3:       2544 bytes,     671064 total
- age   4:       1368 bytes,     672432 total
- age   5:      16736 bytes,     689168 total
- age   6:       1392 bytes,     690560 total
- age   7:       1328 bytes,     691888 total
- age   8:       1784 bytes,     693672 total
: 88734K->978K(109248K), 0.0047480 secs] 114966K->27211K(502464K), 0.0049556 secs] [Times: user=0.00 sys=0.00, real=0.01 secs] 
Heap after GC invocations=156 (full 1):
 par new generation   total 109248K, used 978K [0x00000000e0000000, 0x00000000e8000000, 0x00000000e8000000)
  eden space 87424K,   0% used [0x00000000e0000000, 0x00000000e0000000, 0x00000000e5560000)
  from space 21824K,   4% used [0x00000000e5560000, 0x00000000e56548c0, 0x00000000e6ab0000)
  to   space 21824K,   0% used [0x00000000e6ab0000, 0x00000000e6ab0000, 0x00000000e8000000)
 concurrent mark-sweep generation total 393216K, used 26233K [0x00000000e8000000, 0x0000000100000000, 0x0000000100000000)
 Metaspace       used 37240K, capacity 38358K, committed 38500K, reserved 1083392K
  class space    used 4423K, capacity 4671K, committed 4708K, reserved 1048576K
}
2017-11-27T02:28:56.509+0100: 20149.967: Total time for which application threads were stopped: 0.0053187 seconds, Stopping threads took: 0.0000547 seconds
{Heap before GC invocations=156 (full 1):
 par new generation   total 109248K, used 88402K [0x00000000e0000000, 0x00000000e8000000, 0x00000000e8000000)
  eden space 87424K, 100% used [0x00000000e0000000, 0x00000000e5560000, 0x00000000e5560000)
  from space 21824K,   4% used [0x00000000e5560000, 0x00000000e56548c0, 0x00000000e6ab0000)
  to   space 21824K,   0% used [0x00000000e6ab0000, 0x00000000e6ab0000, 0x00000000e8000000)
 concurrent mark-sweep generation total 393216K, used 26233K [0x00000000e8000000, 0x0000000100000000, 0x0000000100000000)
 Metaspace       used 37240K, capacity 38358K, committed 38500K, reserved 1083392K
  class space    used 4423K, capacity 4671K, committed 4708K, reserved 1048576K
2017-11-27T02:30:12.108+0100: 20225.566: [GC (Allocation Failure) 2017-11-27T02:30:12.108+0100: 20225.566: [ParNew
Desired survivor size 20112992 bytes, new threshold 8 (max 8)
- age   1:    1994784 bytes,    1994784 total
- age   2:       2600 bytes,    1997384 total
- age   3:       4096 bytes,    2001480 total
- age   4:       2544 bytes,    2004024 total
- age   5:       1368 bytes,    2005392 total
- age   6:      16736 bytes,    2022128 total
- age   7:       1392 bytes,    2023520 total
- age   8:       1328 bytes,    2024848 total
: 88402K->2292K(109248K), 0.0059676 secs] 114635K->28526K(502464K), 0.0065462 secs] [Times: user=0.05 sys=0.00, real=0.01 secs] 
Heap after GC invocations=157 (full 1):
 par new generation   total 109248K, used 2292K [0x00000000e0000000, 0x00000000e8000000, 0x00000000e8000000)
  eden space 87424K,   0% used [0x00000000e0000000, 0x00000000e0000000, 0x00000000e5560000)
  from space 21824K,  10% used [0x00000000e6ab0000, 0x00000000e6ced098, 0x00000000e8000000)
  to   space 21824K,   0% used [0x00000000e5560000, 0x00000000e5560000, 0x00000000e6ab0000)
 concurrent mark-sweep generation total 393216K, used 26234K [0x00000000e8000000, 0x0000000100000000, 0x0000000100000000)
 Metaspace       used 37240K, capacity 38358K, committed 38500K, reserved 1083392K
  class space    used 4423K, capacity 4671K, committed 4708K, reserved 1048576K
}
2017-11-27T02:30:12.114+0100: 20225.572: Total time for which application threads were stopped: 0.0073249 seconds, Stopping threads took: 0.0001480 seconds
{Heap before GC invocations=157 (full 1):
 par new generation   total 109248K, used 89716K [0x00000000e0000000, 0x00000000e8000000, 0x00000000e8000000)
  eden space 87424K, 100% used [0x00000000e0000000, 0x00000000e5560000, 0x00000000e5560000)
  from space 21824K,  10% used [0x00000000e6ab0000, 0x00000000e6ced098, 0x00000000e8000000)
  to   space 21824K,   0% used [0x00000000e5560000, 0x00000000e5560000, 0x00000000e6ab0000)
 concurrent mark-sweep generation total 393216K, used 26234K [0x00000000e8000000, 0x0000000100000000, 0x0000000100000000)
 Metaspace       used 37240K, capacity 38358K, committed 38500K, reserved 1083392K
  class space    used 4423K, capacity 4671K, committed 4708K, reserved 1048576K
2017-11-27T02:31:42.004+0100: 20315.462: [GC (Allocation Failure) 2017-11-27T02:31:42.004+0100: 20315.462: [ParNew
Desired survivor size 20112992 bytes, new threshold 8 (max 8)
- age   1:    1780280 bytes,    1780280 total
- age   2:       3088 bytes,    1783368 total
- age   3:       2080 bytes,    1785448 total
- age   4:       4096 bytes,    1789544 total
- age   5:       2544 bytes,    1792088 total
- age   6:       1368 bytes,    1793456 total
- age   7:      16736 bytes,    1810192 total
- age   8:       1392 bytes,    1811584 total
: 89716K->2749K(109248K), 0.0047329 secs] 115950K->28985K(502464K), 0.0049609 secs] [Times: user=0.00 sys=0.00, real=0.01 secs] 
Heap after GC invocations=158 (full 1):
 par new generation   total 109248K, used 2749K [0x00000000e0000000, 0x00000000e8000000, 0x00000000e8000000)
  eden space 87424K,   0% used [0x00000000e0000000, 0x00000000e0000000, 0x00000000e5560000)
  from space 21824K,  12% used [0x00000000e5560000, 0x00000000e580f6c0, 0x00000000e6ab0000)
  to   space 21824K,   0% used [0x00000000e6ab0000, 0x00000000e6ab0000, 0x00000000e8000000)
 concurrent mark-sweep generation total 393216K, used 26236K [0x00000000e8000000, 0x0000000100000000, 0x0000000100000000)
 Metaspace       used 37240K, capacity 38358K, committed 38500K, reserved 1083392K
  class space    used 4423K, capacity 4671K, committed 4708K, reserved 1048576K
}
2017-11-27T02:31:42.009+0100: 20315.467: Total time for which application threads were stopped: 0.0052742 seconds, Stopping threads took: 0.0000396 seconds
{Heap before GC invocations=158 (full 1):
 par new generation   total 109248K, used 90173K [0x00000000e0000000, 0x00000000e8000000, 0x00000000e8000000)
  eden space 87424K, 100% used [0x00000000e0000000, 0x00000000e5560000, 0x00000000e5560000)
  from space 21824K,  12% used [0x00000000e5560000, 0x00000000e580f6c0, 0x00000000e6ab0000)
  to   space 21824K,   0% used [0x00000000e6ab0000, 0x00000000e6ab0000, 0x00000000e8000000)
 concurrent mark-sweep generation total 393216K, used 26236K [0x00000000e8000000, 0x0000000100000000, 0x0000000100000000)
 Metaspace       used 37240K, capacity 38358K, committed 38500K, reserved 1083392K
  class space    used 4423K, capacity 4671K, committed 4708K, reserved 1048576K
2017-11-27T02:32:27.782+0100: 20361.240: [GC (Allocation Failure) 2017-11-27T02:32:27.782+0100: 20361.240: [ParNew
Desired survivor size 20112992 bytes, new threshold 8 (max 8)
- age   1:     819480 bytes,     819480 total
- age   2:      12624 bytes,     832104 total
- age   3:       2936 bytes,     835040 total
- age   4:       2048 bytes,     837088 total
- age   5:       4096 bytes,     841184 total
- age   6:       2544 bytes,     843728 total
- age   7:       1368 bytes,     845096 total
- age   8:      16736 bytes,     861832 total
: 90173K->1252K(109248K), 0.0045382 secs] 116409K->27490K(502464K), 0.0047511 secs] [Times: user=0.00 sys=0.00, real=0.00 secs] 
Heap after GC invocations=159 (full 1):
 par new generation   total 109248K, used 1252K [0x00000000e0000000, 0x00000000e8000000, 0x00000000e8000000)
  eden space 87424K,   0% used [0x00000000e0000000, 0x00000000e0000000, 0x00000000e5560000)
  from space 21824K,   5% used [0x00000000e6ab0000, 0x00000000e6be9290, 0x00000000e8000000)
  to   space 21824K,   0% used [0x00000000e5560000, 0x00000000e5560000, 0x00000000e6ab0000)
 concurrent mark-sweep generation total 393216K, used 26237K [0x00000000e8000000, 0x0000000100000000, 0x0000000100000000)
 Metaspace       used 37240K, capacity 38358K, committed 38500K, reserved 1083392K
  class space    used 4423K, capacity 4671K, committed 4708K, reserved 1048576K
}
2017-11-27T02:32:27.787+0100: 20361.244: Total time for which application threads were stopped: 0.0050818 seconds, Stopping threads took: 0.0000364 seconds
{Heap before GC invocations=159 (full 1):
 par new generation   total 109248K, used 88522K [0x00000000e0000000, 0x00000000e8000000, 0x00000000e8000000)
  eden space 87424K,  99% used [0x00000000e0000000, 0x00000000e55398d0, 0x00000000e5560000)
  from space 21824K,   5% used [0x00000000e6ab0000, 0x00000000e6be9290, 0x00000000e8000000)
  to   space 21824K,   0% used [0x00000000e5560000, 0x00000000e5560000, 0x00000000e6ab0000)
 concurrent mark-sweep generation total 393216K, used 26237K [0x00000000e8000000, 0x0000000100000000, 0x0000000100000000)
 Metaspace       used 37240K, capacity 38358K, committed 38500K, reserved 1083392K
  class space    used 4423K, capacity 4671K, committed 4708K, reserved 1048576K
2017-11-27T02:33:04.541+0100: 20397.998: [GC (Allocation Failure) 2017-11-27T02:33:04.541+0100: 20397.998: [ParNew
Desired survivor size 20112992 bytes, new threshold 8 (max 8)
- age   1:    1852584 bytes,    1852584 total
- age   2:      11784 bytes,    1864368 total
- age   3:      12584 bytes,    1876952 total
- age   4:       2936 bytes,    1879888 total
- age   5:       2048 bytes,    1881936 total
- age   6:       4096 bytes,    1886032 total
- age   7:       2544 bytes,    1888576 total
- age   8:       1368 bytes,    1889944 total
: 88522K->1966K(109248K), 0.0069973 secs] 114760K->28220K(502464K), 0.0070876 secs] [Times: user=0.00 sys=0.00, real=0.01 secs] 
Heap after GC invocations=160 (full 1):
 par new generation   total 109248K, used 1966K [0x00000000e0000000, 0x00000000e8000000, 0x00000000e8000000)
  eden space 87424K,   0% used [0x00000000e0000000, 0x00000000e0000000, 0x00000000e5560000)
  from space 21824K,   9% used [0x00000000e5560000, 0x00000000e574b9a0, 0x00000000e6ab0000)
  to   space 21824K,   0% used [0x00000000e6ab0000, 0x00000000e6ab0000, 0x00000000e8000000)
 concurrent mark-sweep generation total 393216K, used 26254K [0x00000000e8000000, 0x0000000100000000, 0x0000000100000000)
 Metaspace       used 37240K, capacity 38358K, committed 38500K, reserved 1083392K
  class space    used 4423K, capacity 4671K, committed 4708K, reserved 1048576K
}
2017-11-27T02:33:04.548+0100: 20398.006: Total time for which application threads were stopped: 0.0073920 seconds, Stopping threads took: 0.0000609 seconds
2017-11-27T02:38:58.652+0100: 20752.110: Total time for which application threads were stopped: 0.0001178 seconds, Stopping threads took: 0.0000329 seconds
2017-11-27T02:39:38.663+0100: 20792.121: Total time for which application threads were stopped: 0.0001053 seconds, Stopping threads took: 0.0000347 seconds
2017-11-27T02:39:45.665+0100: 20799.122: Total time for which application threads were stopped: 0.0000724 seconds, Stopping threads took: 0.0000191 seconds
{Heap before GC invocations=160 (full 1):
 par new generation   total 109248K, used 89385K [0x00000000e0000000, 0x00000000e8000000, 0x00000000e8000000)
  eden space 87424K,  99% used [0x00000000e0000000, 0x00000000e555ebd0, 0x00000000e5560000)
  from space 21824K,   9% used [0x00000000e5560000, 0x00000000e574b9a0, 0x00000000e6ab0000)
  to   space 21824K,   0% used [0x00000000e6ab0000, 0x00000000e6ab0000, 0x00000000e8000000)
 concurrent mark-sweep generation total 393216K, used 26254K [0x00000000e8000000, 0x0000000100000000, 0x0000000100000000)
 Metaspace       used 37242K, capacity 38358K, committed 38500K, reserved 1083392K
  class space    used 4423K, capacity 4671K, committed 4708K, reserved 1048576K
2017-11-27T02:39:45.676+0100: 20799.134: [GC (Allocation Failure) 2017-11-27T02:39:45.676+0100: 20799.134: [ParNew
Desired survivor size 20112992 bytes, new threshold 8 (max 8)
- age   1:    1458808 bytes,    1458808 total
- age   2:       2088 bytes,    1460896 total
- age   3:      10800 bytes,    1471696 total
- age   4:      12584 bytes,    1484280 total
- age   5:       2904 bytes,    1487184 total
- age   6:       2048 bytes,    1489232 total
- age   7:       4096 bytes,    1493328 total
- age   8:       2544 bytes,    1495872 total
: 89385K->2651K(109248K), 0.0068111 secs] 115639K->28907K(502464K), 0.0069902 secs] [Times: user=0.00 sys=0.00, real=0.01 secs] 
Heap after GC invocations=161 (full 1):
 par new generation   total 109248K, used 2651K [0x00000000e0000000, 0x00000000e8000000, 0x00000000e8000000)
  eden space 87424K,   0% used [0x00000000e0000000, 0x00000000e0000000, 0x00000000e5560000)
  from space 21824K,  12% used [0x00000000e6ab0000, 0x00000000e6d46f68, 0x00000000e8000000)
  to   space 21824K,   0% used [0x00000000e5560000, 0x00000000e5560000, 0x00000000e6ab0000)
 concurrent mark-sweep generation total 393216K, used 26255K [0x00000000e8000000, 0x0000000100000000, 0x0000000100000000)
 Metaspace       used 37242K, capacity 38358K, committed 38500K, reserved 1083392K
  class space    used 4423K, capacity 4671K, committed 4708K, reserved 1048576K
}
2017-11-27T02:39:45.683+0100: 20799.141: Total time for which application threads were stopped: 0.0078529 seconds, Stopping threads took: 0.0000911 seconds
{Heap before GC invocations=161 (full 1):
 par new generation   total 109248K, used 90075K [0x00000000e0000000, 0x00000000e8000000, 0x00000000e8000000)
  eden space 87424K, 100% used [0x00000000e0000000, 0x00000000e5560000, 0x00000000e5560000)
  from space 21824K,  12% used [0x00000000e6ab0000, 0x00000000e6d46f68, 0x00000000e8000000)
  to   space 21824K,   0% used [0x00000000e5560000, 0x00000000e5560000, 0x00000000e6ab0000)
 concurrent mark-sweep generation total 393216K, used 26255K [0x00000000e8000000, 0x0000000100000000, 0x0000000100000000)
 Metaspace       used 37242K, capacity 38358K, committed 38500K, reserved 1083392K
  class space    used 4423K, capacity 4671K, committed 4708K, reserved 1048576K
2017-11-27T02:39:51.088+0100: 20804.546: [GC (Allocation Failure) 2017-11-27T02:39:51.088+0100: 20804.546: [ParNew
Desired survivor size 20112992 bytes, new threshold 8 (max 8)
- age   1:    1875352 bytes,    1875352 total
- age   2:      29728 bytes,    1905080 total
- age   3:       2048 bytes,    1907128 total
- age   4:      10576 bytes,    1917704 total
- age   5:      12584 bytes,    1930288 total
- age   6:       2904 bytes,    1933192 total
- age   7:       2048 bytes,    1935240 total
- age   8:       4096 bytes,    1939336 total
: 90075K->2121K(109248K), 0.0081827 secs] 116331K->28379K(502464K), 0.0083044 secs] [Times: user=0.02 sys=0.00, real=0.01 secs] 
Heap after GC invocations=162 (full 1):
 par new generation   total 109248K, used 2121K [0x00000000e0000000, 0x00000000e8000000, 0x00000000e8000000)
  eden space 87424K,   0% used [0x00000000e0000000, 0x00000000e0000000, 0x00000000e5560000)
  from space 21824K,   9% used [0x00000000e5560000, 0x00000000e57725c0, 0x00000000e6ab0000)
  to   space 21824K,   0% used [0x00000000e6ab0000, 0x00000000e6ab0000, 0x00000000e8000000)
 concurrent mark-sweep generation total 393216K, used 26257K [0x00000000e8000000, 0x0000000100000000, 0x0000000100000000)
 Metaspace       used 37242K, capacity 38358K, committed 38500K, reserved 1083392K
  class space    used 4423K, capacity 4671K, committed 4708K, reserved 1048576K
}
2017-11-27T02:39:51.097+0100: 20804.555: Total time for which application threads were stopped: 0.0086111 seconds, Stopping threads took: 0.0000284 seconds
2017-11-27T02:40:13.660+0100: 20827.117: Total time for which application threads were stopped: 0.0005178 seconds, Stopping threads took: 0.0000360 seconds
2017-11-27T02:40:13.767+0100: 20827.225: Total time for which application threads were stopped: 0.0015698 seconds, Stopping threads took: 0.0000511 seconds
2017-11-27T02:40:13.785+0100: 20827.243: Total time for which application threads were stopped: 0.0003476 seconds, Stopping threads took: 0.0000693 seconds
2017-11-27T02:40:13.839+0100: 20827.297: Total time for which application threads were stopped: 0.0484466 seconds, Stopping threads took: 0.0483711 seconds
2017-11-27T02:40:13.840+0100: 20827.298: Total time for which application threads were stopped: 0.0001942 seconds, Stopping threads took: 0.0001298 seconds
2017-11-27T02:40:13.843+0100: 20827.301: Total time for which application threads were stopped: 0.0000520 seconds, Stopping threads took: 0.0000116 seconds
2017-11-27T02:40:13.843+0100: 20827.301: Total time for which application threads were stopped: 0.0000596 seconds, Stopping threads took: 0.0000253 seconds
2017-11-27T02:40:13.844+0100: 20827.301: Total time for which application threads were stopped: 0.0000542 seconds, Stopping threads took: 0.0000240 seconds
2017-11-27T02:40:13.847+0100: 20827.305: Total time for which application threads were stopped: 0.0004711 seconds, Stopping threads took: 0.0002071 seconds
2017-11-27T02:40:13.848+0100: 20827.306: Total time for which application threads were stopped: 0.0002280 seconds, Stopping threads took: 0.0001733 seconds
2017-11-27T02:40:13.852+0100: 20827.309: Total time for which application threads were stopped: 0.0000707 seconds, Stopping threads took: 0.0000151 seconds
2017-11-27T02:40:13.877+0100: 20827.334: Total time for which application threads were stopped: 0.0001516 seconds, Stopping threads took: 0.0000142 seconds
2017-11-27T02:40:13.877+0100: 20827.335: Total time for which application threads were stopped: 0.0000329 seconds, Stopping threads took: 0.0000080 seconds
2017-11-27T02:40:13.877+0100: 20827.335: Total time for which application threads were stopped: 0.0000622 seconds, Stopping threads took: 0.0000213 seconds
2017-11-27T02:40:13.889+0100: 20827.346: Total time for which application threads were stopped: 0.0000747 seconds, Stopping threads took: 0.0000187 seconds
2017-11-27T02:40:13.889+0100: 20827.347: Total time for which application threads were stopped: 0.0000591 seconds, Stopping threads took: 0.0000147 seconds
2017-11-27T02:40:13.890+0100: 20827.348: Total time for which application threads were stopped: 0.0000529 seconds, Stopping threads took: 0.0000249 seconds
2017-11-27T02:40:13.890+0100: 20827.348: Total time for which application threads were stopped: 0.0000813 seconds, Stopping threads took: 0.0000529 seconds
2017-11-27T02:40:13.890+0100: 20827.348: Total time for which application threads were stopped: 0.0000369 seconds, Stopping threads took: 0.0000089 seconds
2017-11-27T02:40:13.891+0100: 20827.348: Total time for which application threads were stopped: 0.0000844 seconds, Stopping threads took: 0.0000538 seconds
2017-11-27T02:40:13.891+0100: 20827.349: Total time for which application threads were stopped: 0.0000360 seconds, Stopping threads took: 0.0000084 seconds
2017-11-27T02:40:13.891+0100: 20827.349: Total time for which application threads were stopped: 0.0001316 seconds, Stopping threads took: 0.0000689 seconds
2017-11-27T02:40:13.891+0100: 20827.349: Total time for which application threads were stopped: 0.0000920 seconds, Stopping threads took: 0.0000693 seconds
2017-11-27T02:40:13.892+0100: 20827.349: Total time for which application threads were stopped: 0.0000440 seconds, Stopping threads took: 0.0000222 seconds
2017-11-27T02:40:13.933+0100: 20827.390: Total time for which application threads were stopped: 0.0002156 seconds, Stopping threads took: 0.0001489 seconds
2017-11-27T02:40:13.933+0100: 20827.391: Total time for which application threads were stopped: 0.0001738 seconds, Stopping threads took: 0.0000991 seconds
2017-11-27T02:40:13.935+0100: 20827.393: Total time for which application threads were stopped: 0.0001298 seconds, Stopping threads took: 0.0000120 seconds
2017-11-27T02:40:13.935+0100: 20827.393: Total time for which application threads were stopped: 0.0000711 seconds, Stopping threads took: 0.0000307 seconds
2017-11-27T02:40:13.936+0100: 20827.394: Total time for which application threads were stopped: 0.0000471 seconds, Stopping threads took: 0.0000102 seconds
2017-11-27T02:40:13.939+0100: 20827.397: Total time for which application threads were stopped: 0.0001356 seconds, Stopping threads took: 0.0000253 seconds
2017-11-27T02:40:13.940+0100: 20827.398: Total time for which application threads were stopped: 0.0000849 seconds, Stopping threads took: 0.0000440 seconds
2017-11-27T02:40:13.940+0100: 20827.398: Total time for which application threads were stopped: 0.0000707 seconds, Stopping threads took: 0.0000342 seconds
2017-11-27T02:40:13.940+0100: 20827.398: Total time for which application threads were stopped: 0.0001102 seconds, Stopping threads took: 0.0000578 seconds
2017-11-27T02:40:13.940+0100: 20827.398: Total time for which application threads were stopped: 0.0000782 seconds, Stopping threads took: 0.0000302 seconds
2017-11-27T02:40:13.941+0100: 20827.398: Total time for which application threads were stopped: 0.0000609 seconds, Stopping threads took: 0.0000249 seconds
2017-11-27T02:40:13.941+0100: 20827.399: Total time for which application threads were stopped: 0.0000400 seconds, Stopping threads took: 0.0000062 seconds
2017-11-27T02:40:13.941+0100: 20827.399: Total time for which application threads were stopped: 0.0000667 seconds, Stopping threads took: 0.0000080 seconds
2017-11-27T02:40:13.941+0100: 20827.399: Total time for which application threads were stopped: 0.0000502 seconds, Stopping threads took: 0.0000080 seconds
2017-11-27T02:40:13.945+0100: 20827.403: Total time for which application threads were stopped: 0.0001142 seconds, Stopping threads took: 0.0000160 seconds
2017-11-27T02:40:13.946+0100: 20827.403: Total time for which application threads were stopped: 0.0000849 seconds, Stopping threads took: 0.0000164 seconds
2017-11-27T02:40:13.985+0100: 20827.443: Total time for which application threads were stopped: 0.0001102 seconds, Stopping threads took: 0.0000298 seconds
2017-11-27T02:40:13.985+0100: 20827.443: Total time for which application threads were stopped: 0.0001378 seconds, Stopping threads took: 0.0000507 seconds
2017-11-27T02:40:13.991+0100: 20827.449: Total time for which application threads were stopped: 0.0000667 seconds, Stopping threads took: 0.0000289 seconds
2017-11-27T02:40:13.991+0100: 20827.449: Total time for which application threads were stopped: 0.0000911 seconds, Stopping threads took: 0.0000249 seconds
2017-11-27T02:40:13.992+0100: 20827.450: Total time for which application threads were stopped: 0.0000516 seconds, Stopping threads took: 0.0000258 seconds
2017-11-27T02:40:13.995+0100: 20827.453: Total time for which application threads were stopped: 0.0000462 seconds, Stopping threads took: 0.0000244 seconds
2017-11-27T02:40:13.995+0100: 20827.453: Total time for which application threads were stopped: 0.0000440 seconds, Stopping threads took: 0.0000240 seconds
2017-11-27T02:40:13.996+0100: 20827.454: Total time for which application threads were stopped: 0.0000498 seconds, Stopping threads took: 0.0000244 seconds
2017-11-27T02:40:13.996+0100: 20827.454: Total time for which application threads were stopped: 0.0000493 seconds, Stopping threads took: 0.0000244 seconds
2017-11-27T02:40:13.998+0100: 20827.455: Total time for which application threads were stopped: 0.0000600 seconds, Stopping threads took: 0.0000129 seconds
2017-11-27T02:40:13.999+0100: 20827.457: Total time for which application threads were stopped: 0.0000622 seconds, Stopping threads took: 0.0000276 seconds
2017-11-27T02:40:14.000+0100: 20827.458: Total time for which application threads were stopped: 0.0001240 seconds, Stopping threads took: 0.0000093 seconds
2017-11-27T02:40:14.002+0100: 20827.460: Total time for which application threads were stopped: 0.0000733 seconds, Stopping threads took: 0.0000267 seconds
2017-11-27T02:40:14.033+0100: 20827.491: Total time for which application threads were stopped: 0.0000524 seconds, Stopping threads took: 0.0000129 seconds
2017-11-27T02:40:14.033+0100: 20827.491: Total time for which application threads were stopped: 0.0000476 seconds, Stopping threads took: 0.0000253 seconds
2017-11-27T02:40:14.033+0100: 20827.491: Total time for which application threads were stopped: 0.0000440 seconds, Stopping threads took: 0.0000249 seconds
2017-11-27T02:40:14.034+0100: 20827.492: Total time for which application threads were stopped: 0.0000440 seconds, Stopping threads took: 0.0000253 seconds
2017-11-27T02:40:14.034+0100: 20827.492: Total time for which application threads were stopped: 0.0000276 seconds, Stopping threads took: 0.0000089 seconds
Heap
 par new generation   total 109248K, used 62257K [0x00000000e0000000, 0x00000000e8000000, 0x00000000e8000000)
  eden space 87424K,  68% used [0x00000000e0000000, 0x00000000e3ab9f90, 0x00000000e5560000)
  from space 21824K,   9% used [0x00000000e5560000, 0x00000000e57725c0, 0x00000000e6ab0000)
  to   space 21824K,   0% used [0x00000000e6ab0000, 0x00000000e6ab0000, 0x00000000e8000000)
 concurrent mark-sweep generation total 393216K, used 26257K [0x00000000e8000000, 0x0000000100000000, 0x0000000100000000)
 Metaspace       used 37321K, capacity 38402K, committed 38500K, reserved 1083392K
  class space    used 4436K, capacity 4707K, committed 4708K, reserved 1048576K
