Java HotSpot(TM) 64-Bit Server VM (25.151-b12) for windows-amd64 JRE (1.8.0_151-b12), built on Sep  5 2017 19:33:46 by "java_re" with MS VC++ 10.0 (VS2010)
Memory: 4k page, physical 8212384k(2050592k free), swap 15725532k(3163500k free)
CommandLine flags: -XX:CMSInitiatingOccupancyFraction=50 -XX:CMSMaxAbortablePrecleanTime=6000 -XX:+CMSParallelRemarkEnabled -XX:+CMSScavengeBeforeRemark -XX:ConcGCThreads=4 -XX:GCLogFileSize=20971520 -XX:InitialHeapSize=536870912 -XX:MaxHeapSize=536870912 -XX:MaxTenuringThreshold=8 -XX:NewRatio=3 -XX:NumberOfGCLogFiles=9 -XX:OldPLABSize=16 -XX:-OmitStackTraceInFastThrow -XX:ParallelGCThreads=4 -XX:+ParallelRefProcEnabled -XX:PretenureSizeThreshold=67108864 -XX:+PrintGC -XX:+PrintGCApplicationStoppedTime -XX:+PrintGCDateStamps -XX:+PrintGCDetails -XX:+PrintGCTimeStamps -XX:+PrintHeapAtGC -XX:+PrintTenuringDistribution -XX:SurvivorRatio=4 -XX:TargetSurvivorRatio=90 -XX:ThreadStackSize=256 -XX:+UseCMSInitiatingOccupancyOnly -XX:+UseCompressedClassPointers -XX:+UseCompressedOops -XX:+UseConcMarkSweepGC -XX:+UseGCLogFileRotation -XX:-UseLargePagesIndividualAllocation -XX:+UseParNewGC 
2017-11-22T22:53:39.511+0100: 0.346: Total time for which application threads were stopped: 0.0001609 seconds, Stopping threads took: 0.0000240 seconds
2017-11-22T22:53:39.765+0100: 0.599: Total time for which application threads were stopped: 0.0002391 seconds, Stopping threads took: 0.0000467 seconds
2017-11-22T22:53:40.765+0100: 1.600: Total time for which application threads were stopped: 0.0003569 seconds, Stopping threads took: 0.0002076 seconds
2017-11-22T22:53:40.953+0100: 1.788: Total time for which application threads were stopped: 0.0002396 seconds, Stopping threads took: 0.0000280 seconds
2017-11-22T22:53:41.276+0100: 2.111: Total time for which application threads were stopped: 0.0003213 seconds, Stopping threads took: 0.0000351 seconds
2017-11-22T22:53:42.276+0100: 3.111: Total time for which application threads were stopped: 0.0001524 seconds, Stopping threads took: 0.0000364 seconds
2017-11-22T22:53:42.604+0100: 3.439: Total time for which application threads were stopped: 0.0003107 seconds, Stopping threads took: 0.0000271 seconds
2017-11-22T22:53:42.649+0100: 3.484: Total time for which application threads were stopped: 0.0003573 seconds, Stopping threads took: 0.0000418 seconds
2017-11-22T22:53:42.884+0100: 3.719: Total time for which application threads were stopped: 0.0003444 seconds, Stopping threads took: 0.0000280 seconds
2017-11-22T22:53:43.140+0100: 3.974: Total time for which application threads were stopped: 0.0004018 seconds, Stopping threads took: 0.0000253 seconds
2017-11-22T22:53:43.142+0100: 3.977: Total time for which application threads were stopped: 0.0003124 seconds, Stopping threads took: 0.0000293 seconds
2017-11-22T22:53:43.147+0100: 3.981: Total time for which application threads were stopped: 0.0002596 seconds, Stopping threads took: 0.0000227 seconds
2017-11-22T22:53:43.356+0100: 4.191: Total time for which application threads were stopped: 0.0003249 seconds, Stopping threads took: 0.0000333 seconds
2017-11-22T22:53:43.364+0100: 4.199: Total time for which application threads were stopped: 0.0004387 seconds, Stopping threads took: 0.0000342 seconds
{Heap before GC invocations=0 (full 0):
 par new generation   total 109248K, used 87424K [0x00000000e0000000, 0x00000000e8000000, 0x00000000e8000000)
  eden space 87424K, 100% used [0x00000000e0000000, 0x00000000e5560000, 0x00000000e5560000)
  from space 21824K,   0% used [0x00000000e5560000, 0x00000000e5560000, 0x00000000e6ab0000)
  to   space 21824K,   0% used [0x00000000e6ab0000, 0x00000000e6ab0000, 0x00000000e8000000)
 concurrent mark-sweep generation total 393216K, used 0K [0x00000000e8000000, 0x0000000100000000, 0x0000000100000000)
 Metaspace       used 17768K, capacity 18138K, committed 18432K, reserved 1064960K
  class space    used 2115K, capacity 2259K, committed 2304K, reserved 1048576K
2017-11-22T22:53:43.452+0100: 4.287: [GC (Allocation Failure) 2017-11-22T22:53:43.453+0100: 4.288: [ParNew
Desired survivor size 20112992 bytes, new threshold 8 (max 8)
- age   1:   10578864 bytes,   10578864 total
: 87424K->10440K(109248K), 0.0167644 secs] 87424K->10440K(502464K), 0.0172720 secs] [Times: user=0.00 sys=0.00, real=0.02 secs] 
Heap after GC invocations=1 (full 0):
 par new generation   total 109248K, used 10440K [0x00000000e0000000, 0x00000000e8000000, 0x00000000e8000000)
  eden space 87424K,   0% used [0x00000000e0000000, 0x00000000e0000000, 0x00000000e5560000)
  from space 21824K,  47% used [0x00000000e6ab0000, 0x00000000e74e2248, 0x00000000e8000000)
  to   space 21824K,   0% used [0x00000000e5560000, 0x00000000e5560000, 0x00000000e6ab0000)
 concurrent mark-sweep generation total 393216K, used 0K [0x00000000e8000000, 0x0000000100000000, 0x0000000100000000)
 Metaspace       used 17768K, capacity 18138K, committed 18432K, reserved 1064960K
  class space    used 2115K, capacity 2259K, committed 2304K, reserved 1048576K
}
2017-11-22T22:53:43.470+0100: 4.305: Total time for which application threads were stopped: 0.0179547 seconds, Stopping threads took: 0.0003391 seconds
2017-11-22T22:53:43.473+0100: 4.308: Total time for which application threads were stopped: 0.0002458 seconds, Stopping threads took: 0.0000827 seconds
2017-11-22T22:53:43.474+0100: 4.309: Total time for which application threads were stopped: 0.0002533 seconds, Stopping threads took: 0.0001213 seconds
2017-11-22T22:53:43.806+0100: 4.641: Total time for which application threads were stopped: 0.0004733 seconds, Stopping threads took: 0.0000511 seconds
2017-11-22T22:53:44.077+0100: 4.912: Total time for which application threads were stopped: 0.0002476 seconds, Stopping threads took: 0.0000840 seconds
2017-11-22T22:53:45.077+0100: 5.912: Total time for which application threads were stopped: 0.0001089 seconds, Stopping threads took: 0.0000378 seconds
2017-11-22T22:53:46.400+0100: 7.235: Total time for which application threads were stopped: 0.0001649 seconds, Stopping threads took: 0.0000298 seconds
2017-11-22T22:53:46.437+0100: 7.272: Total time for which application threads were stopped: 0.0001120 seconds, Stopping threads took: 0.0000276 seconds
2017-11-22T22:53:46.447+0100: 7.281: Total time for which application threads were stopped: 0.0000844 seconds, Stopping threads took: 0.0000338 seconds
2017-11-22T22:53:46.447+0100: 7.282: Total time for which application threads were stopped: 0.0000778 seconds, Stopping threads took: 0.0000316 seconds
2017-11-22T22:53:47.470+0100: 8.305: [GC (CMS Initial Mark) [1 CMS-initial-mark: 0K(393216K)] 46739K(502464K), 0.0095053 secs] [Times: user=0.00 sys=0.00, real=0.01 secs] 
2017-11-22T22:53:47.479+0100: 8.314: Total time for which application threads were stopped: 0.0097373 seconds, Stopping threads took: 0.0000418 seconds
2017-11-22T22:53:47.480+0100: 8.315: [CMS-concurrent-mark-start]
2017-11-22T22:53:47.480+0100: 8.315: [CMS-concurrent-mark: 0.000/0.000 secs] [Times: user=0.00 sys=0.00, real=0.00 secs] 
2017-11-22T22:53:47.480+0100: 8.315: [CMS-concurrent-preclean-start]
2017-11-22T22:53:47.482+0100: 8.317: [CMS-concurrent-preclean: 0.002/0.002 secs] [Times: user=0.02 sys=0.00, real=0.00 secs] 
2017-11-22T22:53:47.482+0100: 8.317: [CMS-concurrent-abortable-preclean-start]
2017-11-22T22:53:48.428+0100: 9.263: Total time for which application threads were stopped: 0.0000982 seconds, Stopping threads took: 0.0000311 seconds
2017-11-22T22:53:48.429+0100: 9.264: Total time for which application threads were stopped: 0.0000747 seconds, Stopping threads took: 0.0000218 seconds
2017-11-22T22:53:48.432+0100: 9.267: Total time for which application threads were stopped: 0.0001533 seconds, Stopping threads took: 0.0000311 seconds
2017-11-22T22:53:48.432+0100: 9.267: Total time for which application threads were stopped: 0.0000924 seconds, Stopping threads took: 0.0000187 seconds
2017-11-22T22:53:48.433+0100: 9.268: Total time for which application threads were stopped: 0.0003822 seconds, Stopping threads took: 0.0002840 seconds
2017-11-22T22:53:48.433+0100: 9.268: Total time for which application threads were stopped: 0.0001107 seconds, Stopping threads took: 0.0000391 seconds
2017-11-22T22:53:48.438+0100: 9.273: Total time for which application threads were stopped: 0.0000884 seconds, Stopping threads took: 0.0000262 seconds
2017-11-22T22:53:48.443+0100: 9.277: Total time for which application threads were stopped: 0.0000853 seconds, Stopping threads took: 0.0000276 seconds
2017-11-22T22:53:48.443+0100: 9.278: Total time for which application threads were stopped: 0.0000724 seconds, Stopping threads took: 0.0000222 seconds
2017-11-22T22:53:48.443+0100: 9.278: Total time for which application threads were stopped: 0.0000738 seconds, Stopping threads took: 0.0000213 seconds
2017-11-22T22:53:48.443+0100: 9.278: Total time for which application threads were stopped: 0.0000720 seconds, Stopping threads took: 0.0000218 seconds
2017-11-22T22:53:48.443+0100: 9.278: Total time for which application threads were stopped: 0.0000711 seconds, Stopping threads took: 0.0000213 seconds
2017-11-22T22:53:48.444+0100: 9.279: Total time for which application threads were stopped: 0.0000724 seconds, Stopping threads took: 0.0000213 seconds
2017-11-22T22:53:48.472+0100: 9.307: Total time for which application threads were stopped: 0.0006880 seconds, Stopping threads took: 0.0000293 seconds
2017-11-22T22:53:48.482+0100: 9.317: Total time for which application threads were stopped: 0.0001160 seconds, Stopping threads took: 0.0000347 seconds
2017-11-22T22:53:48.518+0100: 9.353: Total time for which application threads were stopped: 0.0000929 seconds, Stopping threads took: 0.0000280 seconds
2017-11-22T22:53:48.519+0100: 9.354: Total time for which application threads were stopped: 0.0001036 seconds, Stopping threads took: 0.0000276 seconds
2017-11-22T22:53:48.520+0100: 9.354: Total time for which application threads were stopped: 0.0000627 seconds, Stopping threads took: 0.0000227 seconds
2017-11-22T22:53:48.520+0100: 9.355: Total time for which application threads were stopped: 0.0001524 seconds, Stopping threads took: 0.0000956 seconds
2017-11-22T22:53:48.528+0100: 9.363: Total time for which application threads were stopped: 0.0001209 seconds, Stopping threads took: 0.0000347 seconds
2017-11-22T22:53:48.541+0100: 9.376: Total time for which application threads were stopped: 0.0001022 seconds, Stopping threads took: 0.0000320 seconds
2017-11-22T22:53:48.543+0100: 9.378: Total time for which application threads were stopped: 0.0000933 seconds, Stopping threads took: 0.0000253 seconds
2017-11-22T22:53:48.544+0100: 9.379: Total time for which application threads were stopped: 0.0000778 seconds, Stopping threads took: 0.0000253 seconds
2017-11-22T22:53:48.545+0100: 9.380: Total time for which application threads were stopped: 0.0000724 seconds, Stopping threads took: 0.0000222 seconds
2017-11-22T22:53:48.557+0100: 9.391: Total time for which application threads were stopped: 0.0002760 seconds, Stopping threads took: 0.0002084 seconds
2017-11-22T22:53:48.566+0100: 9.401: Total time for which application threads were stopped: 0.0000880 seconds, Stopping threads took: 0.0000276 seconds
2017-11-22T22:53:48.571+0100: 9.406: Total time for which application threads were stopped: 0.0000862 seconds, Stopping threads took: 0.0000267 seconds
2017-11-22T22:53:48.575+0100: 9.410: Total time for which application threads were stopped: 0.0000844 seconds, Stopping threads took: 0.0000236 seconds
2017-11-22T22:53:48.578+0100: 9.413: Total time for which application threads were stopped: 0.0000738 seconds, Stopping threads took: 0.0000218 seconds
2017-11-22T22:53:48.592+0100: 9.427: Total time for which application threads were stopped: 0.0001107 seconds, Stopping threads took: 0.0000364 seconds
2017-11-22T22:53:48.595+0100: 9.430: Total time for which application threads were stopped: 0.0001196 seconds, Stopping threads took: 0.0000520 seconds
2017-11-22T22:53:48.595+0100: 9.430: Total time for which application threads were stopped: 0.0001756 seconds, Stopping threads took: 0.0001027 seconds
2017-11-22T22:53:48.595+0100: 9.430: Total time for which application threads were stopped: 0.0000831 seconds, Stopping threads took: 0.0000271 seconds
2017-11-22T22:53:48.595+0100: 9.430: Total time for which application threads were stopped: 0.0000862 seconds, Stopping threads took: 0.0000289 seconds
2017-11-22T22:53:48.596+0100: 9.431: Total time for which application threads were stopped: 0.0004133 seconds, Stopping threads took: 0.0000244 seconds
2017-11-22T22:53:48.601+0100: 9.436: Total time for which application threads were stopped: 0.0001031 seconds, Stopping threads took: 0.0000382 seconds
2017-11-22T22:53:48.602+0100: 9.437: Total time for which application threads were stopped: 0.0001787 seconds, Stopping threads took: 0.0001098 seconds
2017-11-22T22:53:48.602+0100: 9.437: Total time for which application threads were stopped: 0.0002009 seconds, Stopping threads took: 0.0001382 seconds
2017-11-22T22:53:48.602+0100: 9.437: Total time for which application threads were stopped: 0.0002764 seconds, Stopping threads took: 0.0002151 seconds
2017-11-22T22:53:48.604+0100: 9.438: Total time for which application threads were stopped: 0.0000782 seconds, Stopping threads took: 0.0000333 seconds
2017-11-22T22:53:48.604+0100: 9.439: Total time for which application threads were stopped: 0.0001449 seconds, Stopping threads took: 0.0000871 seconds
2017-11-22T22:53:48.604+0100: 9.439: Total time for which application threads were stopped: 0.0001707 seconds, Stopping threads took: 0.0001151 seconds
2017-11-22T22:53:48.604+0100: 9.439: Total time for which application threads were stopped: 0.0001773 seconds, Stopping threads took: 0.0001222 seconds
2017-11-22T22:53:48.604+0100: 9.439: Total time for which application threads were stopped: 0.0001769 seconds, Stopping threads took: 0.0001218 seconds
2017-11-22T22:53:48.605+0100: 9.440: Total time for which application threads were stopped: 0.0001027 seconds, Stopping threads took: 0.0000422 seconds
2017-11-22T22:53:48.606+0100: 9.440: Total time for which application threads were stopped: 0.0000716 seconds, Stopping threads took: 0.0000258 seconds
2017-11-22T22:53:48.606+0100: 9.440: Total time for which application threads were stopped: 0.0000978 seconds, Stopping threads took: 0.0000524 seconds
2017-11-22T22:53:48.606+0100: 9.441: Total time for which application threads were stopped: 0.0000849 seconds, Stopping threads took: 0.0000289 seconds
2017-11-22T22:53:48.607+0100: 9.441: Total time for which application threads were stopped: 0.0000733 seconds, Stopping threads took: 0.0000271 seconds
2017-11-22T22:53:48.607+0100: 9.442: Total time for which application threads were stopped: 0.0000631 seconds, Stopping threads took: 0.0000213 seconds
2017-11-22T22:53:48.607+0100: 9.442: Total time for which application threads were stopped: 0.0000618 seconds, Stopping threads took: 0.0000249 seconds
2017-11-22T22:53:48.607+0100: 9.442: Total time for which application threads were stopped: 0.0000569 seconds, Stopping threads took: 0.0000200 seconds
2017-11-22T22:53:48.607+0100: 9.442: Total time for which application threads were stopped: 0.0000573 seconds, Stopping threads took: 0.0000200 seconds
2017-11-22T22:53:48.607+0100: 9.442: Total time for which application threads were stopped: 0.0000573 seconds, Stopping threads took: 0.0000204 seconds
2017-11-22T22:53:48.607+0100: 9.442: Total time for which application threads were stopped: 0.0000587 seconds, Stopping threads took: 0.0000209 seconds
2017-11-22T22:53:48.607+0100: 9.442: Total time for which application threads were stopped: 0.0000564 seconds, Stopping threads took: 0.0000200 seconds
2017-11-22T22:53:48.608+0100: 9.443: Total time for which application threads were stopped: 0.0004102 seconds, Stopping threads took: 0.0000204 seconds
2017-11-22T22:53:48.820+0100: 9.655: Total time for which application threads were stopped: 0.0001093 seconds, Stopping threads took: 0.0000302 seconds
2017-11-22T22:53:48.821+0100: 9.656: Total time for which application threads were stopped: 0.0001213 seconds, Stopping threads took: 0.0000373 seconds
2017-11-22T22:53:48.883+0100: 9.718: Total time for which application threads were stopped: 0.0001111 seconds, Stopping threads took: 0.0000320 seconds
2017-11-22T22:53:48.885+0100: 9.720: Total time for which application threads were stopped: 0.0001373 seconds, Stopping threads took: 0.0000364 seconds
 CMS: abort preclean due to time 2017-11-22T22:53:53.589+0100: 14.424: [CMS-concurrent-abortable-preclean: 2.873/6.107 secs] [Times: user=3.13 sys=0.22, real=6.11 secs] 
2017-11-22T22:53:53.589+0100: 14.424: [GC (CMS Final Remark) [YG occupancy: 57230 K (109248 K)]{Heap before GC invocations=1 (full 1):
 par new generation   total 109248K, used 57230K [0x00000000e0000000, 0x00000000e8000000, 0x00000000e8000000)
  eden space 87424K,  53% used [0x00000000e0000000, 0x00000000e2db1740, 0x00000000e5560000)
  from space 21824K,  47% used [0x00000000e6ab0000, 0x00000000e74e2248, 0x00000000e8000000)
  to   space 21824K,   0% used [0x00000000e5560000, 0x00000000e5560000, 0x00000000e6ab0000)
 concurrent mark-sweep generation total 393216K, used 0K [0x00000000e8000000, 0x0000000100000000, 0x0000000100000000)
 Metaspace       used 22183K, capacity 22720K, committed 22880K, reserved 1069056K
  class space    used 2741K, capacity 2916K, committed 2944K, reserved 1048576K
2017-11-22T22:53:53.589+0100: 14.424: [GC (CMS Final Remark) 2017-11-22T22:53:53.589+0100: 14.424: [ParNew
Desired survivor size 20112992 bytes, new threshold 8 (max 8)
- age   1:    5401176 bytes,    5401176 total
- age   2:    5005304 bytes,   10406480 total
: 57230K->13140K(109248K), 0.0157755 secs] 57230K->13140K(502464K), 0.0158773 secs] [Times: user=0.00 sys=0.02, real=0.02 secs] 
Heap after GC invocations=2 (full 1):
 par new generation   total 109248K, used 13140K [0x00000000e0000000, 0x00000000e8000000, 0x00000000e8000000)
  eden space 87424K,   0% used [0x00000000e0000000, 0x00000000e0000000, 0x00000000e5560000)
  from space 21824K,  60% used [0x00000000e5560000, 0x00000000e6235300, 0x00000000e6ab0000)
  to   space 21824K,   0% used [0x00000000e6ab0000, 0x00000000e6ab0000, 0x00000000e8000000)
 concurrent mark-sweep generation total 393216K, used 0K [0x00000000e8000000, 0x0000000100000000, 0x0000000100000000)
 Metaspace       used 22183K, capacity 22720K, committed 22880K, reserved 1069056K
  class space    used 2741K, capacity 2916K, committed 2944K, reserved 1048576K
}
2017-11-22T22:53:53.605+0100: 14.440: [Rescan (parallel) , 0.0044142 secs]2017-11-22T22:53:53.610+0100: 14.445: [weak refs processing, 0.0024987 secs]2017-11-22T22:53:53.612+0100: 14.447: [class unloading, 0.0060756 secs]2017-11-22T22:53:53.618+0100: 14.453: [scrub symbol table, 0.0044062 secs]2017-11-22T22:53:53.623+0100: 14.458: [scrub string table, 0.0006258 secs][1 CMS-remark: 0K(393216K)] 13140K(502464K), 0.0359862 secs] [Times: user=0.03 sys=0.02, real=0.04 secs] 
2017-11-22T22:53:53.625+0100: 14.460: Total time for which application threads were stopped: 0.0361680 seconds, Stopping threads took: 0.0000320 seconds
2017-11-22T22:53:53.626+0100: 14.460: [CMS-concurrent-sweep-start]
2017-11-22T22:53:53.626+0100: 14.460: [CMS-concurrent-sweep: 0.000/0.000 secs] [Times: user=0.00 sys=0.00, real=0.00 secs] 
2017-11-22T22:53:53.626+0100: 14.461: [CMS-concurrent-reset-start]
2017-11-22T22:53:53.629+0100: 14.464: Total time for which application threads were stopped: 0.0000898 seconds, Stopping threads took: 0.0000258 seconds
2017-11-22T22:53:53.630+0100: 14.465: [CMS-concurrent-reset: 0.004/0.004 secs] [Times: user=0.00 sys=0.00, real=0.00 secs] 
2017-11-22T22:54:21.438+0100: 42.273: Total time for which application threads were stopped: 0.0001551 seconds, Stopping threads took: 0.0000511 seconds
2017-11-22T22:54:21.438+0100: 42.273: Total time for which application threads were stopped: 0.0000876 seconds, Stopping threads took: 0.0000253 seconds
2017-11-22T22:54:21.438+0100: 42.273: Total time for which application threads were stopped: 0.0000969 seconds, Stopping threads took: 0.0000240 seconds
2017-11-22T22:54:21.438+0100: 42.273: Total time for which application threads were stopped: 0.0001009 seconds, Stopping threads took: 0.0000333 seconds
2017-11-22T22:54:21.438+0100: 42.274: Total time for which application threads were stopped: 0.0000667 seconds, Stopping threads took: 0.0000196 seconds
2017-11-22T22:54:21.438+0100: 42.274: Total time for which application threads were stopped: 0.0000716 seconds, Stopping threads took: 0.0000200 seconds
2017-11-22T22:54:21.439+0100: 42.274: Total time for which application threads were stopped: 0.0000898 seconds, Stopping threads took: 0.0000267 seconds
2017-11-22T22:54:21.443+0100: 42.278: Total time for which application threads were stopped: 0.0001116 seconds, Stopping threads took: 0.0000356 seconds
2017-11-22T22:54:21.444+0100: 42.279: Total time for which application threads were stopped: 0.0001076 seconds, Stopping threads took: 0.0000338 seconds
2017-11-22T22:54:21.444+0100: 42.279: Total time for which application threads were stopped: 0.0001284 seconds, Stopping threads took: 0.0000560 seconds
2017-11-22T22:54:21.444+0100: 42.279: Total time for which application threads were stopped: 0.0001702 seconds, Stopping threads took: 0.0000818 seconds
2017-11-22T22:54:21.446+0100: 42.280: Total time for which application threads were stopped: 0.0000733 seconds, Stopping threads took: 0.0000236 seconds
2017-11-22T22:54:21.446+0100: 42.281: Total time for which application threads were stopped: 0.0000729 seconds, Stopping threads took: 0.0000249 seconds
2017-11-22T22:54:21.446+0100: 42.281: Total time for which application threads were stopped: 0.0000711 seconds, Stopping threads took: 0.0000222 seconds
2017-11-22T22:54:21.446+0100: 42.281: Total time for which application threads were stopped: 0.0000711 seconds, Stopping threads took: 0.0000227 seconds
2017-11-22T22:54:21.446+0100: 42.281: Total time for which application threads were stopped: 0.0000711 seconds, Stopping threads took: 0.0000222 seconds
2017-11-22T22:54:21.447+0100: 42.282: Total time for which application threads were stopped: 0.0001524 seconds, Stopping threads took: 0.0000942 seconds
2017-11-22T22:54:21.448+0100: 42.283: Total time for which application threads were stopped: 0.0002733 seconds, Stopping threads took: 0.0000276 seconds
2017-11-22T22:54:21.449+0100: 42.283: Total time for which application threads were stopped: 0.0001707 seconds, Stopping threads took: 0.0001040 seconds
2017-11-22T22:54:21.650+0100: 42.485: Total time for which application threads were stopped: 0.0001178 seconds, Stopping threads took: 0.0000298 seconds
2017-11-22T22:54:21.650+0100: 42.485: Total time for which application threads were stopped: 0.0000867 seconds, Stopping threads took: 0.0000227 seconds
2017-11-22T22:54:21.650+0100: 42.485: Total time for which application threads were stopped: 0.0000867 seconds, Stopping threads took: 0.0000222 seconds
2017-11-22T22:54:21.650+0100: 42.486: Total time for which application threads were stopped: 0.0000858 seconds, Stopping threads took: 0.0000222 seconds
2017-11-22T22:54:21.651+0100: 42.486: Total time for which application threads were stopped: 0.0000862 seconds, Stopping threads took: 0.0000227 seconds
2017-11-22T22:54:21.651+0100: 42.486: Total time for which application threads were stopped: 0.0000871 seconds, Stopping threads took: 0.0000227 seconds
2017-11-22T22:54:21.651+0100: 42.486: Total time for which application threads were stopped: 0.0000853 seconds, Stopping threads took: 0.0000218 seconds
2017-11-22T22:54:21.651+0100: 42.487: Total time for which application threads were stopped: 0.0000867 seconds, Stopping threads took: 0.0000222 seconds
2017-11-22T22:54:21.652+0100: 42.488: Total time for which application threads were stopped: 0.0000858 seconds, Stopping threads took: 0.0000253 seconds
2017-11-22T22:54:21.692+0100: 42.526: Total time for which application threads were stopped: 0.0001111 seconds, Stopping threads took: 0.0000333 seconds
2017-11-22T22:54:21.692+0100: 42.527: Total time for which application threads were stopped: 0.0000871 seconds, Stopping threads took: 0.0000271 seconds
2017-11-22T22:54:21.696+0100: 42.531: Total time for which application threads were stopped: 0.0004182 seconds, Stopping threads took: 0.0003218 seconds
2017-11-22T22:54:21.697+0100: 42.531: Total time for which application threads were stopped: 0.0000889 seconds, Stopping threads took: 0.0000302 seconds
2017-11-22T22:54:21.697+0100: 42.532: Total time for which application threads were stopped: 0.0000867 seconds, Stopping threads took: 0.0000289 seconds
2017-11-22T22:54:21.697+0100: 42.532: Total time for which application threads were stopped: 0.0000836 seconds, Stopping threads took: 0.0000258 seconds
2017-11-22T22:54:21.698+0100: 42.533: Total time for which application threads were stopped: 0.0002609 seconds, Stopping threads took: 0.0001964 seconds
2017-11-22T22:54:21.698+0100: 42.533: Total time for which application threads were stopped: 0.0001880 seconds, Stopping threads took: 0.0001218 seconds
2017-11-22T22:54:21.699+0100: 42.534: Total time for which application threads were stopped: 0.0002613 seconds, Stopping threads took: 0.0001964 seconds
2017-11-22T22:54:21.918+0100: 42.753: Total time for which application threads were stopped: 0.0001507 seconds, Stopping threads took: 0.0000689 seconds
2017-11-22T22:54:21.919+0100: 42.754: Total time for which application threads were stopped: 0.0001164 seconds, Stopping threads took: 0.0000453 seconds
2017-11-22T22:54:21.926+0100: 42.761: Total time for which application threads were stopped: 0.0001022 seconds, Stopping threads took: 0.0000289 seconds
2017-11-22T22:54:21.926+0100: 42.761: Total time for which application threads were stopped: 0.0000996 seconds, Stopping threads took: 0.0000329 seconds
2017-11-22T22:54:21.934+0100: 42.769: Total time for which application threads were stopped: 0.0001311 seconds, Stopping threads took: 0.0000413 seconds
2017-11-22T22:54:21.934+0100: 42.769: Total time for which application threads were stopped: 0.0000929 seconds, Stopping threads took: 0.0000284 seconds
2017-11-22T22:54:22.462+0100: 43.297: Total time for which application threads were stopped: 0.0000982 seconds, Stopping threads took: 0.0000302 seconds
2017-11-22T22:54:22.462+0100: 43.297: Total time for which application threads were stopped: 0.0001231 seconds, Stopping threads took: 0.0000604 seconds
2017-11-22T22:54:22.471+0100: 43.307: Total time for which application threads were stopped: 0.0001187 seconds, Stopping threads took: 0.0000329 seconds
2017-11-22T22:54:22.493+0100: 43.328: Total time for which application threads were stopped: 0.0004738 seconds, Stopping threads took: 0.0000373 seconds
2017-11-22T22:54:22.781+0100: 43.616: Total time for which application threads were stopped: 0.0002369 seconds, Stopping threads took: 0.0000511 seconds
2017-11-22T22:54:22.860+0100: 43.696: Total time for which application threads were stopped: 0.0001293 seconds, Stopping threads took: 0.0000387 seconds
2017-11-22T22:54:22.868+0100: 43.703: Total time for which application threads were stopped: 0.0001267 seconds, Stopping threads took: 0.0000364 seconds
2017-11-22T22:54:22.870+0100: 43.704: Total time for which application threads were stopped: 0.0001080 seconds, Stopping threads took: 0.0000324 seconds
2017-11-22T22:54:22.877+0100: 43.712: Total time for which application threads were stopped: 0.0001133 seconds, Stopping threads took: 0.0000320 seconds
2017-11-22T22:54:22.878+0100: 43.713: Total time for which application threads were stopped: 0.0000689 seconds, Stopping threads took: 0.0000182 seconds
2017-11-22T22:54:22.901+0100: 43.735: Total time for which application threads were stopped: 0.0001160 seconds, Stopping threads took: 0.0000307 seconds
2017-11-22T22:54:22.918+0100: 43.753: Total time for which application threads were stopped: 0.0001253 seconds, Stopping threads took: 0.0000356 seconds
2017-11-22T22:54:23.197+0100: 44.032: Total time for which application threads were stopped: 0.0005031 seconds, Stopping threads took: 0.0000320 seconds
2017-11-22T22:54:23.251+0100: 44.085: Total time for which application threads were stopped: 0.0005733 seconds, Stopping threads took: 0.0000480 seconds
2017-11-22T22:54:23.455+0100: 44.289: Total time for which application threads were stopped: 0.0006222 seconds, Stopping threads took: 0.0000391 seconds
2017-11-22T22:54:23.459+0100: 44.294: Total time for which application threads were stopped: 0.0001262 seconds, Stopping threads took: 0.0000373 seconds
2017-11-22T22:54:23.460+0100: 44.294: Total time for which application threads were stopped: 0.0001498 seconds, Stopping threads took: 0.0000702 seconds
2017-11-22T22:54:23.460+0100: 44.295: Total time for which application threads were stopped: 0.0001453 seconds, Stopping threads took: 0.0000773 seconds
2017-11-22T22:54:23.460+0100: 44.295: Total time for which application threads were stopped: 0.0002844 seconds, Stopping threads took: 0.0000342 seconds
{Heap before GC invocations=2 (full 1):
 par new generation   total 109248K, used 100564K [0x00000000e0000000, 0x00000000e8000000, 0x00000000e8000000)
  eden space 87424K, 100% used [0x00000000e0000000, 0x00000000e5560000, 0x00000000e5560000)
  from space 21824K,  60% used [0x00000000e5560000, 0x00000000e6235300, 0x00000000e6ab0000)
  to   space 21824K,   0% used [0x00000000e6ab0000, 0x00000000e6ab0000, 0x00000000e8000000)
 concurrent mark-sweep generation total 393216K, used 0K [0x00000000e8000000, 0x0000000100000000, 0x0000000100000000)
 Metaspace       used 25028K, capacity 25632K, committed 25824K, reserved 1071104K
  class space    used 3099K, capacity 3290K, committed 3328K, reserved 1048576K
2017-11-22T22:54:23.555+0100: 44.390: [GC (Allocation Failure) 2017-11-22T22:54:23.555+0100: 44.390: [ParNew
Desired survivor size 20112992 bytes, new threshold 8 (max 8)
- age   1:    4405168 bytes,    4405168 total
- age   2:    2441416 bytes,    6846584 total
- age   3:    4979912 bytes,   11826496 total
: 100564K->13633K(109248K), 0.0154867 secs] 100564K->13633K(502464K), 0.0156782 secs] [Times: user=0.06 sys=0.00, real=0.02 secs] 
Heap after GC invocations=3 (full 1):
 par new generation   total 109248K, used 13633K [0x00000000e0000000, 0x00000000e8000000, 0x00000000e8000000)
  eden space 87424K,   0% used [0x00000000e0000000, 0x00000000e0000000, 0x00000000e5560000)
  from space 21824K,  62% used [0x00000000e6ab0000, 0x00000000e7800660, 0x00000000e8000000)
  to   space 21824K,   0% used [0x00000000e5560000, 0x00000000e5560000, 0x00000000e6ab0000)
 concurrent mark-sweep generation total 393216K, used 0K [0x00000000e8000000, 0x0000000100000000, 0x0000000100000000)
 Metaspace       used 25028K, capacity 25632K, committed 25824K, reserved 1071104K
  class space    used 3099K, capacity 3290K, committed 3328K, reserved 1048576K
}
2017-11-22T22:54:23.571+0100: 44.406: Total time for which application threads were stopped: 0.0160800 seconds, Stopping threads took: 0.0000511 seconds
2017-11-22T22:54:23.572+0100: 44.407: Total time for which application threads were stopped: 0.0001178 seconds, Stopping threads took: 0.0000467 seconds
2017-11-22T22:54:23.572+0100: 44.407: Total time for which application threads were stopped: 0.0000604 seconds, Stopping threads took: 0.0000196 seconds
2017-11-22T22:54:23.572+0100: 44.407: Total time for which application threads were stopped: 0.0000787 seconds, Stopping threads took: 0.0000347 seconds
2017-11-22T22:54:23.573+0100: 44.408: Total time for which application threads were stopped: 0.0001698 seconds, Stopping threads took: 0.0001009 seconds
2017-11-22T22:54:23.573+0100: 44.408: Total time for which application threads were stopped: 0.0000862 seconds, Stopping threads took: 0.0000400 seconds
2017-11-22T22:54:23.573+0100: 44.408: Total time for which application threads were stopped: 0.0000564 seconds, Stopping threads took: 0.0000191 seconds
2017-11-22T22:54:23.573+0100: 44.408: Total time for which application threads were stopped: 0.0000542 seconds, Stopping threads took: 0.0000178 seconds
2017-11-22T22:54:23.573+0100: 44.408: Total time for which application threads were stopped: 0.0001053 seconds, Stopping threads took: 0.0000471 seconds
2017-11-22T22:54:23.573+0100: 44.408: Total time for which application threads were stopped: 0.0000902 seconds, Stopping threads took: 0.0000396 seconds
2017-11-22T22:54:23.573+0100: 44.408: Total time for which application threads were stopped: 0.0000711 seconds, Stopping threads took: 0.0000227 seconds
2017-11-22T22:54:23.573+0100: 44.409: Total time for which application threads were stopped: 0.0001271 seconds, Stopping threads took: 0.0000778 seconds
2017-11-22T22:54:23.574+0100: 44.409: Total time for which application threads were stopped: 0.0000849 seconds, Stopping threads took: 0.0000360 seconds
2017-11-22T22:54:23.574+0100: 44.409: Total time for which application threads were stopped: 0.0006231 seconds, Stopping threads took: 0.0005698 seconds
2017-11-22T22:54:23.574+0100: 44.409: Total time for which application threads were stopped: 0.0001147 seconds, Stopping threads took: 0.0000653 seconds
2017-11-22T22:54:23.574+0100: 44.410: Total time for which application threads were stopped: 0.0000929 seconds, Stopping threads took: 0.0000378 seconds
2017-11-22T22:54:23.575+0100: 44.410: Total time for which application threads were stopped: 0.0000716 seconds, Stopping threads took: 0.0000249 seconds
2017-11-22T22:54:23.575+0100: 44.410: Total time for which application threads were stopped: 0.0000671 seconds, Stopping threads took: 0.0000222 seconds
2017-11-22T22:54:23.576+0100: 44.411: Total time for which application threads were stopped: 0.0008164 seconds, Stopping threads took: 0.0005716 seconds
2017-11-22T22:54:23.577+0100: 44.412: Total time for which application threads were stopped: 0.0001884 seconds, Stopping threads took: 0.0000542 seconds
2017-11-22T22:54:23.711+0100: 44.546: Total time for which application threads were stopped: 0.0002276 seconds, Stopping threads took: 0.0000404 seconds
2017-11-22T22:54:23.714+0100: 44.549: Total time for which application threads were stopped: 0.0001920 seconds, Stopping threads took: 0.0000360 seconds
2017-11-22T22:54:23.721+0100: 44.556: Total time for which application threads were stopped: 0.0002827 seconds, Stopping threads took: 0.0000533 seconds
2017-11-22T22:54:23.721+0100: 44.556: Total time for which application threads were stopped: 0.0000973 seconds, Stopping threads took: 0.0000324 seconds
2017-11-22T22:54:23.721+0100: 44.556: Total time for which application threads were stopped: 0.0000764 seconds, Stopping threads took: 0.0000204 seconds
2017-11-22T22:54:23.721+0100: 44.556: Total time for which application threads were stopped: 0.0000960 seconds, Stopping threads took: 0.0000307 seconds
2017-11-22T22:54:23.722+0100: 44.557: Total time for which application threads were stopped: 0.0000831 seconds, Stopping threads took: 0.0000267 seconds
2017-11-22T22:54:23.722+0100: 44.557: Total time for which application threads were stopped: 0.0000653 seconds, Stopping threads took: 0.0000200 seconds
2017-11-22T22:54:23.722+0100: 44.557: Total time for which application threads were stopped: 0.0000804 seconds, Stopping threads took: 0.0000253 seconds
2017-11-22T22:54:23.722+0100: 44.557: Total time for which application threads were stopped: 0.0000653 seconds, Stopping threads took: 0.0000204 seconds
2017-11-22T22:54:23.835+0100: 44.670: Total time for which application threads were stopped: 0.0002653 seconds, Stopping threads took: 0.0001231 seconds
{Heap before GC invocations=3 (full 1):
 par new generation   total 109248K, used 101057K [0x00000000e0000000, 0x00000000e8000000, 0x00000000e8000000)
  eden space 87424K, 100% used [0x00000000e0000000, 0x00000000e5560000, 0x00000000e5560000)
  from space 21824K,  62% used [0x00000000e6ab0000, 0x00000000e7800660, 0x00000000e8000000)
  to   space 21824K,   0% used [0x00000000e5560000, 0x00000000e5560000, 0x00000000e6ab0000)
 concurrent mark-sweep generation total 393216K, used 0K [0x00000000e8000000, 0x0000000100000000, 0x0000000100000000)
 Metaspace       used 25899K, capacity 26468K, committed 26720K, reserved 1073152K
  class space    used 3213K, capacity 3392K, committed 3456K, reserved 1048576K
2017-11-22T22:54:23.945+0100: 44.780: [GC (Allocation Failure) 2017-11-22T22:54:23.945+0100: 44.781: [ParNew
Desired survivor size 20112992 bytes, new threshold 8 (max 8)
- age   1:    1131800 bytes,    1131800 total
- age   2:    1869688 bytes,    3001488 total
- age   3:    2294480 bytes,    5295968 total
- age   4:    4978656 bytes,   10274624 total
: 101057K->15037K(109248K), 0.0148787 secs] 101057K->15037K(502464K), 0.0150231 secs] [Times: user=0.06 sys=0.00, real=0.02 secs] 
Heap after GC invocations=4 (full 1):
 par new generation   total 109248K, used 15037K [0x00000000e0000000, 0x00000000e8000000, 0x00000000e8000000)
  eden space 87424K,   0% used [0x00000000e0000000, 0x00000000e0000000, 0x00000000e5560000)
  from space 21824K,  68% used [0x00000000e5560000, 0x00000000e640f6f0, 0x00000000e6ab0000)
  to   space 21824K,   0% used [0x00000000e6ab0000, 0x00000000e6ab0000, 0x00000000e8000000)
 concurrent mark-sweep generation total 393216K, used 0K [0x00000000e8000000, 0x0000000100000000, 0x0000000100000000)
 Metaspace       used 25899K, capacity 26468K, committed 26720K, reserved 1073152K
  class space    used 3213K, capacity 3392K, committed 3456K, reserved 1048576K
}
2017-11-22T22:54:23.960+0100: 44.796: Total time for which application threads were stopped: 0.0153978 seconds, Stopping threads took: 0.0000329 seconds
2017-11-22T22:54:23.961+0100: 44.796: Total time for which application threads were stopped: 0.0003098 seconds, Stopping threads took: 0.0000916 seconds
2017-11-22T22:54:24.265+0100: 45.100: Total time for which application threads were stopped: 0.0005769 seconds, Stopping threads took: 0.0000351 seconds
2017-11-22T22:54:24.605+0100: 45.440: Total time for which application threads were stopped: 0.0002222 seconds, Stopping threads took: 0.0000436 seconds
2017-11-22T22:54:24.652+0100: 45.487: Total time for which application threads were stopped: 0.0005551 seconds, Stopping threads took: 0.0000387 seconds
2017-11-22T22:54:24.953+0100: 45.788: Total time for which application threads were stopped: 0.0001889 seconds, Stopping threads took: 0.0000373 seconds
2017-11-22T22:54:24.960+0100: 45.795: Total time for which application threads were stopped: 0.0001067 seconds, Stopping threads took: 0.0000280 seconds
2017-11-22T22:54:25.228+0100: 46.063: Total time for which application threads were stopped: 0.0001769 seconds, Stopping threads took: 0.0000373 seconds
{Heap before GC invocations=4 (full 1):
 par new generation   total 109248K, used 102461K [0x00000000e0000000, 0x00000000e8000000, 0x00000000e8000000)
  eden space 87424K, 100% used [0x00000000e0000000, 0x00000000e5560000, 0x00000000e5560000)
  from space 21824K,  68% used [0x00000000e5560000, 0x00000000e640f6f0, 0x00000000e6ab0000)
  to   space 21824K,   0% used [0x00000000e6ab0000, 0x00000000e6ab0000, 0x00000000e8000000)
 concurrent mark-sweep generation total 393216K, used 0K [0x00000000e8000000, 0x0000000100000000, 0x0000000100000000)
 Metaspace       used 30161K, capacity 30862K, committed 31200K, reserved 1077248K
  class space    used 3757K, capacity 3973K, committed 4096K, reserved 1048576K
2017-11-22T22:54:25.267+0100: 46.102: [GC (Allocation Failure) 2017-11-22T22:54:25.267+0100: 46.102: [ParNew
Desired survivor size 20112992 bytes, new threshold 8 (max 8)
- age   1:    5043840 bytes,    5043840 total
- age   2:     337080 bytes,    5380920 total
- age   3:    1188040 bytes,    6568960 total
- age   4:    2284624 bytes,    8853584 total
- age   5:    4975880 bytes,   13829464 total
: 102461K->15671K(109248K), 0.0211315 secs] 102461K->15671K(502464K), 0.0212858 secs] [Times: user=0.06 sys=0.00, real=0.02 secs] 
Heap after GC invocations=5 (full 1):
 par new generation   total 109248K, used 15671K [0x00000000e0000000, 0x00000000e8000000, 0x00000000e8000000)
  eden space 87424K,   0% used [0x00000000e0000000, 0x00000000e0000000, 0x00000000e5560000)
  from space 21824K,  71% used [0x00000000e6ab0000, 0x00000000e79fdf30, 0x00000000e8000000)
  to   space 21824K,   0% used [0x00000000e5560000, 0x00000000e5560000, 0x00000000e6ab0000)
 concurrent mark-sweep generation total 393216K, used 0K [0x00000000e8000000, 0x0000000100000000, 0x0000000100000000)
 Metaspace       used 30161K, capacity 30862K, committed 31200K, reserved 1077248K
  class space    used 3757K, capacity 3973K, committed 4096K, reserved 1048576K
}
2017-11-22T22:54:25.288+0100: 46.123: Total time for which application threads were stopped: 0.0216675 seconds, Stopping threads took: 0.0000489 seconds
2017-11-22T22:54:25.407+0100: 46.242: Total time for which application threads were stopped: 0.0001253 seconds, Stopping threads took: 0.0000409 seconds
2017-11-22T22:54:25.663+0100: 46.498: Total time for which application threads were stopped: 0.0001480 seconds, Stopping threads took: 0.0000427 seconds
2017-11-22T22:54:25.675+0100: 46.510: Total time for which application threads were stopped: 0.0001098 seconds, Stopping threads took: 0.0000391 seconds
2017-11-22T22:54:25.732+0100: 46.566: Total time for which application threads were stopped: 0.0001231 seconds, Stopping threads took: 0.0000458 seconds
2017-11-22T22:54:25.825+0100: 46.660: Total time for which application threads were stopped: 0.0005360 seconds, Stopping threads took: 0.0003049 seconds
2017-11-22T22:54:25.932+0100: 46.767: Total time for which application threads were stopped: 0.0005880 seconds, Stopping threads took: 0.0000436 seconds
2017-11-22T22:54:26.139+0100: 46.974: Total time for which application threads were stopped: 0.0001862 seconds, Stopping threads took: 0.0000613 seconds
2017-11-22T22:54:26.140+0100: 46.975: Total time for which application threads were stopped: 0.0006453 seconds, Stopping threads took: 0.0004973 seconds
2017-11-22T22:54:26.141+0100: 46.976: Total time for which application threads were stopped: 0.0001693 seconds, Stopping threads took: 0.0000480 seconds
2017-11-22T22:54:26.141+0100: 46.976: Total time for which application threads were stopped: 0.0001702 seconds, Stopping threads took: 0.0000467 seconds
2017-11-22T22:54:26.141+0100: 46.976: Total time for which application threads were stopped: 0.0001462 seconds, Stopping threads took: 0.0000382 seconds
2017-11-22T22:54:26.142+0100: 46.976: Total time for which application threads were stopped: 0.0001253 seconds, Stopping threads took: 0.0000333 seconds
2017-11-22T22:54:26.142+0100: 46.977: Total time for which application threads were stopped: 0.0001569 seconds, Stopping threads took: 0.0000520 seconds
2017-11-22T22:54:26.142+0100: 46.977: Total time for which application threads were stopped: 0.0001427 seconds, Stopping threads took: 0.0000453 seconds
2017-11-22T22:54:26.142+0100: 46.977: Total time for which application threads were stopped: 0.0001413 seconds, Stopping threads took: 0.0000320 seconds
2017-11-22T22:54:26.142+0100: 46.977: Total time for which application threads were stopped: 0.0001191 seconds, Stopping threads took: 0.0000324 seconds
2017-11-22T22:54:26.142+0100: 46.977: Total time for which application threads were stopped: 0.0001036 seconds, Stopping threads took: 0.0000191 seconds
2017-11-22T22:54:26.143+0100: 46.977: Total time for which application threads were stopped: 0.0001009 seconds, Stopping threads took: 0.0000178 seconds
2017-11-22T22:54:26.143+0100: 46.978: Total time for which application threads were stopped: 0.0001062 seconds, Stopping threads took: 0.0000218 seconds
2017-11-22T22:54:26.143+0100: 46.978: Total time for which application threads were stopped: 0.0001053 seconds, Stopping threads took: 0.0000227 seconds
2017-11-22T22:54:26.143+0100: 46.978: Total time for which application threads were stopped: 0.0003147 seconds, Stopping threads took: 0.0002191 seconds
2017-11-22T22:54:26.143+0100: 46.978: Total time for which application threads were stopped: 0.0001840 seconds, Stopping threads took: 0.0000436 seconds
2017-11-22T22:54:26.144+0100: 46.979: Total time for which application threads were stopped: 0.0007240 seconds, Stopping threads took: 0.0006160 seconds
2017-11-22T22:54:26.144+0100: 46.979: Total time for which application threads were stopped: 0.0001382 seconds, Stopping threads took: 0.0000431 seconds
2017-11-22T22:54:26.145+0100: 46.979: Total time for which application threads were stopped: 0.0001044 seconds, Stopping threads took: 0.0000293 seconds
2017-11-22T22:54:26.145+0100: 46.980: Total time for which application threads were stopped: 0.0002218 seconds, Stopping threads took: 0.0000342 seconds
2017-11-22T22:54:26.146+0100: 46.981: Total time for which application threads were stopped: 0.0001431 seconds, Stopping threads took: 0.0000298 seconds
2017-11-22T22:54:26.156+0100: 46.991: Total time for which application threads were stopped: 0.0001991 seconds, Stopping threads took: 0.0000787 seconds
2017-11-22T22:54:26.163+0100: 46.998: Total time for which application threads were stopped: 0.0001244 seconds, Stopping threads took: 0.0000431 seconds
2017-11-22T22:54:26.174+0100: 47.009: Total time for which application threads were stopped: 0.0001444 seconds, Stopping threads took: 0.0000431 seconds
2017-11-22T22:54:27.174+0100: 48.009: Total time for which application threads were stopped: 0.0001453 seconds, Stopping threads took: 0.0000391 seconds
2017-11-22T22:54:34.176+0100: 55.011: Total time for which application threads were stopped: 0.0003391 seconds, Stopping threads took: 0.0000427 seconds
2017-11-22T22:57:30.860+0100: 231.695: Total time for which application threads were stopped: 0.0001751 seconds, Stopping threads took: 0.0000604 seconds
2017-11-22T22:57:30.861+0100: 231.696: Total time for which application threads were stopped: 0.0001013 seconds, Stopping threads took: 0.0000307 seconds
2017-11-22T22:57:30.865+0100: 231.700: Total time for which application threads were stopped: 0.0001373 seconds, Stopping threads took: 0.0000356 seconds
2017-11-22T22:57:30.867+0100: 231.702: Total time for which application threads were stopped: 0.0001418 seconds, Stopping threads took: 0.0000338 seconds
2017-11-22T22:57:30.868+0100: 231.703: Total time for which application threads were stopped: 0.0001533 seconds, Stopping threads took: 0.0000462 seconds
2017-11-22T22:57:30.868+0100: 231.703: Total time for which application threads were stopped: 0.0001098 seconds, Stopping threads took: 0.0000533 seconds
2017-11-22T22:57:30.868+0100: 231.703: Total time for which application threads were stopped: 0.0000916 seconds, Stopping threads took: 0.0000244 seconds
2017-11-22T22:57:30.868+0100: 231.703: Total time for which application threads were stopped: 0.0000862 seconds, Stopping threads took: 0.0000347 seconds
2017-11-22T22:57:30.868+0100: 231.703: Total time for which application threads were stopped: 0.0001129 seconds, Stopping threads took: 0.0000431 seconds
2017-11-22T22:57:30.868+0100: 231.704: Total time for which application threads were stopped: 0.0000747 seconds, Stopping threads took: 0.0000222 seconds
2017-11-22T22:57:30.869+0100: 231.704: Total time for which application threads were stopped: 0.0000982 seconds, Stopping threads took: 0.0000280 seconds
2017-11-22T22:57:30.869+0100: 231.704: Total time for which application threads were stopped: 0.0000947 seconds, Stopping threads took: 0.0000276 seconds
2017-11-22T22:57:30.869+0100: 231.704: Total time for which application threads were stopped: 0.0001089 seconds, Stopping threads took: 0.0000213 seconds
2017-11-22T22:57:30.869+0100: 231.704: Total time for which application threads were stopped: 0.0001231 seconds, Stopping threads took: 0.0000431 seconds
2017-11-22T22:57:30.869+0100: 231.705: Total time for which application threads were stopped: 0.0001156 seconds, Stopping threads took: 0.0000573 seconds
2017-11-22T22:57:30.870+0100: 231.705: Total time for which application threads were stopped: 0.0000764 seconds, Stopping threads took: 0.0000289 seconds
2017-11-22T22:57:30.870+0100: 231.705: Total time for which application threads were stopped: 0.0002182 seconds, Stopping threads took: 0.0001342 seconds
2017-11-22T22:57:30.870+0100: 231.705: Total time for which application threads were stopped: 0.0001947 seconds, Stopping threads took: 0.0001178 seconds
2017-11-22T22:57:30.870+0100: 231.706: Total time for which application threads were stopped: 0.0001320 seconds, Stopping threads took: 0.0000618 seconds
2017-11-22T22:57:30.871+0100: 231.706: Total time for which application threads were stopped: 0.0001680 seconds, Stopping threads took: 0.0000938 seconds
2017-11-22T22:57:30.871+0100: 231.706: Total time for which application threads were stopped: 0.0001013 seconds, Stopping threads took: 0.0000391 seconds
2017-11-22T22:57:30.871+0100: 231.706: Total time for which application threads were stopped: 0.0000858 seconds, Stopping threads took: 0.0000347 seconds
2017-11-22T22:57:30.871+0100: 231.706: Total time for which application threads were stopped: 0.0000902 seconds, Stopping threads took: 0.0000413 seconds
2017-11-22T22:57:30.872+0100: 231.707: Total time for which application threads were stopped: 0.0002391 seconds, Stopping threads took: 0.0000404 seconds
2017-11-22T22:57:30.872+0100: 231.707: Total time for which application threads were stopped: 0.0000982 seconds, Stopping threads took: 0.0000236 seconds
2017-11-22T22:57:30.874+0100: 231.709: Total time for which application threads were stopped: 0.0001040 seconds, Stopping threads took: 0.0000244 seconds
2017-11-22T22:57:30.874+0100: 231.710: Total time for which application threads were stopped: 0.0000840 seconds, Stopping threads took: 0.0000213 seconds
2017-11-22T22:57:30.876+0100: 231.711: Total time for which application threads were stopped: 0.0001360 seconds, Stopping threads took: 0.0000427 seconds
2017-11-22T22:57:30.878+0100: 231.713: Total time for which application threads were stopped: 0.0001062 seconds, Stopping threads took: 0.0000284 seconds
2017-11-22T22:57:30.879+0100: 231.714: Total time for which application threads were stopped: 0.0000822 seconds, Stopping threads took: 0.0000213 seconds
2017-11-22T22:57:30.879+0100: 231.714: Total time for which application threads were stopped: 0.0001000 seconds, Stopping threads took: 0.0000444 seconds
2017-11-22T22:57:30.880+0100: 231.715: Total time for which application threads were stopped: 0.0001347 seconds, Stopping threads took: 0.0000409 seconds
2017-11-22T22:57:30.889+0100: 231.724: Total time for which application threads were stopped: 0.0003156 seconds, Stopping threads took: 0.0002240 seconds
2017-11-22T22:57:30.889+0100: 231.725: Total time for which application threads were stopped: 0.0001018 seconds, Stopping threads took: 0.0000320 seconds
2017-11-22T22:57:30.890+0100: 231.725: Total time for which application threads were stopped: 0.0001444 seconds, Stopping threads took: 0.0000680 seconds
2017-11-22T22:57:30.907+0100: 231.742: Total time for which application threads were stopped: 0.0001173 seconds, Stopping threads took: 0.0000369 seconds
2017-11-22T22:57:30.907+0100: 231.742: Total time for which application threads were stopped: 0.0001009 seconds, Stopping threads took: 0.0000324 seconds
2017-11-22T22:57:30.935+0100: 231.770: Total time for which application threads were stopped: 0.0001831 seconds, Stopping threads took: 0.0000960 seconds
2017-11-22T22:57:30.935+0100: 231.770: Total time for which application threads were stopped: 0.0001307 seconds, Stopping threads took: 0.0000773 seconds
2017-11-22T22:57:30.943+0100: 231.777: Total time for which application threads were stopped: 0.0007493 seconds, Stopping threads took: 0.0000600 seconds
2017-11-22T22:57:31.071+0100: 231.906: Total time for which application threads were stopped: 0.0001916 seconds, Stopping threads took: 0.0000387 seconds
2017-11-22T22:57:31.071+0100: 231.906: Total time for which application threads were stopped: 0.0001027 seconds, Stopping threads took: 0.0000329 seconds
2017-11-22T22:57:31.071+0100: 231.907: Total time for which application threads were stopped: 0.0001053 seconds, Stopping threads took: 0.0000409 seconds
2017-11-22T22:57:31.088+0100: 231.922: Total time for which application threads were stopped: 0.0001973 seconds, Stopping threads took: 0.0000951 seconds
2017-11-22T22:57:31.088+0100: 231.923: Total time for which application threads were stopped: 0.0001276 seconds, Stopping threads took: 0.0000502 seconds
2017-11-22T22:57:31.095+0100: 231.929: Total time for which application threads were stopped: 0.0001311 seconds, Stopping threads took: 0.0000467 seconds
2017-11-22T22:57:31.097+0100: 231.932: Total time for which application threads were stopped: 0.0001173 seconds, Stopping threads took: 0.0000333 seconds
2017-11-22T22:57:31.097+0100: 231.932: Total time for which application threads were stopped: 0.0001067 seconds, Stopping threads took: 0.0000324 seconds
2017-11-22T22:57:31.097+0100: 231.932: Total time for which application threads were stopped: 0.0000982 seconds, Stopping threads took: 0.0000276 seconds
2017-11-22T22:57:31.106+0100: 231.941: Total time for which application threads were stopped: 0.0001320 seconds, Stopping threads took: 0.0000396 seconds
2017-11-22T22:57:31.106+0100: 231.941: Total time for which application threads were stopped: 0.0001084 seconds, Stopping threads took: 0.0000311 seconds
2017-11-22T22:57:31.107+0100: 231.942: Total time for which application threads were stopped: 0.0001227 seconds, Stopping threads took: 0.0000293 seconds
2017-11-22T22:57:31.110+0100: 231.945: Total time for which application threads were stopped: 0.0001173 seconds, Stopping threads took: 0.0000351 seconds
2017-11-22T22:57:31.110+0100: 231.945: Total time for which application threads were stopped: 0.0001098 seconds, Stopping threads took: 0.0000342 seconds
2017-11-22T22:57:31.111+0100: 231.945: Total time for which application threads were stopped: 0.0001271 seconds, Stopping threads took: 0.0000467 seconds
2017-11-22T22:57:31.113+0100: 231.948: Total time for which application threads were stopped: 0.0001182 seconds, Stopping threads took: 0.0000422 seconds
2017-11-22T22:57:31.113+0100: 231.948: Total time for which application threads were stopped: 0.0000964 seconds, Stopping threads took: 0.0000342 seconds
2017-11-22T22:57:31.114+0100: 231.949: Total time for which application threads were stopped: 0.0001124 seconds, Stopping threads took: 0.0000404 seconds
2017-11-22T22:57:31.202+0100: 232.037: Total time for which application threads were stopped: 0.0001351 seconds, Stopping threads took: 0.0000320 seconds
2017-11-22T22:57:31.203+0100: 232.038: Total time for which application threads were stopped: 0.0000698 seconds, Stopping threads took: 0.0000178 seconds
2017-11-22T22:57:31.203+0100: 232.038: Total time for which application threads were stopped: 0.0000649 seconds, Stopping threads took: 0.0000164 seconds
2017-11-22T22:57:31.204+0100: 232.039: Total time for which application threads were stopped: 0.0005191 seconds, Stopping threads took: 0.0000182 seconds
2017-11-22T22:57:31.206+0100: 232.041: Total time for which application threads were stopped: 0.0001160 seconds, Stopping threads took: 0.0000329 seconds
2017-11-22T22:57:31.206+0100: 232.041: Total time for which application threads were stopped: 0.0000978 seconds, Stopping threads took: 0.0000258 seconds
2017-11-22T22:57:31.206+0100: 232.042: Total time for which application threads were stopped: 0.0000924 seconds, Stopping threads took: 0.0000240 seconds
2017-11-22T22:57:31.212+0100: 232.048: Total time for which application threads were stopped: 0.0001173 seconds, Stopping threads took: 0.0000316 seconds
2017-11-22T22:57:31.213+0100: 232.048: Total time for which application threads were stopped: 0.0000756 seconds, Stopping threads took: 0.0000196 seconds
2017-11-22T22:57:31.213+0100: 232.048: Total time for which application threads were stopped: 0.0001067 seconds, Stopping threads took: 0.0000293 seconds
2017-11-22T22:57:31.262+0100: 232.097: Total time for which application threads were stopped: 0.0001218 seconds, Stopping threads took: 0.0000316 seconds
2017-11-22T22:57:31.262+0100: 232.098: Total time for which application threads were stopped: 0.0001227 seconds, Stopping threads took: 0.0000173 seconds
2017-11-22T22:57:31.263+0100: 232.098: Total time for which application threads were stopped: 0.0000760 seconds, Stopping threads took: 0.0000173 seconds
2017-11-22T22:57:31.269+0100: 232.104: Total time for which application threads were stopped: 0.0001169 seconds, Stopping threads took: 0.0000284 seconds
2017-11-22T22:57:31.269+0100: 232.104: Total time for which application threads were stopped: 0.0000960 seconds, Stopping threads took: 0.0000253 seconds
2017-11-22T22:57:31.269+0100: 232.104: Total time for which application threads were stopped: 0.0000880 seconds, Stopping threads took: 0.0000311 seconds
2017-11-22T22:57:31.275+0100: 232.110: Total time for which application threads were stopped: 0.0001058 seconds, Stopping threads took: 0.0000258 seconds
2017-11-22T22:57:31.276+0100: 232.110: Total time for which application threads were stopped: 0.0001142 seconds, Stopping threads took: 0.0000356 seconds
2017-11-22T22:57:31.276+0100: 232.111: Total time for which application threads were stopped: 0.0000707 seconds, Stopping threads took: 0.0000160 seconds
2017-11-22T22:57:31.304+0100: 232.139: Total time for which application threads were stopped: 0.0001289 seconds, Stopping threads took: 0.0000382 seconds
2017-11-22T22:57:31.304+0100: 232.139: Total time for which application threads were stopped: 0.0001071 seconds, Stopping threads took: 0.0000351 seconds
2017-11-22T22:57:31.304+0100: 232.139: Total time for which application threads were stopped: 0.0000760 seconds, Stopping threads took: 0.0000191 seconds
2017-11-22T22:57:31.344+0100: 232.179: Total time for which application threads were stopped: 0.0001560 seconds, Stopping threads took: 0.0000316 seconds
2017-11-22T22:57:31.344+0100: 232.179: Total time for which application threads were stopped: 0.0000738 seconds, Stopping threads took: 0.0000169 seconds
2017-11-22T22:57:31.345+0100: 232.180: Total time for which application threads were stopped: 0.0000822 seconds, Stopping threads took: 0.0000249 seconds
2017-11-22T22:57:31.347+0100: 232.182: Total time for which application threads were stopped: 0.0002698 seconds, Stopping threads took: 0.0000351 seconds
2017-11-22T22:57:31.348+0100: 232.183: Total time for which application threads were stopped: 0.0001027 seconds, Stopping threads took: 0.0000329 seconds
2017-11-22T22:57:31.348+0100: 232.183: Total time for which application threads were stopped: 0.0000951 seconds, Stopping threads took: 0.0000276 seconds
2017-11-22T22:57:31.363+0100: 232.198: Total time for which application threads were stopped: 0.0001027 seconds, Stopping threads took: 0.0000311 seconds
2017-11-22T22:57:31.363+0100: 232.198: Total time for which application threads were stopped: 0.0000662 seconds, Stopping threads took: 0.0000173 seconds
2017-11-22T22:57:31.363+0100: 232.198: Total time for which application threads were stopped: 0.0000600 seconds, Stopping threads took: 0.0000151 seconds
2017-11-22T22:57:31.364+0100: 232.199: Total time for which application threads were stopped: 0.0000587 seconds, Stopping threads took: 0.0000156 seconds
2017-11-22T22:57:31.364+0100: 232.199: Total time for which application threads were stopped: 0.0000578 seconds, Stopping threads took: 0.0000151 seconds
2017-11-22T22:57:31.365+0100: 232.200: Total time for which application threads were stopped: 0.0001191 seconds, Stopping threads took: 0.0000280 seconds
2017-11-22T22:57:31.399+0100: 232.234: Total time for which application threads were stopped: 0.0002258 seconds, Stopping threads took: 0.0000978 seconds
2017-11-22T22:57:31.399+0100: 232.235: Total time for which application threads were stopped: 0.0001422 seconds, Stopping threads took: 0.0000258 seconds
2017-11-22T22:57:31.458+0100: 232.293: Total time for which application threads were stopped: 0.0001653 seconds, Stopping threads took: 0.0000529 seconds
{Heap before GC invocations=5 (full 1):
 par new generation   total 109248K, used 103095K [0x00000000e0000000, 0x00000000e8000000, 0x00000000e8000000)
  eden space 87424K, 100% used [0x00000000e0000000, 0x00000000e5560000, 0x00000000e5560000)
  from space 21824K,  71% used [0x00000000e6ab0000, 0x00000000e79fdf30, 0x00000000e8000000)
  to   space 21824K,   0% used [0x00000000e5560000, 0x00000000e5560000, 0x00000000e6ab0000)
 concurrent mark-sweep generation total 393216K, used 0K [0x00000000e8000000, 0x0000000100000000, 0x0000000100000000)
 Metaspace       used 34101K, capacity 34966K, committed 35296K, reserved 1079296K
  class space    used 4252K, capacity 4513K, committed 4608K, reserved 1048576K
2017-11-22T22:57:31.461+0100: 232.296: [GC (Allocation Failure) 2017-11-22T22:57:31.461+0100: 232.296: [ParNew
Desired survivor size 20112992 bytes, new threshold 8 (max 8)
- age   1:    8940472 bytes,    8940472 total
- age   2:    1459656 bytes,   10400128 total
- age   3:     334056 bytes,   10734184 total
- age   4:    1106136 bytes,   11840320 total
- age   5:    2261352 bytes,   14101672 total
- age   6:    4925184 bytes,   19026856 total
: 103095K->21824K(109248K), 0.0276560 secs] 103095K->21824K(502464K), 0.0277804 secs] [Times: user=0.08 sys=0.02, real=0.03 secs] 
Heap after GC invocations=6 (full 1):
 par new generation   total 109248K, used 21824K [0x00000000e0000000, 0x00000000e8000000, 0x00000000e8000000)
  eden space 87424K,   0% used [0x00000000e0000000, 0x00000000e0000000, 0x00000000e5560000)
  from space 21824K, 100% used [0x00000000e5560000, 0x00000000e6ab0000, 0x00000000e6ab0000)
  to   space 21824K,   0% used [0x00000000e6ab0000, 0x00000000e6ab0000, 0x00000000e8000000)
 concurrent mark-sweep generation total 393216K, used 0K [0x00000000e8000000, 0x0000000100000000, 0x0000000100000000)
 Metaspace       used 34101K, capacity 34966K, committed 35296K, reserved 1079296K
  class space    used 4252K, capacity 4513K, committed 4608K, reserved 1048576K
}
2017-11-22T22:57:31.489+0100: 232.324: Total time for which application threads were stopped: 0.0281862 seconds, Stopping threads took: 0.0000338 seconds
2017-11-22T22:57:31.491+0100: 232.325: Total time for which application threads were stopped: 0.0001284 seconds, Stopping threads took: 0.0000498 seconds
2017-11-22T22:57:31.533+0100: 232.368: Total time for which application threads were stopped: 0.0001578 seconds, Stopping threads took: 0.0000342 seconds
2017-11-22T22:57:31.533+0100: 232.368: Total time for which application threads were stopped: 0.0000973 seconds, Stopping threads took: 0.0000240 seconds
2017-11-22T22:57:31.583+0100: 232.418: Total time for which application threads were stopped: 0.0001249 seconds, Stopping threads took: 0.0000364 seconds
2017-11-22T22:57:31.592+0100: 232.427: Total time for which application threads were stopped: 0.0001240 seconds, Stopping threads took: 0.0000360 seconds
2017-11-22T22:57:31.593+0100: 232.428: Total time for which application threads were stopped: 0.0001102 seconds, Stopping threads took: 0.0000347 seconds
2017-11-22T22:57:31.604+0100: 232.439: Total time for which application threads were stopped: 0.0001058 seconds, Stopping threads took: 0.0000293 seconds
2017-11-22T22:57:31.605+0100: 232.440: Total time for which application threads were stopped: 0.0003120 seconds, Stopping threads took: 0.0001133 seconds
2017-11-22T22:57:31.613+0100: 232.448: Total time for which application threads were stopped: 0.0005493 seconds, Stopping threads took: 0.0000298 seconds
2017-11-22T22:57:31.712+0100: 232.547: Total time for which application threads were stopped: 0.0002560 seconds, Stopping threads took: 0.0000307 seconds
2017-11-22T22:57:31.713+0100: 232.548: Total time for which application threads were stopped: 0.0001022 seconds, Stopping threads took: 0.0000231 seconds
2017-11-22T22:57:32.356+0100: 233.191: Total time for which application threads were stopped: 0.0003173 seconds, Stopping threads took: 0.0000591 seconds
2017-11-22T22:57:32.416+0100: 233.251: Total time for which application threads were stopped: 0.0003258 seconds, Stopping threads took: 0.0000600 seconds
2017-11-22T22:57:32.855+0100: 233.690: Total time for which application threads were stopped: 0.0002178 seconds, Stopping threads took: 0.0000387 seconds
2017-11-22T22:57:32.895+0100: 233.730: Total time for which application threads were stopped: 0.0001644 seconds, Stopping threads took: 0.0000622 seconds
{Heap before GC invocations=6 (full 1):
 par new generation   total 109248K, used 109248K [0x00000000e0000000, 0x00000000e8000000, 0x00000000e8000000)
  eden space 87424K, 100% used [0x00000000e0000000, 0x00000000e5560000, 0x00000000e5560000)
  from space 21824K, 100% used [0x00000000e5560000, 0x00000000e6ab0000, 0x00000000e6ab0000)
  to   space 21824K,   0% used [0x00000000e6ab0000, 0x00000000e6ab0000, 0x00000000e8000000)
 concurrent mark-sweep generation total 393216K, used 0K [0x00000000e8000000, 0x0000000100000000, 0x0000000100000000)
 Metaspace       used 37658K, capacity 38522K, committed 38724K, reserved 1083392K
  class space    used 4602K, capacity 4867K, committed 4964K, reserved 1048576K
2017-11-22T22:57:33.150+0100: 233.985: [GC (Allocation Failure) 2017-11-22T22:57:33.151+0100: 233.985: [ParNew
Desired survivor size 20112992 bytes, new threshold 7 (max 8)
- age   1:   10931672 bytes,   10931672 total
- age   2:    2867384 bytes,   13799056 total
- age   3:    1352088 bytes,   15151144 total
- age   4:     310632 bytes,   15461776 total
- age   5:    1029568 bytes,   16491344 total
- age   6:    2038080 bytes,   18529424 total
- age   7:    3813208 bytes,   22342632 total
: 109248K->21824K(109248K), 0.0876595 secs] 109248K->31715K(502464K), 0.0879377 secs] [Times: user=0.31 sys=0.00, real=0.09 secs] 
Heap after GC invocations=7 (full 1):
 par new generation   total 109248K, used 21824K [0x00000000e0000000, 0x00000000e8000000, 0x00000000e8000000)
  eden space 87424K,   0% used [0x00000000e0000000, 0x00000000e0000000, 0x00000000e5560000)
  from space 21824K, 100% used [0x00000000e6ab0000, 0x00000000e8000000, 0x00000000e8000000)
  to   space 21824K,   0% used [0x00000000e5560000, 0x00000000e5560000, 0x00000000e6ab0000)
 concurrent mark-sweep generation total 393216K, used 9891K [0x00000000e8000000, 0x0000000100000000, 0x0000000100000000)
 Metaspace       used 37658K, capacity 38522K, committed 38724K, reserved 1083392K
  class space    used 4602K, capacity 4867K, committed 4964K, reserved 1048576K
}
2017-11-22T22:57:33.238+0100: 234.073: Total time for which application threads were stopped: 0.0883640 seconds, Stopping threads took: 0.0000404 seconds
2017-11-22T22:57:33.238+0100: 234.074: [GC (CMS Initial Mark) [1 CMS-initial-mark: 9891K(393216K)] 31715K(502464K), 0.0108987 secs] [Times: user=0.06 sys=0.00, real=0.01 secs] 
2017-11-22T22:57:33.249+0100: 234.085: Total time for which application threads were stopped: 0.0111387 seconds, Stopping threads took: 0.0000516 seconds
2017-11-22T22:57:33.250+0100: 234.085: [CMS-concurrent-mark-start]
2017-11-22T22:57:33.260+0100: 234.096: Total time for which application threads were stopped: 0.0002004 seconds, Stopping threads took: 0.0000782 seconds
2017-11-22T22:57:33.261+0100: 234.096: Total time for which application threads were stopped: 0.0001204 seconds, Stopping threads took: 0.0000573 seconds
2017-11-22T22:57:33.261+0100: 234.096: Total time for which application threads were stopped: 0.0000969 seconds, Stopping threads took: 0.0000440 seconds
2017-11-22T22:57:33.261+0100: 234.097: Total time for which application threads were stopped: 0.0006462 seconds, Stopping threads took: 0.0005920 seconds
2017-11-22T22:57:33.262+0100: 234.097: Total time for which application threads were stopped: 0.0001258 seconds, Stopping threads took: 0.0000676 seconds
2017-11-22T22:57:33.262+0100: 234.097: Total time for which application threads were stopped: 0.0001347 seconds, Stopping threads took: 0.0000560 seconds
2017-11-22T22:57:33.262+0100: 234.097: Total time for which application threads were stopped: 0.0001187 seconds, Stopping threads took: 0.0000467 seconds
2017-11-22T22:57:33.263+0100: 234.098: Total time for which application threads were stopped: 0.0006533 seconds, Stopping threads took: 0.0005911 seconds
2017-11-22T22:57:33.263+0100: 234.098: Total time for which application threads were stopped: 0.0003409 seconds, Stopping threads took: 0.0002773 seconds
2017-11-22T22:57:33.263+0100: 234.098: Total time for which application threads were stopped: 0.0000978 seconds, Stopping threads took: 0.0000458 seconds
2017-11-22T22:57:33.263+0100: 234.099: Total time for which application threads were stopped: 0.0000933 seconds, Stopping threads took: 0.0000422 seconds
2017-11-22T22:57:33.264+0100: 234.099: Total time for which application threads were stopped: 0.0005760 seconds, Stopping threads took: 0.0005138 seconds
2017-11-22T22:57:33.264+0100: 234.099: Total time for which application threads were stopped: 0.0000960 seconds, Stopping threads took: 0.0000453 seconds
2017-11-22T22:57:33.265+0100: 234.100: Total time for which application threads were stopped: 0.0003222 seconds, Stopping threads took: 0.0002573 seconds
2017-11-22T22:57:33.265+0100: 234.100: Total time for which application threads were stopped: 0.0000938 seconds, Stopping threads took: 0.0000418 seconds
2017-11-22T22:57:33.265+0100: 234.100: Total time for which application threads were stopped: 0.0003582 seconds, Stopping threads took: 0.0002942 seconds
2017-11-22T22:57:33.266+0100: 234.101: Total time for which application threads were stopped: 0.0006436 seconds, Stopping threads took: 0.0005818 seconds
2017-11-22T22:57:33.266+0100: 234.101: Total time for which application threads were stopped: 0.0000978 seconds, Stopping threads took: 0.0000431 seconds
2017-11-22T22:57:33.266+0100: 234.101: Total time for which application threads were stopped: 0.0001436 seconds, Stopping threads took: 0.0000609 seconds
2017-11-22T22:57:33.267+0100: 234.102: Total time for which application threads were stopped: 0.0003173 seconds, Stopping threads took: 0.0000440 seconds
2017-11-22T22:57:33.267+0100: 234.102: Total time for which application threads were stopped: 0.0001502 seconds, Stopping threads took: 0.0000480 seconds
2017-11-22T22:57:33.268+0100: 234.103: Total time for which application threads were stopped: 0.0001613 seconds, Stopping threads took: 0.0000484 seconds
2017-11-22T22:57:33.270+0100: 234.105: [CMS-concurrent-mark: 0.012/0.020 secs] [Times: user=0.05 sys=0.00, real=0.02 secs] 
2017-11-22T22:57:33.270+0100: 234.105: [CMS-concurrent-preclean-start]
2017-11-22T22:57:33.272+0100: 234.107: [CMS-concurrent-preclean: 0.002/0.002 secs] [Times: user=0.00 sys=0.00, real=0.00 secs] 
2017-11-22T22:57:33.272+0100: 234.107: [GC (CMS Final Remark) [YG occupancy: 22825 K (109248 K)]{Heap before GC invocations=7 (full 2):
 par new generation   total 109248K, used 22825K [0x00000000e0000000, 0x00000000e8000000, 0x00000000e8000000)
  eden space 87424K,   1% used [0x00000000e0000000, 0x00000000e00fa6a0, 0x00000000e5560000)
  from space 21824K, 100% used [0x00000000e6ab0000, 0x00000000e8000000, 0x00000000e8000000)
  to   space 21824K,   0% used [0x00000000e5560000, 0x00000000e5560000, 0x00000000e6ab0000)
 concurrent mark-sweep generation total 393216K, used 9891K [0x00000000e8000000, 0x0000000100000000, 0x0000000100000000)
 Metaspace       used 37658K, capacity 38522K, committed 38724K, reserved 1083392K
  class space    used 4602K, capacity 4867K, committed 4964K, reserved 1048576K
2017-11-22T22:57:33.272+0100: 234.107: [GC (CMS Final Remark) 2017-11-22T22:57:33.272+0100: 234.107: [ParNew
Desired survivor size 20112992 bytes, new threshold 8 (max 8)
- age   1:        816 bytes,        816 total
- age   2:    7593200 bytes,    7594016 total
- age   3:    1631760 bytes,    9225776 total
- age   4:    1198168 bytes,   10423944 total
- age   5:     285328 bytes,   10709272 total
- age   6:     931200 bytes,   11640472 total
- age   7:    1940080 bytes,   13580552 total
: 22825K->21824K(109248K), 0.0639004 secs] 32716K->40292K(502464K), 0.0640137 secs] [Times: user=0.19 sys=0.00, real=0.06 secs] 
Heap after GC invocations=8 (full 2):
 par new generation   total 109248K, used 21824K [0x00000000e0000000, 0x00000000e8000000, 0x00000000e8000000)
  eden space 87424K,   0% used [0x00000000e0000000, 0x00000000e0000000, 0x00000000e5560000)
  from space 21824K, 100% used [0x00000000e5560000, 0x00000000e6ab0000, 0x00000000e6ab0000)
  to   space 21824K,   0% used [0x00000000e6ab0000, 0x00000000e6ab0000, 0x00000000e8000000)
 concurrent mark-sweep generation total 393216K, used 18468K [0x00000000e8000000, 0x0000000100000000, 0x0000000100000000)
 Metaspace       used 37658K, capacity 38522K, committed 38724K, reserved 1083392K
  class space    used 4602K, capacity 4867K, committed 4964K, reserved 1048576K
}
2017-11-22T22:57:33.337+0100: 234.171: [Rescan (parallel) , 0.0108182 secs]2017-11-22T22:57:33.347+0100: 234.182: [weak refs processing, 0.0007102 secs]2017-11-22T22:57:33.348+0100: 234.183: [class unloading, 0.0116036 secs]2017-11-22T22:57:33.360+0100: 234.195: [scrub symbol table, 0.0117293 secs]2017-11-22T22:57:33.372+0100: 234.206: [scrub string table, 0.0014240 secs][1 CMS-remark: 18468K(393216K)] 40292K(502464K), 0.1029911 secs] [Times: user=0.28 sys=0.00, real=0.10 secs] 
2017-11-22T22:57:33.375+0100: 234.210: Total time for which application threads were stopped: 0.1032208 seconds, Stopping threads took: 0.0000582 seconds
2017-11-22T22:57:33.375+0100: 234.210: [CMS-concurrent-sweep-start]
2017-11-22T22:57:33.387+0100: 234.222: [CMS-concurrent-sweep: 0.012/0.012 secs] [Times: user=0.05 sys=0.00, real=0.01 secs] 
2017-11-22T22:57:33.387+0100: 234.222: [CMS-concurrent-reset-start]
2017-11-22T22:57:33.392+0100: 234.227: [CMS-concurrent-reset: 0.004/0.004 secs] [Times: user=0.00 sys=0.00, real=0.00 secs] 
{Heap before GC invocations=8 (full 2):
 par new generation   total 109248K, used 109248K [0x00000000e0000000, 0x00000000e8000000, 0x00000000e8000000)
  eden space 87424K, 100% used [0x00000000e0000000, 0x00000000e5560000, 0x00000000e5560000)
  from space 21824K, 100% used [0x00000000e5560000, 0x00000000e6ab0000, 0x00000000e6ab0000)
  to   space 21824K,   0% used [0x00000000e6ab0000, 0x00000000e6ab0000, 0x00000000e8000000)
 concurrent mark-sweep generation total 393216K, used 18325K [0x00000000e8000000, 0x0000000100000000, 0x0000000100000000)
 Metaspace       used 37753K, capacity 38586K, committed 38724K, reserved 1083392K
  class space    used 4605K, capacity 4867K, committed 4964K, reserved 1048576K
2017-11-22T22:57:34.065+0100: 234.900: [GC (Allocation Failure) 2017-11-22T22:57:34.066+0100: 234.900: [ParNew
Desired survivor size 20112992 bytes, new threshold 8 (max 8)
- age   1:    1054720 bytes,    1054720 total
- age   2:        120 bytes,    1054840 total
- age   3:    7592656 bytes,    8647496 total
- age   4:    1631760 bytes,   10279256 total
- age   5:    1198168 bytes,   11477424 total
- age   6:     285328 bytes,   11762752 total
- age   7:     931200 bytes,   12693952 total
- age   8:    1940080 bytes,   14634032 total
: 109248K->21150K(109248K), 0.0182564 secs] 127573K->39476K(502464K), 0.0184369 secs] [Times: user=0.06 sys=0.00, real=0.02 secs] 
Heap after GC invocations=9 (full 2):
 par new generation   total 109248K, used 21150K [0x00000000e0000000, 0x00000000e8000000, 0x00000000e8000000)
  eden space 87424K,   0% used [0x00000000e0000000, 0x00000000e0000000, 0x00000000e5560000)
  from space 21824K,  96% used [0x00000000e6ab0000, 0x00000000e7f57b70, 0x00000000e8000000)
  to   space 21824K,   0% used [0x00000000e5560000, 0x00000000e5560000, 0x00000000e6ab0000)
 concurrent mark-sweep generation total 393216K, used 18325K [0x00000000e8000000, 0x0000000100000000, 0x0000000100000000)
 Metaspace       used 37753K, capacity 38586K, committed 38724K, reserved 1083392K
  class space    used 4605K, capacity 4867K, committed 4964K, reserved 1048576K
}
2017-11-22T22:57:34.084+0100: 234.919: Total time for which application threads were stopped: 0.0189018 seconds, Stopping threads took: 0.0000498 seconds
2017-11-22T22:57:34.084+0100: 234.919: Total time for which application threads were stopped: 0.0001951 seconds, Stopping threads took: 0.0000640 seconds
2017-11-22T22:57:34.085+0100: 234.920: Total time for which application threads were stopped: 0.0008089 seconds, Stopping threads took: 0.0006578 seconds
2017-11-22T22:57:34.086+0100: 234.920: Total time for which application threads were stopped: 0.0002693 seconds, Stopping threads took: 0.0000987 seconds
2017-11-22T22:57:34.086+0100: 234.921: Total time for which application threads were stopped: 0.0007369 seconds, Stopping threads took: 0.0006004 seconds
2017-11-22T22:57:34.087+0100: 234.921: Total time for which application threads were stopped: 0.0001604 seconds, Stopping threads took: 0.0000493 seconds
2017-11-22T22:57:34.087+0100: 234.922: Total time for which application threads were stopped: 0.0007093 seconds, Stopping threads took: 0.0005853 seconds
2017-11-22T22:57:34.088+0100: 234.923: Total time for which application threads were stopped: 0.0004493 seconds, Stopping threads took: 0.0003338 seconds
2017-11-22T22:57:34.088+0100: 234.923: Total time for which application threads were stopped: 0.0003009 seconds, Stopping threads took: 0.0001822 seconds
2017-11-22T22:57:34.088+0100: 234.923: Total time for which application threads were stopped: 0.0001284 seconds, Stopping threads took: 0.0000253 seconds
2017-11-22T22:57:34.089+0100: 234.923: Total time for which application threads were stopped: 0.0001347 seconds, Stopping threads took: 0.0000258 seconds
2017-11-22T22:57:34.089+0100: 234.924: Total time for which application threads were stopped: 0.0001187 seconds, Stopping threads took: 0.0000240 seconds
2017-11-22T22:57:34.089+0100: 234.924: Total time for which application threads were stopped: 0.0003009 seconds, Stopping threads took: 0.0001742 seconds
2017-11-22T22:57:34.089+0100: 234.924: Total time for which application threads were stopped: 0.0002391 seconds, Stopping threads took: 0.0001040 seconds
2017-11-22T22:57:34.090+0100: 234.925: Total time for which application threads were stopped: 0.0002160 seconds, Stopping threads took: 0.0000987 seconds
2017-11-22T22:57:34.090+0100: 234.925: Total time for which application threads were stopped: 0.0001267 seconds, Stopping threads took: 0.0000280 seconds
2017-11-22T22:57:34.090+0100: 234.925: Total time for which application threads were stopped: 0.0001738 seconds, Stopping threads took: 0.0000476 seconds
2017-11-22T22:57:34.090+0100: 234.925: Total time for which application threads were stopped: 0.0002311 seconds, Stopping threads took: 0.0001218 seconds
2017-11-22T22:57:34.091+0100: 234.925: Total time for which application threads were stopped: 0.0001707 seconds, Stopping threads took: 0.0000471 seconds
2017-11-22T22:57:34.378+0100: 235.213: Total time for which application threads were stopped: 0.0002200 seconds, Stopping threads took: 0.0000702 seconds
2017-11-22T22:57:34.378+0100: 235.213: Total time for which application threads were stopped: 0.0001053 seconds, Stopping threads took: 0.0000427 seconds
2017-11-22T22:57:34.379+0100: 235.214: Total time for which application threads were stopped: 0.0001102 seconds, Stopping threads took: 0.0000422 seconds
2017-11-22T22:57:34.394+0100: 235.229: Total time for which application threads were stopped: 0.0001076 seconds, Stopping threads took: 0.0000311 seconds
2017-11-22T22:57:34.394+0100: 235.229: Total time for which application threads were stopped: 0.0001009 seconds, Stopping threads took: 0.0000347 seconds
2017-11-22T22:57:34.419+0100: 235.255: Total time for which application threads were stopped: 0.0001093 seconds, Stopping threads took: 0.0000302 seconds
2017-11-22T22:57:34.420+0100: 235.255: Total time for which application threads were stopped: 0.0001040 seconds, Stopping threads took: 0.0000284 seconds
2017-11-22T22:57:34.541+0100: 235.376: Total time for which application threads were stopped: 0.0001698 seconds, Stopping threads took: 0.0000391 seconds
2017-11-22T22:57:34.587+0100: 235.422: Total time for which application threads were stopped: 0.0001782 seconds, Stopping threads took: 0.0000556 seconds
2017-11-22T22:57:34.588+0100: 235.423: Total time for which application threads were stopped: 0.0001707 seconds, Stopping threads took: 0.0000849 seconds
2017-11-22T22:57:34.590+0100: 235.425: Total time for which application threads were stopped: 0.0001240 seconds, Stopping threads took: 0.0000329 seconds
2017-11-22T22:57:34.591+0100: 235.426: Total time for which application threads were stopped: 0.0001196 seconds, Stopping threads took: 0.0000431 seconds
2017-11-22T22:57:34.592+0100: 235.427: Total time for which application threads were stopped: 0.0001160 seconds, Stopping threads took: 0.0000382 seconds
2017-11-22T22:57:34.592+0100: 235.427: Total time for which application threads were stopped: 0.0001644 seconds, Stopping threads took: 0.0000920 seconds
2017-11-22T22:57:34.592+0100: 235.428: Total time for which application threads were stopped: 0.0000960 seconds, Stopping threads took: 0.0000271 seconds
2017-11-22T22:57:34.593+0100: 235.428: Total time for which application threads were stopped: 0.0000862 seconds, Stopping threads took: 0.0000253 seconds
2017-11-22T22:57:34.593+0100: 235.428: Total time for which application threads were stopped: 0.0000862 seconds, Stopping threads took: 0.0000298 seconds
2017-11-22T22:57:34.593+0100: 235.428: Total time for which application threads were stopped: 0.0000844 seconds, Stopping threads took: 0.0000293 seconds
2017-11-22T22:57:34.593+0100: 235.428: Total time for which application threads were stopped: 0.0000876 seconds, Stopping threads took: 0.0000218 seconds
2017-11-22T22:57:34.593+0100: 235.428: Total time for which application threads were stopped: 0.0000818 seconds, Stopping threads took: 0.0000298 seconds
2017-11-22T22:57:34.593+0100: 235.428: Total time for which application threads were stopped: 0.0000747 seconds, Stopping threads took: 0.0000222 seconds
2017-11-22T22:57:34.593+0100: 235.428: Total time for which application threads were stopped: 0.0000978 seconds, Stopping threads took: 0.0000276 seconds
2017-11-22T22:57:34.593+0100: 235.429: Total time for which application threads were stopped: 0.0001018 seconds, Stopping threads took: 0.0000449 seconds
2017-11-22T22:57:34.594+0100: 235.429: Total time for which application threads were stopped: 0.0000907 seconds, Stopping threads took: 0.0000244 seconds
2017-11-22T22:57:34.594+0100: 235.429: Total time for which application threads were stopped: 0.0000804 seconds, Stopping threads took: 0.0000244 seconds
2017-11-22T22:57:34.594+0100: 235.429: Total time for which application threads were stopped: 0.0000760 seconds, Stopping threads took: 0.0000218 seconds
2017-11-22T22:57:34.594+0100: 235.429: Total time for which application threads were stopped: 0.0000729 seconds, Stopping threads took: 0.0000218 seconds
2017-11-22T22:57:34.594+0100: 235.430: Total time for which application threads were stopped: 0.0000960 seconds, Stopping threads took: 0.0000289 seconds
2017-11-22T22:57:34.595+0100: 235.430: Total time for which application threads were stopped: 0.0000951 seconds, Stopping threads took: 0.0000258 seconds
2017-11-22T22:57:34.595+0100: 235.430: Total time for which application threads were stopped: 0.0002160 seconds, Stopping threads took: 0.0000258 seconds
2017-11-22T22:57:34.598+0100: 235.433: Total time for which application threads were stopped: 0.0001120 seconds, Stopping threads took: 0.0000404 seconds
2017-11-22T22:57:34.884+0100: 235.719: Total time for which application threads were stopped: 0.0001924 seconds, Stopping threads took: 0.0000316 seconds
2017-11-22T22:57:34.885+0100: 235.720: Total time for which application threads were stopped: 0.0001258 seconds, Stopping threads took: 0.0000467 seconds
2017-11-22T22:57:34.885+0100: 235.720: Total time for which application threads were stopped: 0.0000933 seconds, Stopping threads took: 0.0000276 seconds
2017-11-22T22:57:34.885+0100: 235.720: Total time for which application threads were stopped: 0.0001124 seconds, Stopping threads took: 0.0000316 seconds
2017-11-22T22:57:34.885+0100: 235.720: Total time for which application threads were stopped: 0.0001089 seconds, Stopping threads took: 0.0000373 seconds
2017-11-22T22:57:34.886+0100: 235.721: Total time for which application threads were stopped: 0.0000800 seconds, Stopping threads took: 0.0000200 seconds
2017-11-22T22:57:34.888+0100: 235.723: Total time for which application threads were stopped: 0.0001022 seconds, Stopping threads took: 0.0000311 seconds
2017-11-22T22:57:34.960+0100: 235.795: Total time for which application threads were stopped: 0.0001764 seconds, Stopping threads took: 0.0000516 seconds
2017-11-22T22:57:34.960+0100: 235.795: Total time for which application threads were stopped: 0.0001253 seconds, Stopping threads took: 0.0000436 seconds
2017-11-22T22:57:34.960+0100: 235.795: Total time for which application threads were stopped: 0.0000902 seconds, Stopping threads took: 0.0000289 seconds
2017-11-22T22:57:34.960+0100: 235.795: Total time for which application threads were stopped: 0.0001138 seconds, Stopping threads took: 0.0000342 seconds
2017-11-22T22:57:34.960+0100: 235.795: Total time for which application threads were stopped: 0.0000849 seconds, Stopping threads took: 0.0000236 seconds
2017-11-22T22:57:34.960+0100: 235.795: Total time for which application threads were stopped: 0.0000840 seconds, Stopping threads took: 0.0000244 seconds
2017-11-22T22:57:34.960+0100: 235.796: Total time for which application threads were stopped: 0.0000791 seconds, Stopping threads took: 0.0000227 seconds
2017-11-22T22:57:34.961+0100: 235.796: Total time for which application threads were stopped: 0.0000831 seconds, Stopping threads took: 0.0000227 seconds
2017-11-22T22:57:34.961+0100: 235.796: Total time for which application threads were stopped: 0.0000827 seconds, Stopping threads took: 0.0000258 seconds
2017-11-22T22:57:34.961+0100: 235.796: Total time for which application threads were stopped: 0.0000778 seconds, Stopping threads took: 0.0000218 seconds
2017-11-22T22:57:34.961+0100: 235.796: Total time for which application threads were stopped: 0.0000787 seconds, Stopping threads took: 0.0000227 seconds
2017-11-22T22:57:34.961+0100: 235.796: Total time for which application threads were stopped: 0.0000822 seconds, Stopping threads took: 0.0000231 seconds
2017-11-22T22:57:34.961+0100: 235.796: Total time for which application threads were stopped: 0.0000778 seconds, Stopping threads took: 0.0000218 seconds
2017-11-22T22:57:34.961+0100: 235.796: Total time for which application threads were stopped: 0.0000782 seconds, Stopping threads took: 0.0000218 seconds
2017-11-22T22:57:34.961+0100: 235.796: Total time for which application threads were stopped: 0.0000782 seconds, Stopping threads took: 0.0000240 seconds
2017-11-22T22:57:34.961+0100: 235.797: Total time for which application threads were stopped: 0.0000969 seconds, Stopping threads took: 0.0000378 seconds
2017-11-22T22:57:34.962+0100: 235.797: Total time for which application threads were stopped: 0.0000791 seconds, Stopping threads took: 0.0000240 seconds
2017-11-22T22:57:34.962+0100: 235.797: Total time for which application threads were stopped: 0.0002462 seconds, Stopping threads took: 0.0000227 seconds
2017-11-22T22:57:35.036+0100: 235.871: Total time for which application threads were stopped: 0.0001973 seconds, Stopping threads took: 0.0000436 seconds
2017-11-22T22:57:35.036+0100: 235.871: Total time for which application threads were stopped: 0.0001133 seconds, Stopping threads took: 0.0000333 seconds
{Heap before GC invocations=9 (full 2):
 par new generation   total 109248K, used 108574K [0x00000000e0000000, 0x00000000e8000000, 0x00000000e8000000)
  eden space 87424K, 100% used [0x00000000e0000000, 0x00000000e5560000, 0x00000000e5560000)
  from space 21824K,  96% used [0x00000000e6ab0000, 0x00000000e7f57b70, 0x00000000e8000000)
  to   space 21824K,   0% used [0x00000000e5560000, 0x00000000e5560000, 0x00000000e6ab0000)
 concurrent mark-sweep generation total 393216K, used 18325K [0x00000000e8000000, 0x0000000100000000, 0x0000000100000000)
 Metaspace       used 38853K, capacity 39790K, committed 40132K, reserved 1085440K
  class space    used 4716K, capacity 4967K, committed 5092K, reserved 1048576K
2017-11-22T22:57:35.061+0100: 235.896: [GC (Allocation Failure) 2017-11-22T22:57:35.061+0100: 235.896: [ParNew
Desired survivor size 20112992 bytes, new threshold 6 (max 8)
- age   1:   15417808 bytes,   15417808 total
- age   2:     278536 bytes,   15696344 total
- age   3:        120 bytes,   15696464 total
- age   4:    2301128 bytes,   17997592 total
- age   5:    1614000 bytes,   19611592 total
- age   6:    1180688 bytes,   20792280 total
- age   7:     274800 bytes,   21067080 total
- age   8:     930128 bytes,   21997208 total
: 108574K->21824K(109248K), 0.0258164 secs] 126900K->45738K(502464K), 0.0259729 secs] [Times: user=0.06 sys=0.00, real=0.03 secs] 
Heap after GC invocations=10 (full 2):
 par new generation   total 109248K, used 21824K [0x00000000e0000000, 0x00000000e8000000, 0x00000000e8000000)
  eden space 87424K,   0% used [0x00000000e0000000, 0x00000000e0000000, 0x00000000e5560000)
  from space 21824K, 100% used [0x00000000e5560000, 0x00000000e6ab0000, 0x00000000e6ab0000)
  to   space 21824K,   0% used [0x00000000e6ab0000, 0x00000000e6ab0000, 0x00000000e8000000)
 concurrent mark-sweep generation total 393216K, used 23914K [0x00000000e8000000, 0x0000000100000000, 0x0000000100000000)
 Metaspace       used 38853K, capacity 39790K, committed 40132K, reserved 1085440K
  class space    used 4716K, capacity 4967K, committed 5092K, reserved 1048576K
}
2017-11-22T22:57:35.087+0100: 235.922: Total time for which application threads were stopped: 0.0263951 seconds, Stopping threads took: 0.0000502 seconds
2017-11-22T22:57:35.088+0100: 235.923: Total time for which application threads were stopped: 0.0004004 seconds, Stopping threads took: 0.0002747 seconds
2017-11-22T22:57:35.089+0100: 235.924: Total time for which application threads were stopped: 0.0005978 seconds, Stopping threads took: 0.0003333 seconds
2017-11-22T22:57:35.130+0100: 235.965: Total time for which application threads were stopped: 0.0001333 seconds, Stopping threads took: 0.0000502 seconds
2017-11-22T22:57:35.169+0100: 236.004: Total time for which application threads were stopped: 0.0001302 seconds, Stopping threads took: 0.0000404 seconds
{Heap before GC invocations=10 (full 2):
 par new generation   total 109248K, used 108767K [0x00000000e0000000, 0x00000000e8000000, 0x00000000e8000000)
  eden space 87424K,  99% used [0x00000000e0000000, 0x00000000e54e7c50, 0x00000000e5560000)
  from space 21824K, 100% used [0x00000000e5560000, 0x00000000e6ab0000, 0x00000000e6ab0000)
  to   space 21824K,   0% used [0x00000000e6ab0000, 0x00000000e6ab0000, 0x00000000e8000000)
 concurrent mark-sweep generation total 393216K, used 23914K [0x00000000e8000000, 0x0000000100000000, 0x0000000100000000)
 Metaspace       used 39157K, capacity 40058K, committed 40388K, reserved 1085440K
  class space    used 4733K, capacity 4969K, committed 5092K, reserved 1048576K
2017-11-22T22:57:35.945+0100: 236.780: [GC (Allocation Failure) 2017-11-22T22:57:35.945+0100: 236.780: [ParNew
Desired survivor size 20112992 bytes, new threshold 5 (max 8)
- age   1:    4944544 bytes,    4944544 total
- age   2:   13963592 bytes,   18908136 total
- age   3:      32152 bytes,   18940288 total
- age   4:        120 bytes,   18940408 total
- age   5:    1865632 bytes,   20806040 total
- age   6:    1532320 bytes,   22338360 total
: 108767K->21824K(109248K), 0.0462462 secs] 132681K->65670K(502464K), 0.0464320 secs] [Times: user=0.13 sys=0.03, real=0.05 secs] 
Heap after GC invocations=11 (full 2):
 par new generation   total 109248K, used 21824K [0x00000000e0000000, 0x00000000e8000000, 0x00000000e8000000)
  eden space 87424K,   0% used [0x00000000e0000000, 0x00000000e0000000, 0x00000000e5560000)
  from space 21824K, 100% used [0x00000000e6ab0000, 0x00000000e8000000, 0x00000000e8000000)
  to   space 21824K,   0% used [0x00000000e5560000, 0x00000000e5560000, 0x00000000e6ab0000)
 concurrent mark-sweep generation total 393216K, used 43846K [0x00000000e8000000, 0x0000000100000000, 0x0000000100000000)
 Metaspace       used 39157K, capacity 40058K, committed 40388K, reserved 1085440K
  class space    used 4733K, capacity 4969K, committed 5092K, reserved 1048576K
}
2017-11-22T22:57:35.991+0100: 236.826: Total time for which application threads were stopped: 0.0469351 seconds, Stopping threads took: 0.0000609 seconds
2017-11-22T22:57:36.112+0100: 236.947: Total time for which application threads were stopped: 0.0002364 seconds, Stopping threads took: 0.0001089 seconds
2017-11-22T22:57:36.112+0100: 236.947: Total time for which application threads were stopped: 0.0001271 seconds, Stopping threads took: 0.0000538 seconds
2017-11-22T22:57:36.113+0100: 236.948: Total time for which application threads were stopped: 0.0001551 seconds, Stopping threads took: 0.0000951 seconds
2017-11-22T22:57:36.123+0100: 236.958: Total time for which application threads were stopped: 0.0002058 seconds, Stopping threads took: 0.0000493 seconds
2017-11-22T22:57:36.133+0100: 236.968: Total time for which application threads were stopped: 0.0001524 seconds, Stopping threads took: 0.0000409 seconds
2017-11-22T22:57:36.133+0100: 236.968: Total time for which application threads were stopped: 0.0001222 seconds, Stopping threads took: 0.0000422 seconds
2017-11-22T22:57:36.134+0100: 236.968: Total time for which application threads were stopped: 0.0000942 seconds, Stopping threads took: 0.0000227 seconds
2017-11-22T22:57:36.164+0100: 236.998: Total time for which application threads were stopped: 0.0001400 seconds, Stopping threads took: 0.0000409 seconds
2017-11-22T22:57:36.171+0100: 237.006: Total time for which application threads were stopped: 0.0001338 seconds, Stopping threads took: 0.0000400 seconds
2017-11-22T22:57:36.186+0100: 237.021: Total time for which application threads were stopped: 0.0007604 seconds, Stopping threads took: 0.0000396 seconds
2017-11-22T22:57:36.197+0100: 237.032: Total time for which application threads were stopped: 0.0007613 seconds, Stopping threads took: 0.0000404 seconds
2017-11-22T22:57:36.203+0100: 237.037: Total time for which application threads were stopped: 0.0001262 seconds, Stopping threads took: 0.0000396 seconds
2017-11-22T22:57:36.612+0100: 237.447: Total time for which application threads were stopped: 0.0001658 seconds, Stopping threads took: 0.0000440 seconds
2017-11-22T22:57:36.642+0100: 237.476: Total time for which application threads were stopped: 0.0001827 seconds, Stopping threads took: 0.0000444 seconds
{Heap before GC invocations=11 (full 2):
 par new generation   total 109248K, used 109248K [0x00000000e0000000, 0x00000000e8000000, 0x00000000e8000000)
  eden space 87424K, 100% used [0x00000000e0000000, 0x00000000e5560000, 0x00000000e5560000)
  from space 21824K, 100% used [0x00000000e6ab0000, 0x00000000e8000000, 0x00000000e8000000)
  to   space 21824K,   0% used [0x00000000e5560000, 0x00000000e5560000, 0x00000000e6ab0000)
 concurrent mark-sweep generation total 393216K, used 43846K [0x00000000e8000000, 0x0000000100000000, 0x0000000100000000)
 Metaspace       used 39754K, capacity 40640K, committed 40900K, reserved 1085440K
  class space    used 4802K, capacity 5034K, committed 5092K, reserved 1048576K
2017-11-22T22:57:36.986+0100: 237.821: [GC (Allocation Failure) 2017-11-22T22:57:36.986+0100: 237.821: [ParNew
Desired survivor size 20112992 bytes, new threshold 3 (max 8)
- age   1:    7357968 bytes,    7357968 total
- age   2:    1862400 bytes,    9220368 total
- age   3:   13085800 bytes,   22306168 total
- age   4:      31856 bytes,   22338024 total
- age   5:        120 bytes,   22338144 total
: 109248K->21824K(109248K), 0.0424040 secs] 153094K->75485K(502464K), 0.0425751 secs] [Times: user=0.13 sys=0.00, real=0.04 secs] 
Heap after GC invocations=12 (full 2):
 par new generation   total 109248K, used 21824K [0x00000000e0000000, 0x00000000e8000000, 0x00000000e8000000)
  eden space 87424K,   0% used [0x00000000e0000000, 0x00000000e0000000, 0x00000000e5560000)
  from space 21824K, 100% used [0x00000000e5560000, 0x00000000e6ab0000, 0x00000000e6ab0000)
  to   space 21824K,   0% used [0x00000000e6ab0000, 0x00000000e6ab0000, 0x00000000e8000000)
 concurrent mark-sweep generation total 393216K, used 53661K [0x00000000e8000000, 0x0000000100000000, 0x0000000100000000)
 Metaspace       used 39754K, capacity 40640K, committed 40900K, reserved 1085440K
  class space    used 4802K, capacity 5034K, committed 5092K, reserved 1048576K
}
2017-11-22T22:57:37.029+0100: 237.864: Total time for which application threads were stopped: 0.0430364 seconds, Stopping threads took: 0.0000538 seconds
{Heap before GC invocations=12 (full 2):
 par new generation   total 109248K, used 109248K [0x00000000e0000000, 0x00000000e8000000, 0x00000000e8000000)
  eden space 87424K, 100% used [0x00000000e0000000, 0x00000000e5560000, 0x00000000e5560000)
  from space 21824K, 100% used [0x00000000e5560000, 0x00000000e6ab0000, 0x00000000e6ab0000)
  to   space 21824K,   0% used [0x00000000e6ab0000, 0x00000000e6ab0000, 0x00000000e8000000)
 concurrent mark-sweep generation total 393216K, used 53661K [0x00000000e8000000, 0x0000000100000000, 0x0000000100000000)
 Metaspace       used 39782K, capacity 40640K, committed 40900K, reserved 1085440K
  class space    used 4802K, capacity 5034K, committed 5092K, reserved 1048576K
2017-11-22T22:57:37.385+0100: 238.219: [GC (Allocation Failure) 2017-11-22T22:57:37.385+0100: 238.219: [ParNew
Desired survivor size 20112992 bytes, new threshold 8 (max 8)
- age   1:    1737784 bytes,    1737784 total
- age   2:    6644968 bytes,    8382752 total
- age   3:    1862400 bytes,   10245152 total
: 109248K->21472K(109248K), 0.0214111 secs] 162909K->87958K(502464K), 0.0215884 secs] [Times: user=0.11 sys=0.02, real=0.02 secs] 
Heap after GC invocations=13 (full 2):
 par new generation   total 109248K, used 21472K [0x00000000e0000000, 0x00000000e8000000, 0x00000000e8000000)
  eden space 87424K,   0% used [0x00000000e0000000, 0x00000000e0000000, 0x00000000e5560000)
  from space 21824K,  98% used [0x00000000e6ab0000, 0x00000000e7fa8380, 0x00000000e8000000)
  to   space 21824K,   0% used [0x00000000e5560000, 0x00000000e5560000, 0x00000000e6ab0000)
 concurrent mark-sweep generation total 393216K, used 66485K [0x00000000e8000000, 0x0000000100000000, 0x0000000100000000)
 Metaspace       used 39782K, capacity 40640K, committed 40900K, reserved 1085440K
  class space    used 4802K, capacity 5034K, committed 5092K, reserved 1048576K
}
2017-11-22T22:57:37.406+0100: 238.241: Total time for which application threads were stopped: 0.0219791 seconds, Stopping threads took: 0.0000427 seconds
{Heap before GC invocations=13 (full 2):
 par new generation   total 109248K, used 108896K [0x00000000e0000000, 0x00000000e8000000, 0x00000000e8000000)
  eden space 87424K, 100% used [0x00000000e0000000, 0x00000000e5560000, 0x00000000e5560000)
  from space 21824K,  98% used [0x00000000e6ab0000, 0x00000000e7fa8380, 0x00000000e8000000)
  to   space 21824K,   0% used [0x00000000e5560000, 0x00000000e5560000, 0x00000000e6ab0000)
 concurrent mark-sweep generation total 393216K, used 66485K [0x00000000e8000000, 0x0000000100000000, 0x0000000100000000)
 Metaspace       used 39792K, capacity 40640K, committed 40900K, reserved 1085440K
  class space    used 4802K, capacity 5034K, committed 5092K, reserved 1048576K
2017-11-22T22:57:37.696+0100: 238.531: [GC (Allocation Failure) 2017-11-22T22:57:37.696+0100: 238.531: [ParNew
Desired survivor size 20112992 bytes, new threshold 8 (max 8)
- age   1:    1530872 bytes,    1530872 total
- age   2:     114688 bytes,    1645560 total
- age   3:    6644968 bytes,    8290528 total
- age   4:    1862400 bytes,   10152928 total
: 108896K->12677K(109248K), 0.0110573 secs] 175382K->79162K(502464K), 0.0112476 secs] [Times: user=0.06 sys=0.00, real=0.01 secs] 
Heap after GC invocations=14 (full 2):
 par new generation   total 109248K, used 12677K [0x00000000e0000000, 0x00000000e8000000, 0x00000000e8000000)
  eden space 87424K,   0% used [0x00000000e0000000, 0x00000000e0000000, 0x00000000e5560000)
  from space 21824K,  58% used [0x00000000e5560000, 0x00000000e61c1518, 0x00000000e6ab0000)
  to   space 21824K,   0% used [0x00000000e6ab0000, 0x00000000e6ab0000, 0x00000000e8000000)
 concurrent mark-sweep generation total 393216K, used 66485K [0x00000000e8000000, 0x0000000100000000, 0x0000000100000000)
 Metaspace       used 39792K, capacity 40640K, committed 40900K, reserved 1085440K
  class space    used 4802K, capacity 5034K, committed 5092K, reserved 1048576K
}
2017-11-22T22:57:37.707+0100: 238.542: Total time for which application threads were stopped: 0.0116662 seconds, Stopping threads took: 0.0000391 seconds
{Heap before GC invocations=14 (full 2):
 par new generation   total 109248K, used 100101K [0x00000000e0000000, 0x00000000e8000000, 0x00000000e8000000)
  eden space 87424K, 100% used [0x00000000e0000000, 0x00000000e5560000, 0x00000000e5560000)
  from space 21824K,  58% used [0x00000000e5560000, 0x00000000e61c1518, 0x00000000e6ab0000)
  to   space 21824K,   0% used [0x00000000e6ab0000, 0x00000000e6ab0000, 0x00000000e8000000)
 concurrent mark-sweep generation total 393216K, used 66485K [0x00000000e8000000, 0x0000000100000000, 0x0000000100000000)
 Metaspace       used 39801K, capacity 40704K, committed 40900K, reserved 1085440K
  class space    used 4802K, capacity 5034K, committed 5092K, reserved 1048576K
2017-11-22T22:57:37.988+0100: 238.823: [GC (Allocation Failure) 2017-11-22T22:57:37.988+0100: 238.823: [ParNew
Desired survivor size 20112992 bytes, new threshold 8 (max 8)
- age   1:     885264 bytes,     885264 total
- age   2:     561024 bytes,    1446288 total
- age   3:      81608 bytes,    1527896 total
- age   4:    6645008 bytes,    8172904 total
- age   5:    1862400 bytes,   10035304 total
: 100101K->16182K(109248K), 0.0139315 secs] 166586K->82668K(502464K), 0.0141115 secs] [Times: user=0.05 sys=0.00, real=0.01 secs] 
Heap after GC invocations=15 (full 2):
 par new generation   total 109248K, used 16182K [0x00000000e0000000, 0x00000000e8000000, 0x00000000e8000000)
  eden space 87424K,   0% used [0x00000000e0000000, 0x00000000e0000000, 0x00000000e5560000)
  from space 21824K,  74% used [0x00000000e6ab0000, 0x00000000e7a7db30, 0x00000000e8000000)
  to   space 21824K,   0% used [0x00000000e5560000, 0x00000000e5560000, 0x00000000e6ab0000)
 concurrent mark-sweep generation total 393216K, used 66485K [0x00000000e8000000, 0x0000000100000000, 0x0000000100000000)
 Metaspace       used 39801K, capacity 40704K, committed 40900K, reserved 1085440K
  class space    used 4802K, capacity 5034K, committed 5092K, reserved 1048576K
}
2017-11-22T22:57:38.002+0100: 238.837: Total time for which application threads were stopped: 0.0145582 seconds, Stopping threads took: 0.0000609 seconds
{Heap before GC invocations=15 (full 2):
 par new generation   total 109248K, used 103606K [0x00000000e0000000, 0x00000000e8000000, 0x00000000e8000000)
  eden space 87424K, 100% used [0x00000000e0000000, 0x00000000e5560000, 0x00000000e5560000)
  from space 21824K,  74% used [0x00000000e6ab0000, 0x00000000e7a7db30, 0x00000000e8000000)
  to   space 21824K,   0% used [0x00000000e5560000, 0x00000000e5560000, 0x00000000e6ab0000)
 concurrent mark-sweep generation total 393216K, used 66485K [0x00000000e8000000, 0x0000000100000000, 0x0000000100000000)
 Metaspace       used 39861K, capacity 40768K, committed 41156K, reserved 1085440K
  class space    used 4803K, capacity 5034K, committed 5092K, reserved 1048576K
2017-11-22T22:57:38.421+0100: 239.256: [GC (Allocation Failure) 2017-11-22T22:57:38.421+0100: 239.256: [ParNew
Desired survivor size 20112992 bytes, new threshold 8 (max 8)
- age   1:    2667424 bytes,    2667424 total
- age   2:      44456 bytes,    2711880 total
- age   3:     527944 bytes,    3239824 total
- age   4:      81608 bytes,    3321432 total
- age   5:    6644952 bytes,    9966384 total
- age   6:    1862400 bytes,   11828784 total
: 103606K->14419K(109248K), 0.0118800 secs] 170092K->80905K(502464K), 0.0120640 secs] [Times: user=0.05 sys=0.00, real=0.01 secs] 
Heap after GC invocations=16 (full 2):
 par new generation   total 109248K, used 14419K [0x00000000e0000000, 0x00000000e8000000, 0x00000000e8000000)
  eden space 87424K,   0% used [0x00000000e0000000, 0x00000000e0000000, 0x00000000e5560000)
  from space 21824K,  66% used [0x00000000e5560000, 0x00000000e6374fe8, 0x00000000e6ab0000)
  to   space 21824K,   0% used [0x00000000e6ab0000, 0x00000000e6ab0000, 0x00000000e8000000)
 concurrent mark-sweep generation total 393216K, used 66485K [0x00000000e8000000, 0x0000000100000000, 0x0000000100000000)
 Metaspace       used 39861K, capacity 40768K, committed 41156K, reserved 1085440K
  class space    used 4803K, capacity 5034K, committed 5092K, reserved 1048576K
}
2017-11-22T22:57:38.433+0100: 239.268: Total time for which application threads were stopped: 0.0125413 seconds, Stopping threads took: 0.0000431 seconds
2017-11-22T22:57:38.849+0100: 239.684: Total time for which application threads were stopped: 0.0002151 seconds, Stopping threads took: 0.0000529 seconds
2017-11-22T22:57:38.849+0100: 239.684: Total time for which application threads were stopped: 0.0001142 seconds, Stopping threads took: 0.0000418 seconds
2017-11-22T22:57:38.851+0100: 239.686: Total time for which application threads were stopped: 0.0001120 seconds, Stopping threads took: 0.0000369 seconds
2017-11-22T22:57:38.862+0100: 239.696: Total time for which application threads were stopped: 0.0001818 seconds, Stopping threads took: 0.0000653 seconds
2017-11-22T22:57:38.945+0100: 239.780: Total time for which application threads were stopped: 0.0001458 seconds, Stopping threads took: 0.0000396 seconds
2017-11-22T22:57:38.973+0100: 239.808: Total time for which application threads were stopped: 0.0001320 seconds, Stopping threads took: 0.0000413 seconds
2017-11-22T22:57:39.005+0100: 239.840: Total time for which application threads were stopped: 0.0001382 seconds, Stopping threads took: 0.0000498 seconds
2017-11-22T22:57:39.005+0100: 239.840: Total time for which application threads were stopped: 0.0001204 seconds, Stopping threads took: 0.0000431 seconds
2017-11-22T22:57:39.005+0100: 239.840: Total time for which application threads were stopped: 0.0001044 seconds, Stopping threads took: 0.0000400 seconds
2017-11-22T22:57:39.005+0100: 239.840: Total time for which application threads were stopped: 0.0000916 seconds, Stopping threads took: 0.0000307 seconds
2017-11-22T22:57:39.006+0100: 239.841: Total time for which application threads were stopped: 0.0001009 seconds, Stopping threads took: 0.0000360 seconds
2017-11-22T22:57:39.007+0100: 239.842: Total time for which application threads were stopped: 0.0001018 seconds, Stopping threads took: 0.0000373 seconds
2017-11-22T22:57:39.012+0100: 239.846: Total time for which application threads were stopped: 0.0001556 seconds, Stopping threads took: 0.0000560 seconds
2017-11-22T22:57:39.033+0100: 239.869: Total time for which application threads were stopped: 0.0034413 seconds, Stopping threads took: 0.0033391 seconds
2017-11-22T22:57:39.040+0100: 239.875: Total time for which application threads were stopped: 0.0001351 seconds, Stopping threads took: 0.0000489 seconds
2017-11-22T22:57:39.041+0100: 239.875: Total time for which application threads were stopped: 0.0000773 seconds, Stopping threads took: 0.0000218 seconds
2017-11-22T22:57:39.041+0100: 239.875: Total time for which application threads were stopped: 0.0000751 seconds, Stopping threads took: 0.0000253 seconds
2017-11-22T22:57:39.041+0100: 239.876: Total time for which application threads were stopped: 0.0001662 seconds, Stopping threads took: 0.0001076 seconds
2017-11-22T22:57:39.042+0100: 239.876: Total time for which application threads were stopped: 0.0006711 seconds, Stopping threads took: 0.0006160 seconds
2017-11-22T22:57:39.043+0100: 239.877: Total time for which application threads were stopped: 0.0006964 seconds, Stopping threads took: 0.0006391 seconds
2017-11-22T22:57:39.043+0100: 239.877: Total time for which application threads were stopped: 0.0000733 seconds, Stopping threads took: 0.0000253 seconds
2017-11-22T22:57:39.043+0100: 239.878: Total time for which application threads were stopped: 0.0002658 seconds, Stopping threads took: 0.0002049 seconds
2017-11-22T22:57:39.043+0100: 239.878: Total time for which application threads were stopped: 0.0002560 seconds, Stopping threads took: 0.0001942 seconds
2017-11-22T22:57:39.044+0100: 239.878: Total time for which application threads were stopped: 0.0001227 seconds, Stopping threads took: 0.0000680 seconds
2017-11-22T22:57:39.044+0100: 239.878: Total time for which application threads were stopped: 0.0000693 seconds, Stopping threads took: 0.0000227 seconds
2017-11-22T22:57:39.044+0100: 239.879: Total time for which application threads were stopped: 0.0000711 seconds, Stopping threads took: 0.0000240 seconds
2017-11-22T22:57:39.044+0100: 239.879: Total time for which application threads were stopped: 0.0000680 seconds, Stopping threads took: 0.0000222 seconds
2017-11-22T22:57:39.044+0100: 239.879: Total time for which application threads were stopped: 0.0000707 seconds, Stopping threads took: 0.0000218 seconds
2017-11-22T22:57:39.044+0100: 239.879: Total time for which application threads were stopped: 0.0000733 seconds, Stopping threads took: 0.0000262 seconds
2017-11-22T22:57:39.044+0100: 239.879: Total time for which application threads were stopped: 0.0001827 seconds, Stopping threads took: 0.0001062 seconds
2017-11-22T22:57:39.044+0100: 239.879: Total time for which application threads were stopped: 0.0000862 seconds, Stopping threads took: 0.0000280 seconds
2017-11-22T22:57:39.045+0100: 239.879: Total time for which application threads were stopped: 0.0001129 seconds, Stopping threads took: 0.0000551 seconds
2017-11-22T22:57:39.045+0100: 239.880: Total time for which application threads were stopped: 0.0002422 seconds, Stopping threads took: 0.0000387 seconds
{Heap before GC invocations=16 (full 2):
 par new generation   total 109248K, used 101843K [0x00000000e0000000, 0x00000000e8000000, 0x00000000e8000000)
  eden space 87424K, 100% used [0x00000000e0000000, 0x00000000e5560000, 0x00000000e5560000)
  from space 21824K,  66% used [0x00000000e5560000, 0x00000000e6374fe8, 0x00000000e6ab0000)
  to   space 21824K,   0% used [0x00000000e6ab0000, 0x00000000e6ab0000, 0x00000000e8000000)
 concurrent mark-sweep generation total 393216K, used 66485K [0x00000000e8000000, 0x0000000100000000, 0x0000000100000000)
 Metaspace       used 40103K, capacity 41092K, committed 41540K, reserved 1085440K
  class space    used 4821K, capacity 5098K, committed 5220K, reserved 1048576K
2017-11-22T22:57:39.071+0100: 239.906: [GC (Allocation Failure) 2017-11-22T22:57:39.071+0100: 239.906: [ParNew
Desired survivor size 20112992 bytes, new threshold 8 (max 8)
- age   1:    8443984 bytes,    8443984 total
- age   2:    1258800 bytes,    9702784 total
- age   3:      27336 bytes,    9730120 total
- age   4:       3128 bytes,    9733248 total
- age   5:      81584 bytes,    9814832 total
- age   6:    4126760 bytes,   13941592 total
- age   7:    1020960 bytes,   14962552 total
: 101843K->21046K(109248K), 0.0130551 secs] 168329K->87532K(502464K), 0.0132262 secs] [Times: user=0.06 sys=0.00, real=0.01 secs] 
Heap after GC invocations=17 (full 2):
 par new generation   total 109248K, used 21046K [0x00000000e0000000, 0x00000000e8000000, 0x00000000e8000000)
  eden space 87424K,   0% used [0x00000000e0000000, 0x00000000e0000000, 0x00000000e5560000)
  from space 21824K,  96% used [0x00000000e6ab0000, 0x00000000e7f3da70, 0x00000000e8000000)
  to   space 21824K,   0% used [0x00000000e5560000, 0x00000000e5560000, 0x00000000e6ab0000)
 concurrent mark-sweep generation total 393216K, used 66485K [0x00000000e8000000, 0x0000000100000000, 0x0000000100000000)
 Metaspace       used 40103K, capacity 41092K, committed 41540K, reserved 1085440K
  class space    used 4821K, capacity 5098K, committed 5220K, reserved 1048576K
}
2017-11-22T22:57:39.085+0100: 239.919: Total time for which application threads were stopped: 0.0136831 seconds, Stopping threads took: 0.0000436 seconds
2017-11-22T22:57:39.101+0100: 239.936: Total time for which application threads were stopped: 0.0005427 seconds, Stopping threads took: 0.0003809 seconds
2017-11-22T22:57:39.172+0100: 240.007: Total time for which application threads were stopped: 0.0001738 seconds, Stopping threads took: 0.0000467 seconds
{Heap before GC invocations=17 (full 2):
 par new generation   total 109248K, used 108470K [0x00000000e0000000, 0x00000000e8000000, 0x00000000e8000000)
  eden space 87424K, 100% used [0x00000000e0000000, 0x00000000e5560000, 0x00000000e5560000)
  from space 21824K,  96% used [0x00000000e6ab0000, 0x00000000e7f3da70, 0x00000000e8000000)
  to   space 21824K,   0% used [0x00000000e5560000, 0x00000000e5560000, 0x00000000e6ab0000)
 concurrent mark-sweep generation total 393216K, used 66485K [0x00000000e8000000, 0x0000000100000000, 0x0000000100000000)
 Metaspace       used 40165K, capacity 41092K, committed 41540K, reserved 1085440K
  class space    used 4824K, capacity 5098K, committed 5220K, reserved 1048576K
2017-11-22T22:57:39.537+0100: 240.372: [GC (Allocation Failure) 2017-11-22T22:57:39.537+0100: 240.372: [ParNew
Desired survivor size 20112992 bytes, new threshold 8 (max 8)
- age   1:    3232584 bytes,    3232584 total
- age   2:    8221136 bytes,   11453720 total
- age   3:    1258424 bytes,   12712144 total
- age   4:      27336 bytes,   12739480 total
- age   5:       3128 bytes,   12742608 total
- age   6:      81552 bytes,   12824160 total
- age   7:    4126616 bytes,   16950776 total
- age   8:    1020960 bytes,   17971736 total
: 108470K->21824K(109248K), 0.0141809 secs] 174956K->88309K(502464K), 0.0143502 secs] [Times: user=0.06 sys=0.00, real=0.01 secs] 
Heap after GC invocations=18 (full 2):
 par new generation   total 109248K, used 21824K [0x00000000e0000000, 0x00000000e8000000, 0x00000000e8000000)
  eden space 87424K,   0% used [0x00000000e0000000, 0x00000000e0000000, 0x00000000e5560000)
  from space 21824K, 100% used [0x00000000e5560000, 0x00000000e6ab0000, 0x00000000e6ab0000)
  to   space 21824K,   0% used [0x00000000e6ab0000, 0x00000000e6ab0000, 0x00000000e8000000)
 concurrent mark-sweep generation total 393216K, used 66485K [0x00000000e8000000, 0x0000000100000000, 0x0000000100000000)
 Metaspace       used 40165K, capacity 41092K, committed 41540K, reserved 1085440K
  class space    used 4824K, capacity 5098K, committed 5220K, reserved 1048576K
}
2017-11-22T22:57:39.551+0100: 240.386: Total time for which application threads were stopped: 0.0147778 seconds, Stopping threads took: 0.0000422 seconds
2017-11-22T22:57:39.732+0100: 240.567: Total time for which application threads were stopped: 0.0001920 seconds, Stopping threads took: 0.0000604 seconds
2017-11-22T22:57:39.978+0100: 240.812: Total time for which application threads were stopped: 0.0002067 seconds, Stopping threads took: 0.0000422 seconds
{Heap before GC invocations=18 (full 2):
 par new generation   total 109248K, used 109248K [0x00000000e0000000, 0x00000000e8000000, 0x00000000e8000000)
  eden space 87424K, 100% used [0x00000000e0000000, 0x00000000e5560000, 0x00000000e5560000)
  from space 21824K, 100% used [0x00000000e5560000, 0x00000000e6ab0000, 0x00000000e6ab0000)
  to   space 21824K,   0% used [0x00000000e6ab0000, 0x00000000e6ab0000, 0x00000000e8000000)
 concurrent mark-sweep generation total 393216K, used 66485K [0x00000000e8000000, 0x0000000100000000, 0x0000000100000000)
 Metaspace       used 40231K, capacity 41220K, committed 41540K, reserved 1085440K
  class space    used 4825K, capacity 5098K, committed 5220K, reserved 1048576K
2017-11-22T22:57:40.026+0100: 240.861: [GC (Allocation Failure) 2017-11-22T22:57:40.026+0100: 240.861: [ParNew
Desired survivor size 20112992 bytes, new threshold 8 (max 8)
- age   1:    8521080 bytes,    8521080 total
- age   2:     750760 bytes,    9271840 total
- age   3:    6753288 bytes,   16025128 total
- age   4:    1258424 bytes,   17283552 total
- age   5:      27336 bytes,   17310888 total
- age   6:       3128 bytes,   17314016 total
- age   7:      81552 bytes,   17395568 total
- age   8:    4126616 bytes,   21522184 total
: 109248K->21824K(109248K), 0.0204102 secs] 175733K->90550K(502464K), 0.0205680 secs] [Times: user=0.08 sys=0.00, real=0.02 secs] 
Heap after GC invocations=19 (full 2):
 par new generation   total 109248K, used 21824K [0x00000000e0000000, 0x00000000e8000000, 0x00000000e8000000)
  eden space 87424K,   0% used [0x00000000e0000000, 0x00000000e0000000, 0x00000000e5560000)
  from space 21824K, 100% used [0x00000000e6ab0000, 0x00000000e8000000, 0x00000000e8000000)
  to   space 21824K,   0% used [0x00000000e5560000, 0x00000000e5560000, 0x00000000e6ab0000)
 concurrent mark-sweep generation total 393216K, used 68726K [0x00000000e8000000, 0x0000000100000000, 0x0000000100000000)
 Metaspace       used 40231K, capacity 41220K, committed 41540K, reserved 1085440K
  class space    used 4825K, capacity 5098K, committed 5220K, reserved 1048576K
}
2017-11-22T22:57:40.047+0100: 240.882: Total time for which application threads were stopped: 0.0210427 seconds, Stopping threads took: 0.0000644 seconds
2017-11-22T22:57:40.047+0100: 240.882: Total time for which application threads were stopped: 0.0002249 seconds, Stopping threads took: 0.0000698 seconds
2017-11-22T22:57:40.281+0100: 241.116: Total time for which application threads were stopped: 0.0001698 seconds, Stopping threads took: 0.0000596 seconds
{Heap before GC invocations=19 (full 2):
 par new generation   total 109248K, used 109248K [0x00000000e0000000, 0x00000000e8000000, 0x00000000e8000000)
  eden space 87424K, 100% used [0x00000000e0000000, 0x00000000e5560000, 0x00000000e5560000)
  from space 21824K, 100% used [0x00000000e6ab0000, 0x00000000e8000000, 0x00000000e8000000)
  to   space 21824K,   0% used [0x00000000e5560000, 0x00000000e5560000, 0x00000000e6ab0000)
 concurrent mark-sweep generation total 393216K, used 68726K [0x00000000e8000000, 0x0000000100000000, 0x0000000100000000)
 Metaspace       used 40301K, capacity 41284K, committed 41540K, reserved 1085440K
  class space    used 4828K, capacity 5098K, committed 5220K, reserved 1048576K
2017-11-22T22:57:40.456+0100: 241.291: [GC (Allocation Failure) 2017-11-22T22:57:40.456+0100: 241.291: [ParNew
Desired survivor size 20112992 bytes, new threshold 8 (max 8)
- age   1:    2525408 bytes,    2525408 total
- age   2:    7359864 bytes,    9885272 total
- age   3:     747392 bytes,   10632664 total
- age   4:    6542384 bytes,   17175048 total
- age   5:    1258192 bytes,   18433240 total
- age   6:      27336 bytes,   18460576 total
- age   7:       3128 bytes,   18463704 total
- age   8:      81552 bytes,   18545256 total
: 109248K->21824K(109248K), 0.0202231 secs] 177974K->95908K(502464K), 0.0203760 secs] [Times: user=0.06 sys=0.00, real=0.02 secs] 
Heap after GC invocations=20 (full 2):
 par new generation   total 109248K, used 21824K [0x00000000e0000000, 0x00000000e8000000, 0x00000000e8000000)
  eden space 87424K,   0% used [0x00000000e0000000, 0x00000000e0000000, 0x00000000e5560000)
  from space 21824K, 100% used [0x00000000e5560000, 0x00000000e6ab0000, 0x00000000e6ab0000)
  to   space 21824K,   0% used [0x00000000e6ab0000, 0x00000000e6ab0000, 0x00000000e8000000)
 concurrent mark-sweep generation total 393216K, used 74084K [0x00000000e8000000, 0x0000000100000000, 0x0000000100000000)
 Metaspace       used 40301K, capacity 41284K, committed 41540K, reserved 1085440K
  class space    used 4828K, capacity 5098K, committed 5220K, reserved 1048576K
}
2017-11-22T22:57:40.476+0100: 241.311: Total time for which application threads were stopped: 0.0207955 seconds, Stopping threads took: 0.0000533 seconds
2017-11-22T22:57:40.672+0100: 241.507: Total time for which application threads were stopped: 0.0001547 seconds, Stopping threads took: 0.0000622 seconds
2017-11-22T22:57:40.713+0100: 241.548: Total time for which application threads were stopped: 0.0001382 seconds, Stopping threads took: 0.0000409 seconds
2017-11-22T22:57:40.713+0100: 241.548: Total time for which application threads were stopped: 0.0001116 seconds, Stopping threads took: 0.0000347 seconds
2017-11-22T22:57:40.714+0100: 241.549: Total time for which application threads were stopped: 0.0001098 seconds, Stopping threads took: 0.0000418 seconds
2017-11-22T22:57:40.726+0100: 241.561: Total time for which application threads were stopped: 0.0001404 seconds, Stopping threads took: 0.0000547 seconds
2017-11-22T22:57:40.727+0100: 241.562: Total time for which application threads were stopped: 0.0001164 seconds, Stopping threads took: 0.0000356 seconds
2017-11-22T22:57:40.765+0100: 241.600: Total time for which application threads were stopped: 0.0001400 seconds, Stopping threads took: 0.0000444 seconds
2017-11-22T22:57:40.959+0100: 241.794: Total time for which application threads were stopped: 0.0002689 seconds, Stopping threads took: 0.0000449 seconds
2017-11-22T22:57:40.961+0100: 241.796: Total time for which application threads were stopped: 0.0001200 seconds, Stopping threads took: 0.0000378 seconds
2017-11-22T22:57:40.962+0100: 241.797: Total time for which application threads were stopped: 0.0001627 seconds, Stopping threads took: 0.0000818 seconds
2017-11-22T22:57:41.482+0100: 242.317: Total time for which application threads were stopped: 0.0001507 seconds, Stopping threads took: 0.0000356 seconds
2017-11-22T22:57:41.482+0100: 242.317: Total time for which application threads were stopped: 0.0001160 seconds, Stopping threads took: 0.0000289 seconds
2017-11-22T22:57:41.491+0100: 242.326: Total time for which application threads were stopped: 0.0001356 seconds, Stopping threads took: 0.0000364 seconds
2017-11-22T22:57:41.493+0100: 242.328: Total time for which application threads were stopped: 0.0001782 seconds, Stopping threads took: 0.0000627 seconds
2017-11-22T22:57:41.509+0100: 242.343: Total time for which application threads were stopped: 0.0010951 seconds, Stopping threads took: 0.0000373 seconds
2017-11-22T22:57:41.512+0100: 242.347: Total time for which application threads were stopped: 0.0001662 seconds, Stopping threads took: 0.0000347 seconds
2017-11-22T22:57:41.530+0100: 242.365: Total time for which application threads were stopped: 0.0008240 seconds, Stopping threads took: 0.0000293 seconds
2017-11-22T22:57:41.570+0100: 242.405: Total time for which application threads were stopped: 0.0001431 seconds, Stopping threads took: 0.0000396 seconds
2017-11-22T22:57:41.645+0100: 242.480: Total time for which application threads were stopped: 0.0001560 seconds, Stopping threads took: 0.0000311 seconds
2017-11-22T22:57:42.645+0100: 243.480: Total time for which application threads were stopped: 0.0001342 seconds, Stopping threads took: 0.0000413 seconds
2017-11-22T22:57:56.011+0100: 256.846: Total time for which application threads were stopped: 0.0002036 seconds, Stopping threads took: 0.0000556 seconds
2017-11-22T22:57:56.012+0100: 256.847: Total time for which application threads were stopped: 0.0001387 seconds, Stopping threads took: 0.0000400 seconds
2017-11-22T22:57:56.012+0100: 256.847: Total time for which application threads were stopped: 0.0000978 seconds, Stopping threads took: 0.0000284 seconds
2017-11-22T22:57:56.013+0100: 256.848: Total time for which application threads were stopped: 0.0000951 seconds, Stopping threads took: 0.0000271 seconds
2017-11-22T22:57:56.013+0100: 256.848: Total time for which application threads were stopped: 0.0001582 seconds, Stopping threads took: 0.0000578 seconds
2017-11-22T22:57:56.013+0100: 256.848: Total time for which application threads were stopped: 0.0001516 seconds, Stopping threads took: 0.0000618 seconds
2017-11-22T22:57:56.015+0100: 256.850: Total time for which application threads were stopped: 0.0001804 seconds, Stopping threads took: 0.0000413 seconds
2017-11-22T22:57:56.016+0100: 256.851: Total time for which application threads were stopped: 0.0001351 seconds, Stopping threads took: 0.0000369 seconds
2017-11-22T22:57:57.016+0100: 257.851: Total time for which application threads were stopped: 0.0001596 seconds, Stopping threads took: 0.0000444 seconds
2017-11-22T22:57:57.108+0100: 257.943: Total time for which application threads were stopped: 0.0001738 seconds, Stopping threads took: 0.0000804 seconds
2017-11-22T22:57:57.112+0100: 257.947: Total time for which application threads were stopped: 0.0001476 seconds, Stopping threads took: 0.0000422 seconds
2017-11-22T22:57:57.114+0100: 257.949: Total time for which application threads were stopped: 0.0001360 seconds, Stopping threads took: 0.0000462 seconds
2017-11-22T22:57:57.114+0100: 257.949: Total time for which application threads were stopped: 0.0001360 seconds, Stopping threads took: 0.0000564 seconds
2017-11-22T22:57:57.115+0100: 257.950: Total time for which application threads were stopped: 0.0001236 seconds, Stopping threads took: 0.0000493 seconds
2017-11-22T22:57:57.115+0100: 257.950: Total time for which application threads were stopped: 0.0001124 seconds, Stopping threads took: 0.0000307 seconds
2017-11-22T22:57:57.115+0100: 257.950: Total time for which application threads were stopped: 0.0001031 seconds, Stopping threads took: 0.0000298 seconds
2017-11-22T22:57:57.115+0100: 257.950: Total time for which application threads were stopped: 0.0001036 seconds, Stopping threads took: 0.0000298 seconds
2017-11-22T22:57:57.116+0100: 257.951: Total time for which application threads were stopped: 0.0001133 seconds, Stopping threads took: 0.0000302 seconds
2017-11-22T22:57:57.415+0100: 258.249: Total time for which application threads were stopped: 0.0001462 seconds, Stopping threads took: 0.0000396 seconds
2017-11-22T22:57:57.415+0100: 258.250: Total time for which application threads were stopped: 0.0003369 seconds, Stopping threads took: 0.0000391 seconds
2017-11-22T22:57:57.415+0100: 258.250: Total time for which application threads were stopped: 0.0001111 seconds, Stopping threads took: 0.0000356 seconds
2017-11-22T22:57:57.416+0100: 258.250: Total time for which application threads were stopped: 0.0000929 seconds, Stopping threads took: 0.0000302 seconds
2017-11-22T22:57:57.416+0100: 258.251: Total time for which application threads were stopped: 0.0000893 seconds, Stopping threads took: 0.0000271 seconds
2017-11-22T22:57:57.417+0100: 258.252: Total time for which application threads were stopped: 0.0001289 seconds, Stopping threads took: 0.0000524 seconds
2017-11-22T22:57:57.417+0100: 258.252: Total time for which application threads were stopped: 0.0001009 seconds, Stopping threads took: 0.0000293 seconds
2017-11-22T22:57:57.418+0100: 258.252: Total time for which application threads were stopped: 0.0001502 seconds, Stopping threads took: 0.0000600 seconds
2017-11-22T22:57:57.418+0100: 258.252: Total time for which application threads were stopped: 0.0000782 seconds, Stopping threads took: 0.0000249 seconds
2017-11-22T22:57:57.418+0100: 258.253: Total time for which application threads were stopped: 0.0000782 seconds, Stopping threads took: 0.0000244 seconds
2017-11-22T22:57:57.418+0100: 258.253: Total time for which application threads were stopped: 0.0001013 seconds, Stopping threads took: 0.0000316 seconds
2017-11-22T22:57:57.418+0100: 258.253: Total time for which application threads were stopped: 0.0000942 seconds, Stopping threads took: 0.0000369 seconds
2017-11-22T22:57:57.419+0100: 258.253: Total time for which application threads were stopped: 0.0002284 seconds, Stopping threads took: 0.0000240 seconds
2017-11-22T22:57:58.419+0100: 259.254: Total time for which application threads were stopped: 0.0001431 seconds, Stopping threads took: 0.0000342 seconds
2017-11-22T22:57:59.492+0100: 260.327: Total time for which application threads were stopped: 0.0002253 seconds, Stopping threads took: 0.0000738 seconds
2017-11-22T22:57:59.496+0100: 260.331: Total time for which application threads were stopped: 0.0001907 seconds, Stopping threads took: 0.0000884 seconds
2017-11-22T22:57:59.505+0100: 260.339: Total time for which application threads were stopped: 0.0004369 seconds, Stopping threads took: 0.0003280 seconds
2017-11-22T22:57:59.512+0100: 260.347: Total time for which application threads were stopped: 0.0009391 seconds, Stopping threads took: 0.0000418 seconds
2017-11-22T22:57:59.522+0100: 260.357: Total time for which application threads were stopped: 0.0004907 seconds, Stopping threads took: 0.0003804 seconds
2017-11-22T22:57:59.976+0100: 260.811: Total time for which application threads were stopped: 0.0001818 seconds, Stopping threads took: 0.0000582 seconds
{Heap before GC invocations=20 (full 2):
 par new generation   total 109248K, used 109248K [0x00000000e0000000, 0x00000000e8000000, 0x00000000e8000000)
  eden space 87424K, 100% used [0x00000000e0000000, 0x00000000e5560000, 0x00000000e5560000)
  from space 21824K, 100% used [0x00000000e5560000, 0x00000000e6ab0000, 0x00000000e6ab0000)
  to   space 21824K,   0% used [0x00000000e6ab0000, 0x00000000e6ab0000, 0x00000000e8000000)
 concurrent mark-sweep generation total 393216K, used 74084K [0x00000000e8000000, 0x0000000100000000, 0x0000000100000000)
 Metaspace       used 41797K, capacity 42742K, committed 43204K, reserved 1087488K
  class space    used 5002K, capacity 5261K, committed 5348K, reserved 1048576K
2017-11-22T22:58:05.220+0100: 266.055: [GC (Allocation Failure) 2017-11-22T22:58:05.220+0100: 266.055: [ParNew
Desired survivor size 20112992 bytes, new threshold 8 (max 8)
- age   1:    3377680 bytes,    3377680 total
- age   2:    1194496 bytes,    4572176 total
- age   3:    3898144 bytes,    8470320 total
- age   4:     747392 bytes,    9217712 total
- age   5:    6386160 bytes,   15603872 total
- age   6:    1258192 bytes,   16862064 total
- age   7:      27336 bytes,   16889400 total
- age   8:       3128 bytes,   16892528 total
: 109248K->21824K(109248K), 0.0156747 secs] 183332K->95998K(502464K), 0.0159467 secs] [Times: user=0.06 sys=0.00, real=0.02 secs] 
Heap after GC invocations=21 (full 2):
 par new generation   total 109248K, used 21824K [0x00000000e0000000, 0x00000000e8000000, 0x00000000e8000000)
  eden space 87424K,   0% used [0x00000000e0000000, 0x00000000e0000000, 0x00000000e5560000)
  from space 21824K, 100% used [0x00000000e6ab0000, 0x00000000e8000000, 0x00000000e8000000)
  to   space 21824K,   0% used [0x00000000e5560000, 0x00000000e5560000, 0x00000000e6ab0000)
 concurrent mark-sweep generation total 393216K, used 74174K [0x00000000e8000000, 0x0000000100000000, 0x0000000100000000)
 Metaspace       used 41797K, capacity 42742K, committed 43204K, reserved 1087488K
  class space    used 5002K, capacity 5261K, committed 5348K, reserved 1048576K
}
2017-11-22T22:58:05.236+0100: 266.071: Total time for which application threads were stopped: 0.0163244 seconds, Stopping threads took: 0.0000387 seconds
2017-11-22T22:58:06.236+0100: 267.071: Total time for which application threads were stopped: 0.0002364 seconds, Stopping threads took: 0.0000480 seconds
2017-11-22T22:59:51.283+0100: 372.118: Total time for which application threads were stopped: 0.0003107 seconds, Stopping threads took: 0.0000911 seconds
2017-11-22T22:59:51.288+0100: 372.123: Total time for which application threads were stopped: 0.0002076 seconds, Stopping threads took: 0.0000680 seconds
2017-11-22T22:59:51.290+0100: 372.125: Total time for which application threads were stopped: 0.0002422 seconds, Stopping threads took: 0.0000991 seconds
2017-11-22T22:59:51.293+0100: 372.127: Total time for which application threads were stopped: 0.0001436 seconds, Stopping threads took: 0.0000427 seconds
2017-11-22T22:59:51.300+0100: 372.135: Total time for which application threads were stopped: 0.0001240 seconds, Stopping threads took: 0.0000324 seconds
2017-11-22T22:59:51.301+0100: 372.136: Total time for which application threads were stopped: 0.0001004 seconds, Stopping threads took: 0.0000253 seconds
2017-11-22T22:59:51.301+0100: 372.136: Total time for which application threads were stopped: 0.0000818 seconds, Stopping threads took: 0.0000182 seconds
2017-11-22T22:59:51.305+0100: 372.140: Total time for which application threads were stopped: 0.0002067 seconds, Stopping threads took: 0.0000809 seconds
2017-11-22T22:59:55.307+0100: 376.142: Total time for which application threads were stopped: 0.0002133 seconds, Stopping threads took: 0.0000444 seconds
2017-11-22T23:00:12.582+0100: 393.417: Total time for which application threads were stopped: 0.0001991 seconds, Stopping threads took: 0.0000764 seconds
2017-11-22T23:00:12.583+0100: 393.417: Total time for which application threads were stopped: 0.0001329 seconds, Stopping threads took: 0.0000511 seconds
2017-11-22T23:00:12.692+0100: 393.527: Total time for which application threads were stopped: 0.0002093 seconds, Stopping threads took: 0.0000484 seconds
2017-11-22T23:00:12.693+0100: 393.527: Total time for which application threads were stopped: 0.0001471 seconds, Stopping threads took: 0.0000662 seconds
2017-11-22T23:00:12.693+0100: 393.528: Total time for which application threads were stopped: 0.0001378 seconds, Stopping threads took: 0.0000333 seconds
2017-11-22T23:02:00.709+0100: 501.544: Total time for which application threads were stopped: 0.0002102 seconds, Stopping threads took: 0.0000582 seconds
2017-11-22T23:02:00.709+0100: 501.544: Total time for which application threads were stopped: 0.0001080 seconds, Stopping threads took: 0.0000338 seconds
2017-11-22T23:02:01.678+0100: 502.513: Total time for which application threads were stopped: 0.0001853 seconds, Stopping threads took: 0.0000462 seconds
2017-11-22T23:02:01.681+0100: 502.516: Total time for which application threads were stopped: 0.0001187 seconds, Stopping threads took: 0.0000333 seconds
2017-11-22T23:02:13.685+0100: 514.520: Total time for which application threads were stopped: 0.0001404 seconds, Stopping threads took: 0.0000502 seconds
2017-11-22T23:02:16.430+0100: 517.265: Total time for which application threads were stopped: 0.0001529 seconds, Stopping threads took: 0.0000662 seconds
2017-11-22T23:02:16.432+0100: 517.267: Total time for which application threads were stopped: 0.0011258 seconds, Stopping threads took: 0.0009956 seconds
2017-11-22T23:02:16.432+0100: 517.267: Total time for which application threads were stopped: 0.0001449 seconds, Stopping threads took: 0.0000316 seconds
2017-11-22T23:02:16.433+0100: 517.268: Total time for which application threads were stopped: 0.0002249 seconds, Stopping threads took: 0.0000276 seconds
2017-11-22T23:02:17.433+0100: 518.268: Total time for which application threads were stopped: 0.0001547 seconds, Stopping threads took: 0.0000431 seconds
2017-11-22T23:02:28.295+0100: 529.130: Total time for which application threads were stopped: 0.0002084 seconds, Stopping threads took: 0.0000760 seconds
2017-11-22T23:02:28.295+0100: 529.130: Total time for which application threads were stopped: 0.0001413 seconds, Stopping threads took: 0.0000378 seconds
2017-11-22T23:02:28.296+0100: 529.131: Total time for which application threads were stopped: 0.0001582 seconds, Stopping threads took: 0.0000627 seconds
2017-11-22T23:02:28.297+0100: 529.131: Total time for which application threads were stopped: 0.0001213 seconds, Stopping threads took: 0.0000342 seconds
2017-11-22T23:02:29.297+0100: 530.131: Total time for which application threads were stopped: 0.0001458 seconds, Stopping threads took: 0.0000489 seconds
2017-11-22T23:03:13.309+0100: 574.144: Total time for which application threads were stopped: 0.0002778 seconds, Stopping threads took: 0.0000782 seconds
2017-11-22T23:03:46.036+0100: 606.871: Total time for which application threads were stopped: 0.0002089 seconds, Stopping threads took: 0.0000698 seconds
2017-11-22T23:03:46.036+0100: 606.871: Total time for which application threads were stopped: 0.0001862 seconds, Stopping threads took: 0.0000889 seconds
2017-11-22T23:03:46.037+0100: 606.872: Total time for which application threads were stopped: 0.0001129 seconds, Stopping threads took: 0.0000253 seconds
2017-11-22T23:03:46.037+0100: 606.872: Total time for which application threads were stopped: 0.0001467 seconds, Stopping threads took: 0.0000671 seconds
2017-11-22T23:03:46.037+0100: 606.872: Total time for which application threads were stopped: 0.0001044 seconds, Stopping threads took: 0.0000418 seconds
2017-11-22T23:03:46.038+0100: 606.873: Total time for which application threads were stopped: 0.0000956 seconds, Stopping threads took: 0.0000267 seconds
2017-11-22T23:03:47.038+0100: 607.873: Total time for which application threads were stopped: 0.0002298 seconds, Stopping threads took: 0.0000742 seconds
2017-11-22T23:04:25.122+0100: 645.957: Total time for which application threads were stopped: 0.0001720 seconds, Stopping threads took: 0.0000529 seconds
2017-11-22T23:04:25.125+0100: 645.960: Total time for which application threads were stopped: 0.0001391 seconds, Stopping threads took: 0.0000493 seconds
2017-11-22T23:04:25.127+0100: 645.962: Total time for which application threads were stopped: 0.0007480 seconds, Stopping threads took: 0.0006600 seconds
2017-11-22T23:04:25.128+0100: 645.963: Total time for which application threads were stopped: 0.0001747 seconds, Stopping threads took: 0.0000631 seconds
2017-11-22T23:04:25.128+0100: 645.963: Total time for which application threads were stopped: 0.0001258 seconds, Stopping threads took: 0.0000320 seconds
2017-11-22T23:04:25.128+0100: 645.963: Total time for which application threads were stopped: 0.0001142 seconds, Stopping threads took: 0.0000467 seconds
2017-11-22T23:04:25.129+0100: 645.964: Total time for which application threads were stopped: 0.0001258 seconds, Stopping threads took: 0.0000507 seconds
2017-11-22T23:04:25.165+0100: 646.000: Total time for which application threads were stopped: 0.0001929 seconds, Stopping threads took: 0.0000764 seconds
2017-11-22T23:04:25.166+0100: 646.001: Total time for which application threads were stopped: 0.0000951 seconds, Stopping threads took: 0.0000200 seconds
2017-11-22T23:04:25.183+0100: 646.018: Total time for which application threads were stopped: 0.0005742 seconds, Stopping threads took: 0.0004769 seconds
2017-11-22T23:04:26.186+0100: 647.021: Total time for which application threads were stopped: 0.0001720 seconds, Stopping threads took: 0.0000436 seconds
2017-11-22T23:04:43.193+0100: 664.028: Total time for which application threads were stopped: 0.0001556 seconds, Stopping threads took: 0.0000489 seconds
2017-11-22T23:06:41.541+0100: 782.376: Total time for which application threads were stopped: 0.0007338 seconds, Stopping threads took: 0.0005582 seconds
2017-11-22T23:06:41.541+0100: 782.376: Total time for which application threads were stopped: 0.0001480 seconds, Stopping threads took: 0.0000529 seconds
2017-11-22T23:06:41.542+0100: 782.377: Total time for which application threads were stopped: 0.0001627 seconds, Stopping threads took: 0.0000462 seconds
2017-11-22T23:06:41.543+0100: 782.378: Total time for which application threads were stopped: 0.0001333 seconds, Stopping threads took: 0.0000462 seconds
2017-11-22T23:06:41.544+0100: 782.379: Total time for which application threads were stopped: 0.0003373 seconds, Stopping threads took: 0.0000484 seconds
2017-11-22T23:06:41.544+0100: 782.379: Total time for which application threads were stopped: 0.0001818 seconds, Stopping threads took: 0.0000596 seconds
2017-11-22T23:06:41.776+0100: 782.611: Total time for which application threads were stopped: 0.0001502 seconds, Stopping threads took: 0.0000609 seconds
2017-11-22T23:06:41.776+0100: 782.611: Total time for which application threads were stopped: 0.0001204 seconds, Stopping threads took: 0.0000400 seconds
2017-11-22T23:06:42.776+0100: 783.611: Total time for which application threads were stopped: 0.0001569 seconds, Stopping threads took: 0.0000329 seconds
2017-11-22T23:06:43.232+0100: 784.067: Total time for which application threads were stopped: 0.0001324 seconds, Stopping threads took: 0.0000396 seconds
2017-11-22T23:06:43.238+0100: 784.073: Total time for which application threads were stopped: 0.0001378 seconds, Stopping threads took: 0.0000338 seconds
2017-11-22T23:06:50.241+0100: 791.075: Total time for which application threads were stopped: 0.0001338 seconds, Stopping threads took: 0.0000404 seconds
2017-11-22T23:07:12.247+0100: 813.082: Total time for which application threads were stopped: 0.0001760 seconds, Stopping threads took: 0.0000578 seconds
2017-11-22T23:08:06.262+0100: 867.097: Total time for which application threads were stopped: 0.0001462 seconds, Stopping threads took: 0.0000431 seconds
2017-11-22T23:10:33.303+0100: 1014.138: Total time for which application threads were stopped: 0.0001991 seconds, Stopping threads took: 0.0000591 seconds
2017-11-22T23:11:18.320+0100: 1059.155: Total time for which application threads were stopped: 0.0001951 seconds, Stopping threads took: 0.0000560 seconds
2017-11-22T23:11:54.713+0100: 1095.548: Total time for which application threads were stopped: 0.0001729 seconds, Stopping threads took: 0.0000573 seconds
2017-11-22T23:11:54.713+0100: 1095.548: Total time for which application threads were stopped: 0.0001231 seconds, Stopping threads took: 0.0000316 seconds
2017-11-22T23:11:54.714+0100: 1095.549: Total time for which application threads were stopped: 0.0001747 seconds, Stopping threads took: 0.0000556 seconds
2017-11-22T23:11:54.714+0100: 1095.549: Total time for which application threads were stopped: 0.0001453 seconds, Stopping threads took: 0.0000516 seconds
2017-11-22T23:11:54.714+0100: 1095.549: Total time for which application threads were stopped: 0.0001431 seconds, Stopping threads took: 0.0000458 seconds
2017-11-22T23:11:54.715+0100: 1095.549: Total time for which application threads were stopped: 0.0001311 seconds, Stopping threads took: 0.0000427 seconds
2017-11-22T23:11:54.716+0100: 1095.551: Total time for which application threads were stopped: 0.0012511 seconds, Stopping threads took: 0.0011511 seconds
2017-11-22T23:11:54.718+0100: 1095.553: Total time for which application threads were stopped: 0.0006160 seconds, Stopping threads took: 0.0005116 seconds
2017-11-22T23:11:54.719+0100: 1095.554: Total time for which application threads were stopped: 0.0002480 seconds, Stopping threads took: 0.0000533 seconds
2017-11-22T23:11:54.719+0100: 1095.554: Total time for which application threads were stopped: 0.0001476 seconds, Stopping threads took: 0.0000529 seconds
2017-11-22T23:11:55.719+0100: 1096.554: Total time for which application threads were stopped: 0.0001204 seconds, Stopping threads took: 0.0000356 seconds
2017-11-22T23:11:57.720+0100: 1098.555: Total time for which application threads were stopped: 0.0001618 seconds, Stopping threads took: 0.0000507 seconds
2017-11-22T23:11:58.720+0100: 1099.555: Total time for which application threads were stopped: 0.0001507 seconds, Stopping threads took: 0.0000356 seconds
2017-11-22T23:12:00.720+0100: 1101.555: Total time for which application threads were stopped: 0.0001253 seconds, Stopping threads took: 0.0000360 seconds
2017-11-22T23:12:36.965+0100: 1137.800: Total time for which application threads were stopped: 0.0001916 seconds, Stopping threads took: 0.0000627 seconds
2017-11-22T23:12:36.966+0100: 1137.801: Total time for which application threads were stopped: 0.0002836 seconds, Stopping threads took: 0.0001791 seconds
2017-11-22T23:12:37.966+0100: 1138.801: Total time for which application threads were stopped: 0.0001244 seconds, Stopping threads took: 0.0000347 seconds
2017-11-22T23:14:23.695+0100: 1244.530: Total time for which application threads were stopped: 0.0002311 seconds, Stopping threads took: 0.0000751 seconds
2017-11-22T23:19:26.225+0100: 1547.060: Total time for which application threads were stopped: 0.0002609 seconds, Stopping threads took: 0.0000867 seconds
2017-11-22T23:19:26.225+0100: 1547.060: Total time for which application threads were stopped: 0.0001102 seconds, Stopping threads took: 0.0000276 seconds
2017-11-22T23:19:26.226+0100: 1547.061: Total time for which application threads were stopped: 0.0001418 seconds, Stopping threads took: 0.0000289 seconds
2017-11-22T23:19:26.227+0100: 1547.061: Total time for which application threads were stopped: 0.0002662 seconds, Stopping threads took: 0.0000658 seconds
2017-11-22T23:19:26.227+0100: 1547.062: Total time for which application threads were stopped: 0.0001916 seconds, Stopping threads took: 0.0000742 seconds
2017-11-22T23:19:26.228+0100: 1547.063: Total time for which application threads were stopped: 0.0003351 seconds, Stopping threads took: 0.0000591 seconds
2017-11-22T23:19:43.360+0100: 1564.195: Total time for which application threads were stopped: 0.0002031 seconds, Stopping threads took: 0.0000649 seconds
2017-11-22T23:19:43.360+0100: 1564.195: Total time for which application threads were stopped: 0.0001524 seconds, Stopping threads took: 0.0000560 seconds
2017-11-22T23:19:43.361+0100: 1564.196: Total time for which application threads were stopped: 0.0001164 seconds, Stopping threads took: 0.0000338 seconds
2017-11-22T23:21:28.461+0100: 1669.296: Total time for which application threads were stopped: 0.0002684 seconds, Stopping threads took: 0.0000898 seconds
2017-11-22T23:21:28.461+0100: 1669.296: Total time for which application threads were stopped: 0.0001156 seconds, Stopping threads took: 0.0000458 seconds
2017-11-22T23:21:29.278+0100: 1670.113: Total time for which application threads were stopped: 0.0003618 seconds, Stopping threads took: 0.0002249 seconds
2017-11-22T23:21:29.283+0100: 1670.118: Total time for which application threads were stopped: 0.0001373 seconds, Stopping threads took: 0.0000360 seconds
2017-11-22T23:21:38.285+0100: 1679.120: Total time for which application threads were stopped: 0.0001413 seconds, Stopping threads took: 0.0000422 seconds
2017-11-22T23:23:24.987+0100: 1785.822: Total time for which application threads were stopped: 0.0003978 seconds, Stopping threads took: 0.0001627 seconds
2017-11-22T23:23:24.988+0100: 1785.823: Total time for which application threads were stopped: 0.0001644 seconds, Stopping threads took: 0.0000613 seconds
2017-11-22T23:23:25.989+0100: 1786.824: Total time for which application threads were stopped: 0.0001871 seconds, Stopping threads took: 0.0000453 seconds
2017-11-22T23:23:29.455+0100: 1790.290: Total time for which application threads were stopped: 0.0001724 seconds, Stopping threads took: 0.0000582 seconds
2017-11-22T23:23:29.457+0100: 1790.292: Total time for which application threads were stopped: 0.0001591 seconds, Stopping threads took: 0.0000658 seconds
2017-11-22T23:23:31.858+0100: 1792.694: Total time for which application threads were stopped: 0.0001529 seconds, Stopping threads took: 0.0000396 seconds
2017-11-22T23:23:31.861+0100: 1792.696: Total time for which application threads were stopped: 0.0001369 seconds, Stopping threads took: 0.0000400 seconds
2017-11-22T23:23:31.865+0100: 1792.700: Total time for which application threads were stopped: 0.0001240 seconds, Stopping threads took: 0.0000404 seconds
2017-11-22T23:23:31.865+0100: 1792.700: Total time for which application threads were stopped: 0.0001222 seconds, Stopping threads took: 0.0000440 seconds
2017-11-22T23:23:32.866+0100: 1793.701: Total time for which application threads were stopped: 0.0001302 seconds, Stopping threads took: 0.0000369 seconds
2017-11-22T23:23:45.906+0100: 1806.741: Total time for which application threads were stopped: 0.0001942 seconds, Stopping threads took: 0.0000667 seconds
2017-11-22T23:23:45.908+0100: 1806.743: Total time for which application threads were stopped: 0.0001467 seconds, Stopping threads took: 0.0000431 seconds
2017-11-22T23:23:45.925+0100: 1806.760: Total time for which application threads were stopped: 0.0002658 seconds, Stopping threads took: 0.0000778 seconds
2017-11-22T23:25:12.023+0100: 1892.858: Total time for which application threads were stopped: 0.0002609 seconds, Stopping threads took: 0.0000858 seconds
2017-11-22T23:25:12.023+0100: 1892.858: Total time for which application threads were stopped: 0.0001298 seconds, Stopping threads took: 0.0000471 seconds
2017-11-22T23:25:12.024+0100: 1892.859: Total time for which application threads were stopped: 0.0001284 seconds, Stopping threads took: 0.0000636 seconds
2017-11-22T23:25:17.026+0100: 1897.861: Total time for which application threads were stopped: 0.0001809 seconds, Stopping threads took: 0.0000418 seconds
2017-11-22T23:25:33.568+0100: 1914.403: Total time for which application threads were stopped: 0.0004698 seconds, Stopping threads took: 0.0000551 seconds
2017-11-22T23:25:33.569+0100: 1914.403: Total time for which application threads were stopped: 0.0002053 seconds, Stopping threads took: 0.0000680 seconds
2017-11-22T23:25:33.569+0100: 1914.404: Total time for which application threads were stopped: 0.0001884 seconds, Stopping threads took: 0.0000822 seconds
2017-11-22T23:25:33.570+0100: 1914.405: Total time for which application threads were stopped: 0.0002009 seconds, Stopping threads took: 0.0000587 seconds
2017-11-22T23:25:33.570+0100: 1914.405: Total time for which application threads were stopped: 0.0001400 seconds, Stopping threads took: 0.0000369 seconds
2017-11-22T23:25:33.572+0100: 1914.407: Total time for which application threads were stopped: 0.0001476 seconds, Stopping threads took: 0.0000422 seconds
2017-11-22T23:25:33.572+0100: 1914.407: Total time for which application threads were stopped: 0.0001742 seconds, Stopping threads took: 0.0000636 seconds
2017-11-22T23:25:33.574+0100: 1914.409: Total time for which application threads were stopped: 0.0011173 seconds, Stopping threads took: 0.0009800 seconds
2017-11-22T23:25:33.575+0100: 1914.409: Total time for which application threads were stopped: 0.0001587 seconds, Stopping threads took: 0.0000329 seconds
2017-11-22T23:25:33.579+0100: 1914.413: Total time for which application threads were stopped: 0.0023062 seconds, Stopping threads took: 0.0021667 seconds
2017-11-22T23:25:33.579+0100: 1914.414: Total time for which application threads were stopped: 0.0001969 seconds, Stopping threads took: 0.0000836 seconds
2017-11-22T23:25:34.580+0100: 1915.414: Total time for which application threads were stopped: 0.0001702 seconds, Stopping threads took: 0.0000409 seconds
2017-11-22T23:26:18.112+0100: 1958.947: Total time for which application threads were stopped: 0.0001578 seconds, Stopping threads took: 0.0000462 seconds
2017-11-22T23:26:18.112+0100: 1958.947: Total time for which application threads were stopped: 0.0001391 seconds, Stopping threads took: 0.0000413 seconds
2017-11-22T23:27:49.112+0100: 2049.948: Total time for which application threads were stopped: 0.0003480 seconds, Stopping threads took: 0.0001551 seconds
2017-11-22T23:30:56.254+0100: 2237.089: Total time for which application threads were stopped: 0.0002258 seconds, Stopping threads took: 0.0000649 seconds
2017-11-22T23:30:56.254+0100: 2237.089: Total time for which application threads were stopped: 0.0001013 seconds, Stopping threads took: 0.0000276 seconds
2017-11-22T23:31:01.625+0100: 2242.460: Total time for which application threads were stopped: 0.0004116 seconds, Stopping threads took: 0.0001098 seconds
2017-11-22T23:31:01.625+0100: 2242.460: Total time for which application threads were stopped: 0.0001267 seconds, Stopping threads took: 0.0000298 seconds
2017-11-22T23:31:01.626+0100: 2242.461: Total time for which application threads were stopped: 0.0001049 seconds, Stopping threads took: 0.0000289 seconds
2017-11-22T23:31:01.626+0100: 2242.461: Total time for which application threads were stopped: 0.0001018 seconds, Stopping threads took: 0.0000258 seconds
2017-11-22T23:31:01.627+0100: 2242.461: Total time for which application threads were stopped: 0.0000853 seconds, Stopping threads took: 0.0000253 seconds
2017-11-22T23:31:01.627+0100: 2242.462: Total time for which application threads were stopped: 0.0000831 seconds, Stopping threads took: 0.0000227 seconds
2017-11-22T23:31:01.633+0100: 2242.467: Total time for which application threads were stopped: 0.0001684 seconds, Stopping threads took: 0.0000400 seconds
2017-11-22T23:31:01.639+0100: 2242.474: Total time for which application threads were stopped: 0.0001956 seconds, Stopping threads took: 0.0000351 seconds
2017-11-22T23:31:27.611+0100: 2268.447: Total time for which application threads were stopped: 0.0002547 seconds, Stopping threads took: 0.0001084 seconds
2017-11-22T23:31:27.612+0100: 2268.447: Total time for which application threads were stopped: 0.0002924 seconds, Stopping threads took: 0.0001702 seconds
2017-11-22T23:32:16.607+0100: 2317.442: Total time for which application threads were stopped: 0.0002409 seconds, Stopping threads took: 0.0000724 seconds
2017-11-22T23:32:16.607+0100: 2317.442: Total time for which application threads were stopped: 0.0000862 seconds, Stopping threads took: 0.0000227 seconds
2017-11-22T23:32:16.608+0100: 2317.443: Total time for which application threads were stopped: 0.0000760 seconds, Stopping threads took: 0.0000191 seconds
2017-11-22T23:32:16.608+0100: 2317.443: Total time for which application threads were stopped: 0.0001013 seconds, Stopping threads took: 0.0000351 seconds
2017-11-22T23:32:26.612+0100: 2327.447: Total time for which application threads were stopped: 0.0002249 seconds, Stopping threads took: 0.0000644 seconds
2017-11-22T23:32:30.936+0100: 2331.771: Total time for which application threads were stopped: 0.0003418 seconds, Stopping threads took: 0.0000378 seconds
2017-11-22T23:32:30.937+0100: 2331.772: Total time for which application threads were stopped: 0.0001733 seconds, Stopping threads took: 0.0000622 seconds
2017-11-22T23:32:31.352+0100: 2332.187: Total time for which application threads were stopped: 0.0001342 seconds, Stopping threads took: 0.0000480 seconds
2017-11-22T23:32:31.352+0100: 2332.187: Total time for which application threads were stopped: 0.0001098 seconds, Stopping threads took: 0.0000400 seconds
2017-11-22T23:32:31.353+0100: 2332.187: Total time for which application threads were stopped: 0.0001022 seconds, Stopping threads took: 0.0000244 seconds
2017-11-22T23:32:31.353+0100: 2332.188: Total time for which application threads were stopped: 0.0001209 seconds, Stopping threads took: 0.0000369 seconds
2017-11-22T23:32:32.353+0100: 2333.188: Total time for which application threads were stopped: 0.0001613 seconds, Stopping threads took: 0.0000467 seconds
2017-11-22T23:33:08.467+0100: 2369.302: Total time for which application threads were stopped: 0.0002818 seconds, Stopping threads took: 0.0001636 seconds
2017-11-22T23:34:36.415+0100: 2457.250: Total time for which application threads were stopped: 0.0003040 seconds, Stopping threads took: 0.0001138 seconds
2017-11-22T23:34:36.418+0100: 2457.253: Total time for which application threads were stopped: 0.0001684 seconds, Stopping threads took: 0.0000653 seconds
2017-11-22T23:34:36.419+0100: 2457.253: Total time for which application threads were stopped: 0.0002173 seconds, Stopping threads took: 0.0001093 seconds
2017-11-22T23:34:36.420+0100: 2457.254: Total time for which application threads were stopped: 0.0002867 seconds, Stopping threads took: 0.0001756 seconds
2017-11-22T23:34:36.421+0100: 2457.255: Total time for which application threads were stopped: 0.0001284 seconds, Stopping threads took: 0.0000422 seconds
2017-11-22T23:34:36.421+0100: 2457.256: Total time for which application threads were stopped: 0.0001178 seconds, Stopping threads took: 0.0000378 seconds
2017-11-22T23:34:36.421+0100: 2457.256: Total time for which application threads were stopped: 0.0004489 seconds, Stopping threads took: 0.0003471 seconds
2017-11-22T23:34:37.422+0100: 2458.257: Total time for which application threads were stopped: 0.0001191 seconds, Stopping threads took: 0.0000347 seconds
2017-11-22T23:34:42.642+0100: 2463.477: Total time for which application threads were stopped: 0.0001773 seconds, Stopping threads took: 0.0000391 seconds
2017-11-22T23:34:42.649+0100: 2463.484: Total time for which application threads were stopped: 0.0005053 seconds, Stopping threads took: 0.0001636 seconds
2017-11-22T23:34:42.684+0100: 2463.519: Total time for which application threads were stopped: 0.0008569 seconds, Stopping threads took: 0.0006982 seconds
2017-11-22T23:34:42.694+0100: 2463.529: Total time for which application threads were stopped: 0.0001853 seconds, Stopping threads took: 0.0000649 seconds
2017-11-22T23:34:43.694+0100: 2464.529: Total time for which application threads were stopped: 0.0001591 seconds, Stopping threads took: 0.0000413 seconds
2017-11-22T23:35:05.135+0100: 2485.970: Total time for which application threads were stopped: 0.0001373 seconds, Stopping threads took: 0.0000391 seconds
2017-11-22T23:35:05.140+0100: 2485.975: Total time for which application threads were stopped: 0.0001880 seconds, Stopping threads took: 0.0000351 seconds
2017-11-22T23:35:07.141+0100: 2487.975: Total time for which application threads were stopped: 0.0001338 seconds, Stopping threads took: 0.0000387 seconds
2017-11-22T23:35:10.141+0100: 2490.976: Total time for which application threads were stopped: 0.0001480 seconds, Stopping threads took: 0.0000440 seconds
2017-11-22T23:36:02.157+0100: 2542.992: Total time for which application threads were stopped: 0.0001662 seconds, Stopping threads took: 0.0000489 seconds
2017-11-22T23:36:03.196+0100: 2544.031: Total time for which application threads were stopped: 0.0001756 seconds, Stopping threads took: 0.0000409 seconds
2017-11-22T23:36:03.199+0100: 2544.034: Total time for which application threads were stopped: 0.0001729 seconds, Stopping threads took: 0.0000640 seconds
2017-11-22T23:36:04.877+0100: 2545.711: Total time for which application threads were stopped: 0.0004391 seconds, Stopping threads took: 0.0001707 seconds
2017-11-22T23:36:04.884+0100: 2545.718: Total time for which application threads were stopped: 0.0004382 seconds, Stopping threads took: 0.0002138 seconds
2017-11-22T23:36:18.151+0100: 2558.986: Total time for which application threads were stopped: 0.0004489 seconds, Stopping threads took: 0.0000978 seconds
2017-11-22T23:36:19.152+0100: 2559.987: Total time for which application threads were stopped: 0.0001596 seconds, Stopping threads took: 0.0000489 seconds
2017-11-22T23:36:43.158+0100: 2583.993: Total time for which application threads were stopped: 0.0001893 seconds, Stopping threads took: 0.0000582 seconds
2017-11-22T23:37:03.233+0100: 2604.068: Total time for which application threads were stopped: 0.0001862 seconds, Stopping threads took: 0.0000476 seconds
2017-11-22T23:37:03.234+0100: 2604.069: Total time for which application threads were stopped: 0.0001218 seconds, Stopping threads took: 0.0000307 seconds
2017-11-22T23:37:06.234+0100: 2607.069: Total time for which application threads were stopped: 0.0001644 seconds, Stopping threads took: 0.0000396 seconds
2017-11-22T23:37:09.805+0100: 2610.639: Total time for which application threads were stopped: 0.0002942 seconds, Stopping threads took: 0.0001671 seconds
2017-11-22T23:37:09.805+0100: 2610.640: Total time for which application threads were stopped: 0.0001004 seconds, Stopping threads took: 0.0000311 seconds
2017-11-22T23:37:12.805+0100: 2613.640: Total time for which application threads were stopped: 0.0001644 seconds, Stopping threads took: 0.0000462 seconds
2017-11-22T23:37:24.672+0100: 2625.507: Total time for which application threads were stopped: 0.0001813 seconds, Stopping threads took: 0.0000502 seconds
2017-11-22T23:42:15.028+0100: 2915.863: Total time for which application threads were stopped: 0.0003836 seconds, Stopping threads took: 0.0001293 seconds
2017-11-22T23:42:15.028+0100: 2915.863: Total time for which application threads were stopped: 0.0001818 seconds, Stopping threads took: 0.0000458 seconds
2017-11-22T23:42:15.029+0100: 2915.864: Total time for which application threads were stopped: 0.0004836 seconds, Stopping threads took: 0.0003862 seconds
2017-11-22T23:42:15.029+0100: 2915.864: Total time for which application threads were stopped: 0.0003129 seconds, Stopping threads took: 0.0001969 seconds
2017-11-22T23:42:15.030+0100: 2915.866: Total time for which application threads were stopped: 0.0001364 seconds, Stopping threads took: 0.0000356 seconds
2017-11-22T23:42:15.031+0100: 2915.866: Total time for which application threads were stopped: 0.0001338 seconds, Stopping threads took: 0.0000351 seconds
2017-11-22T23:42:17.069+0100: 2917.905: Total time for which application threads were stopped: 0.0001960 seconds, Stopping threads took: 0.0000489 seconds
2017-11-22T23:42:17.074+0100: 2917.909: Total time for which application threads were stopped: 0.0002404 seconds, Stopping threads took: 0.0000489 seconds
2017-11-22T23:42:17.354+0100: 2918.189: Total time for which application threads were stopped: 0.0001436 seconds, Stopping threads took: 0.0000378 seconds
2017-11-22T23:42:17.357+0100: 2918.192: Total time for which application threads were stopped: 0.0001938 seconds, Stopping threads took: 0.0000609 seconds
2017-11-22T23:42:20.469+0100: 2921.304: Total time for which application threads were stopped: 0.0008902 seconds, Stopping threads took: 0.0007378 seconds
2017-11-22T23:42:20.470+0100: 2921.305: Total time for which application threads were stopped: 0.0001431 seconds, Stopping threads took: 0.0000502 seconds
2017-11-22T23:42:20.471+0100: 2921.306: Total time for which application threads were stopped: 0.0004116 seconds, Stopping threads took: 0.0000453 seconds
2017-11-22T23:42:21.472+0100: 2922.307: Total time for which application threads were stopped: 0.0001911 seconds, Stopping threads took: 0.0000436 seconds
2017-11-22T23:42:33.834+0100: 2934.669: Total time for which application threads were stopped: 0.0002000 seconds, Stopping threads took: 0.0000524 seconds
2017-11-22T23:42:33.921+0100: 2934.756: Total time for which application threads were stopped: 0.0002116 seconds, Stopping threads took: 0.0000631 seconds
2017-11-22T23:42:34.921+0100: 2935.756: Total time for which application threads were stopped: 0.0001436 seconds, Stopping threads took: 0.0000404 seconds
2017-11-22T23:42:35.584+0100: 2936.419: Total time for which application threads were stopped: 0.0004707 seconds, Stopping threads took: 0.0000853 seconds
2017-11-22T23:42:41.587+0100: 2942.422: Total time for which application threads were stopped: 0.0001662 seconds, Stopping threads took: 0.0000462 seconds
2017-11-22T23:42:42.588+0100: 2943.423: Total time for which application threads were stopped: 0.0002204 seconds, Stopping threads took: 0.0000418 seconds
2017-11-22T23:42:43.588+0100: 2944.423: Total time for which application threads were stopped: 0.0001951 seconds, Stopping threads took: 0.0000524 seconds
2017-11-22T23:42:44.073+0100: 2944.908: Total time for which application threads were stopped: 0.0003013 seconds, Stopping threads took: 0.0001289 seconds
2017-11-22T23:42:44.082+0100: 2944.917: Total time for which application threads were stopped: 0.0001996 seconds, Stopping threads took: 0.0000467 seconds
2017-11-22T23:42:57.087+0100: 2957.922: Total time for which application threads were stopped: 0.0001640 seconds, Stopping threads took: 0.0000364 seconds
2017-11-22T23:43:04.008+0100: 2964.843: Total time for which application threads were stopped: 0.0006893 seconds, Stopping threads took: 0.0005382 seconds
2017-11-22T23:43:05.008+0100: 2965.843: Total time for which application threads were stopped: 0.0001844 seconds, Stopping threads took: 0.0000609 seconds
2017-11-22T23:43:06.008+0100: 2966.843: Total time for which application threads were stopped: 0.0001511 seconds, Stopping threads took: 0.0000404 seconds
2017-11-22T23:43:11.009+0100: 2971.844: Total time for which application threads were stopped: 0.0002036 seconds, Stopping threads took: 0.0000396 seconds
2017-11-22T23:43:15.010+0100: 2975.845: Total time for which application threads were stopped: 0.0002044 seconds, Stopping threads took: 0.0000453 seconds
2017-11-22T23:43:21.012+0100: 2981.847: Total time for which application threads were stopped: 0.0001796 seconds, Stopping threads took: 0.0000507 seconds
2017-11-22T23:43:22.012+0100: 2982.847: Total time for which application threads were stopped: 0.0002804 seconds, Stopping threads took: 0.0000413 seconds
2017-11-22T23:43:30.014+0100: 2990.849: Total time for which application threads were stopped: 0.0001773 seconds, Stopping threads took: 0.0000431 seconds
2017-11-22T23:43:34.016+0100: 2994.851: Total time for which application threads were stopped: 0.0001822 seconds, Stopping threads took: 0.0000467 seconds
2017-11-22T23:43:35.016+0100: 2995.851: Total time for which application threads were stopped: 0.0001671 seconds, Stopping threads took: 0.0000453 seconds
2017-11-22T23:43:37.017+0100: 2997.852: Total time for which application threads were stopped: 0.0001520 seconds, Stopping threads took: 0.0000378 seconds
2017-11-22T23:43:46.786+0100: 3007.621: Total time for which application threads were stopped: 0.0001938 seconds, Stopping threads took: 0.0000533 seconds
2017-11-22T23:43:46.786+0100: 3007.621: Total time for which application threads were stopped: 0.0001133 seconds, Stopping threads took: 0.0000338 seconds
2017-11-22T23:43:47.786+0100: 3008.621: Total time for which application threads were stopped: 0.0001551 seconds, Stopping threads took: 0.0000449 seconds
2017-11-22T23:43:50.788+0100: 3011.623: Total time for which application threads were stopped: 0.0008004 seconds, Stopping threads took: 0.0006449 seconds
2017-11-22T23:43:54.789+0100: 3015.624: Total time for which application threads were stopped: 0.0001511 seconds, Stopping threads took: 0.0000404 seconds
2017-11-22T23:44:01.793+0100: 3022.628: Total time for which application threads were stopped: 0.0001649 seconds, Stopping threads took: 0.0000409 seconds
2017-11-22T23:44:02.793+0100: 3023.628: Total time for which application threads were stopped: 0.0001547 seconds, Stopping threads took: 0.0000449 seconds
2017-11-22T23:44:04.794+0100: 3025.629: Total time for which application threads were stopped: 0.0001676 seconds, Stopping threads took: 0.0000489 seconds
2017-11-22T23:44:09.138+0100: 3029.973: Total time for which application threads were stopped: 0.0001262 seconds, Stopping threads took: 0.0000342 seconds
2017-11-22T23:44:09.139+0100: 3029.973: Total time for which application threads were stopped: 0.0001089 seconds, Stopping threads took: 0.0000307 seconds
2017-11-22T23:44:20.224+0100: 3041.059: Total time for which application threads were stopped: 0.0002142 seconds, Stopping threads took: 0.0000520 seconds
2017-11-22T23:44:21.224+0100: 3042.059: Total time for which application threads were stopped: 0.0001453 seconds, Stopping threads took: 0.0000511 seconds
2017-11-22T23:45:03.192+0100: 3084.027: Total time for which application threads were stopped: 0.0003702 seconds, Stopping threads took: 0.0001164 seconds
2017-11-22T23:45:03.193+0100: 3084.028: Total time for which application threads were stopped: 0.0002738 seconds, Stopping threads took: 0.0000680 seconds
2017-11-22T23:45:03.194+0100: 3084.029: Total time for which application threads were stopped: 0.0004036 seconds, Stopping threads took: 0.0000680 seconds
2017-11-22T23:45:03.194+0100: 3084.029: Total time for which application threads were stopped: 0.0002813 seconds, Stopping threads took: 0.0000676 seconds
2017-11-22T23:45:03.195+0100: 3084.030: Total time for which application threads were stopped: 0.0001467 seconds, Stopping threads took: 0.0000404 seconds
2017-11-22T23:45:03.195+0100: 3084.030: Total time for which application threads were stopped: 0.0002147 seconds, Stopping threads took: 0.0001156 seconds
2017-11-22T23:47:14.192+0100: 3215.027: Total time for which application threads were stopped: 0.0002373 seconds, Stopping threads took: 0.0000582 seconds
2017-11-22T23:47:14.192+0100: 3215.027: Total time for which application threads were stopped: 0.0000902 seconds, Stopping threads took: 0.0000244 seconds
2017-11-22T23:48:45.208+0100: 3306.043: Total time for which application threads were stopped: 0.0003049 seconds, Stopping threads took: 0.0000942 seconds
2017-11-22T23:48:45.209+0100: 3306.044: Total time for which application threads were stopped: 0.0001320 seconds, Stopping threads took: 0.0000311 seconds
2017-11-22T23:52:30.657+0100: 3531.493: Total time for which application threads were stopped: 0.0002342 seconds, Stopping threads took: 0.0000627 seconds
2017-11-22T23:52:30.658+0100: 3531.493: Total time for which application threads were stopped: 0.0001289 seconds, Stopping threads took: 0.0000502 seconds
2017-11-22T23:52:38.140+0100: 3538.975: Total time for which application threads were stopped: 0.0001747 seconds, Stopping threads took: 0.0000538 seconds
2017-11-22T23:52:38.146+0100: 3538.981: Total time for which application threads were stopped: 0.0002578 seconds, Stopping threads took: 0.0000636 seconds
2017-11-22T23:52:39.146+0100: 3539.981: Total time for which application threads were stopped: 0.0001276 seconds, Stopping threads took: 0.0000356 seconds
2017-11-22T23:52:43.147+0100: 3543.982: Total time for which application threads were stopped: 0.0001431 seconds, Stopping threads took: 0.0000396 seconds
2017-11-22T23:52:51.883+0100: 3552.719: Total time for which application threads were stopped: 0.0003951 seconds, Stopping threads took: 0.0000951 seconds
2017-11-22T23:52:51.884+0100: 3552.719: Total time for which application threads were stopped: 0.0001738 seconds, Stopping threads took: 0.0000560 seconds
2017-11-22T23:52:51.885+0100: 3552.720: Total time for which application threads were stopped: 0.0001969 seconds, Stopping threads took: 0.0000836 seconds
2017-11-22T23:52:51.885+0100: 3552.721: Total time for which application threads were stopped: 0.0002369 seconds, Stopping threads took: 0.0001013 seconds
2017-11-22T23:52:51.886+0100: 3552.721: Total time for which application threads were stopped: 0.0001644 seconds, Stopping threads took: 0.0000716 seconds
2017-11-22T23:52:51.887+0100: 3552.722: Total time for which application threads were stopped: 0.0001547 seconds, Stopping threads took: 0.0000449 seconds
2017-11-22T23:52:51.887+0100: 3552.722: Total time for which application threads were stopped: 0.0001702 seconds, Stopping threads took: 0.0000711 seconds
2017-11-22T23:52:52.888+0100: 3553.723: Total time for which application threads were stopped: 0.0001951 seconds, Stopping threads took: 0.0000467 seconds
2017-11-22T23:53:42.694+0100: 3603.529: Total time for which application threads were stopped: 0.0003427 seconds, Stopping threads took: 0.0001529 seconds
2017-11-22T23:53:42.695+0100: 3603.530: Total time for which application threads were stopped: 0.0003578 seconds, Stopping threads took: 0.0000391 seconds
2017-11-22T23:53:42.695+0100: 3603.530: Total time for which application threads were stopped: 0.0001249 seconds, Stopping threads took: 0.0000298 seconds
2017-11-22T23:53:42.696+0100: 3603.531: Total time for which application threads were stopped: 0.0002622 seconds, Stopping threads took: 0.0001480 seconds
2017-11-22T23:53:42.696+0100: 3603.531: Total time for which application threads were stopped: 0.0001600 seconds, Stopping threads took: 0.0000844 seconds
2017-11-22T23:53:42.699+0100: 3603.534: Total time for which application threads were stopped: 0.0001747 seconds, Stopping threads took: 0.0000622 seconds
2017-11-22T23:53:42.699+0100: 3603.534: Total time for which application threads were stopped: 0.0002298 seconds, Stopping threads took: 0.0000747 seconds
2017-11-22T23:53:42.700+0100: 3603.535: Total time for which application threads were stopped: 0.0001613 seconds, Stopping threads took: 0.0000733 seconds
2017-11-22T23:53:42.700+0100: 3603.535: Total time for which application threads were stopped: 0.0001249 seconds, Stopping threads took: 0.0000378 seconds
2017-11-22T23:53:42.701+0100: 3603.535: Total time for which application threads were stopped: 0.0001378 seconds, Stopping threads took: 0.0000511 seconds
2017-11-22T23:53:42.701+0100: 3603.536: Total time for which application threads were stopped: 0.0002173 seconds, Stopping threads took: 0.0000960 seconds
2017-11-22T23:53:43.701+0100: 3604.536: Total time for which application threads were stopped: 0.0001676 seconds, Stopping threads took: 0.0000467 seconds
2017-11-22T23:53:50.703+0100: 3611.537: Total time for which application threads were stopped: 0.0001778 seconds, Stopping threads took: 0.0000467 seconds
2017-11-22T23:53:52.703+0100: 3613.538: Total time for which application threads were stopped: 0.0001364 seconds, Stopping threads took: 0.0000364 seconds
2017-11-22T23:53:53.853+0100: 3614.687: Total time for which application threads were stopped: 0.0002142 seconds, Stopping threads took: 0.0000849 seconds
2017-11-22T23:53:53.853+0100: 3614.688: Total time for which application threads were stopped: 0.0004720 seconds, Stopping threads took: 0.0002071 seconds
2017-11-22T23:53:53.861+0100: 3614.696: Total time for which application threads were stopped: 0.0038009 seconds, Stopping threads took: 0.0036400 seconds
2017-11-22T23:53:53.861+0100: 3614.696: Total time for which application threads were stopped: 0.0001142 seconds, Stopping threads took: 0.0000347 seconds
2017-11-22T23:53:53.861+0100: 3614.696: Total time for which application threads were stopped: 0.0001022 seconds, Stopping threads took: 0.0000271 seconds
2017-11-22T23:53:53.862+0100: 3614.697: Total time for which application threads were stopped: 0.0002756 seconds, Stopping threads took: 0.0001867 seconds
2017-11-22T23:53:54.862+0100: 3615.697: Total time for which application threads were stopped: 0.0001862 seconds, Stopping threads took: 0.0000471 seconds
2017-11-22T23:55:53.832+0100: 3734.667: Total time for which application threads were stopped: 0.0002973 seconds, Stopping threads took: 0.0000960 seconds
2017-11-22T23:55:53.834+0100: 3734.669: Total time for which application threads were stopped: 0.0003600 seconds, Stopping threads took: 0.0000511 seconds
2017-11-22T23:55:53.835+0100: 3734.670: Total time for which application threads were stopped: 0.0003529 seconds, Stopping threads took: 0.0000493 seconds
2017-11-22T23:55:53.836+0100: 3734.671: Total time for which application threads were stopped: 0.0001333 seconds, Stopping threads took: 0.0000338 seconds
2017-11-22T23:55:56.775+0100: 3737.610: Total time for which application threads were stopped: 0.0002062 seconds, Stopping threads took: 0.0000644 seconds
2017-11-22T23:56:15.028+0100: 3755.864: Total time for which application threads were stopped: 0.0002076 seconds, Stopping threads took: 0.0000507 seconds
2017-11-22T23:56:15.029+0100: 3755.864: Total time for which application threads were stopped: 0.0001551 seconds, Stopping threads took: 0.0000600 seconds
2017-11-22T23:56:15.029+0100: 3755.864: Total time for which application threads were stopped: 0.0001178 seconds, Stopping threads took: 0.0000298 seconds
2017-11-22T23:56:54.443+0100: 3795.278: Total time for which application threads were stopped: 0.0001591 seconds, Stopping threads took: 0.0000507 seconds
2017-11-22T23:56:54.443+0100: 3795.278: Total time for which application threads were stopped: 0.0001916 seconds, Stopping threads took: 0.0001062 seconds
2017-11-22T23:56:56.130+0100: 3796.965: Total time for which application threads were stopped: 0.0001613 seconds, Stopping threads took: 0.0000427 seconds
2017-11-22T23:56:56.133+0100: 3796.968: Total time for which application threads were stopped: 0.0001649 seconds, Stopping threads took: 0.0000569 seconds
2017-11-22T23:56:56.133+0100: 3796.968: Total time for which application threads were stopped: 0.0001356 seconds, Stopping threads took: 0.0000502 seconds
2017-11-22T23:56:56.137+0100: 3796.971: Total time for which application threads were stopped: 0.0002324 seconds, Stopping threads took: 0.0000702 seconds
2017-11-22T23:56:56.151+0100: 3796.987: Total time for which application threads were stopped: 0.0031618 seconds, Stopping threads took: 0.0030249 seconds
2017-11-22T23:56:56.152+0100: 3796.987: Total time for which application threads were stopped: 0.0001813 seconds, Stopping threads took: 0.0000689 seconds
2017-11-22T23:56:56.178+0100: 3797.013: Total time for which application threads were stopped: 0.0002418 seconds, Stopping threads took: 0.0001076 seconds
2017-11-22T23:56:56.190+0100: 3797.025: Total time for which application threads were stopped: 0.0002373 seconds, Stopping threads took: 0.0001004 seconds
2017-11-22T23:57:05.519+0100: 3806.354: Total time for which application threads were stopped: 0.0001760 seconds, Stopping threads took: 0.0000627 seconds
2017-11-22T23:57:05.527+0100: 3806.362: Total time for which application threads were stopped: 0.0001969 seconds, Stopping threads took: 0.0000418 seconds
2017-11-22T23:57:07.529+0100: 3808.363: Total time for which application threads were stopped: 0.0002458 seconds, Stopping threads took: 0.0000818 seconds
2017-11-22T23:57:46.547+0100: 3847.382: Total time for which application threads were stopped: 0.0002587 seconds, Stopping threads took: 0.0000644 seconds
2017-11-22T23:57:49.548+0100: 3850.383: Total time for which application threads were stopped: 0.0001324 seconds, Stopping threads took: 0.0000364 seconds
2017-11-22T23:57:51.550+0100: 3852.385: Total time for which application threads were stopped: 0.0001302 seconds, Stopping threads took: 0.0000351 seconds
2017-11-22T23:57:52.551+0100: 3853.385: Total time for which application threads were stopped: 0.0001307 seconds, Stopping threads took: 0.0000338 seconds
2017-11-22T23:57:54.552+0100: 3855.387: Total time for which application threads were stopped: 0.0001658 seconds, Stopping threads took: 0.0000418 seconds
2017-11-22T23:57:57.554+0100: 3858.389: Total time for which application threads were stopped: 0.0001462 seconds, Stopping threads took: 0.0000409 seconds
2017-11-22T23:57:58.554+0100: 3859.389: Total time for which application threads were stopped: 0.0001542 seconds, Stopping threads took: 0.0000413 seconds
2017-11-22T23:58:06.517+0100: 3867.352: Total time for which application threads were stopped: 0.0003622 seconds, Stopping threads took: 0.0000751 seconds
2017-11-22T23:58:06.525+0100: 3867.359: Total time for which application threads were stopped: 0.0006213 seconds, Stopping threads took: 0.0000938 seconds
2017-11-22T23:58:06.533+0100: 3867.367: Total time for which application threads were stopped: 0.0002089 seconds, Stopping threads took: 0.0000653 seconds
2017-11-22T23:58:06.548+0100: 3867.383: Total time for which application threads were stopped: 0.0009911 seconds, Stopping threads took: 0.0008351 seconds
2017-11-23T00:00:41.357+0100: 4022.192: Total time for which application threads were stopped: 0.0002680 seconds, Stopping threads took: 0.0000889 seconds
2017-11-23T00:00:41.359+0100: 4022.194: Total time for which application threads were stopped: 0.0003773 seconds, Stopping threads took: 0.0002840 seconds
2017-11-23T00:00:41.362+0100: 4022.197: Total time for which application threads were stopped: 0.0004498 seconds, Stopping threads took: 0.0000480 seconds
2017-11-23T00:00:42.362+0100: 4023.197: Total time for which application threads were stopped: 0.0001569 seconds, Stopping threads took: 0.0000351 seconds
2017-11-23T00:00:53.054+0100: 4033.889: Total time for which application threads were stopped: 0.0001942 seconds, Stopping threads took: 0.0000538 seconds
2017-11-23T00:00:53.054+0100: 4033.890: Total time for which application threads were stopped: 0.0001493 seconds, Stopping threads took: 0.0000400 seconds
2017-11-23T00:00:53.055+0100: 4033.890: Total time for which application threads were stopped: 0.0001747 seconds, Stopping threads took: 0.0000280 seconds
2017-11-23T00:00:53.055+0100: 4033.891: Total time for which application threads were stopped: 0.0001409 seconds, Stopping threads took: 0.0000307 seconds
2017-11-23T00:00:53.055+0100: 4033.891: Total time for which application threads were stopped: 0.0000938 seconds, Stopping threads took: 0.0000298 seconds
2017-11-23T00:00:53.056+0100: 4033.891: Total time for which application threads were stopped: 0.0001587 seconds, Stopping threads took: 0.0000538 seconds
2017-11-23T00:00:53.056+0100: 4033.891: Total time for which application threads were stopped: 0.0001396 seconds, Stopping threads took: 0.0000431 seconds
2017-11-23T00:00:53.056+0100: 4033.892: Total time for which application threads were stopped: 0.0001871 seconds, Stopping threads took: 0.0001009 seconds
2017-11-23T00:00:53.057+0100: 4033.892: Total time for which application threads were stopped: 0.0001036 seconds, Stopping threads took: 0.0000396 seconds
2017-11-23T00:00:53.057+0100: 4033.893: Total time for which application threads were stopped: 0.0000778 seconds, Stopping threads took: 0.0000200 seconds
2017-11-23T00:00:53.057+0100: 4033.893: Total time for which application threads were stopped: 0.0000969 seconds, Stopping threads took: 0.0000382 seconds
2017-11-23T00:00:53.058+0100: 4033.893: Total time for which application threads were stopped: 0.0001138 seconds, Stopping threads took: 0.0000391 seconds
2017-11-23T00:00:53.058+0100: 4033.894: Total time for which application threads were stopped: 0.0001107 seconds, Stopping threads took: 0.0000298 seconds
2017-11-23T00:00:53.140+0100: 4033.975: Total time for which application threads were stopped: 0.0001613 seconds, Stopping threads took: 0.0000560 seconds
2017-11-23T00:00:53.140+0100: 4033.975: Total time for which application threads were stopped: 0.0001124 seconds, Stopping threads took: 0.0000262 seconds
2017-11-23T00:00:53.145+0100: 4033.981: Total time for which application threads were stopped: 0.0002507 seconds, Stopping threads took: 0.0000813 seconds
2017-11-23T00:01:24.302+0100: 4065.137: Total time for which application threads were stopped: 0.0003102 seconds, Stopping threads took: 0.0001724 seconds
2017-11-23T00:01:24.304+0100: 4065.139: Total time for which application threads were stopped: 0.0001818 seconds, Stopping threads took: 0.0000511 seconds
2017-11-23T00:01:24.304+0100: 4065.139: Total time for which application threads were stopped: 0.0000969 seconds, Stopping threads took: 0.0000329 seconds
2017-11-23T00:01:24.304+0100: 4065.139: Total time for which application threads were stopped: 0.0000951 seconds, Stopping threads took: 0.0000338 seconds
2017-11-23T00:01:24.305+0100: 4065.140: Total time for which application threads were stopped: 0.0004493 seconds, Stopping threads took: 0.0003787 seconds
2017-11-23T00:01:24.305+0100: 4065.140: Total time for which application threads were stopped: 0.0000996 seconds, Stopping threads took: 0.0000333 seconds
2017-11-23T00:01:24.307+0100: 4065.142: Total time for which application threads were stopped: 0.0002138 seconds, Stopping threads took: 0.0001129 seconds
2017-11-23T00:01:44.538+0100: 4085.373: Total time for which application threads were stopped: 0.0005502 seconds, Stopping threads took: 0.0000942 seconds
2017-11-23T00:01:44.539+0100: 4085.375: Total time for which application threads were stopped: 0.0003302 seconds, Stopping threads took: 0.0001982 seconds
2017-11-23T00:01:44.540+0100: 4085.375: Total time for which application threads were stopped: 0.0001333 seconds, Stopping threads took: 0.0000307 seconds
2017-11-23T00:01:44.541+0100: 4085.376: Total time for which application threads were stopped: 0.0001551 seconds, Stopping threads took: 0.0000471 seconds
2017-11-23T00:01:44.541+0100: 4085.376: Total time for which application threads were stopped: 0.0001560 seconds, Stopping threads took: 0.0000564 seconds
2017-11-23T00:01:44.542+0100: 4085.377: Total time for which application threads were stopped: 0.0001267 seconds, Stopping threads took: 0.0000511 seconds
2017-11-23T00:01:44.542+0100: 4085.377: Total time for which application threads were stopped: 0.0001769 seconds, Stopping threads took: 0.0000800 seconds
2017-11-23T00:01:45.542+0100: 4086.377: Total time for which application threads were stopped: 0.0001467 seconds, Stopping threads took: 0.0000333 seconds
2017-11-23T00:01:58.163+0100: 4098.998: Total time for which application threads were stopped: 0.0004093 seconds, Stopping threads took: 0.0002596 seconds
2017-11-23T00:01:58.166+0100: 4099.000: Total time for which application threads were stopped: 0.0001498 seconds, Stopping threads took: 0.0000431 seconds
2017-11-23T00:01:58.166+0100: 4099.001: Total time for which application threads were stopped: 0.0001778 seconds, Stopping threads took: 0.0000502 seconds
2017-11-23T00:01:58.166+0100: 4099.001: Total time for which application threads were stopped: 0.0000956 seconds, Stopping threads took: 0.0000360 seconds
2017-11-23T00:01:58.167+0100: 4099.001: Total time for which application threads were stopped: 0.0001956 seconds, Stopping threads took: 0.0001249 seconds
2017-11-23T00:02:15.005+0100: 4115.839: Total time for which application threads were stopped: 0.0004662 seconds, Stopping threads took: 0.0000596 seconds
2017-11-23T00:02:15.005+0100: 4115.840: Total time for which application threads were stopped: 0.0001693 seconds, Stopping threads took: 0.0000387 seconds
2017-11-23T00:02:36.873+0100: 4137.708: Total time for which application threads were stopped: 0.0001316 seconds, Stopping threads took: 0.0000329 seconds
2017-11-23T00:02:36.873+0100: 4137.708: Total time for which application threads were stopped: 0.0001098 seconds, Stopping threads took: 0.0000413 seconds
2017-11-23T00:02:36.873+0100: 4137.708: Total time for which application threads were stopped: 0.0001027 seconds, Stopping threads took: 0.0000262 seconds
2017-11-23T00:02:36.873+0100: 4137.709: Total time for which application threads were stopped: 0.0001062 seconds, Stopping threads took: 0.0000267 seconds
2017-11-23T00:03:49.162+0100: 4209.997: Total time for which application threads were stopped: 0.0002551 seconds, Stopping threads took: 0.0001133 seconds
2017-11-23T00:03:49.165+0100: 4210.000: Total time for which application threads were stopped: 0.0004129 seconds, Stopping threads took: 0.0001196 seconds
2017-11-23T00:05:30.107+0100: 4310.942: Total time for which application threads were stopped: 0.0003338 seconds, Stopping threads took: 0.0000987 seconds
2017-11-23T00:05:30.107+0100: 4310.943: Total time for which application threads were stopped: 0.0003516 seconds, Stopping threads took: 0.0001333 seconds
2017-11-23T00:05:30.108+0100: 4310.943: Total time for which application threads were stopped: 0.0002182 seconds, Stopping threads took: 0.0001142 seconds
2017-11-23T00:05:30.108+0100: 4310.944: Total time for which application threads were stopped: 0.0001436 seconds, Stopping threads took: 0.0000400 seconds
2017-11-23T00:05:30.109+0100: 4310.945: Total time for which application threads were stopped: 0.0001213 seconds, Stopping threads took: 0.0000307 seconds
2017-11-23T00:05:30.109+0100: 4310.945: Total time for which application threads were stopped: 0.0001507 seconds, Stopping threads took: 0.0000547 seconds
2017-11-23T00:05:31.111+0100: 4311.946: Total time for which application threads were stopped: 0.0001898 seconds, Stopping threads took: 0.0000564 seconds
2017-11-23T00:05:48.830+0100: 4329.665: Total time for which application threads were stopped: 0.0002742 seconds, Stopping threads took: 0.0000542 seconds
2017-11-23T00:06:47.044+0100: 4387.880: Total time for which application threads were stopped: 0.0002738 seconds, Stopping threads took: 0.0000871 seconds
2017-11-23T00:06:47.044+0100: 4387.880: Total time for which application threads were stopped: 0.0001778 seconds, Stopping threads took: 0.0000609 seconds
2017-11-23T00:06:47.045+0100: 4387.881: Total time for which application threads were stopped: 0.0001671 seconds, Stopping threads took: 0.0000653 seconds
2017-11-23T00:06:47.046+0100: 4387.881: Total time for which application threads were stopped: 0.0001760 seconds, Stopping threads took: 0.0000613 seconds
2017-11-23T00:06:47.207+0100: 4388.042: Total time for which application threads were stopped: 0.0004302 seconds, Stopping threads took: 0.0000907 seconds
2017-11-23T00:06:47.215+0100: 4388.050: Total time for which application threads were stopped: 0.0008076 seconds, Stopping threads took: 0.0005658 seconds
2017-11-23T00:06:52.217+0100: 4393.052: Total time for which application threads were stopped: 0.0001356 seconds, Stopping threads took: 0.0000409 seconds
2017-11-23T00:09:00.168+0100: 4521.002: Total time for which application threads were stopped: 0.0003382 seconds, Stopping threads took: 0.0000804 seconds
2017-11-23T00:10:43.211+0100: 4624.046: Total time for which application threads were stopped: 0.0002484 seconds, Stopping threads took: 0.0000649 seconds
2017-11-23T00:11:56.804+0100: 4697.639: Total time for which application threads were stopped: 0.0002129 seconds, Stopping threads took: 0.0000653 seconds
2017-11-23T00:11:56.804+0100: 4697.639: Total time for which application threads were stopped: 0.0000809 seconds, Stopping threads took: 0.0000191 seconds
2017-11-23T00:11:56.804+0100: 4697.639: Total time for which application threads were stopped: 0.0002844 seconds, Stopping threads took: 0.0000351 seconds
2017-11-23T00:11:59.202+0100: 4700.037: Total time for which application threads were stopped: 0.0002187 seconds, Stopping threads took: 0.0000658 seconds
2017-11-23T00:11:59.202+0100: 4700.037: Total time for which application threads were stopped: 0.0001840 seconds, Stopping threads took: 0.0000547 seconds
2017-11-23T00:11:59.203+0100: 4700.038: Total time for which application threads were stopped: 0.0002142 seconds, Stopping threads took: 0.0000747 seconds
2017-11-23T00:11:59.203+0100: 4700.038: Total time for which application threads were stopped: 0.0001618 seconds, Stopping threads took: 0.0000356 seconds
2017-11-23T00:11:59.203+0100: 4700.038: Total time for which application threads were stopped: 0.0001853 seconds, Stopping threads took: 0.0000600 seconds
2017-11-23T00:11:59.204+0100: 4700.039: Total time for which application threads were stopped: 0.0001307 seconds, Stopping threads took: 0.0000302 seconds
2017-11-23T00:12:02.229+0100: 4703.064: Total time for which application threads were stopped: 0.0002009 seconds, Stopping threads took: 0.0000529 seconds
2017-11-23T00:12:02.229+0100: 4703.064: Total time for which application threads were stopped: 0.0002196 seconds, Stopping threads took: 0.0001044 seconds
2017-11-23T00:12:02.230+0100: 4703.065: Total time for which application threads were stopped: 0.0002840 seconds, Stopping threads took: 0.0001573 seconds
2017-11-23T00:12:02.231+0100: 4703.065: Total time for which application threads were stopped: 0.0001373 seconds, Stopping threads took: 0.0000373 seconds
2017-11-23T00:12:02.231+0100: 4703.066: Total time for which application threads were stopped: 0.0001373 seconds, Stopping threads took: 0.0000324 seconds
2017-11-23T00:12:02.232+0100: 4703.067: Total time for which application threads were stopped: 0.0002956 seconds, Stopping threads took: 0.0002173 seconds
2017-11-23T00:12:08.887+0100: 4709.722: Total time for which application threads were stopped: 0.0003467 seconds, Stopping threads took: 0.0001444 seconds
2017-11-23T00:12:08.889+0100: 4709.724: Total time for which application threads were stopped: 0.0001627 seconds, Stopping threads took: 0.0000356 seconds
2017-11-23T00:12:11.512+0100: 4712.347: Total time for which application threads were stopped: 0.0136924 seconds, Stopping threads took: 0.0135098 seconds
2017-11-23T00:12:11.512+0100: 4712.347: Total time for which application threads were stopped: 0.0001253 seconds, Stopping threads took: 0.0000271 seconds
2017-11-23T00:12:20.280+0100: 4721.114: Total time for which application threads were stopped: 0.0002116 seconds, Stopping threads took: 0.0000489 seconds
2017-11-23T00:12:20.284+0100: 4721.119: Total time for which application threads were stopped: 0.0001529 seconds, Stopping threads took: 0.0000307 seconds
2017-11-23T00:13:34.688+0100: 4795.522: Total time for which application threads were stopped: 0.0006320 seconds, Stopping threads took: 0.0002191 seconds
2017-11-23T00:13:34.688+0100: 4795.523: Total time for which application threads were stopped: 0.0001529 seconds, Stopping threads took: 0.0000520 seconds
2017-11-23T00:13:34.689+0100: 4795.523: Total time for which application threads were stopped: 0.0003702 seconds, Stopping threads took: 0.0002427 seconds
2017-11-23T00:13:34.690+0100: 4795.524: Total time for which application threads were stopped: 0.0001929 seconds, Stopping threads took: 0.0000711 seconds
2017-11-23T00:13:34.690+0100: 4795.525: Total time for which application threads were stopped: 0.0002818 seconds, Stopping threads took: 0.0000702 seconds
2017-11-23T00:13:34.691+0100: 4795.526: Total time for which application threads were stopped: 0.0001413 seconds, Stopping threads took: 0.0000396 seconds
2017-11-23T00:14:50.034+0100: 4870.869: Total time for which application threads were stopped: 0.0003276 seconds, Stopping threads took: 0.0001080 seconds
2017-11-23T00:14:50.034+0100: 4870.869: Total time for which application threads were stopped: 0.0001867 seconds, Stopping threads took: 0.0000418 seconds
2017-11-23T00:14:51.034+0100: 4871.869: Total time for which application threads were stopped: 0.0001476 seconds, Stopping threads took: 0.0000347 seconds
2017-11-23T00:14:53.511+0100: 4874.346: Total time for which application threads were stopped: 0.0001818 seconds, Stopping threads took: 0.0000529 seconds
2017-11-23T00:14:53.511+0100: 4874.347: Total time for which application threads were stopped: 0.0001867 seconds, Stopping threads took: 0.0000378 seconds
2017-11-23T00:14:53.513+0100: 4874.348: Total time for which application threads were stopped: 0.0004947 seconds, Stopping threads took: 0.0003778 seconds
2017-11-23T00:14:53.513+0100: 4874.348: Total time for which application threads were stopped: 0.0001187 seconds, Stopping threads took: 0.0000289 seconds
2017-11-23T00:14:53.514+0100: 4874.349: Total time for which application threads were stopped: 0.0003222 seconds, Stopping threads took: 0.0001982 seconds
2017-11-23T00:14:53.514+0100: 4874.349: Total time for which application threads were stopped: 0.0001569 seconds, Stopping threads took: 0.0000449 seconds
2017-11-23T00:14:53.514+0100: 4874.350: Total time for which application threads were stopped: 0.0001089 seconds, Stopping threads took: 0.0000271 seconds
2017-11-23T00:14:53.515+0100: 4874.350: Total time for which application threads were stopped: 0.0001067 seconds, Stopping threads took: 0.0000262 seconds
2017-11-23T00:14:53.651+0100: 4874.486: Total time for which application threads were stopped: 0.0002102 seconds, Stopping threads took: 0.0000596 seconds
2017-11-23T00:14:53.655+0100: 4874.491: Total time for which application threads were stopped: 0.0001800 seconds, Stopping threads took: 0.0000356 seconds
2017-11-23T00:15:49.157+0100: 4929.993: Total time for which application threads were stopped: 0.0002044 seconds, Stopping threads took: 0.0000676 seconds
2017-11-23T00:15:49.158+0100: 4929.994: Total time for which application threads were stopped: 0.0003533 seconds, Stopping threads took: 0.0000418 seconds
2017-11-23T00:15:49.159+0100: 4929.995: Total time for which application threads were stopped: 0.0002311 seconds, Stopping threads took: 0.0001120 seconds
2017-11-23T00:16:03.090+0100: 4943.925: Total time for which application threads were stopped: 0.0002631 seconds, Stopping threads took: 0.0000836 seconds
2017-11-23T00:16:03.090+0100: 4943.925: Total time for which application threads were stopped: 0.0003044 seconds, Stopping threads took: 0.0001658 seconds
2017-11-23T00:16:03.091+0100: 4943.926: Total time for which application threads were stopped: 0.0001964 seconds, Stopping threads took: 0.0000844 seconds
2017-11-23T00:16:03.091+0100: 4943.926: Total time for which application threads were stopped: 0.0002133 seconds, Stopping threads took: 0.0000973 seconds
2017-11-23T00:16:05.091+0100: 4945.926: Total time for which application threads were stopped: 0.0001738 seconds, Stopping threads took: 0.0000484 seconds
2017-11-23T00:16:33.869+0100: 4974.704: Total time for which application threads were stopped: 0.0002271 seconds, Stopping threads took: 0.0000573 seconds
2017-11-23T00:16:33.869+0100: 4974.704: Total time for which application threads were stopped: 0.0001284 seconds, Stopping threads took: 0.0000369 seconds
2017-11-23T00:16:33.870+0100: 4974.705: Total time for which application threads were stopped: 0.0001858 seconds, Stopping threads took: 0.0000707 seconds
2017-11-23T00:16:33.870+0100: 4974.705: Total time for which application threads were stopped: 0.0000969 seconds, Stopping threads took: 0.0000209 seconds
2017-11-23T00:16:33.871+0100: 4974.705: Total time for which application threads were stopped: 0.0001124 seconds, Stopping threads took: 0.0000378 seconds
2017-11-23T00:17:35.286+0100: 5036.121: Total time for which application threads were stopped: 0.0001987 seconds, Stopping threads took: 0.0000547 seconds
2017-11-23T00:17:35.288+0100: 5036.123: Total time for which application threads were stopped: 0.0001600 seconds, Stopping threads took: 0.0000556 seconds
2017-11-23T00:17:35.288+0100: 5036.123: Total time for which application threads were stopped: 0.0001111 seconds, Stopping threads took: 0.0000489 seconds
2017-11-23T00:17:35.289+0100: 5036.123: Total time for which application threads were stopped: 0.0000973 seconds, Stopping threads took: 0.0000298 seconds
2017-11-23T00:17:35.289+0100: 5036.124: Total time for which application threads were stopped: 0.0001049 seconds, Stopping threads took: 0.0000244 seconds
2017-11-23T00:17:56.671+0100: 5057.505: Total time for which application threads were stopped: 0.0002164 seconds, Stopping threads took: 0.0000742 seconds
2017-11-23T00:17:56.673+0100: 5057.507: Total time for which application threads were stopped: 0.0001347 seconds, Stopping threads took: 0.0000409 seconds
2017-11-23T00:17:56.673+0100: 5057.508: Total time for which application threads were stopped: 0.0001022 seconds, Stopping threads took: 0.0000342 seconds
2017-11-23T00:17:56.673+0100: 5057.508: Total time for which application threads were stopped: 0.0001138 seconds, Stopping threads took: 0.0000498 seconds
2017-11-23T00:17:56.673+0100: 5057.508: Total time for which application threads were stopped: 0.0001116 seconds, Stopping threads took: 0.0000391 seconds
2017-11-23T00:18:55.961+0100: 5116.797: Total time for which application threads were stopped: 0.0003040 seconds, Stopping threads took: 0.0000778 seconds
2017-11-23T00:18:55.962+0100: 5116.797: Total time for which application threads were stopped: 0.0001400 seconds, Stopping threads took: 0.0000320 seconds
2017-11-23T00:19:17.798+0100: 5138.634: Total time for which application threads were stopped: 0.0001809 seconds, Stopping threads took: 0.0000622 seconds
2017-11-23T00:19:17.799+0100: 5138.634: Total time for which application threads were stopped: 0.0003360 seconds, Stopping threads took: 0.0000547 seconds
2017-11-23T00:19:18.800+0100: 5139.635: Total time for which application threads were stopped: 0.0001360 seconds, Stopping threads took: 0.0000382 seconds
2017-11-23T00:20:14.683+0100: 5195.518: Total time for which application threads were stopped: 0.0004280 seconds, Stopping threads took: 0.0001329 seconds
2017-11-23T00:20:14.684+0100: 5195.519: Total time for which application threads were stopped: 0.0001978 seconds, Stopping threads took: 0.0000378 seconds
2017-11-23T00:20:14.684+0100: 5195.519: Total time for which application threads were stopped: 0.0001862 seconds, Stopping threads took: 0.0000400 seconds
2017-11-23T00:20:14.685+0100: 5195.520: Total time for which application threads were stopped: 0.0001440 seconds, Stopping threads took: 0.0000462 seconds
2017-11-23T00:20:14.686+0100: 5195.521: Total time for which application threads were stopped: 0.0001369 seconds, Stopping threads took: 0.0000387 seconds
2017-11-23T00:20:14.686+0100: 5195.521: Total time for which application threads were stopped: 0.0001262 seconds, Stopping threads took: 0.0000298 seconds
2017-11-23T00:20:14.688+0100: 5195.522: Total time for which application threads were stopped: 0.0001600 seconds, Stopping threads took: 0.0000693 seconds
2017-11-23T00:20:14.688+0100: 5195.523: Total time for which application threads were stopped: 0.0002027 seconds, Stopping threads took: 0.0000680 seconds
2017-11-23T00:20:48.204+0100: 5229.039: Total time for which application threads were stopped: 0.0002480 seconds, Stopping threads took: 0.0000751 seconds
2017-11-23T00:20:48.204+0100: 5229.039: Total time for which application threads were stopped: 0.0002253 seconds, Stopping threads took: 0.0000542 seconds
2017-11-23T00:20:56.327+0100: 5237.162: Total time for which application threads were stopped: 0.0001587 seconds, Stopping threads took: 0.0000520 seconds
2017-11-23T00:20:56.327+0100: 5237.163: Total time for which application threads were stopped: 0.0000920 seconds, Stopping threads took: 0.0000231 seconds
2017-11-23T00:20:56.328+0100: 5237.163: Total time for which application threads were stopped: 0.0001387 seconds, Stopping threads took: 0.0000498 seconds
2017-11-23T00:20:56.328+0100: 5237.163: Total time for which application threads were stopped: 0.0001418 seconds, Stopping threads took: 0.0000702 seconds
2017-11-23T00:20:56.330+0100: 5237.165: Total time for which application threads were stopped: 0.0003102 seconds, Stopping threads took: 0.0001356 seconds
2017-11-23T00:20:56.330+0100: 5237.165: Total time for which application threads were stopped: 0.0001662 seconds, Stopping threads took: 0.0000853 seconds
2017-11-23T00:20:57.331+0100: 5238.166: Total time for which application threads were stopped: 0.0002093 seconds, Stopping threads took: 0.0000471 seconds
2017-11-23T00:21:06.988+0100: 5247.824: Total time for which application threads were stopped: 0.0001849 seconds, Stopping threads took: 0.0000427 seconds
2017-11-23T00:21:06.989+0100: 5247.824: Total time for which application threads were stopped: 0.0001507 seconds, Stopping threads took: 0.0000436 seconds
2017-11-23T00:21:10.825+0100: 5251.660: Total time for which application threads were stopped: 0.0001658 seconds, Stopping threads took: 0.0000644 seconds
2017-11-23T00:21:10.825+0100: 5251.660: Total time for which application threads were stopped: 0.0003591 seconds, Stopping threads took: 0.0001200 seconds
2017-11-23T00:21:10.826+0100: 5251.661: Total time for which application threads were stopped: 0.0001187 seconds, Stopping threads took: 0.0000467 seconds
2017-11-23T00:21:10.826+0100: 5251.661: Total time for which application threads were stopped: 0.0001151 seconds, Stopping threads took: 0.0000373 seconds
2017-11-23T00:21:27.820+0100: 5268.655: Total time for which application threads were stopped: 0.0002000 seconds, Stopping threads took: 0.0000431 seconds
2017-11-23T00:21:27.827+0100: 5268.662: Total time for which application threads were stopped: 0.0001898 seconds, Stopping threads took: 0.0000493 seconds
2017-11-23T00:21:27.833+0100: 5268.668: Total time for which application threads were stopped: 0.0001600 seconds, Stopping threads took: 0.0000391 seconds
2017-11-23T00:21:27.834+0100: 5268.669: Total time for which application threads were stopped: 0.0002373 seconds, Stopping threads took: 0.0001267 seconds
2017-11-23T00:21:28.834+0100: 5269.669: Total time for which application threads were stopped: 0.0001293 seconds, Stopping threads took: 0.0000324 seconds
2017-11-23T00:21:29.834+0100: 5270.669: Total time for which application threads were stopped: 0.0001320 seconds, Stopping threads took: 0.0000342 seconds
2017-11-23T00:21:29.834+0100: 5270.669: Total time for which application threads were stopped: 0.0000920 seconds, Stopping threads took: 0.0000258 seconds
2017-11-23T00:21:29.990+0100: 5270.825: Total time for which application threads were stopped: 0.0002009 seconds, Stopping threads took: 0.0000911 seconds
2017-11-23T00:21:29.995+0100: 5270.830: Total time for which application threads were stopped: 0.0002111 seconds, Stopping threads took: 0.0000493 seconds
2017-11-23T00:21:36.997+0100: 5277.832: Total time for which application threads were stopped: 0.0001462 seconds, Stopping threads took: 0.0000418 seconds
2017-11-23T00:22:03.455+0100: 5304.290: Total time for which application threads were stopped: 0.0002316 seconds, Stopping threads took: 0.0000751 seconds
2017-11-23T00:22:03.456+0100: 5304.291: Total time for which application threads were stopped: 0.0001267 seconds, Stopping threads took: 0.0000342 seconds
2017-11-23T00:22:03.457+0100: 5304.292: Total time for which application threads were stopped: 0.0001813 seconds, Stopping threads took: 0.0000929 seconds
2017-11-23T00:22:04.457+0100: 5305.292: Total time for which application threads were stopped: 0.0001293 seconds, Stopping threads took: 0.0000351 seconds
2017-11-23T00:23:12.662+0100: 5373.497: Total time for which application threads were stopped: 0.0002511 seconds, Stopping threads took: 0.0000973 seconds
2017-11-23T00:23:12.664+0100: 5373.499: Total time for which application threads were stopped: 0.0001747 seconds, Stopping threads took: 0.0000636 seconds
2017-11-23T00:23:12.665+0100: 5373.499: Total time for which application threads were stopped: 0.0001182 seconds, Stopping threads took: 0.0000262 seconds
2017-11-23T00:23:28.669+0100: 5389.504: Total time for which application threads were stopped: 0.0001556 seconds, Stopping threads took: 0.0000524 seconds
2017-11-23T00:23:49.703+0100: 5410.538: Total time for which application threads were stopped: 0.0002440 seconds, Stopping threads took: 0.0000671 seconds
2017-11-23T00:23:51.688+0100: 5412.523: Total time for which application threads were stopped: 0.0001871 seconds, Stopping threads took: 0.0000444 seconds
2017-11-23T00:25:23.007+0100: 5503.842: Total time for which application threads were stopped: 0.0002791 seconds, Stopping threads took: 0.0000698 seconds
2017-11-23T00:25:23.007+0100: 5503.842: Total time for which application threads were stopped: 0.0001284 seconds, Stopping threads took: 0.0000302 seconds
2017-11-23T00:25:24.008+0100: 5504.842: Total time for which application threads were stopped: 0.0001716 seconds, Stopping threads took: 0.0000520 seconds
2017-11-23T00:26:02.462+0100: 5543.296: Total time for which application threads were stopped: 0.0002489 seconds, Stopping threads took: 0.0000831 seconds
2017-11-23T00:26:02.467+0100: 5543.302: Total time for which application threads were stopped: 0.0001898 seconds, Stopping threads took: 0.0000360 seconds
2017-11-23T00:26:25.198+0100: 5566.033: Total time for which application threads were stopped: 0.0002093 seconds, Stopping threads took: 0.0000627 seconds
2017-11-23T00:26:28.258+0100: 5569.092: Total time for which application threads were stopped: 0.0001933 seconds, Stopping threads took: 0.0000578 seconds
2017-11-23T00:26:28.258+0100: 5569.093: Total time for which application threads were stopped: 0.0001542 seconds, Stopping threads took: 0.0000396 seconds
2017-11-23T00:26:43.262+0100: 5584.097: Total time for which application threads were stopped: 0.0002009 seconds, Stopping threads took: 0.0000476 seconds
2017-11-23T00:28:11.196+0100: 5672.031: Total time for which application threads were stopped: 0.0002924 seconds, Stopping threads took: 0.0000680 seconds
2017-11-23T00:28:11.202+0100: 5672.037: Total time for which application threads were stopped: 0.0002538 seconds, Stopping threads took: 0.0000378 seconds
2017-11-23T00:31:51.709+0100: 5892.544: Total time for which application threads were stopped: 0.0003218 seconds, Stopping threads took: 0.0000667 seconds
2017-11-23T00:31:54.600+0100: 5895.435: Total time for which application threads were stopped: 0.0001413 seconds, Stopping threads took: 0.0000342 seconds
2017-11-23T00:31:54.601+0100: 5895.435: Total time for which application threads were stopped: 0.0003338 seconds, Stopping threads took: 0.0000262 seconds
2017-11-23T00:32:37.573+0100: 5938.408: Total time for which application threads were stopped: 0.0002538 seconds, Stopping threads took: 0.0000796 seconds
2017-11-23T00:32:37.573+0100: 5938.408: Total time for which application threads were stopped: 0.0001476 seconds, Stopping threads took: 0.0000347 seconds
2017-11-23T00:32:37.579+0100: 5938.413: Total time for which application threads were stopped: 0.0004124 seconds, Stopping threads took: 0.0000573 seconds
2017-11-23T00:34:00.280+0100: 6021.115: Total time for which application threads were stopped: 0.0002436 seconds, Stopping threads took: 0.0000587 seconds
2017-11-23T00:34:00.280+0100: 6021.115: Total time for which application threads were stopped: 0.0001556 seconds, Stopping threads took: 0.0000760 seconds
2017-11-23T00:34:00.281+0100: 6021.116: Total time for which application threads were stopped: 0.0003653 seconds, Stopping threads took: 0.0000289 seconds
2017-11-23T00:35:51.300+0100: 6132.135: Total time for which application threads were stopped: 0.0002853 seconds, Stopping threads took: 0.0000800 seconds
2017-11-23T00:35:51.307+0100: 6132.142: Total time for which application threads were stopped: 0.0002236 seconds, Stopping threads took: 0.0000378 seconds
2017-11-23T00:37:36.339+0100: 6237.174: Total time for which application threads were stopped: 0.0002427 seconds, Stopping threads took: 0.0000738 seconds
2017-11-23T00:39:25.184+0100: 6346.019: Total time for which application threads were stopped: 0.0002404 seconds, Stopping threads took: 0.0000582 seconds
2017-11-23T00:40:22.219+0100: 6403.054: Total time for which application threads were stopped: 0.0001862 seconds, Stopping threads took: 0.0000440 seconds
2017-11-23T00:40:22.220+0100: 6403.055: Total time for which application threads were stopped: 0.0001249 seconds, Stopping threads took: 0.0000369 seconds
2017-11-23T00:40:56.580+0100: 6437.415: Total time for which application threads were stopped: 0.0003116 seconds, Stopping threads took: 0.0001556 seconds
2017-11-23T00:40:56.585+0100: 6437.420: Total time for which application threads were stopped: 0.0001947 seconds, Stopping threads took: 0.0000418 seconds
2017-11-23T00:40:57.585+0100: 6438.420: Total time for which application threads were stopped: 0.0001582 seconds, Stopping threads took: 0.0000356 seconds
2017-11-23T00:41:14.590+0100: 6455.425: Total time for which application threads were stopped: 0.0001884 seconds, Stopping threads took: 0.0000529 seconds
2017-11-23T00:41:22.593+0100: 6463.427: Total time for which application threads were stopped: 0.0001556 seconds, Stopping threads took: 0.0000400 seconds
2017-11-23T00:43:30.404+0100: 6591.239: Total time for which application threads were stopped: 0.0003320 seconds, Stopping threads took: 0.0000747 seconds
2017-11-23T00:44:34.422+0100: 6655.257: Total time for which application threads were stopped: 0.0002422 seconds, Stopping threads took: 0.0000849 seconds
2017-11-23T00:45:59.299+0100: 6740.134: Total time for which application threads were stopped: 0.0002098 seconds, Stopping threads took: 0.0000498 seconds
2017-11-23T00:45:59.299+0100: 6740.134: Total time for which application threads were stopped: 0.0001253 seconds, Stopping threads took: 0.0000378 seconds
2017-11-23T00:45:59.333+0100: 6740.168: Total time for which application threads were stopped: 0.0003191 seconds, Stopping threads took: 0.0000827 seconds
2017-11-23T00:46:00.333+0100: 6741.168: Total time for which application threads were stopped: 0.0003356 seconds, Stopping threads took: 0.0001520 seconds
2017-11-23T00:46:00.701+0100: 6741.536: Total time for which application threads were stopped: 0.0001342 seconds, Stopping threads took: 0.0000356 seconds
2017-11-23T00:46:00.702+0100: 6741.536: Total time for which application threads were stopped: 0.0001267 seconds, Stopping threads took: 0.0000364 seconds
2017-11-23T00:46:01.702+0100: 6742.537: Total time for which application threads were stopped: 0.0001956 seconds, Stopping threads took: 0.0000476 seconds
2017-11-23T00:46:17.941+0100: 6758.777: Total time for which application threads were stopped: 0.0003573 seconds, Stopping threads took: 0.0001676 seconds
2017-11-23T00:46:17.947+0100: 6758.782: Total time for which application threads were stopped: 0.0006222 seconds, Stopping threads took: 0.0000391 seconds
2017-11-23T00:47:18.785+0100: 6819.620: Total time for which application threads were stopped: 0.0002787 seconds, Stopping threads took: 0.0000764 seconds
2017-11-23T00:47:19.786+0100: 6820.620: Total time for which application threads were stopped: 0.0001404 seconds, Stopping threads took: 0.0000382 seconds
2017-11-23T00:47:28.718+0100: 6829.553: Total time for which application threads were stopped: 0.0002036 seconds, Stopping threads took: 0.0000413 seconds
2017-11-23T00:49:49.488+0100: 6970.323: Total time for which application threads were stopped: 0.0002587 seconds, Stopping threads took: 0.0000671 seconds
2017-11-23T00:49:49.488+0100: 6970.323: Total time for which application threads were stopped: 0.0001293 seconds, Stopping threads took: 0.0000356 seconds
2017-11-23T00:49:57.183+0100: 6978.018: Total time for which application threads were stopped: 0.0002440 seconds, Stopping threads took: 0.0001124 seconds
2017-11-23T00:49:57.188+0100: 6978.023: Total time for which application threads were stopped: 0.0002404 seconds, Stopping threads took: 0.0000582 seconds
2017-11-23T00:50:31.197+0100: 7012.032: Total time for which application threads were stopped: 0.0002236 seconds, Stopping threads took: 0.0000631 seconds
2017-11-23T00:51:53.221+0100: 7094.056: Total time for which application threads were stopped: 0.0002111 seconds, Stopping threads took: 0.0000676 seconds
2017-11-23T00:52:02.683+0100: 7103.518: Total time for which application threads were stopped: 0.0002316 seconds, Stopping threads took: 0.0000671 seconds
2017-11-23T00:53:13.260+0100: 7174.095: Total time for which application threads were stopped: 0.0002044 seconds, Stopping threads took: 0.0000609 seconds
2017-11-23T00:53:13.261+0100: 7174.096: Total time for which application threads were stopped: 0.0002129 seconds, Stopping threads took: 0.0001049 seconds
2017-11-23T00:53:14.261+0100: 7175.096: Total time for which application threads were stopped: 0.0001538 seconds, Stopping threads took: 0.0000342 seconds
2017-11-23T00:53:31.408+0100: 7192.243: Total time for which application threads were stopped: 0.0002067 seconds, Stopping threads took: 0.0000702 seconds
2017-11-23T00:53:31.413+0100: 7192.248: Total time for which application threads were stopped: 0.0002013 seconds, Stopping threads took: 0.0000356 seconds
2017-11-23T00:53:32.413+0100: 7193.248: Total time for which application threads were stopped: 0.0001391 seconds, Stopping threads took: 0.0000373 seconds
2017-11-23T00:53:38.211+0100: 7199.046: Total time for which application threads were stopped: 0.0001978 seconds, Stopping threads took: 0.0000431 seconds
2017-11-23T00:53:55.955+0100: 7216.790: Total time for which application threads were stopped: 0.0001516 seconds, Stopping threads took: 0.0000400 seconds
2017-11-23T00:53:55.955+0100: 7216.790: Total time for which application threads were stopped: 0.0001151 seconds, Stopping threads took: 0.0000280 seconds
2017-11-23T00:53:57.600+0100: 7218.435: Total time for which application threads were stopped: 0.0001622 seconds, Stopping threads took: 0.0000431 seconds
2017-11-23T00:53:57.603+0100: 7218.438: Total time for which application threads were stopped: 0.0002240 seconds, Stopping threads took: 0.0000422 seconds
2017-11-23T00:54:24.230+0100: 7245.065: Total time for which application threads were stopped: 0.0002102 seconds, Stopping threads took: 0.0001049 seconds
2017-11-23T00:54:24.230+0100: 7245.065: Total time for which application threads were stopped: 0.0001689 seconds, Stopping threads took: 0.0000733 seconds
2017-11-23T00:54:24.231+0100: 7245.066: Total time for which application threads were stopped: 0.0001907 seconds, Stopping threads took: 0.0000493 seconds
2017-11-23T00:54:24.232+0100: 7245.067: Total time for which application threads were stopped: 0.0002636 seconds, Stopping threads took: 0.0000342 seconds
2017-11-23T00:54:48.004+0100: 7268.839: Total time for which application threads were stopped: 0.0003898 seconds, Stopping threads took: 0.0000876 seconds
2017-11-23T00:54:48.005+0100: 7268.840: Total time for which application threads were stopped: 0.0002853 seconds, Stopping threads took: 0.0000400 seconds
2017-11-23T00:54:48.006+0100: 7268.841: Total time for which application threads were stopped: 0.0003813 seconds, Stopping threads took: 0.0000640 seconds
2017-11-23T00:54:48.006+0100: 7268.841: Total time for which application threads were stopped: 0.0001653 seconds, Stopping threads took: 0.0000773 seconds
2017-11-23T00:54:48.007+0100: 7268.842: Total time for which application threads were stopped: 0.0001489 seconds, Stopping threads took: 0.0000613 seconds
2017-11-23T00:54:48.007+0100: 7268.843: Total time for which application threads were stopped: 0.0002916 seconds, Stopping threads took: 0.0000609 seconds
2017-11-23T00:54:48.052+0100: 7268.887: Total time for which application threads were stopped: 0.0093431 seconds, Stopping threads took: 0.0091893 seconds
2017-11-23T00:54:48.059+0100: 7268.894: Total time for which application threads were stopped: 0.0012533 seconds, Stopping threads took: 0.0011164 seconds
2017-11-23T00:54:48.060+0100: 7268.895: Total time for which application threads were stopped: 0.0001644 seconds, Stopping threads took: 0.0000653 seconds
2017-11-23T00:54:48.076+0100: 7268.910: Total time for which application threads were stopped: 0.0002311 seconds, Stopping threads took: 0.0000387 seconds
2017-11-23T00:54:49.076+0100: 7269.911: Total time for which application threads were stopped: 0.0001764 seconds, Stopping threads took: 0.0000471 seconds
2017-11-23T00:54:52.567+0100: 7273.402: Total time for which application threads were stopped: 0.0001640 seconds, Stopping threads took: 0.0000542 seconds
2017-11-23T00:54:52.567+0100: 7273.402: Total time for which application threads were stopped: 0.0001084 seconds, Stopping threads took: 0.0000240 seconds
2017-11-23T00:54:52.568+0100: 7273.402: Total time for which application threads were stopped: 0.0001080 seconds, Stopping threads took: 0.0000387 seconds
2017-11-23T00:54:52.568+0100: 7273.402: Total time for which application threads were stopped: 0.0000978 seconds, Stopping threads took: 0.0000329 seconds
2017-11-23T00:54:52.575+0100: 7273.410: Total time for which application threads were stopped: 0.0001671 seconds, Stopping threads took: 0.0000551 seconds
2017-11-23T00:54:52.579+0100: 7273.413: Total time for which application threads were stopped: 0.0001956 seconds, Stopping threads took: 0.0000520 seconds
2017-11-23T00:55:03.736+0100: 7284.571: Total time for which application threads were stopped: 0.0002471 seconds, Stopping threads took: 0.0000716 seconds
2017-11-23T00:55:03.768+0100: 7284.602: Total time for which application threads were stopped: 0.0002493 seconds, Stopping threads took: 0.0000849 seconds
2017-11-23T00:55:03.774+0100: 7284.609: Total time for which application threads were stopped: 0.0007387 seconds, Stopping threads took: 0.0005013 seconds
2017-11-23T00:55:03.779+0100: 7284.614: Total time for which application threads were stopped: 0.0002551 seconds, Stopping threads took: 0.0000831 seconds
2017-11-23T00:55:03.780+0100: 7284.615: Total time for which application threads were stopped: 0.0003453 seconds, Stopping threads took: 0.0000840 seconds
2017-11-23T00:56:51.775+0100: 7392.610: Total time for which application threads were stopped: 0.0004298 seconds, Stopping threads took: 0.0000831 seconds
2017-11-23T00:56:51.776+0100: 7392.611: Total time for which application threads were stopped: 0.0001320 seconds, Stopping threads took: 0.0000302 seconds
2017-11-23T00:56:52.776+0100: 7393.611: Total time for which application threads were stopped: 0.0001760 seconds, Stopping threads took: 0.0000458 seconds
2017-11-23T00:57:29.596+0100: 7430.431: Total time for which application threads were stopped: 0.0004298 seconds, Stopping threads took: 0.0000707 seconds
2017-11-23T00:57:29.596+0100: 7430.431: Total time for which application threads were stopped: 0.0002062 seconds, Stopping threads took: 0.0000449 seconds
2017-11-23T00:57:29.597+0100: 7430.432: Total time for which application threads were stopped: 0.0002173 seconds, Stopping threads took: 0.0000840 seconds
2017-11-23T00:57:29.599+0100: 7430.434: Total time for which application threads were stopped: 0.0001702 seconds, Stopping threads took: 0.0000573 seconds
2017-11-23T00:57:29.599+0100: 7430.434: Total time for which application threads were stopped: 0.0002827 seconds, Stopping threads took: 0.0000449 seconds
2017-11-23T00:57:29.603+0100: 7430.438: Total time for which application threads were stopped: 0.0029818 seconds, Stopping threads took: 0.0027858 seconds
2017-11-23T00:57:29.603+0100: 7430.438: Total time for which application threads were stopped: 0.0004742 seconds, Stopping threads took: 0.0000413 seconds
2017-11-23T00:57:53.755+0100: 7454.590: Total time for which application threads were stopped: 0.0004360 seconds, Stopping threads took: 0.0001009 seconds
2017-11-23T00:57:53.760+0100: 7454.595: Total time for which application threads were stopped: 0.0001871 seconds, Stopping threads took: 0.0000480 seconds
2017-11-23T00:57:53.763+0100: 7454.598: Total time for which application threads were stopped: 0.0002080 seconds, Stopping threads took: 0.0000667 seconds
2017-11-23T01:00:40.235+0100: 7621.070: Total time for which application threads were stopped: 0.0003560 seconds, Stopping threads took: 0.0000973 seconds
2017-11-23T01:00:40.236+0100: 7621.071: Total time for which application threads were stopped: 0.0001751 seconds, Stopping threads took: 0.0000422 seconds
2017-11-23T01:00:40.236+0100: 7621.071: Total time for which application threads were stopped: 0.0004031 seconds, Stopping threads took: 0.0001764 seconds
2017-11-23T01:00:40.238+0100: 7621.072: Total time for which application threads were stopped: 0.0007164 seconds, Stopping threads took: 0.0001876 seconds
2017-11-23T01:00:40.238+0100: 7621.073: Total time for which application threads were stopped: 0.0004018 seconds, Stopping threads took: 0.0002200 seconds
2017-11-23T01:00:40.976+0100: 7621.811: Total time for which application threads were stopped: 0.0002462 seconds, Stopping threads took: 0.0000809 seconds
2017-11-23T01:00:40.979+0100: 7621.814: Total time for which application threads were stopped: 0.0002356 seconds, Stopping threads took: 0.0000684 seconds
2017-11-23T01:01:00.354+0100: 7641.189: Total time for which application threads were stopped: 0.0002116 seconds, Stopping threads took: 0.0000542 seconds
2017-11-23T01:01:00.355+0100: 7641.190: Total time for which application threads were stopped: 0.0001347 seconds, Stopping threads took: 0.0000338 seconds
2017-11-23T01:01:07.204+0100: 7648.039: Total time for which application threads were stopped: 0.0002902 seconds, Stopping threads took: 0.0001316 seconds
2017-11-23T01:01:07.205+0100: 7648.040: Total time for which application threads were stopped: 0.0002920 seconds, Stopping threads took: 0.0001604 seconds
2017-11-23T01:01:07.205+0100: 7648.040: Total time for which application threads were stopped: 0.0001916 seconds, Stopping threads took: 0.0000698 seconds
2017-11-23T01:01:07.206+0100: 7648.041: Total time for which application threads were stopped: 0.0004298 seconds, Stopping threads took: 0.0000533 seconds
2017-11-23T01:01:08.206+0100: 7649.041: Total time for which application threads were stopped: 0.0001862 seconds, Stopping threads took: 0.0000436 seconds
2017-11-23T01:01:17.275+0100: 7658.110: Total time for which application threads were stopped: 0.0002587 seconds, Stopping threads took: 0.0000747 seconds
2017-11-23T01:01:17.275+0100: 7658.110: Total time for which application threads were stopped: 0.0001876 seconds, Stopping threads took: 0.0000609 seconds
2017-11-23T01:01:18.276+0100: 7659.111: Total time for which application threads were stopped: 0.0001791 seconds, Stopping threads took: 0.0000462 seconds
2017-11-23T01:01:25.131+0100: 7665.966: Total time for which application threads were stopped: 0.0006307 seconds, Stopping threads took: 0.0004280 seconds
2017-11-23T01:01:25.131+0100: 7665.966: Total time for which application threads were stopped: 0.0002133 seconds, Stopping threads took: 0.0000893 seconds
2017-11-23T01:01:25.168+0100: 7666.003: Total time for which application threads were stopped: 0.0008040 seconds, Stopping threads took: 0.0005729 seconds
2017-11-23T01:01:25.169+0100: 7666.003: Total time for which application threads were stopped: 0.0006142 seconds, Stopping threads took: 0.0000636 seconds
2017-11-23T01:01:25.174+0100: 7666.008: Total time for which application threads were stopped: 0.0004702 seconds, Stopping threads took: 0.0002453 seconds
2017-11-23T01:01:25.174+0100: 7666.009: Total time for which application threads were stopped: 0.0003013 seconds, Stopping threads took: 0.0001164 seconds
2017-11-23T01:01:26.174+0100: 7667.009: Total time for which application threads were stopped: 0.0001671 seconds, Stopping threads took: 0.0000440 seconds
2017-11-23T01:01:29.151+0100: 7669.986: Total time for which application threads were stopped: 0.0002062 seconds, Stopping threads took: 0.0000564 seconds
2017-11-23T01:01:29.152+0100: 7669.987: Total time for which application threads were stopped: 0.0001124 seconds, Stopping threads took: 0.0000298 seconds
2017-11-23T01:01:29.159+0100: 7669.994: Total time for which application threads were stopped: 0.0002427 seconds, Stopping threads took: 0.0000436 seconds
2017-11-23T01:02:30.518+0100: 7731.352: Total time for which application threads were stopped: 0.0005178 seconds, Stopping threads took: 0.0001133 seconds
2017-11-23T01:02:30.524+0100: 7731.358: Total time for which application threads were stopped: 0.0003182 seconds, Stopping threads took: 0.0001018 seconds
2017-11-23T01:02:31.524+0100: 7732.359: Total time for which application threads were stopped: 0.0001902 seconds, Stopping threads took: 0.0000480 seconds
2017-11-23T01:02:32.869+0100: 7733.704: Total time for which application threads were stopped: 0.0001924 seconds, Stopping threads took: 0.0000516 seconds
2017-11-23T01:02:32.877+0100: 7733.712: Total time for which application threads were stopped: 0.0002440 seconds, Stopping threads took: 0.0000649 seconds
2017-11-23T01:02:34.877+0100: 7735.712: Total time for which application threads were stopped: 0.0001916 seconds, Stopping threads took: 0.0000693 seconds
2017-11-23T01:02:42.335+0100: 7743.170: Total time for which application threads were stopped: 0.0001827 seconds, Stopping threads took: 0.0000524 seconds
2017-11-23T01:02:42.336+0100: 7743.171: Total time for which application threads were stopped: 0.0001476 seconds, Stopping threads took: 0.0000378 seconds
2017-11-23T01:02:42.337+0100: 7743.171: Total time for which application threads were stopped: 0.0007196 seconds, Stopping threads took: 0.0005404 seconds
2017-11-23T01:02:42.337+0100: 7743.172: Total time for which application threads were stopped: 0.0001129 seconds, Stopping threads took: 0.0000249 seconds
2017-11-23T01:02:43.338+0100: 7744.172: Total time for which application threads were stopped: 0.0001684 seconds, Stopping threads took: 0.0000458 seconds
2017-11-23T01:03:00.647+0100: 7761.482: Total time for which application threads were stopped: 0.0003524 seconds, Stopping threads took: 0.0001151 seconds
2017-11-23T01:03:00.648+0100: 7761.483: Total time for which application threads were stopped: 0.0003000 seconds, Stopping threads took: 0.0001644 seconds
2017-11-23T01:03:00.651+0100: 7761.486: Total time for which application threads were stopped: 0.0002649 seconds, Stopping threads took: 0.0000418 seconds
2017-11-23T01:03:00.651+0100: 7761.486: Total time for which application threads were stopped: 0.0003769 seconds, Stopping threads took: 0.0000347 seconds
{Heap before GC invocations=21 (full 2):
 par new generation   total 109248K, used 109248K [0x00000000e0000000, 0x00000000e8000000, 0x00000000e8000000)
  eden space 87424K, 100% used [0x00000000e0000000, 0x00000000e5560000, 0x00000000e5560000)
  from space 21824K, 100% used [0x00000000e6ab0000, 0x00000000e8000000, 0x00000000e8000000)
  to   space 21824K,   0% used [0x00000000e5560000, 0x00000000e5560000, 0x00000000e6ab0000)
 concurrent mark-sweep generation total 393216K, used 74174K [0x00000000e8000000, 0x0000000100000000, 0x0000000100000000)
 Metaspace       used 43856K, capacity 44794K, committed 45124K, reserved 1089536K
  class space    used 5111K, capacity 5361K, committed 5476K, reserved 1048576K
2017-11-23T01:03:03.155+0100: 7763.990: [GC (Allocation Failure) 2017-11-23T01:03:03.156+0100: 7763.990: [ParNew
Desired survivor size 20112992 bytes, new threshold 8 (max 8)
- age   1:    2523848 bytes,    2523848 total
- age   2:    2073960 bytes,    4597808 total
- age   3:    1194312 bytes,    5792120 total
- age   4:    3847976 bytes,    9640096 total
- age   5:     747392 bytes,   10387488 total
- age   6:    6386096 bytes,   16773584 total
- age   7:    1258192 bytes,   18031776 total
- age   8:      27336 bytes,   18059112 total
: 109248K->21824K(109248K), 0.1518546 secs] 183422K->96031K(502464K), 0.1521457 secs] [Times: user=0.06 sys=0.34, real=0.15 secs] 
Heap after GC invocations=22 (full 2):
 par new generation   total 109248K, used 21824K [0x00000000e0000000, 0x00000000e8000000, 0x00000000e8000000)
  eden space 87424K,   0% used [0x00000000e0000000, 0x00000000e0000000, 0x00000000e5560000)
  from space 21824K, 100% used [0x00000000e5560000, 0x00000000e6ab0000, 0x00000000e6ab0000)
  to   space 21824K,   0% used [0x00000000e6ab0000, 0x00000000e6ab0000, 0x00000000e8000000)
 concurrent mark-sweep generation total 393216K, used 74207K [0x00000000e8000000, 0x0000000100000000, 0x0000000100000000)
 Metaspace       used 43856K, capacity 44794K, committed 45124K, reserved 1089536K
  class space    used 5111K, capacity 5361K, committed 5476K, reserved 1048576K
}
2017-11-23T01:03:03.308+0100: 7764.143: Total time for which application threads were stopped: 0.1528604 seconds, Stopping threads took: 0.0001218 seconds
2017-11-23T01:03:04.349+0100: 7765.184: Total time for which application threads were stopped: 0.0002653 seconds, Stopping threads took: 0.0000844 seconds
2017-11-23T01:03:21.539+0100: 7782.374: Total time for which application threads were stopped: 0.0003013 seconds, Stopping threads took: 0.0000747 seconds
2017-11-23T01:03:22.539+0100: 7783.374: Total time for which application threads were stopped: 0.0001849 seconds, Stopping threads took: 0.0000511 seconds
2017-11-23T01:03:23.539+0100: 7784.374: Total time for which application threads were stopped: 0.0001760 seconds, Stopping threads took: 0.0000453 seconds
2017-11-23T01:04:38.542+0100: 7859.377: Total time for which application threads were stopped: 0.0011013 seconds, Stopping threads took: 0.0008733 seconds
2017-11-23T01:04:38.543+0100: 7859.378: Total time for which application threads were stopped: 0.0001507 seconds, Stopping threads took: 0.0000351 seconds
2017-11-23T01:04:38.544+0100: 7859.379: Total time for which application threads were stopped: 0.0001960 seconds, Stopping threads took: 0.0000631 seconds
2017-11-23T01:04:38.545+0100: 7859.379: Total time for which application threads were stopped: 0.0001498 seconds, Stopping threads took: 0.0000351 seconds
2017-11-23T01:04:55.900+0100: 7876.735: Total time for which application threads were stopped: 0.0002729 seconds, Stopping threads took: 0.0000862 seconds
2017-11-23T01:04:55.904+0100: 7876.739: Total time for which application threads were stopped: 0.0005693 seconds, Stopping threads took: 0.0001569 seconds
2017-11-23T01:05:21.050+0100: 7901.886: Total time for which application threads were stopped: 0.0006218 seconds, Stopping threads took: 0.0001076 seconds
2017-11-23T01:05:21.052+0100: 7901.887: Total time for which application threads were stopped: 0.0001978 seconds, Stopping threads took: 0.0000582 seconds
2017-11-23T01:05:21.053+0100: 7901.888: Total time for which application threads were stopped: 0.0001942 seconds, Stopping threads took: 0.0000516 seconds
2017-11-23T01:06:00.212+0100: 7941.047: Total time for which application threads were stopped: 0.0004533 seconds, Stopping threads took: 0.0000889 seconds
2017-11-23T01:06:00.213+0100: 7941.048: Total time for which application threads were stopped: 0.0002067 seconds, Stopping threads took: 0.0000382 seconds
2017-11-23T01:06:00.214+0100: 7941.049: Total time for which application threads were stopped: 0.0002800 seconds, Stopping threads took: 0.0001360 seconds
2017-11-23T01:06:35.225+0100: 7976.060: Total time for which application threads were stopped: 0.0001716 seconds, Stopping threads took: 0.0000462 seconds
2017-11-23T01:06:40.226+0100: 7981.061: Total time for which application threads were stopped: 0.0001911 seconds, Stopping threads took: 0.0000458 seconds
2017-11-23T01:08:03.252+0100: 8064.087: Total time for which application threads were stopped: 0.0003862 seconds, Stopping threads took: 0.0001102 seconds
2017-11-23T01:09:45.282+0100: 8166.117: Total time for which application threads were stopped: 0.0003080 seconds, Stopping threads took: 0.0001116 seconds
2017-11-23T01:09:51.072+0100: 8171.907: Total time for which application threads were stopped: 0.0001920 seconds, Stopping threads took: 0.0000476 seconds
2017-11-23T01:10:03.888+0100: 8184.723: Total time for which application threads were stopped: 0.0002920 seconds, Stopping threads took: 0.0000978 seconds
2017-11-23T01:12:10.094+0100: 8310.929: Total time for which application threads were stopped: 0.0003173 seconds, Stopping threads took: 0.0000787 seconds
2017-11-23T01:12:10.094+0100: 8310.929: Total time for which application threads were stopped: 0.0001391 seconds, Stopping threads took: 0.0000293 seconds
2017-11-23T01:13:24.707+0100: 8385.542: Total time for which application threads were stopped: 0.0004364 seconds, Stopping threads took: 0.0001071 seconds
2017-11-23T01:13:24.716+0100: 8385.551: Total time for which application threads were stopped: 0.0002764 seconds, Stopping threads took: 0.0000458 seconds
2017-11-23T01:14:10.729+0100: 8431.564: Total time for which application threads were stopped: 0.0001769 seconds, Stopping threads took: 0.0000498 seconds
2017-11-23T01:15:57.224+0100: 8538.059: Total time for which application threads were stopped: 0.0003591 seconds, Stopping threads took: 0.0000778 seconds
2017-11-23T01:16:06.502+0100: 8547.337: Total time for which application threads were stopped: 0.0001951 seconds, Stopping threads took: 0.0000502 seconds
2017-11-23T01:16:06.502+0100: 8547.337: Total time for which application threads were stopped: 0.0002502 seconds, Stopping threads took: 0.0001151 seconds
2017-11-23T01:16:21.505+0100: 8562.340: Total time for which application threads were stopped: 0.0003569 seconds, Stopping threads took: 0.0001138 seconds
2017-11-23T01:16:21.511+0100: 8562.346: Total time for which application threads were stopped: 0.0003533 seconds, Stopping threads took: 0.0000493 seconds
2017-11-23T01:16:54.519+0100: 8595.354: Total time for which application threads were stopped: 0.0002876 seconds, Stopping threads took: 0.0000756 seconds
2017-11-23T01:17:43.278+0100: 8644.113: Total time for which application threads were stopped: 0.0003373 seconds, Stopping threads took: 0.0000573 seconds
2017-11-23T01:17:46.298+0100: 8647.133: Total time for which application threads were stopped: 0.0001902 seconds, Stopping threads took: 0.0000622 seconds
2017-11-23T01:17:46.298+0100: 8647.133: Total time for which application threads were stopped: 0.0001658 seconds, Stopping threads took: 0.0000467 seconds
2017-11-23T01:17:47.299+0100: 8648.134: Total time for which application threads were stopped: 0.0001782 seconds, Stopping threads took: 0.0000529 seconds
2017-11-23T01:18:13.192+0100: 8674.026: Total time for which application threads were stopped: 0.0002427 seconds, Stopping threads took: 0.0000484 seconds
2017-11-23T01:18:13.192+0100: 8674.027: Total time for which application threads were stopped: 0.0001853 seconds, Stopping threads took: 0.0000489 seconds
2017-11-23T01:18:33.186+0100: 8694.021: Total time for which application threads were stopped: 0.0005591 seconds, Stopping threads took: 0.0000480 seconds
2017-11-23T01:18:33.187+0100: 8694.022: Total time for which application threads were stopped: 0.0001907 seconds, Stopping threads took: 0.0000467 seconds
2017-11-23T01:18:34.188+0100: 8695.023: Total time for which application threads were stopped: 0.0001667 seconds, Stopping threads took: 0.0000444 seconds
2017-11-23T01:18:41.153+0100: 8701.988: Total time for which application threads were stopped: 0.0002560 seconds, Stopping threads took: 0.0000778 seconds
2017-11-23T01:18:41.159+0100: 8701.994: Total time for which application threads were stopped: 0.0003102 seconds, Stopping threads took: 0.0000689 seconds
2017-11-23T01:18:42.159+0100: 8702.994: Total time for which application threads were stopped: 0.0001876 seconds, Stopping threads took: 0.0000662 seconds
2017-11-23T01:22:13.696+0100: 8914.531: Total time for which application threads were stopped: 0.0003213 seconds, Stopping threads took: 0.0000724 seconds
2017-11-23T01:23:09.450+0100: 8970.285: Total time for which application threads were stopped: 0.0003178 seconds, Stopping threads took: 0.0000818 seconds
2017-11-23T01:23:09.450+0100: 8970.285: Total time for which application threads were stopped: 0.0001742 seconds, Stopping threads took: 0.0000538 seconds
2017-11-23T01:23:10.451+0100: 8971.286: Total time for which application threads were stopped: 0.0001991 seconds, Stopping threads took: 0.0000431 seconds
2017-11-23T01:23:49.767+0100: 9010.602: Total time for which application threads were stopped: 0.0005373 seconds, Stopping threads took: 0.0001862 seconds
2017-11-23T01:23:49.775+0100: 9010.610: Total time for which application threads were stopped: 0.0002982 seconds, Stopping threads took: 0.0000836 seconds
2017-11-23T01:25:40.808+0100: 9121.643: Total time for which application threads were stopped: 0.0003124 seconds, Stopping threads took: 0.0001009 seconds
2017-11-23T01:32:05.211+0100: 9506.046: Total time for which application threads were stopped: 0.0004182 seconds, Stopping threads took: 0.0000871 seconds
2017-11-23T01:32:21.328+0100: 9522.163: Total time for which application threads were stopped: 0.0002822 seconds, Stopping threads took: 0.0000862 seconds
2017-11-23T01:32:21.329+0100: 9522.164: Total time for which application threads were stopped: 0.0001822 seconds, Stopping threads took: 0.0000511 seconds
2017-11-23T01:33:00.538+0100: 9561.372: Total time for which application threads were stopped: 0.0002084 seconds, Stopping threads took: 0.0000538 seconds
2017-11-23T01:33:00.544+0100: 9561.379: Total time for which application threads were stopped: 0.0002787 seconds, Stopping threads took: 0.0000609 seconds
2017-11-23T01:34:25.752+0100: 9646.587: Total time for which application threads were stopped: 0.0003613 seconds, Stopping threads took: 0.0000831 seconds
2017-11-23T01:34:28.749+0100: 9649.584: Total time for which application threads were stopped: 0.0001769 seconds, Stopping threads took: 0.0000444 seconds
2017-11-23T01:34:28.749+0100: 9649.584: Total time for which application threads were stopped: 0.0001351 seconds, Stopping threads took: 0.0000284 seconds
2017-11-23T01:34:28.751+0100: 9649.586: Total time for which application threads were stopped: 0.0005893 seconds, Stopping threads took: 0.0000627 seconds
2017-11-23T01:34:56.308+0100: 9677.143: Total time for which application threads were stopped: 0.0002324 seconds, Stopping threads took: 0.0000613 seconds
2017-11-23T01:34:56.316+0100: 9677.151: Total time for which application threads were stopped: 0.0003849 seconds, Stopping threads took: 0.0001356 seconds
2017-11-23T01:37:20.358+0100: 9821.193: Total time for which application threads were stopped: 0.0003316 seconds, Stopping threads took: 0.0000738 seconds
2017-11-23T01:41:58.497+0100: 10099.332: Total time for which application threads were stopped: 0.0001853 seconds, Stopping threads took: 0.0000484 seconds
2017-11-23T01:41:58.497+0100: 10099.332: Total time for which application threads were stopped: 0.0000560 seconds, Stopping threads took: 0.0000120 seconds
2017-11-23T01:42:30.738+0100: 10131.573: Total time for which application threads were stopped: 0.0001200 seconds, Stopping threads took: 0.0000338 seconds
2017-11-23T01:42:30.741+0100: 10131.576: Total time for which application threads were stopped: 0.0006782 seconds, Stopping threads took: 0.0000431 seconds
2017-11-23T01:43:05.005+0100: 10165.840: Total time for which application threads were stopped: 0.0004471 seconds, Stopping threads took: 0.0000818 seconds
2017-11-23T01:47:37.079+0100: 10437.914: Total time for which application threads were stopped: 0.0001649 seconds, Stopping threads took: 0.0000524 seconds
2017-11-23T01:48:15.089+0100: 10475.925: Total time for which application threads were stopped: 0.0004098 seconds, Stopping threads took: 0.0002467 seconds
2017-11-23T01:49:14.108+0100: 10534.943: Total time for which application threads were stopped: 0.0001587 seconds, Stopping threads took: 0.0000449 seconds
2017-11-23T01:50:14.125+0100: 10594.960: Total time for which application threads were stopped: 0.0001116 seconds, Stopping threads took: 0.0000427 seconds
2017-11-23T01:52:37.928+0100: 10738.763: Total time for which application threads were stopped: 0.0001404 seconds, Stopping threads took: 0.0000458 seconds
2017-11-23T01:52:37.928+0100: 10738.763: Total time for which application threads were stopped: 0.0000884 seconds, Stopping threads took: 0.0000164 seconds
2017-11-23T01:53:59.408+0100: 10820.243: Total time for which application threads were stopped: 0.0001458 seconds, Stopping threads took: 0.0000409 seconds
2017-11-23T01:53:59.411+0100: 10820.245: Total time for which application threads were stopped: 0.0001893 seconds, Stopping threads took: 0.0000364 seconds
2017-11-23T01:54:00.411+0100: 10821.246: Total time for which application threads were stopped: 0.0001151 seconds, Stopping threads took: 0.0000347 seconds
2017-11-23T01:56:03.588+0100: 10944.423: Total time for which application threads were stopped: 0.0001551 seconds, Stopping threads took: 0.0000413 seconds
2017-11-23T01:56:06.278+0100: 10947.113: Total time for which application threads were stopped: 0.0001018 seconds, Stopping threads took: 0.0000320 seconds
2017-11-23T01:56:06.279+0100: 10947.114: Total time for which application threads were stopped: 0.0001449 seconds, Stopping threads took: 0.0000813 seconds
2017-11-23T01:56:48.078+0100: 10988.913: Total time for which application threads were stopped: 0.0001738 seconds, Stopping threads took: 0.0000822 seconds
2017-11-23T01:56:48.080+0100: 10988.915: Total time for which application threads were stopped: 0.0001182 seconds, Stopping threads took: 0.0000240 seconds
2017-11-23T01:57:45.099+0100: 11045.934: Total time for which application threads were stopped: 0.0001431 seconds, Stopping threads took: 0.0000738 seconds
2017-11-23T02:01:02.157+0100: 11242.992: Total time for which application threads were stopped: 0.0001618 seconds, Stopping threads took: 0.0000409 seconds
2017-11-23T02:02:20.214+0100: 11321.050: Total time for which application threads were stopped: 0.0000987 seconds, Stopping threads took: 0.0000218 seconds
2017-11-23T02:03:18.140+0100: 11378.975: Total time for which application threads were stopped: 0.0001156 seconds, Stopping threads took: 0.0000253 seconds
2017-11-23T02:03:18.141+0100: 11378.976: Total time for which application threads were stopped: 0.0000711 seconds, Stopping threads took: 0.0000351 seconds
2017-11-23T02:03:44.423+0100: 11405.258: Total time for which application threads were stopped: 0.0001204 seconds, Stopping threads took: 0.0000391 seconds
2017-11-23T02:03:44.424+0100: 11405.259: Total time for which application threads were stopped: 0.0001809 seconds, Stopping threads took: 0.0000462 seconds
2017-11-23T02:04:46.831+0100: 11467.666: Total time for which application threads were stopped: 0.0002351 seconds, Stopping threads took: 0.0000458 seconds
2017-11-23T02:04:46.831+0100: 11467.666: Total time for which application threads were stopped: 0.0001573 seconds, Stopping threads took: 0.0000302 seconds
2017-11-23T02:04:46.851+0100: 11467.686: Total time for which application threads were stopped: 0.0000884 seconds, Stopping threads took: 0.0000249 seconds
2017-11-23T02:04:46.851+0100: 11467.686: Total time for which application threads were stopped: 0.0000587 seconds, Stopping threads took: 0.0000169 seconds
2017-11-23T02:04:46.858+0100: 11467.693: Total time for which application threads were stopped: 0.0002676 seconds, Stopping threads took: 0.0000267 seconds
2017-11-23T02:04:47.859+0100: 11468.694: Total time for which application threads were stopped: 0.0001529 seconds, Stopping threads took: 0.0000396 seconds
2017-11-23T02:06:18.290+0100: 11559.125: Total time for which application threads were stopped: 0.0001898 seconds, Stopping threads took: 0.0000356 seconds
2017-11-23T02:06:18.290+0100: 11559.125: Total time for which application threads were stopped: 0.0001018 seconds, Stopping threads took: 0.0000147 seconds
2017-11-23T02:06:18.292+0100: 11559.127: Total time for which application threads were stopped: 0.0002231 seconds, Stopping threads took: 0.0000876 seconds
2017-11-23T02:06:20.293+0100: 11561.128: Total time for which application threads were stopped: 0.0004396 seconds, Stopping threads took: 0.0000333 seconds
2017-11-23T02:06:48.302+0100: 11589.137: Total time for which application threads were stopped: 0.0001716 seconds, Stopping threads took: 0.0000791 seconds
2017-11-23T02:08:45.693+0100: 11706.529: Total time for which application threads were stopped: 0.0002267 seconds, Stopping threads took: 0.0000569 seconds
2017-11-23T02:10:07.077+0100: 11787.912: Total time for which application threads were stopped: 0.0001720 seconds, Stopping threads took: 0.0000551 seconds
2017-11-23T02:10:07.077+0100: 11787.912: Total time for which application threads were stopped: 0.0001573 seconds, Stopping threads took: 0.0000542 seconds
2017-11-23T02:11:44.197+0100: 11885.032: Total time for which application threads were stopped: 0.0001551 seconds, Stopping threads took: 0.0000418 seconds
2017-11-23T02:11:44.197+0100: 11885.032: Total time for which application threads were stopped: 0.0000929 seconds, Stopping threads took: 0.0000200 seconds
2017-11-23T02:11:53.507+0100: 11894.342: Total time for which application threads were stopped: 0.0001262 seconds, Stopping threads took: 0.0000249 seconds
2017-11-23T02:11:53.507+0100: 11894.342: Total time for which application threads were stopped: 0.0000858 seconds, Stopping threads took: 0.0000351 seconds
2017-11-23T02:12:01.700+0100: 11902.535: Total time for which application threads were stopped: 0.0002427 seconds, Stopping threads took: 0.0000502 seconds
2017-11-23T02:12:01.701+0100: 11902.536: Total time for which application threads were stopped: 0.0002249 seconds, Stopping threads took: 0.0000751 seconds
2017-11-23T02:12:08.172+0100: 11909.006: Total time for which application threads were stopped: 0.0001098 seconds, Stopping threads took: 0.0000240 seconds
2017-11-23T02:12:08.172+0100: 11909.007: Total time for which application threads were stopped: 0.0000551 seconds, Stopping threads took: 0.0000129 seconds
2017-11-23T02:12:16.438+0100: 11917.273: Total time for which application threads were stopped: 0.0001169 seconds, Stopping threads took: 0.0000311 seconds
2017-11-23T02:12:16.440+0100: 11917.275: Total time for which application threads were stopped: 0.0001258 seconds, Stopping threads took: 0.0000369 seconds
2017-11-23T02:12:16.440+0100: 11917.275: Total time for which application threads were stopped: 0.0001716 seconds, Stopping threads took: 0.0000284 seconds
2017-11-23T02:12:16.441+0100: 11917.276: Total time for which application threads were stopped: 0.0000947 seconds, Stopping threads took: 0.0000449 seconds
2017-11-23T02:12:16.451+0100: 11917.286: Total time for which application threads were stopped: 0.0001160 seconds, Stopping threads took: 0.0000409 seconds
2017-11-23T02:12:16.456+0100: 11917.291: Total time for which application threads were stopped: 0.0003818 seconds, Stopping threads took: 0.0000351 seconds
2017-11-23T02:12:16.464+0100: 11917.299: Total time for which application threads were stopped: 0.0002316 seconds, Stopping threads took: 0.0000280 seconds
2017-11-23T02:12:50.691+0100: 11951.526: Total time for which application threads were stopped: 0.0002067 seconds, Stopping threads took: 0.0001200 seconds
2017-11-23T02:12:50.691+0100: 11951.527: Total time for which application threads were stopped: 0.0001036 seconds, Stopping threads took: 0.0000422 seconds
2017-11-23T02:12:50.695+0100: 11951.530: Total time for which application threads were stopped: 0.0004644 seconds, Stopping threads took: 0.0003262 seconds
2017-11-23T02:12:51.695+0100: 11952.530: Total time for which application threads were stopped: 0.0000898 seconds, Stopping threads took: 0.0000222 seconds
2017-11-23T02:13:04.699+0100: 11965.534: Total time for which application threads were stopped: 0.0001573 seconds, Stopping threads took: 0.0000284 seconds
2017-11-23T02:14:16.721+0100: 12037.556: Total time for which application threads were stopped: 0.0002258 seconds, Stopping threads took: 0.0000618 seconds
2017-11-23T02:14:41.982+0100: 12062.817: Total time for which application threads were stopped: 0.0001618 seconds, Stopping threads took: 0.0000338 seconds
2017-11-23T02:14:41.983+0100: 12062.817: Total time for which application threads were stopped: 0.0001089 seconds, Stopping threads took: 0.0000164 seconds
2017-11-23T02:17:22.188+0100: 12223.023: Total time for which application threads were stopped: 0.0002307 seconds, Stopping threads took: 0.0000520 seconds
2017-11-23T02:17:56.171+0100: 12257.005: Total time for which application threads were stopped: 0.0001333 seconds, Stopping threads took: 0.0000378 seconds
2017-11-23T02:17:56.172+0100: 12257.006: Total time for which application threads were stopped: 0.0000764 seconds, Stopping threads took: 0.0000231 seconds
2017-11-23T02:18:36.966+0100: 12297.801: Total time for which application threads were stopped: 0.0001493 seconds, Stopping threads took: 0.0000436 seconds
2017-11-23T02:18:36.969+0100: 12297.804: Total time for which application threads were stopped: 0.0001129 seconds, Stopping threads took: 0.0000227 seconds
2017-11-23T02:19:02.980+0100: 12323.814: Total time for which application threads were stopped: 0.0001520 seconds, Stopping threads took: 0.0000302 seconds
2017-11-23T02:20:02.997+0100: 12383.832: Total time for which application threads were stopped: 0.0001413 seconds, Stopping threads took: 0.0000560 seconds
2017-11-23T02:22:51.046+0100: 12551.881: Total time for which application threads were stopped: 0.0001018 seconds, Stopping threads took: 0.0000307 seconds
2017-11-23T02:22:53.047+0100: 12553.882: Total time for which application threads were stopped: 0.0001129 seconds, Stopping threads took: 0.0000329 seconds
2017-11-23T02:22:56.047+0100: 12556.882: Total time for which application threads were stopped: 0.0000840 seconds, Stopping threads took: 0.0000244 seconds
2017-11-23T02:23:26.055+0100: 12586.890: Total time for which application threads were stopped: 0.0000942 seconds, Stopping threads took: 0.0000253 seconds
2017-11-23T02:23:44.683+0100: 12605.518: Total time for which application threads were stopped: 0.0001049 seconds, Stopping threads took: 0.0000227 seconds
2017-11-23T02:23:45.683+0100: 12606.518: Total time for which application threads were stopped: 0.0001538 seconds, Stopping threads took: 0.0000391 seconds
2017-11-23T02:23:50.663+0100: 12611.498: Total time for which application threads were stopped: 0.0002044 seconds, Stopping threads took: 0.0001244 seconds
2017-11-23T02:23:50.663+0100: 12611.498: Total time for which application threads were stopped: 0.0000707 seconds, Stopping threads took: 0.0000187 seconds
2017-11-23T02:23:51.663+0100: 12612.498: Total time for which application threads were stopped: 0.0002053 seconds, Stopping threads took: 0.0000787 seconds
2017-11-23T02:24:46.977+0100: 12667.812: Total time for which application threads were stopped: 0.0001467 seconds, Stopping threads took: 0.0000453 seconds
2017-11-23T02:24:46.979+0100: 12667.814: Total time for which application threads were stopped: 0.0001564 seconds, Stopping threads took: 0.0000640 seconds
2017-11-23T02:29:39.864+0100: 12960.699: Total time for which application threads were stopped: 0.0004093 seconds, Stopping threads took: 0.0001102 seconds
2017-11-23T02:30:23.877+0100: 13004.711: Total time for which application threads were stopped: 0.0001182 seconds, Stopping threads took: 0.0000373 seconds
2017-11-23T02:30:24.877+0100: 13005.712: Total time for which application threads were stopped: 0.0000987 seconds, Stopping threads took: 0.0000267 seconds
2017-11-23T02:31:13.234+0100: 13054.069: Total time for which application threads were stopped: 0.0001373 seconds, Stopping threads took: 0.0000302 seconds
2017-11-23T02:31:13.235+0100: 13054.070: Total time for which application threads were stopped: 0.0001387 seconds, Stopping threads took: 0.0000431 seconds
2017-11-23T02:31:14.235+0100: 13055.070: Total time for which application threads were stopped: 0.0001733 seconds, Stopping threads took: 0.0000444 seconds
2017-11-23T02:31:53.029+0100: 13093.864: Total time for which application threads were stopped: 0.0001129 seconds, Stopping threads took: 0.0000271 seconds
2017-11-23T02:31:53.031+0100: 13093.866: Total time for which application threads were stopped: 0.0002582 seconds, Stopping threads took: 0.0000227 seconds
2017-11-23T02:31:58.253+0100: 13099.088: Total time for which application threads were stopped: 0.0006200 seconds, Stopping threads took: 0.0004960 seconds
2017-11-23T02:31:58.253+0100: 13099.088: Total time for which application threads were stopped: 0.0001902 seconds, Stopping threads took: 0.0001280 seconds
2017-11-23T02:31:58.255+0100: 13099.090: Total time for which application threads were stopped: 0.0002129 seconds, Stopping threads took: 0.0000813 seconds
2017-11-23T02:31:58.268+0100: 13099.103: Total time for which application threads were stopped: 0.0001164 seconds, Stopping threads took: 0.0000347 seconds
2017-11-23T02:31:58.269+0100: 13099.104: Total time for which application threads were stopped: 0.0001453 seconds, Stopping threads took: 0.0000338 seconds
2017-11-23T02:31:58.270+0100: 13099.105: Total time for which application threads were stopped: 0.0001658 seconds, Stopping threads took: 0.0000333 seconds
2017-11-23T02:31:58.270+0100: 13099.105: Total time for which application threads were stopped: 0.0001844 seconds, Stopping threads took: 0.0000231 seconds
2017-11-23T02:32:51.937+0100: 13152.772: Total time for which application threads were stopped: 0.0002316 seconds, Stopping threads took: 0.0000507 seconds
2017-11-23T02:32:51.941+0100: 13152.776: Total time for which application threads were stopped: 0.0001733 seconds, Stopping threads took: 0.0000529 seconds
2017-11-23T02:34:09.815+0100: 13230.650: Total time for which application threads were stopped: 0.0002378 seconds, Stopping threads took: 0.0000582 seconds
2017-11-23T02:34:09.815+0100: 13230.650: Total time for which application threads were stopped: 0.0001484 seconds, Stopping threads took: 0.0000360 seconds
2017-11-23T02:34:09.816+0100: 13230.651: Total time for which application threads were stopped: 0.0001867 seconds, Stopping threads took: 0.0000787 seconds
2017-11-23T02:34:09.816+0100: 13230.651: Total time for which application threads were stopped: 0.0002684 seconds, Stopping threads took: 0.0000960 seconds
2017-11-23T02:35:20.049+0100: 13300.884: Total time for which application threads were stopped: 0.0001120 seconds, Stopping threads took: 0.0000276 seconds
2017-11-23T02:35:56.758+0100: 13337.593: Total time for which application threads were stopped: 0.0001471 seconds, Stopping threads took: 0.0000404 seconds
2017-11-23T02:35:56.758+0100: 13337.593: Total time for which application threads were stopped: 0.0001751 seconds, Stopping threads took: 0.0000698 seconds
2017-11-23T02:35:56.759+0100: 13337.594: Total time for which application threads were stopped: 0.0004484 seconds, Stopping threads took: 0.0000560 seconds
2017-11-23T02:35:57.272+0100: 13338.108: Total time for which application threads were stopped: 0.0001071 seconds, Stopping threads took: 0.0000462 seconds
2017-11-23T02:35:57.275+0100: 13338.110: Total time for which application threads were stopped: 0.0005187 seconds, Stopping threads took: 0.0001364 seconds
2017-11-23T02:38:03.372+0100: 13464.207: Total time for which application threads were stopped: 0.0000947 seconds, Stopping threads took: 0.0000200 seconds
2017-11-23T02:41:22.221+0100: 13663.056: Total time for which application threads were stopped: 0.0001156 seconds, Stopping threads took: 0.0000320 seconds
2017-11-23T02:41:22.221+0100: 13663.056: Total time for which application threads were stopped: 0.0000724 seconds, Stopping threads took: 0.0000360 seconds
2017-11-23T02:41:22.660+0100: 13663.495: Total time for which application threads were stopped: 0.0001111 seconds, Stopping threads took: 0.0000231 seconds
2017-11-23T02:41:22.663+0100: 13663.498: Total time for which application threads were stopped: 0.0001778 seconds, Stopping threads took: 0.0000738 seconds
2017-11-23T02:41:34.668+0100: 13675.503: Total time for which application threads were stopped: 0.0000871 seconds, Stopping threads took: 0.0000209 seconds
2017-11-23T02:43:43.714+0100: 13804.549: Total time for which application threads were stopped: 0.0001578 seconds, Stopping threads took: 0.0000333 seconds
2017-11-23T02:47:04.773+0100: 14005.608: Total time for which application threads were stopped: 0.0002809 seconds, Stopping threads took: 0.0000724 seconds
2017-11-23T03:02:13.414+0100: 14914.248: Total time for which application threads were stopped: 0.0001320 seconds, Stopping threads took: 0.0000480 seconds
2017-11-23T03:02:13.414+0100: 14914.249: Total time for which application threads were stopped: 0.0001840 seconds, Stopping threads took: 0.0000853 seconds
2017-11-23T03:02:14.415+0100: 14915.250: Total time for which application threads were stopped: 0.0001062 seconds, Stopping threads took: 0.0000293 seconds
2017-11-23T03:02:14.787+0100: 14915.622: Total time for which application threads were stopped: 0.0001671 seconds, Stopping threads took: 0.0000231 seconds
2017-11-23T03:02:14.788+0100: 14915.623: Total time for which application threads were stopped: 0.0002231 seconds, Stopping threads took: 0.0000311 seconds
2017-11-23T03:02:14.788+0100: 14915.623: Total time for which application threads were stopped: 0.0001400 seconds, Stopping threads took: 0.0000618 seconds
2017-11-23T03:02:14.894+0100: 14915.730: Total time for which application threads were stopped: 0.0000844 seconds, Stopping threads took: 0.0000267 seconds
2017-11-23T03:02:14.894+0100: 14915.730: Total time for which application threads were stopped: 0.0000453 seconds, Stopping threads took: 0.0000107 seconds
2017-11-23T03:02:14.895+0100: 14915.730: Total time for which application threads were stopped: 0.0001320 seconds, Stopping threads took: 0.0000253 seconds
2017-11-23T03:02:14.895+0100: 14915.730: Total time for which application threads were stopped: 0.0000662 seconds, Stopping threads took: 0.0000311 seconds
2017-11-23T03:02:23.208+0100: 14924.043: Total time for which application threads were stopped: 0.0001747 seconds, Stopping threads took: 0.0000520 seconds
2017-11-23T03:02:23.211+0100: 14924.046: Total time for which application threads were stopped: 0.0000964 seconds, Stopping threads took: 0.0000200 seconds
2017-11-23T03:04:53.292+0100: 15074.127: Total time for which application threads were stopped: 0.0002516 seconds, Stopping threads took: 0.0000369 seconds
2017-11-23T03:04:53.293+0100: 15074.128: Total time for which application threads were stopped: 0.0001573 seconds, Stopping threads took: 0.0000169 seconds
2017-11-23T03:04:53.293+0100: 15074.128: Total time for which application threads were stopped: 0.0000951 seconds, Stopping threads took: 0.0000293 seconds
2017-11-23T03:04:53.293+0100: 15074.128: Total time for which application threads were stopped: 0.0001089 seconds, Stopping threads took: 0.0000222 seconds
2017-11-23T03:04:53.293+0100: 15074.128: Total time for which application threads were stopped: 0.0000813 seconds, Stopping threads took: 0.0000178 seconds
2017-11-23T03:04:53.293+0100: 15074.128: Total time for which application threads were stopped: 0.0001200 seconds, Stopping threads took: 0.0000196 seconds
2017-11-23T03:04:53.293+0100: 15074.128: Total time for which application threads were stopped: 0.0001058 seconds, Stopping threads took: 0.0000187 seconds
2017-11-23T03:05:14.178+0100: 15095.014: Total time for which application threads were stopped: 0.0001649 seconds, Stopping threads took: 0.0000573 seconds
2017-11-23T03:05:14.179+0100: 15095.014: Total time for which application threads were stopped: 0.0001271 seconds, Stopping threads took: 0.0000373 seconds
2017-11-23T03:05:14.964+0100: 15095.799: Total time for which application threads were stopped: 0.0001298 seconds, Stopping threads took: 0.0000404 seconds
2017-11-23T03:05:14.967+0100: 15095.802: Total time for which application threads were stopped: 0.0002444 seconds, Stopping threads took: 0.0000431 seconds
2017-11-23T03:05:22.633+0100: 15103.468: Total time for which application threads were stopped: 0.0001822 seconds, Stopping threads took: 0.0000622 seconds
2017-11-23T03:05:22.633+0100: 15103.468: Total time for which application threads were stopped: 0.0001742 seconds, Stopping threads took: 0.0001160 seconds
2017-11-23T03:05:22.650+0100: 15103.485: Total time for which application threads were stopped: 0.0001218 seconds, Stopping threads took: 0.0000436 seconds
2017-11-23T03:05:22.650+0100: 15103.485: Total time for which application threads were stopped: 0.0000609 seconds, Stopping threads took: 0.0000191 seconds
2017-11-23T03:05:22.650+0100: 15103.485: Total time for which application threads were stopped: 0.0000631 seconds, Stopping threads took: 0.0000204 seconds
2017-11-23T03:05:22.650+0100: 15103.485: Total time for which application threads were stopped: 0.0000836 seconds, Stopping threads took: 0.0000204 seconds
2017-11-23T03:05:25.822+0100: 15106.657: Total time for which application threads were stopped: 0.0001333 seconds, Stopping threads took: 0.0000369 seconds
2017-11-23T03:05:25.823+0100: 15106.658: Total time for which application threads were stopped: 0.0001298 seconds, Stopping threads took: 0.0000307 seconds
2017-11-23T03:06:35.795+0100: 15176.630: Total time for which application threads were stopped: 0.0005182 seconds, Stopping threads took: 0.0000502 seconds
2017-11-23T03:06:36.795+0100: 15177.630: Total time for which application threads were stopped: 0.0001507 seconds, Stopping threads took: 0.0000422 seconds
2017-11-23T03:06:39.044+0100: 15179.879: Total time for which application threads were stopped: 0.0001058 seconds, Stopping threads took: 0.0000316 seconds
2017-11-23T03:06:39.045+0100: 15179.880: Total time for which application threads were stopped: 0.0001604 seconds, Stopping threads took: 0.0000284 seconds
2017-11-23T03:06:44.668+0100: 15185.502: Total time for which application threads were stopped: 0.0007618 seconds, Stopping threads took: 0.0005356 seconds
2017-11-23T03:06:44.670+0100: 15185.504: Total time for which application threads were stopped: 0.0001862 seconds, Stopping threads took: 0.0000538 seconds
2017-11-23T03:08:01.691+0100: 15262.526: Total time for which application threads were stopped: 0.0001449 seconds, Stopping threads took: 0.0000382 seconds
2017-11-23T03:08:44.704+0100: 15305.540: Total time for which application threads were stopped: 0.0003556 seconds, Stopping threads took: 0.0001102 seconds
2017-11-23T03:12:22.465+0100: 15523.300: Total time for which application threads were stopped: 0.0001289 seconds, Stopping threads took: 0.0000347 seconds
2017-11-23T03:12:22.465+0100: 15523.300: Total time for which application threads were stopped: 0.0000853 seconds, Stopping threads took: 0.0000107 seconds
2017-11-23T03:12:25.204+0100: 15526.039: Total time for which application threads were stopped: 0.0001422 seconds, Stopping threads took: 0.0000262 seconds
2017-11-23T03:12:25.205+0100: 15526.040: Total time for which application threads were stopped: 0.0002782 seconds, Stopping threads took: 0.0000689 seconds
2017-11-23T03:12:25.205+0100: 15526.040: Total time for which application threads were stopped: 0.0003649 seconds, Stopping threads took: 0.0002680 seconds
2017-11-23T03:12:25.205+0100: 15526.041: Total time for which application threads were stopped: 0.0001991 seconds, Stopping threads took: 0.0000311 seconds
2017-11-23T03:12:25.206+0100: 15526.041: Total time for which application threads were stopped: 0.0000991 seconds, Stopping threads took: 0.0000151 seconds
2017-11-23T03:12:25.208+0100: 15526.043: Total time for which application threads were stopped: 0.0003218 seconds, Stopping threads took: 0.0001116 seconds
2017-11-23T03:12:25.226+0100: 15526.061: Total time for which application threads were stopped: 0.0007431 seconds, Stopping threads took: 0.0005742 seconds
2017-11-23T03:12:25.226+0100: 15526.061: Total time for which application threads were stopped: 0.0001084 seconds, Stopping threads took: 0.0000440 seconds
2017-11-23T03:12:26.226+0100: 15527.061: Total time for which application threads were stopped: 0.0001671 seconds, Stopping threads took: 0.0000467 seconds
2017-11-23T03:12:33.889+0100: 15534.723: Total time for which application threads were stopped: 0.0001747 seconds, Stopping threads took: 0.0000471 seconds
2017-11-23T03:12:33.894+0100: 15534.729: Total time for which application threads were stopped: 0.0002996 seconds, Stopping threads took: 0.0001764 seconds
2017-11-23T03:12:34.894+0100: 15535.729: Total time for which application threads were stopped: 0.0000929 seconds, Stopping threads took: 0.0000240 seconds
2017-11-23T03:12:36.895+0100: 15537.730: Total time for which application threads were stopped: 0.0000889 seconds, Stopping threads took: 0.0000240 seconds
2017-11-23T03:14:10.919+0100: 15631.754: Total time for which application threads were stopped: 0.0001382 seconds, Stopping threads took: 0.0000400 seconds
2017-11-23T03:15:32.173+0100: 15713.007: Total time for which application threads were stopped: 0.0001840 seconds, Stopping threads took: 0.0000453 seconds
2017-11-23T03:15:32.173+0100: 15713.007: Total time for which application threads were stopped: 0.0000920 seconds, Stopping threads took: 0.0000502 seconds
2017-11-23T03:15:32.173+0100: 15713.008: Total time for which application threads were stopped: 0.0000613 seconds, Stopping threads took: 0.0000191 seconds
2017-11-23T03:15:32.173+0100: 15713.008: Total time for which application threads were stopped: 0.0000587 seconds, Stopping threads took: 0.0000156 seconds
2017-11-23T03:15:32.173+0100: 15713.008: Total time for which application threads were stopped: 0.0000600 seconds, Stopping threads took: 0.0000196 seconds
2017-11-23T03:15:58.180+0100: 15739.015: Total time for which application threads were stopped: 0.0000920 seconds, Stopping threads took: 0.0000289 seconds
2017-11-23T03:17:53.260+0100: 15854.095: Total time for which application threads were stopped: 0.0002373 seconds, Stopping threads took: 0.0000751 seconds
2017-11-23T03:17:53.261+0100: 15854.096: Total time for which application threads were stopped: 0.0003138 seconds, Stopping threads took: 0.0002182 seconds
2017-11-23T03:17:53.262+0100: 15854.097: Total time for which application threads were stopped: 0.0003187 seconds, Stopping threads took: 0.0000413 seconds
2017-11-23T03:17:59.739+0100: 15860.574: Total time for which application threads were stopped: 0.0002813 seconds, Stopping threads took: 0.0000356 seconds
2017-11-23T03:17:59.740+0100: 15860.575: Total time for which application threads were stopped: 0.0001742 seconds, Stopping threads took: 0.0000271 seconds
2017-11-23T03:18:00.740+0100: 15861.575: Total time for which application threads were stopped: 0.0001751 seconds, Stopping threads took: 0.0000462 seconds
2017-11-23T03:18:07.438+0100: 15868.273: Total time for which application threads were stopped: 0.0001333 seconds, Stopping threads took: 0.0000511 seconds
2017-11-23T03:18:07.440+0100: 15868.275: Total time for which application threads were stopped: 0.0001289 seconds, Stopping threads took: 0.0000373 seconds
2017-11-23T03:18:07.443+0100: 15868.278: Total time for which application threads were stopped: 0.0001200 seconds, Stopping threads took: 0.0000342 seconds
2017-11-23T03:18:07.449+0100: 15868.284: Total time for which application threads were stopped: 0.0004858 seconds, Stopping threads took: 0.0001151 seconds
2017-11-23T03:18:11.154+0100: 15871.989: Total time for which application threads were stopped: 0.0002276 seconds, Stopping threads took: 0.0000564 seconds
2017-11-23T03:18:11.154+0100: 15871.989: Total time for which application threads were stopped: 0.0000649 seconds, Stopping threads took: 0.0000284 seconds
2017-11-23T03:18:11.156+0100: 15871.991: Total time for which application threads were stopped: 0.0002738 seconds, Stopping threads took: 0.0000516 seconds
2017-11-23T03:18:21.159+0100: 15881.994: Total time for which application threads were stopped: 0.0002867 seconds, Stopping threads took: 0.0000849 seconds
2017-11-23T03:18:22.160+0100: 15882.995: Total time for which application threads were stopped: 0.0000716 seconds, Stopping threads took: 0.0000209 seconds
2017-11-23T03:18:24.034+0100: 15884.869: Total time for which application threads were stopped: 0.0001871 seconds, Stopping threads took: 0.0000480 seconds
2017-11-23T03:18:24.034+0100: 15884.869: Total time for which application threads were stopped: 0.0001387 seconds, Stopping threads took: 0.0000338 seconds
2017-11-23T03:18:24.034+0100: 15884.870: Total time for which application threads were stopped: 0.0001169 seconds, Stopping threads took: 0.0000280 seconds
2017-11-23T03:18:24.035+0100: 15884.870: Total time for which application threads were stopped: 0.0002280 seconds, Stopping threads took: 0.0000320 seconds
2017-11-23T03:18:24.138+0100: 15884.973: Total time for which application threads were stopped: 0.0001693 seconds, Stopping threads took: 0.0000627 seconds
2017-11-23T03:18:24.138+0100: 15884.973: Total time for which application threads were stopped: 0.0001947 seconds, Stopping threads took: 0.0001080 seconds
2017-11-23T03:18:24.218+0100: 15885.053: Total time for which application threads were stopped: 0.0001493 seconds, Stopping threads took: 0.0000422 seconds
2017-11-23T03:18:24.218+0100: 15885.054: Total time for which application threads were stopped: 0.0001338 seconds, Stopping threads took: 0.0000662 seconds
2017-11-23T03:18:24.237+0100: 15885.072: Total time for which application threads were stopped: 0.0002680 seconds, Stopping threads took: 0.0000591 seconds
2017-11-23T03:18:24.786+0100: 15885.621: Total time for which application threads were stopped: 0.0001724 seconds, Stopping threads took: 0.0000369 seconds
2017-11-23T03:18:24.787+0100: 15885.622: Total time for which application threads were stopped: 0.0001591 seconds, Stopping threads took: 0.0000302 seconds
2017-11-23T03:18:24.899+0100: 15885.734: Total time for which application threads were stopped: 0.0000813 seconds, Stopping threads took: 0.0000227 seconds
2017-11-23T03:18:24.899+0100: 15885.735: Total time for which application threads were stopped: 0.0000760 seconds, Stopping threads took: 0.0000356 seconds
2017-11-23T03:18:24.951+0100: 15885.785: Total time for which application threads were stopped: 0.0001191 seconds, Stopping threads took: 0.0000431 seconds
2017-11-23T03:18:24.954+0100: 15885.789: Total time for which application threads were stopped: 0.0001444 seconds, Stopping threads took: 0.0000324 seconds
2017-11-23T03:18:24.975+0100: 15885.810: Total time for which application threads were stopped: 0.0002738 seconds, Stopping threads took: 0.0000333 seconds
2017-11-23T03:18:25.101+0100: 15885.936: Total time for which application threads were stopped: 0.0000884 seconds, Stopping threads took: 0.0000267 seconds
2017-11-23T03:18:25.105+0100: 15885.940: Total time for which application threads were stopped: 0.0002400 seconds, Stopping threads took: 0.0000538 seconds
2017-11-23T03:18:25.118+0100: 15885.954: Total time for which application threads were stopped: 0.0001191 seconds, Stopping threads took: 0.0000391 seconds
2017-11-23T03:18:25.121+0100: 15885.957: Total time for which application threads were stopped: 0.0001227 seconds, Stopping threads took: 0.0000347 seconds
2017-11-23T03:18:27.122+0100: 15887.957: Total time for which application threads were stopped: 0.0001818 seconds, Stopping threads took: 0.0000476 seconds
2017-11-23T03:18:29.122+0100: 15889.957: Total time for which application threads were stopped: 0.0002107 seconds, Stopping threads took: 0.0000698 seconds
2017-11-23T03:18:30.123+0100: 15890.958: Total time for which application threads were stopped: 0.0001044 seconds, Stopping threads took: 0.0000422 seconds
2017-11-23T03:18:32.124+0100: 15892.959: Total time for which application threads were stopped: 0.0000791 seconds, Stopping threads took: 0.0000231 seconds
2017-11-23T03:22:07.220+0100: 16108.055: Total time for which application threads were stopped: 0.0003187 seconds, Stopping threads took: 0.0000373 seconds
2017-11-23T03:22:07.220+0100: 16108.055: Total time for which application threads were stopped: 0.0000836 seconds, Stopping threads took: 0.0000276 seconds
2017-11-23T03:22:07.220+0100: 16108.055: Total time for which application threads were stopped: 0.0000578 seconds, Stopping threads took: 0.0000169 seconds
2017-11-23T03:25:16.980+0100: 16297.815: Total time for which application threads were stopped: 0.0001684 seconds, Stopping threads took: 0.0000476 seconds
2017-11-23T03:25:16.980+0100: 16297.815: Total time for which application threads were stopped: 0.0001071 seconds, Stopping threads took: 0.0000418 seconds
2017-11-23T03:25:16.981+0100: 16297.816: Total time for which application threads were stopped: 0.0001564 seconds, Stopping threads took: 0.0000813 seconds
2017-11-23T03:25:16.981+0100: 16297.816: Total time for which application threads were stopped: 0.0001618 seconds, Stopping threads took: 0.0000240 seconds
2017-11-23T03:25:28.946+0100: 16309.781: Total time for which application threads were stopped: 0.0002689 seconds, Stopping threads took: 0.0000431 seconds
2017-11-23T03:25:28.947+0100: 16309.782: Total time for which application threads were stopped: 0.0001133 seconds, Stopping threads took: 0.0000360 seconds
2017-11-23T03:25:28.947+0100: 16309.782: Total time for which application threads were stopped: 0.0000600 seconds, Stopping threads took: 0.0000151 seconds
2017-11-23T03:25:28.948+0100: 16309.782: Total time for which application threads were stopped: 0.0001587 seconds, Stopping threads took: 0.0001044 seconds
2017-11-23T03:25:28.948+0100: 16309.783: Total time for which application threads were stopped: 0.0001253 seconds, Stopping threads took: 0.0000809 seconds
2017-11-23T03:25:28.948+0100: 16309.783: Total time for which application threads were stopped: 0.0001027 seconds, Stopping threads took: 0.0000404 seconds
2017-11-23T03:25:28.948+0100: 16309.783: Total time for which application threads were stopped: 0.0001676 seconds, Stopping threads took: 0.0001324 seconds
2017-11-23T03:25:28.949+0100: 16309.784: Total time for which application threads were stopped: 0.0001498 seconds, Stopping threads took: 0.0000702 seconds
2017-11-23T03:25:28.951+0100: 16309.786: Total time for which application threads were stopped: 0.0007364 seconds, Stopping threads took: 0.0005520 seconds
2017-11-23T03:25:28.951+0100: 16309.786: Total time for which application threads were stopped: 0.0000960 seconds, Stopping threads took: 0.0000316 seconds
2017-11-23T03:25:28.951+0100: 16309.786: Total time for which application threads were stopped: 0.0000502 seconds, Stopping threads took: 0.0000151 seconds
2017-11-23T03:25:28.952+0100: 16309.787: Total time for which application threads were stopped: 0.0001427 seconds, Stopping threads took: 0.0000409 seconds
2017-11-23T03:25:29.005+0100: 16309.840: Total time for which application threads were stopped: 0.0001289 seconds, Stopping threads took: 0.0000276 seconds
2017-11-23T03:25:29.211+0100: 16310.046: Total time for which application threads were stopped: 0.0002689 seconds, Stopping threads took: 0.0000253 seconds
2017-11-23T03:25:29.214+0100: 16310.049: Total time for which application threads were stopped: 0.0002258 seconds, Stopping threads took: 0.0000293 seconds
2017-11-23T03:25:29.216+0100: 16310.052: Total time for which application threads were stopped: 0.0005120 seconds, Stopping threads took: 0.0000791 seconds
2017-11-23T03:25:29.220+0100: 16310.055: Total time for which application threads were stopped: 0.0003022 seconds, Stopping threads took: 0.0000227 seconds
2017-11-23T03:25:29.220+0100: 16310.055: Total time for which application threads were stopped: 0.0001116 seconds, Stopping threads took: 0.0000276 seconds
2017-11-23T03:25:29.223+0100: 16310.058: Total time for which application threads were stopped: 0.0003138 seconds, Stopping threads took: 0.0001347 seconds
2017-11-23T03:25:29.224+0100: 16310.059: Total time for which application threads were stopped: 0.0002516 seconds, Stopping threads took: 0.0000729 seconds
2017-11-23T03:25:29.230+0100: 16310.065: Total time for which application threads were stopped: 0.0002542 seconds, Stopping threads took: 0.0000742 seconds
2017-11-23T03:25:29.232+0100: 16310.068: Total time for which application threads were stopped: 0.0001511 seconds, Stopping threads took: 0.0000396 seconds
2017-11-23T03:25:29.236+0100: 16310.071: Total time for which application threads were stopped: 0.0002444 seconds, Stopping threads took: 0.0000347 seconds
2017-11-23T03:25:29.238+0100: 16310.073: Total time for which application threads were stopped: 0.0001084 seconds, Stopping threads took: 0.0000196 seconds
2017-11-23T03:25:30.239+0100: 16311.074: Total time for which application threads were stopped: 0.0002351 seconds, Stopping threads took: 0.0000289 seconds
2017-11-23T03:25:30.312+0100: 16311.147: Total time for which application threads were stopped: 0.0002702 seconds, Stopping threads took: 0.0000742 seconds
2017-11-23T03:25:30.313+0100: 16311.148: Total time for which application threads were stopped: 0.0002089 seconds, Stopping threads took: 0.0000440 seconds
2017-11-23T03:25:30.313+0100: 16311.148: Total time for which application threads were stopped: 0.0001324 seconds, Stopping threads took: 0.0000324 seconds
2017-11-23T03:25:30.313+0100: 16311.148: Total time for which application threads were stopped: 0.0000729 seconds, Stopping threads took: 0.0000262 seconds
2017-11-23T03:25:30.313+0100: 16311.148: Total time for which application threads were stopped: 0.0001329 seconds, Stopping threads took: 0.0000769 seconds
2017-11-23T03:25:30.314+0100: 16311.149: Total time for which application threads were stopped: 0.0000778 seconds, Stopping threads took: 0.0000236 seconds
2017-11-23T03:25:30.315+0100: 16311.150: Total time for which application threads were stopped: 0.0000693 seconds, Stopping threads took: 0.0000209 seconds
2017-11-23T03:25:30.315+0100: 16311.150: Total time for which application threads were stopped: 0.0000618 seconds, Stopping threads took: 0.0000204 seconds
2017-11-23T03:25:30.315+0100: 16311.150: Total time for which application threads were stopped: 0.0000533 seconds, Stopping threads took: 0.0000178 seconds
2017-11-23T03:25:30.315+0100: 16311.150: Total time for which application threads were stopped: 0.0000516 seconds, Stopping threads took: 0.0000169 seconds
2017-11-23T03:25:30.315+0100: 16311.150: Total time for which application threads were stopped: 0.0000502 seconds, Stopping threads took: 0.0000156 seconds
2017-11-23T03:25:30.315+0100: 16311.150: Total time for which application threads were stopped: 0.0000520 seconds, Stopping threads took: 0.0000151 seconds
2017-11-23T03:25:30.315+0100: 16311.150: Total time for which application threads were stopped: 0.0000493 seconds, Stopping threads took: 0.0000151 seconds
2017-11-23T03:28:04.987+0100: 16465.822: Total time for which application threads were stopped: 0.0001427 seconds, Stopping threads took: 0.0000347 seconds
2017-11-23T03:31:14.042+0100: 16654.876: Total time for which application threads were stopped: 0.0001533 seconds, Stopping threads took: 0.0000427 seconds
2017-11-23T03:31:31.046+0100: 16671.881: Total time for which application threads were stopped: 0.0001107 seconds, Stopping threads took: 0.0000333 seconds
2017-11-23T03:33:11.509+0100: 16772.343: Total time for which application threads were stopped: 0.0001507 seconds, Stopping threads took: 0.0000431 seconds
2017-11-23T03:33:11.509+0100: 16772.344: Total time for which application threads were stopped: 0.0001862 seconds, Stopping threads took: 0.0001147 seconds
2017-11-23T03:33:11.674+0100: 16772.509: Total time for which application threads were stopped: 0.0001320 seconds, Stopping threads took: 0.0000342 seconds
2017-11-23T03:33:11.674+0100: 16772.509: Total time for which application threads were stopped: 0.0000520 seconds, Stopping threads took: 0.0000120 seconds
2017-11-23T03:33:11.806+0100: 16772.641: Total time for which application threads were stopped: 0.0001316 seconds, Stopping threads took: 0.0000213 seconds
2017-11-23T03:33:11.807+0100: 16772.642: Total time for which application threads were stopped: 0.0000538 seconds, Stopping threads took: 0.0000107 seconds
2017-11-23T03:33:11.818+0100: 16772.653: Total time for which application threads were stopped: 0.0000653 seconds, Stopping threads took: 0.0000200 seconds
2017-11-23T03:33:11.818+0100: 16772.653: Total time for which application threads were stopped: 0.0000889 seconds, Stopping threads took: 0.0000391 seconds
2017-11-23T03:33:11.820+0100: 16772.655: Total time for which application threads were stopped: 0.0001022 seconds, Stopping threads took: 0.0000200 seconds
2017-11-23T03:33:11.820+0100: 16772.655: Total time for which application threads were stopped: 0.0001147 seconds, Stopping threads took: 0.0000133 seconds
2017-11-23T03:33:11.822+0100: 16772.657: Total time for which application threads were stopped: 0.0002293 seconds, Stopping threads took: 0.0000969 seconds
2017-11-23T03:33:11.822+0100: 16772.657: Total time for which application threads were stopped: 0.0000849 seconds, Stopping threads took: 0.0000311 seconds
2017-11-23T03:35:01.005+0100: 16881.840: Total time for which application threads were stopped: 0.0000916 seconds, Stopping threads took: 0.0000276 seconds
2017-11-23T03:35:01.005+0100: 16881.840: Total time for which application threads were stopped: 0.0000582 seconds, Stopping threads took: 0.0000120 seconds
2017-11-23T03:35:01.158+0100: 16881.993: Total time for which application threads were stopped: 0.0000636 seconds, Stopping threads took: 0.0000164 seconds
2017-11-23T03:35:01.158+0100: 16881.993: Total time for which application threads were stopped: 0.0001058 seconds, Stopping threads took: 0.0000258 seconds
2017-11-23T03:35:01.290+0100: 16882.125: Total time for which application threads were stopped: 0.0000964 seconds, Stopping threads took: 0.0000196 seconds
2017-11-23T03:35:01.290+0100: 16882.125: Total time for which application threads were stopped: 0.0001000 seconds, Stopping threads took: 0.0000387 seconds
2017-11-23T03:35:01.293+0100: 16882.127: Total time for which application threads were stopped: 0.0001289 seconds, Stopping threads took: 0.0000156 seconds
2017-11-23T03:35:01.293+0100: 16882.128: Total time for which application threads were stopped: 0.0000502 seconds, Stopping threads took: 0.0000111 seconds
2017-11-23T03:35:01.294+0100: 16882.129: Total time for which application threads were stopped: 0.0000711 seconds, Stopping threads took: 0.0000191 seconds
2017-11-23T03:35:01.295+0100: 16882.129: Total time for which application threads were stopped: 0.0000689 seconds, Stopping threads took: 0.0000173 seconds
2017-11-23T03:35:01.297+0100: 16882.132: Total time for which application threads were stopped: 0.0001284 seconds, Stopping threads took: 0.0000280 seconds
2017-11-23T03:35:01.297+0100: 16882.132: Total time for which application threads were stopped: 0.0000484 seconds, Stopping threads took: 0.0000129 seconds
2017-11-23T03:35:01.298+0100: 16882.133: Total time for which application threads were stopped: 0.0000738 seconds, Stopping threads took: 0.0000120 seconds
2017-11-23T03:35:01.311+0100: 16882.146: Total time for which application threads were stopped: 0.0002267 seconds, Stopping threads took: 0.0001058 seconds
2017-11-23T03:35:01.445+0100: 16882.280: Total time for which application threads were stopped: 0.0002129 seconds, Stopping threads took: 0.0000564 seconds
2017-11-23T03:35:01.445+0100: 16882.280: Total time for which application threads were stopped: 0.0001413 seconds, Stopping threads took: 0.0000302 seconds
2017-11-23T03:35:01.518+0100: 16882.353: Total time for which application threads were stopped: 0.0001111 seconds, Stopping threads took: 0.0000538 seconds
2017-11-23T03:37:16.294+0100: 17017.129: Total time for which application threads were stopped: 0.0013644 seconds, Stopping threads took: 0.0000262 seconds
2017-11-23T03:37:16.297+0100: 17017.131: Total time for which application threads were stopped: 0.0007791 seconds, Stopping threads took: 0.0000182 seconds
2017-11-23T03:37:16.311+0100: 17017.146: Total time for which application threads were stopped: 0.0001591 seconds, Stopping threads took: 0.0000360 seconds
2017-11-23T03:37:16.313+0100: 17017.148: Total time for which application threads were stopped: 0.0000658 seconds, Stopping threads took: 0.0000178 seconds
2017-11-23T03:37:16.313+0100: 17017.148: Total time for which application threads were stopped: 0.0000733 seconds, Stopping threads took: 0.0000213 seconds
2017-11-23T03:37:16.313+0100: 17017.148: Total time for which application threads were stopped: 0.0000364 seconds, Stopping threads took: 0.0000058 seconds
2017-11-23T03:37:16.317+0100: 17017.152: Total time for which application threads were stopped: 0.0001831 seconds, Stopping threads took: 0.0000249 seconds
2017-11-23T03:37:16.318+0100: 17017.152: Total time for which application threads were stopped: 0.0000693 seconds, Stopping threads took: 0.0000218 seconds
2017-11-23T03:37:16.319+0100: 17017.154: Total time for which application threads were stopped: 0.0000773 seconds, Stopping threads took: 0.0000196 seconds
2017-11-23T03:37:16.320+0100: 17017.154: Total time for which application threads were stopped: 0.0000640 seconds, Stopping threads took: 0.0000138 seconds
2017-11-23T03:37:16.320+0100: 17017.155: Total time for which application threads were stopped: 0.0000676 seconds, Stopping threads took: 0.0000120 seconds
2017-11-23T03:37:16.321+0100: 17017.155: Total time for which application threads were stopped: 0.0000644 seconds, Stopping threads took: 0.0000293 seconds
2017-11-23T03:37:16.321+0100: 17017.156: Total time for which application threads were stopped: 0.0000596 seconds, Stopping threads took: 0.0000093 seconds
2017-11-23T03:37:16.322+0100: 17017.157: Total time for which application threads were stopped: 0.0000680 seconds, Stopping threads took: 0.0000093 seconds
2017-11-23T03:37:16.325+0100: 17017.160: Total time for which application threads were stopped: 0.0001080 seconds, Stopping threads took: 0.0000373 seconds
2017-11-23T03:37:16.325+0100: 17017.160: Total time for which application threads were stopped: 0.0000876 seconds, Stopping threads took: 0.0000093 seconds
2017-11-23T03:37:16.326+0100: 17017.160: Total time for which application threads were stopped: 0.0000640 seconds, Stopping threads took: 0.0000213 seconds
2017-11-23T03:37:16.326+0100: 17017.161: Total time for which application threads were stopped: 0.0000360 seconds, Stopping threads took: 0.0000076 seconds
2017-11-23T03:37:16.326+0100: 17017.161: Total time for which application threads were stopped: 0.0000516 seconds, Stopping threads took: 0.0000080 seconds
2017-11-23T03:37:16.337+0100: 17017.172: Total time for which application threads were stopped: 0.0000960 seconds, Stopping threads took: 0.0000422 seconds
2017-11-23T03:37:16.338+0100: 17017.173: Total time for which application threads were stopped: 0.0000680 seconds, Stopping threads took: 0.0000098 seconds
2017-11-23T03:37:16.410+0100: 17017.245: Total time for which application threads were stopped: 0.0708173 seconds, Stopping threads took: 0.0707275 seconds
2017-11-23T03:37:16.411+0100: 17017.246: Total time for which application threads were stopped: 0.0002462 seconds, Stopping threads took: 0.0001200 seconds
2017-11-23T03:37:16.422+0100: 17017.257: Total time for which application threads were stopped: 0.0000636 seconds, Stopping threads took: 0.0000231 seconds
2017-11-23T03:37:16.422+0100: 17017.257: Total time for which application threads were stopped: 0.0001387 seconds, Stopping threads took: 0.0000858 seconds
2017-11-23T03:37:16.423+0100: 17017.258: Total time for which application threads were stopped: 0.0000391 seconds, Stopping threads took: 0.0000129 seconds
2017-11-23T03:37:16.423+0100: 17017.258: Total time for which application threads were stopped: 0.0000422 seconds, Stopping threads took: 0.0000071 seconds
Heap
 par new generation   total 109248K, used 103059K [0x00000000e0000000, 0x00000000e8000000, 0x00000000e8000000)
  eden space 87424K,  92% used [0x00000000e0000000, 0x00000000e4f54e58, 0x00000000e5560000)
  from space 21824K, 100% used [0x00000000e5560000, 0x00000000e6ab0000, 0x00000000e6ab0000)
  to   space 21824K,   0% used [0x00000000e6ab0000, 0x00000000e6ab0000, 0x00000000e8000000)
 concurrent mark-sweep generation total 393216K, used 74207K [0x00000000e8000000, 0x0000000100000000, 0x0000000100000000)
 Metaspace       used 44376K, capacity 45402K, committed 45636K, reserved 1089536K
  class space    used 5134K, capacity 5379K, committed 5476K, reserved 1048576K
